C51 COMPILER V9.53.0.0   MAIN                                                              11/04/2015 13:31:27 PAGE 1   


C51 COMPILER V9.53.0.0, COMPILATION OF MODULE MAIN
OBJECT MODULE PLACED IN main.OBJ
COMPILER INVOKED BY: C:\Keil_v5\C51\BIN\C51.EXE main.c OPTIMIZE(8,SPEED) DEBUG OBJECTEXTEND TABS(2)

line level    source

   1          #include "main.h"
   2          #include "port.h"
   3          #include <stdio.h>
   4          #include "uart.h"
   5          #include "print_bytes.h"
   6          #include "hardware_delay.h"
   7          #include "lcd.h"
   8          #include "spi.h"
   9          #include "SDcard.h"
  10          #include "Long_Serial_In.h"
  11          #include "read_sector.h"
  12          #include "Directory_Functions.h"
  13          void main(void)
  14          {
  15   1        uint8_t error_flag;
  16   1        uint32_t block_number;
  17   1        uint16_t number_of_entries;
  18   1        uint8_t xdata block_info[512];
  19   1      
  20   1        LED3=0;
  21   1        UART_Init();
  22   1        LCD_Init();
  23   1        SPI_master_init(400000); // Set clock rate to that speed in Hz
  24   1        error_flag = SDcard_init();
  25   1        error_flag = mount_drive();
  26   1        number_of_entries = Print_Directory(RootDirSec, block_info);
*** ERROR C202 IN LINE 26 OF main.c: 'RootDirSec': undefined identifier
  27   1        while(1);
  28   1        
  29   1        while(1)
  30   1        {
  31   2          if(error_flag != NO_ERRORS)
  32   2          {
  33   3            LED4 = 0;
  34   3            LCD_Clear();
  35   3            LCD_Write(COMMAND, LINE1);
  36   3            LCD_Print(1, &error_flag);
  37   3            
  38   3            delay_ms(1000); 
  39   3              printf("%2.2bX ",error_flag);       
  40   3            putchar(10);
  41   3            putchar(13);
  42   3            delay_ms(1000);
  43   3          }
  44   2          else
  45   2          {
  46   3            delay_ms(1000);
  47   3            LCD_Clear();
  48   3            LCD_Write(COMMAND, LINE1);
  49   3            LCD_Print(13, "Enter a Block");
  50   3            LCD_Write(COMMAND, LINE2);
  51   3            LCD_Print(8, "Number: ");
  52   3            //delay_ms(3000);
  53   3            
  54   3            printf("%-35s", "Enter a Block Number");
C51 COMPILER V9.53.0.0   MAIN                                                              11/04/2015 13:31:27 PAGE 2   

  55   3            
  56   3            block_number = long_serial_input();   // returns uint32_t 
  57   3            LCD_Clear();
  58   3            
  59   3            error_flag = read_block(block_number, block_info);
  60   3            LCD_Print(13, "Read Success!");
  61   3            print_memory(block_info,512);
  62   3            
  63   3          }
  64   2      
  65   2          
  66   2          
  67   2          
  68   2          
  69   2      //    LCD_Write(COMMAND, LINE1);
  70   2      //    LCD_Print(16, "Coltons and Matt");
  71   2      //    LCD_Write(COMMAND, LINE2);
  72   2      //    LCD_Print(15, "hews LCD Works!");
  73   2      //    delay_ms(3000);
  74   2      //    LCD_Clear();
  75   2        }
  76   1      
  77   1      }
  78          

C51 COMPILATION COMPLETE.  0 WARNING(S),  1 ERROR(S)
