BL51 BANKED LINKER/LOCATER V6.22                                                        12/14/2015  21:36:00  PAGE 1


BL51 BANKED LINKER/LOCATER V6.22, INVOKED BY:
C:\KEIL_V5\C51\BIN\BL51.EXE hardware_delay.obj, lcd.obj, Long_Serial_In.obj, main.obj, print_bytes.obj, SDcard.obj, spi.
>> obj, uart.obj, Directory_Functions.obj, i2c.obj, sta013.obj, config.obj TO part2 RAMSIZE (256)


MEMORY MODEL: SMALL


INPUT MODULES INCLUDED:
  hardware_delay.obj (HARDWARE_DELAY)
  lcd.obj (LCD)
  Long_Serial_In.obj (LONG_SERIAL_IN)
  main.obj (MAIN)
  print_bytes.obj (PRINT_BYTES)
  SDcard.obj (SDCARD)
  spi.obj (SPI)
  uart.obj (UART)
  Directory_Functions.obj (DIRECTORY_FUNCTIONS)
  i2c.obj (I2C)
  sta013.obj (STA013)
  config.obj (CONFIG)
  C:\KEIL_V5\C51\LIB\C51S.LIB (?C_STARTUP)
  C:\KEIL_V5\C51\LIB\C51S.LIB (?C?CLDPTR)
  C:\KEIL_V5\C51\LIB\C51S.LIB (?C?CLDOPTR)
  C:\KEIL_V5\C51\LIB\C51S.LIB (?C?CSTPTR)
  C:\KEIL_V5\C51\LIB\C51S.LIB (?C?CSTOPTR)
  C:\KEIL_V5\C51\LIB\C51S.LIB (?C?UIDIV)
  C:\KEIL_V5\C51\LIB\C51S.LIB (?C?LMUL)
  C:\KEIL_V5\C51\LIB\C51S.LIB (?C?ULDIV)
  C:\KEIL_V5\C51\LIB\C51S.LIB (?C?ULCMP)
  C:\KEIL_V5\C51\LIB\C51S.LIB (?C?ULSHR)
  C:\KEIL_V5\C51\LIB\C51S.LIB (?C?LSHL)
  C:\KEIL_V5\C51\LIB\C51S.LIB (?C?LLDIDATA)
  C:\KEIL_V5\C51\LIB\C51S.LIB (?C?LLDIDATA0)
  C:\KEIL_V5\C51\LIB\C51S.LIB (?C?LSTIDATA)
  C:\KEIL_V5\C51\LIB\C51S.LIB (?C?LSTKIDATA)
  C:\KEIL_V5\C51\LIB\C51S.LIB (?C?LCASE)
  C:\KEIL_V5\C51\LIB\C51S.LIB (PUTCHAR)
  C:\KEIL_V5\C51\LIB\C51S.LIB (PRINTF)
  C:\KEIL_V5\C51\LIB\C51S.LIB (GETCHAR)
  C:\KEIL_V5\C51\LIB\C51S.LIB (ATOL)
  C:\KEIL_V5\C51\LIB\C51S.LIB (?C?LNEG)
  C:\KEIL_V5\C51\LIB\C51S.LIB (?C?PLDIIDATA)
  C:\KEIL_V5\C51\LIB\C51S.LIB (?C?CCASE)
  C:\KEIL_V5\C51\LIB\C51S.LIB (_GETKEY)
  C:\KEIL_V5\C51\LIB\C51S.LIB (ISDIGIT)
  C:\KEIL_V5\C51\LIB\C51S.LIB (ISSPACE)


LINK MAP OF MODULE:  part2 (HARDWARE_DELAY)


            TYPE    BASE      LENGTH    RELOCATION   SEGMENT NAME
            -----------------------------------------------------

            * * * * * * *   D A T A   M E M O R Y   * * * * * * *
            REG     0000H     0008H     ABSOLUTE     "REG BANK 0"
            DATA    0008H     0012H     UNIT         ?DT?_FIND_NEXT_CLUSTER?DIRECTORY_FUNCTIONS
BL51 BANKED LINKER/LOCATER V6.22                                                      12/14/2015  21:36:00  PAGE 2


            DATA    001AH     0001H     UNIT         ?DT?GETCHAR
                    001BH     0005H                  *** GAP ***
            BIT     0020H.0   0002H.2   UNIT         _BIT_GROUP_
            BIT     0022H.2   0000H.1   UNIT         ?BI?GETCHAR
                    0022H.3   0000H.5                *** GAP ***
            DATA    0023H     005DH     UNIT         _DATA_GROUP_
            IDATA   0080H     0031H     UNIT         ?ID?DIRECTORY_FUNCTIONS
            IDATA   00B1H     0029H     UNIT         ?ID?MAIN
            IDATA   00DAH     000CH     UNIT         _IDATA_GROUP_
            IDATA   00E6H     0001H     UNIT         ?STACK

            * * * * * * *  X D A T A   M E M O R Y  * * * * * * *
            XDATA   0000H     0400H     UNIT         ?XD?MAIN

            * * * * * * *   C O D E   M E M O R Y   * * * * * * *
            CODE    0000H     0003H     ABSOLUTE     
            CODE    0003H     0027H     UNIT         ?PR?_TRANS_CMD58?SDCARD
                    002AH     0001H                  *** GAP ***
            CODE    002BH     0003H     ABSOLUTE     
            CODE    002EH     0FD0H     UNIT         STA013_CONFIG
            CODE    0FFEH     0725H     UNIT         ?PR?_MOUNT_DRIVE?DIRECTORY_FUNCTIONS
            CODE    1723H     0407H     UNIT         ?PR?TIMER2_ISR?MAIN
            CODE    1B2AH     03F9H     UNIT         ?PR?MAIN?MAIN
            CODE    1F23H     0365H     UNIT         ?PR?_I2C_READ?I2C
            CODE    2288H     035CH     UNIT         ?PR?PRINTF?PRINTF
            CODE    25E4H     0357H     UNIT         ?PR?CONFIG_FILE?STA013
            CODE    293BH     02DFH     UNIT         ?C?LIB_CODE
            CODE    2C1AH     0234H     UNIT         ?PR?_READ_DIR_ENTRY?DIRECTORY_FUNCTIONS
            CODE    2E4EH     01DDH     UNIT         ?PR?_PRINT_DIRECTORY?DIRECTORY_FUNCTIONS
            CODE    302BH     01BEH     UNIT         ?PR?_I2C_WRITE?I2C
            CODE    31E9H     018BH     UNIT         ?CO?DIRECTORY_FUNCTIONS
            CODE    3374H     0178H     UNIT         ?PR?SDCARD_INIT?SDCARD
            CODE    34ECH     0125H     UNIT         ?PR?_FIRST_SECTOR?DIRECTORY_FUNCTIONS
            CODE    3611H     00E6H     UNIT         ?CO?MAIN
            CODE    36F7H     00DEH     UNIT         ?PR?_ATOL?ATOL
            CODE    37D5H     00C6H     UNIT         ?PR?LONG_SERIAL_INPUT?LONG_SERIAL_IN
            CODE    389BH     00C3H     UNIT         ?PR?_FIND_NEXT_CLUSTER?DIRECTORY_FUNCTIONS
            CODE    395EH     00C3H     UNIT         ?PR?_FIND_NEXT_CLUSTER_ISR?DIRECTORY_FUNCTIONS
            CODE    3A21H     00A7H     UNIT         ?PR?_SEND_COMMAND_ISR?SDCARD
            CODE    3AC8H     00A5H     UNIT         ?PR?_READ_BLOCK_ISR?SDCARD
            CODE    3B6DH     009FH     UNIT         ?PR?_SEND_COMMAND?SDCARD
            CODE    3C0CH     009EH     UNIT         ?PR?_GET_RESPONSE?SDCARD
            CODE    3CAAH     008CH     UNIT         ?PR?_READ_SECTOR_ISR?SDCARD
            CODE    3D36H     0083H     UNIT         ?PR?_READ32?DIRECTORY_FUNCTIONS
            CODE    3DB9H     0082H     UNIT         ?PR?_READ_SECTOR?SDCARD
            CODE    3E3BH     007DH     UNIT         ?PR?_TRANS_ACMD41?SDCARD
            CODE    3EB8H     007BH     UNIT         ?PR?_READ32_ISR?DIRECTORY_FUNCTIONS
            CODE    3F33H     0078H     UNIT         ?PR?_PRINT_16BYTES?PRINT_BYTES
            CODE    3FABH     0071H     UNIT         ?CO?STA013
            CODE    401CH     006CH     UNIT         ?PR?_READ_BLOCK?SDCARD
            CODE    4088H     0068H     UNIT         ?PR?_SPI_MASTER_INIT?SPI
            CODE    40F0H     005FH     UNIT         ?PR?_PRINT_MEMORY?PRINT_BYTES
            CODE    414FH     005BH     UNIT         ?PR?_FIRST_SECTOR_ISR?DIRECTORY_FUNCTIONS
            CODE    41AAH     005BH     UNIT         ?PR?_TEST_I2C?STA013
            CODE    4205H     005AH     UNIT         ?PR?_GET_RESPONSE_NO_END_ISR?SDCARD
            CODE    425FH     0059H     UNIT         ?PR?_READ16?DIRECTORY_FUNCTIONS
            CODE    42B8H     0050H     UNIT         ?PR?_LCD_PRINT?LCD
BL51 BANKED LINKER/LOCATER V6.22                                                      12/14/2015  21:36:00  PAGE 3


            CODE    4308H     004FH     UNIT         ?PR?_GET_RESPONSE_NO_END?SDCARD
            CODE    4357H     0045H     UNIT         ?CO?PRINT_BYTES
            CODE    439CH     0041H     UNIT         ?PR?_TRANS_CMD8?SDCARD
            CODE    43DDH     0038H     UNIT         ?PR?_TRANS_CMD0?SDCARD
            CODE    4415H     0036H     UNIT         ?PR?LCD_INIT?LCD
            CODE    444BH     002BH     UNIT         ?PR?_SPI_TRANSFER_ISR?SPI
            CODE    4476H     0029H     UNIT         ?PR?_DELAY_MS?HARDWARE_DELAY
            CODE    449FH     0027H     UNIT         ?PR?PUTCHAR?PUTCHAR
            CODE    44C6H     0022H     UNIT         ?PR?LCD_WRITE?LCD
            CODE    44E8H     0021H     UNIT         ?PR?_SPI_TRANSFER?SPI
            CODE    4509H     0021H     UNIT         ?PR?_READ8?DIRECTORY_FUNCTIONS
            CODE    452AH     001CH     UNIT         ?PR?UART_INIT?UART
            CODE    4546H     001CH     UNIT         ?PR?_I2C_CLOCK_DELAY?I2C
            CODE    4562H     0013H     UNIT         ?PR?I2C_CLOCK_START?I2C
            CODE    4575H     0013H     UNIT         ?PR?_ISSPACE?ISSPACE
            CODE    4588H     0011H     UNIT         ?PR?GETCHAR?GETCHAR
            CODE    4599H     000FH     UNIT         ?PR?LCD_CLEAR?LCD
            CODE    45A8H     000FH     UNIT         ?PR?_ISDIGIT?ISDIGIT
            CODE    45B7H     000CH     UNIT         ?C_C51STARTUP
            CODE    45C3H     000AH     UNIT         ?PR?_GETKEY?_GETKEY
            CODE    45CDH     0008H     UNIT         ?CO?SDCARD



OVERLAY MAP OF MODULE:   part2 (HARDWARE_DELAY)


SEGMENT                                             BIT_GROUP          DATA_GROUP          IDATA_GROUP
  +--> CALLED SEGMENT                            START    LENGTH     START    LENGTH     START    LENGTH
--------------------------------------------------------------------------------------------------------
?PR?TIMER2_ISR?MAIN                              -----    -----      -----    -----      -----    -----
  +--> ?PR?_SPI_TRANSFER_ISR?SPI
  +--> ?CO?MAIN
  +--> ?PR?PRINTF?PRINTF
  +--> ?PR?_READ_SECTOR_ISR?SDCARD
  +--> ?PR?_FIND_NEXT_CLUSTER_ISR?DIRECTORY_...
  +--> ?PR?_FIRST_SECTOR_ISR?DIRECTORY_FUNCT...

?PR?PRINTF?PRINTF                                0021H.1  0001H.1    006CH    0014H      -----    -----
  +--> ?PR?PUTCHAR?PUTCHAR

?PR?_READ_SECTOR_ISR?SDCARD                      -----    -----      0023H    000DH      -----    -----
  +--> ?PR?_SEND_COMMAND_ISR?SDCARD
  +--> ?PR?_GET_RESPONSE_NO_END_ISR?SDCARD

?PR?_SEND_COMMAND_ISR?SDCARD                     -----    -----      003CH    0005H      00E1H    0004H
  +--> ?PR?_SPI_TRANSFER_ISR?SPI

?PR?_GET_RESPONSE_NO_END_ISR?SDCARD              -----    -----      003CH    0005H      00E1H    0005H
  +--> ?PR?_SPI_TRANSFER_ISR?SPI

?PR?_FIND_NEXT_CLUSTER_ISR?DIRECTORY_...         -----    -----      0023H    0012H      -----    -----
  +--> ?PR?_SEND_COMMAND_ISR?SDCARD
  +--> ?PR?_READ_BLOCK_ISR?SDCARD
  +--> ?PR?_READ32_ISR?DIRECTORY_FUNCTIONS

?PR?_READ_BLOCK_ISR?SDCARD                       -----    -----      0035H    0007H      00DAH    0007H
BL51 BANKED LINKER/LOCATER V6.22                                                      12/14/2015  21:36:00  PAGE 4


  +--> ?PR?_SEND_COMMAND_ISR?SDCARD
  +--> ?PR?_GET_RESPONSE_NO_END_ISR?SDCARD

?PR?_READ32_ISR?DIRECTORY_FUNCTIONS              -----    -----      0035H    000BH      -----    -----

?PR?_FIRST_SECTOR_ISR?DIRECTORY_FUNCT...         -----    -----      0023H    0004H      -----    -----

*** NEW ROOT ***************************************************

?C_C51STARTUP                                    -----    -----      -----    -----      -----    -----
  +--> ?PR?MAIN?MAIN

?PR?MAIN?MAIN                                    -----    -----      0041H    0005H      -----    -----
  +--> ?PR?UART_INIT?UART
  +--> ?PR?LCD_INIT?LCD
  +--> ?PR?_SPI_MASTER_INIT?SPI
  +--> ?PR?SDCARD_INIT?SDCARD
  +--> ?CO?MAIN
  +--> ?PR?PRINTF?PRINTF
  +--> ?PR?PUTCHAR?PUTCHAR
  +--> ?PR?_MOUNT_DRIVE?DIRECTORY_FUNCTIONS
  +--> ?PR?LCD_CLEAR?LCD
  +--> ?PR?LCD_WRITE?LCD
  +--> ?PR?_LCD_PRINT?LCD
  +--> ?PR?CONFIG_FILE?STA013
  +--> ?PR?_TEST_I2C?STA013
  +--> ?PR?_PRINT_DIRECTORY?DIRECTORY_FUNCTIONS
  +--> ?PR?LONG_SERIAL_INPUT?LONG_SERIAL_IN
  +--> ?PR?_READ_DIR_ENTRY?DIRECTORY_FUNCTIONS
  +--> ?PR?_FIRST_SECTOR?DIRECTORY_FUNCTIONS
  +--> ?PR?_READ_SECTOR?SDCARD

?PR?LCD_INIT?LCD                                 -----    -----      -----    -----      -----    -----
  +--> ?PR?_DELAY_MS?HARDWARE_DELAY
  +--> ?PR?LCD_WRITE?LCD

?PR?LCD_WRITE?LCD                                0021H.1  0000H.1    004BH    0001H      -----    -----
  +--> ?PR?_DELAY_MS?HARDWARE_DELAY

?PR?_SPI_MASTER_INIT?SPI                         -----    -----      0046H    0001H      -----    -----

?PR?SDCARD_INIT?SDCARD                           -----    -----      0046H    0008H      -----    -----
  +--> ?PR?_SPI_TRANSFER?SPI
  +--> ?PR?_TRANS_CMD0?SDCARD
  +--> ?CO?SDCARD
  +--> ?PR?PRINTF?PRINTF
  +--> ?PR?PUTCHAR?PUTCHAR
  +--> ?PR?_DELAY_MS?HARDWARE_DELAY
  +--> ?PR?_TRANS_CMD8?SDCARD
  +--> ?PR?_TRANS_CMD58?SDCARD
  +--> ?PR?_TRANS_ACMD41?SDCARD

?PR?_TRANS_CMD0?SDCARD                           -----    -----      004EH    0003H      -----    -----
  +--> ?PR?_SEND_COMMAND?SDCARD
  +--> ?PR?_GET_RESPONSE?SDCARD

?PR?_SEND_COMMAND?SDCARD                         -----    -----      0071H    0009H      -----    -----
BL51 BANKED LINKER/LOCATER V6.22                                                      12/14/2015  21:36:00  PAGE 5


  +--> ?PR?_SPI_TRANSFER?SPI

?PR?_GET_RESPONSE?SDCARD                         -----    -----      0056H    0008H      -----    -----
  +--> ?PR?_SPI_TRANSFER?SPI

?PR?_TRANS_CMD8?SDCARD                           -----    -----      004EH    0003H      -----    -----
  +--> ?PR?_SEND_COMMAND?SDCARD
  +--> ?PR?_GET_RESPONSE?SDCARD

?PR?_TRANS_CMD58?SDCARD                          -----    -----      004EH    0003H      -----    -----
  +--> ?PR?_SEND_COMMAND?SDCARD
  +--> ?PR?_GET_RESPONSE?SDCARD

?PR?_TRANS_ACMD41?SDCARD                         -----    -----      004EH    0008H      -----    -----
  +--> ?PR?_SEND_COMMAND?SDCARD
  +--> ?PR?_GET_RESPONSE?SDCARD

?PR?_MOUNT_DRIVE?DIRECTORY_FUNCTIONS             -----    -----      0046H    0019H      -----    -----
  +--> ?PR?_READ_BLOCK?SDCARD
  +--> ?PR?_PRINT_MEMORY?PRINT_BYTES
  +--> ?PR?_READ8?DIRECTORY_FUNCTIONS
  +--> ?PR?_READ32?DIRECTORY_FUNCTIONS
  +--> ?CO?DIRECTORY_FUNCTIONS
  +--> ?PR?PRINTF?PRINTF
  +--> ?PR?PUTCHAR?PUTCHAR
  +--> ?PR?_READ16?DIRECTORY_FUNCTIONS

?PR?_READ_BLOCK?SDCARD                           -----    -----      0064H    000DH      -----    -----
  +--> ?PR?_SEND_COMMAND?SDCARD
  +--> ?PR?_GET_RESPONSE_NO_END?SDCARD

?PR?_GET_RESPONSE_NO_END?SDCARD                  -----    -----      0071H    000AH      -----    -----
  +--> ?PR?_SPI_TRANSFER?SPI

?PR?_PRINT_MEMORY?PRINT_BYTES                    -----    -----      005FH    0008H      -----    -----
  +--> ?CO?PRINT_BYTES
  +--> ?PR?PRINTF?PRINTF
  +--> ?PR?_PRINT_16BYTES?PRINT_BYTES

?PR?_PRINT_16BYTES?PRINT_BYTES                   -----    -----      0067H    0005H      -----    -----
  +--> ?CO?PRINT_BYTES
  +--> ?PR?PRINTF?PRINTF
  +--> ?PR?PUTCHAR?PUTCHAR

?PR?_READ32?DIRECTORY_FUNCTIONS                  -----    -----      005FH    000BH      -----    -----

?PR?_READ16?DIRECTORY_FUNCTIONS                  -----    -----      005FH    0007H      -----    -----

?PR?LCD_CLEAR?LCD                                -----    -----      -----    -----      -----    -----
  +--> ?PR?LCD_WRITE?LCD
  +--> ?PR?_DELAY_MS?HARDWARE_DELAY

?PR?_LCD_PRINT?LCD                               -----    -----      0046H    0005H      -----    -----
  +--> ?PR?LCD_WRITE?LCD

?PR?CONFIG_FILE?STA013                           -----    -----      0046H    000BH      -----    -----
  +--> ?CO?STA013
BL51 BANKED LINKER/LOCATER V6.22                                                      12/14/2015  21:36:00  PAGE 6


  +--> ?PR?PRINTF?PRINTF
  +--> ?PR?_I2C_WRITE?I2C
  +--> ?PR?PUTCHAR?PUTCHAR
  +--> ?PR?_I2C_READ?I2C

?PR?_I2C_WRITE?I2C                               -----    -----      0051H    000BH      -----    -----
  +--> ?PR?I2C_CLOCK_START?I2C
  +--> ?PR?_I2C_CLOCK_DELAY?I2C

?PR?_I2C_READ?I2C                                -----    -----      0051H    000BH      -----    -----
  +--> ?PR?I2C_CLOCK_START?I2C
  +--> ?PR?_I2C_CLOCK_DELAY?I2C

?PR?_TEST_I2C?STA013                             -----    -----      0046H    0005H      -----    -----
  +--> ?PR?_I2C_READ?I2C
  +--> ?CO?STA013
  +--> ?PR?PRINTF?PRINTF
  +--> ?PR?PUTCHAR?PUTCHAR

?PR?_PRINT_DIRECTORY?DIRECTORY_FUNCTIONS         -----    -----      0046H    001AH      -----    -----
  +--> ?PR?_READ_BLOCK?SDCARD
  +--> ?PR?_READ8?DIRECTORY_FUNCTIONS
  +--> ?CO?DIRECTORY_FUNCTIONS
  +--> ?PR?PRINTF?PRINTF
  +--> ?PR?PUTCHAR?PUTCHAR

?PR?LONG_SERIAL_INPUT?LONG_SERIAL_IN             -----    -----      0046H    0011H      -----    -----
  +--> ?PR?GETCHAR?GETCHAR
  +--> ?PR?_ATOL?ATOL
  +--> ?PR?PUTCHAR?PUTCHAR

?PR?GETCHAR?GETCHAR                              -----    -----      -----    -----      -----    -----
  +--> ?PR?_GETKEY?_GETKEY
  +--> ?PR?PUTCHAR?PUTCHAR

?PR?_ATOL?ATOL                                   0021H.1  0000H.1    0057H    0007H      -----    -----
  +--> ?PR?_ISSPACE?ISSPACE
  +--> ?PR?_ISDIGIT?ISDIGIT

?PR?_READ_DIR_ENTRY?DIRECTORY_FUNCTIONS          -----    -----      0046H    001EH      -----    -----
  +--> ?PR?_READ_BLOCK?SDCARD
  +--> ?PR?_READ8?DIRECTORY_FUNCTIONS

?PR?_FIRST_SECTOR?DIRECTORY_FUNCTIONS            -----    -----      0046H    0008H      -----    -----
  +--> ?CO?DIRECTORY_FUNCTIONS
  +--> ?PR?PRINTF?PRINTF
  +--> ?PR?PUTCHAR?PUTCHAR

?PR?_READ_SECTOR?SDCARD                          -----    -----      0046H    000DH      -----    -----
  +--> ?PR?_SEND_COMMAND?SDCARD
  +--> ?PR?_GET_RESPONSE_NO_END?SDCARD



SYMBOL TABLE OF MODULE:  part2 (HARDWARE_DELAY)

  VALUE           TYPE          NAME
BL51 BANKED LINKER/LOCATER V6.22                                                      12/14/2015  21:36:00  PAGE 7


  ----------------------------------

  -------         MODULE        HARDWARE_DELAY
  C:0000H         SYMBOL        _ICE_DUMMY_
  D:0080H         PUBLIC        P0
  D:0090H         PUBLIC        P1
  D:00A0H         PUBLIC        P2
  D:00B0H         PUBLIC        P3
  D:00A8H         PUBLIC        IEN0
  D:00B8H         PUBLIC        IPL0
  D:00D8H         PUBLIC        CCON
  D:0098H         PUBLIC        SCON
  D:0089H         PUBLIC        TMOD
  D:0088H         PUBLIC        TCON
  B:00A8H.1       PUBLIC        ET0
  B:0088H.5       PUBLIC        TF0
  D:008CH         PUBLIC        TH0
  D:008AH         PUBLIC        TL0
  C:4476H         PUBLIC        _delay_ms
  B:0088H.4       PUBLIC        TR0
  D:00C8H         PUBLIC        T2CON
  D:00D0H         PUBLIC        PSW
  -------         PROC          _DELAY_MS
  D:0006H         SYMBOL        timeout_val_ms
  -------         DO            
  D:0004H         SYMBOL        num_ms
  -------         ENDDO         
  C:4476H         LINE#         9
  C:4476H         LINE#         10
  C:4476H         LINE#         12
  C:4479H         LINE#         13
  C:447CH         LINE#         14
  C:447EH         LINE#         15
  C:4488H         LINE#         16
  C:4488H         LINE#         17
  C:448BH         LINE#         18
  C:448EH         LINE#         19
  C:4490H         LINE#         20
  C:4492H         LINE#         21
  C:4495H         LINE#         22
  C:4497H         LINE#         23
  C:449EH         LINE#         24
  -------         ENDPROC       _DELAY_MS
  -------         ENDMOD        HARDWARE_DELAY

  -------         MODULE        LCD
  C:0000H         SYMBOL        _ICE_DUMMY_
  D:0080H         PUBLIC        P0
  D:0090H         PUBLIC        P1
  D:00A0H         PUBLIC        P2
  D:00B0H         PUBLIC        P3
  D:00A8H         PUBLIC        IEN0
  D:00B8H         PUBLIC        IPL0
  C:4599H         PUBLIC        LCD_Clear
  D:00D8H         PUBLIC        CCON
  B:00B0H.6       PUBLIC        RS
  D:0080H         PUBLIC        LCD_DATA_OUT
BL51 BANKED LINKER/LOCATER V6.22                                                      12/14/2015  21:36:00  PAGE 8


  D:0098H         PUBLIC        SCON
  D:0088H         PUBLIC        TCON
  C:44CBH         PUBLIC        LCD_Write
  C:42B8H         PUBLIC        _LCD_Print
  B:00B0H.7       PUBLIC        E
  C:4415H         PUBLIC        LCD_Init
  D:00C8H         PUBLIC        T2CON
  D:00D0H         PUBLIC        PSW
  C:44C6H         SYMBOL        L?0013
  -------         PROC          L?0012
  -------         ENDPROC       L?0012
  C:44C6H         SYMBOL        L?0013
  -------         PROC          LCD_WRITE
  B:0021H.1       SYMBOL        RegSelect
  D:004BH         SYMBOL        LCD_Data
  C:44CBH         LINE#         6
  C:44CBH         LINE#         7
  C:44CBH         LINE#         9
  C:44CFH         LINE#         10
  C:44D1H         LINE#         11
  C:44D8H         LINE#         12
  C:44DBH         LINE#         13
  C:44DDH         LINE#         14
  C:44E4H         LINE#         15
  C:44E7H         LINE#         16
  -------         ENDPROC       LCD_WRITE
  -------         PROC          _LCD_PRINT
  D:0046H         SYMBOL        num_bytes
  D:0047H         SYMBOL        array_name
  -------         DO            
  D:004AH         SYMBOL        index
  -------         ENDDO         
  C:42B8H         LINE#         18
  C:42C0H         LINE#         19
  C:42C0H         LINE#         21
  C:42C4H         LINE#         22
  C:42C4H         LINE#         23
  C:42C6H         LINE#         24
  C:42D8H         LINE#         25
  C:42D8H         LINE#         26
  C:42DFH         LINE#         27
  C:42E1H         LINE#         28
  C:42E3H         LINE#         29
  C:42E3H         LINE#         31
  C:42E3H         LINE#         32
  C:42EDH         LINE#         33
  C:42EDH         LINE#         34
  C:4303H         LINE#         35
  C:4307H         LINE#         36
  C:4307H         LINE#         38
  -------         ENDPROC       _LCD_PRINT
  -------         PROC          LCD_INIT
  C:4415H         LINE#         40
  C:4415H         LINE#         41
  C:4415H         LINE#         47
  C:441CH         LINE#         48
  C:441FH         LINE#         49
BL51 BANKED LINKER/LOCATER V6.22                                                      12/14/2015  21:36:00  PAGE 9


  C:4426H         LINE#         50
  C:4429H         LINE#         52
  C:442CH         LINE#         54
  C:4434H         LINE#         56
  C:443CH         LINE#         57
  C:4443H         LINE#         58
  -------         ENDPROC       LCD_INIT
  -------         PROC          LCD_CLEAR
  C:4599H         LINE#         64
  C:4599H         LINE#         65
  C:4599H         LINE#         66
  C:45A1H         LINE#         67
  -------         ENDPROC       LCD_CLEAR
  -------         ENDMOD        LCD

  -------         MODULE        LONG_SERIAL_IN
  C:0000H         SYMBOL        _ICE_DUMMY_
  D:0080H         PUBLIC        P0
  D:0090H         PUBLIC        P1
  D:00A0H         PUBLIC        P2
  D:00B0H         PUBLIC        P3
  D:00A8H         PUBLIC        IEN0
  D:00B8H         PUBLIC        IPL0
  D:00D8H         PUBLIC        CCON
  C:37D5H         PUBLIC        long_serial_input
  D:0098H         PUBLIC        SCON
  D:0088H         PUBLIC        TCON
  D:00C8H         PUBLIC        T2CON
  D:00D0H         PUBLIC        PSW
  -------         PROC          LONG_SERIAL_INPUT
  -------         DO            
  D:0046H         SYMBOL        index
  D:0047H         SYMBOL        input
  D:0048H         SYMBOL        input_values
  D:0053H         SYMBOL        output_value
  -------         ENDDO         
  C:37D5H         LINE#         15
  C:37D5H         LINE#         16
  C:37D5H         LINE#         19
  C:37D8H         LINE#         20
  C:37D8H         LINE#         21
  C:37DFH         LINE#         22
  C:37E6H         LINE#         23
  C:37F0H         LINE#         24
  C:37F3H         LINE#         26
  C:37F3H         LINE#         27
  C:37F8H         LINE#         28
  C:3806H         LINE#         29
  C:3806H         LINE#         30
  C:380DH         LINE#         31
  C:380FH         LINE#         32
  C:3811H         LINE#         33
  C:381CH         LINE#         34
  C:381CH         LINE#         35
  C:381EH         LINE#         36
  C:3825H         LINE#         37
  C:3825H         LINE#         38
BL51 BANKED LINKER/LOCATER V6.22                                                      12/14/2015  21:36:00  PAGE 10


  C:3825H         LINE#         39
  C:3827H         LINE#         40
  C:3832H         LINE#         41
  C:3832H         LINE#         42
  C:3843H         LINE#         43
  C:3848H         LINE#         44
  C:384AH         LINE#         45
  C:384CH         LINE#         47
  C:384CH         LINE#         48
  C:3851H         LINE#         49
  C:3856H         LINE#         50
  C:385BH         LINE#         51
  C:385BH         LINE#         52
  C:3860H         LINE#         53
  C:3860H         LINE#         54
  C:3871H         LINE#         55
  C:3876H         LINE#         56
  C:387BH         LINE#         57
  C:387BH         LINE#         58
  C:3892H         LINE#         60
  C:389AH         LINE#         61
  -------         ENDPROC       LONG_SERIAL_INPUT
  -------         ENDMOD        LONG_SERIAL_IN

  -------         MODULE        MAIN
  C:0000H         SYMBOL        _ICE_DUMMY_
  I:00B1H         PUBLIC        sector_offset
  D:0080H         PUBLIC        P0
  D:0090H         PUBLIC        P1
  B:0090H.1       PUBLIC        spi_en
  D:00A0H         PUBLIC        P2
  D:00B0H         PUBLIC        P3
  B:00A8H.7       PUBLIC        EA
  B:00A0H.4       PUBLIC        LED1
  B:00A0H.5       PUBLIC        LED2
  B:00A0H.6       PUBLIC        LED3
  B:00A0H.7       PUBLIC        LED4
  D:00A8H         PUBLIC        IEN0
  I:00B5H         PUBLIC        sector
  I:00B9H         PUBLIC        index1_g
  I:00BBH         PUBLIC        index2_g
  D:00B8H         PUBLIC        IPL0
  D:008FH         PUBLIC        CKCON0
  D:00D8H         PUBLIC        CCON
  C:1723H         PUBLIC        timer2_ISR
  C:1B2AH         PUBLIC        main
  D:0098H         PUBLIC        SCON
  D:0089H         PUBLIC        TMOD
  D:0088H         PUBLIC        TCON
  B:00B0H.3       PUBLIC        trig
  I:00BDH         PUBLIC        return_entry
  I:00C1H         PUBLIC        play_status
  B:0088H.5       PUBLIC        TF0
  B:00A8H.5       PUBLIC        ET2
  B:00C8H.7       PUBLIC        TF2
  D:008CH         PUBLIC        TH0
  I:00C5H         PUBLIC        cluster_g
BL51 BANKED LINKER/LOCATER V6.22                                                      12/14/2015  21:36:00  PAGE 11


  D:00CDH         PUBLIC        TH2
  D:008AH         PUBLIC        TL0
  D:00CCH         PUBLIC        TL2
  X:0000H         PUBLIC        buff1
  B:0088H.4       PUBLIC        TR0
  X:0200H         PUBLIC        buff2
  I:00C9H         PUBLIC        next_entry
  B:00C8H.2       PUBLIC        TR2
  I:00CDH         PUBLIC        sector_base_g
  B:0090H.0       PUBLIC        DATA_REQ
  D:00C8H         PUBLIC        T2CON
  I:00D1H         PUBLIC        state_g
  I:00D5H         PUBLIC        temp8
  D:00D0H         PUBLIC        PSW
  I:00D6H         PUBLIC        block_number
  -------         PROC          TIMER2_ISR
  C:1723H         LINE#         36
  C:1740H         LINE#         39
  C:1742H         LINE#         40
  C:1744H         LINE#         41
  C:1747H         LINE#         42
  C:174AH         LINE#         43
  C:174CH         LINE#         44
  C:174EH         LINE#         47
  C:175FH         LINE#         48
  C:175FH         LINE#         49
  C:176FH         LINE#         50
  C:176FH         LINE#         51
  C:1778H         LINE#         52
  C:1778H         LINE#         53
  C:1778H         LINE#         55
  C:1789H         LINE#         56
  C:1789H         LINE#         57
  C:1799H         LINE#         58
  C:1799H         LINE#         59
  C:17A2H         LINE#         60
  C:17A2H         LINE#         61
  C:17A2H         LINE#         64
  C:17DEH         LINE#         65
  C:17DEH         LINE#         67
  C:17DEH         LINE#         68
  C:17DEH         LINE#         69
  C:17E0H         LINE#         70
  C:17E2H         LINE#         71
  C:17E4H         LINE#         72
  C:17E6H         LINE#         73
  C:17E8H         LINE#         74
  C:17EAH         LINE#         75
  C:17F0H         LINE#         76
  C:17F0H         LINE#         77
  C:180AH         LINE#         78
  C:1812H         LINE#         79
  C:181EH         LINE#         80
  C:181EH         LINE#         81
  C:182AH         LINE#         82
  C:182AH         LINE#         83
  C:183BH         LINE#         84
BL51 BANKED LINKER/LOCATER V6.22                                                      12/14/2015  21:36:00  PAGE 12


  C:183BH         LINE#         85
  C:1844H         LINE#         86
  C:1846H         LINE#         88
  C:1846H         LINE#         89
  C:184FH         LINE#         90
  C:184FH         LINE#         91
  C:1851H         LINE#         93
  C:1851H         LINE#         94
  C:185AH         LINE#         95
  C:185AH         LINE#         96
  C:185CH         LINE#         97
  C:185CH         LINE#         98
  C:185EH         LINE#         99
  C:1872H         LINE#         100
  C:1872H         LINE#         101
  C:187BH         LINE#         102
  C:1889H         LINE#         103
  C:1889H         LINE#         104
  C:1890H         LINE#         105
  C:1892H         LINE#         107
  C:1892H         LINE#         108
  C:1899H         LINE#         109
  C:1899H         LINE#         110
  C:1899H         LINE#         111
  C:189CH         LINE#         112
  C:189CH         LINE#         113
  C:18A5H         LINE#         114
  C:18A5H         LINE#         115
  C:18A7H         LINE#         116
  C:18AAH         LINE#         117
  C:18AAH         LINE#         120
  C:18AAH         LINE#         121
  C:18AAH         LINE#         122
  C:18ACH         LINE#         123
  C:18AEH         LINE#         124
  C:18B0H         LINE#         125
  C:18B2H         LINE#         127
  C:18CDH         LINE#         128
  C:18DBH         LINE#         130
  C:18F2H         LINE#         131
  C:18FBH         LINE#         132
  C:18FDH         LINE#         134
  C:1900H         LINE#         135
  C:1900H         LINE#         138
  C:1900H         LINE#         139
  C:1900H         LINE#         140
  C:1902H         LINE#         141
  C:1904H         LINE#         142
  C:1906H         LINE#         143
  C:1908H         LINE#         145
  C:191BH         LINE#         146
  C:192DH         LINE#         147
  C:192DH         LINE#         148
  C:1936H         LINE#         149
  C:193FH         LINE#         150
  C:193FH         LINE#         151
  C:1941H         LINE#         153
BL51 BANKED LINKER/LOCATER V6.22                                                      12/14/2015  21:36:00  PAGE 13


  C:1941H         LINE#         154
  C:194EH         LINE#         155
  C:1957H         LINE#         156
  C:1960H         LINE#         157
  C:1960H         LINE#         158
  C:1963H         LINE#         159
  C:1963H         LINE#         161
  C:1963H         LINE#         162
  C:1963H         LINE#         163
  C:1965H         LINE#         164
  C:1967H         LINE#         165
  C:1969H         LINE#         166
  C:196BH         LINE#         168
  C:1971H         LINE#         169
  C:1971H         LINE#         170
  C:197AH         LINE#         171
  C:197AH         LINE#         172
  C:197DH         LINE#         173
  C:197DH         LINE#         176
  C:197DH         LINE#         177
  C:197DH         LINE#         178
  C:197FH         LINE#         179
  C:1981H         LINE#         180
  C:1983H         LINE#         181
  C:1985H         LINE#         183
  C:1987H         LINE#         184
  C:198DH         LINE#         185
  C:198DH         LINE#         186
  C:19A7H         LINE#         187
  C:19AFH         LINE#         188
  C:19BBH         LINE#         189
  C:19BBH         LINE#         190
  C:19C6H         LINE#         191
  C:19C6H         LINE#         192
  C:19D7H         LINE#         193
  C:19D7H         LINE#         194
  C:19E0H         LINE#         195
  C:19E2H         LINE#         197
  C:19E2H         LINE#         198
  C:19EBH         LINE#         199
  C:19EBH         LINE#         200
  C:19EDH         LINE#         202
  C:19EDH         LINE#         203
  C:19F6H         LINE#         204
  C:19F6H         LINE#         205
  C:19F8H         LINE#         206
  C:19F8H         LINE#         207
  C:19FAH         LINE#         208
  C:1A0EH         LINE#         209
  C:1A0EH         LINE#         210
  C:1A17H         LINE#         211
  C:1A25H         LINE#         212
  C:1A25H         LINE#         213
  C:1A2CH         LINE#         214
  C:1A2EH         LINE#         216
  C:1A2EH         LINE#         217
  C:1A35H         LINE#         218
BL51 BANKED LINKER/LOCATER V6.22                                                      12/14/2015  21:36:00  PAGE 14


  C:1A35H         LINE#         219
  C:1A35H         LINE#         220
  C:1A38H         LINE#         221
  C:1A38H         LINE#         222
  C:1A41H         LINE#         223
  C:1A41H         LINE#         225
  C:1A43H         LINE#         226
  C:1A46H         LINE#         227
  C:1A46H         LINE#         230
  C:1A46H         LINE#         231
  C:1A46H         LINE#         232
  C:1A48H         LINE#         233
  C:1A4AH         LINE#         234
  C:1A4CH         LINE#         235
  C:1A4EH         LINE#         237
  C:1A69H         LINE#         238
  C:1A77H         LINE#         239
  C:1A8EH         LINE#         240
  C:1A97H         LINE#         241
  C:1A9EH         LINE#         242
  C:1AA0H         LINE#         243
  C:1AA0H         LINE#         246
  C:1AA0H         LINE#         247
  C:1AA0H         LINE#         248
  C:1AA2H         LINE#         249
  C:1AA4H         LINE#         250
  C:1AA6H         LINE#         251
  C:1AA8H         LINE#         253
  C:1ABBH         LINE#         254
  C:1ACDH         LINE#         255
  C:1ACDH         LINE#         256
  C:1AD6H         LINE#         257
  C:1AD6H         LINE#         258
  C:1AD8H         LINE#         260
  C:1AD8H         LINE#         261
  C:1AE5H         LINE#         262
  C:1AEEH         LINE#         263
  C:1AF7H         LINE#         264
  C:1AF7H         LINE#         265
  C:1AF9H         LINE#         266
  C:1AF9H         LINE#         268
  C:1AF9H         LINE#         269
  C:1AF9H         LINE#         270
  C:1AFBH         LINE#         271
  C:1AFDH         LINE#         272
  C:1AFFH         LINE#         273
  C:1B01H         LINE#         275
  C:1B04H         LINE#         276
  C:1B04H         LINE#         277
  C:1B0DH         LINE#         278
  C:1B0DH         LINE#         279
  C:1B0DH         LINE#         280
  C:1B0DH         LINE#         281
  C:1B0DH         LINE#         282
  C:1B0FH         LINE#         283
  -------         ENDPROC       TIMER2_ISR
  -------         PROC          MAIN
BL51 BANKED LINKER/LOCATER V6.22                                                      12/14/2015  21:36:00  PAGE 15


  -------         DO            
  D:0041H         SYMBOL        error_flag
  D:0042H         SYMBOL        array_name
  D:0044H         SYMBOL        number_of_entries
  -------         ENDDO         
  C:1B2AH         LINE#         292
  C:1B2AH         LINE#         293
  C:1B2AH         LINE#         299
  C:1B2DH         LINE#         301
  C:1B2FH         LINE#         302
  C:1B31H         LINE#         303
  C:1B34H         LINE#         304
  C:1B37H         LINE#         305
  C:1B42H         LINE#         306
  C:1B47H         LINE#         308
  C:1B59H         LINE#         309
  C:1B5EH         LINE#         310
  C:1B63H         LINE#         311
  C:1B6CH         LINE#         313
  C:1B6FH         LINE#         314
  C:1B77H         LINE#         315
  C:1B82H         LINE#         317
  C:1B84H         LINE#         318
  C:1B89H         LINE#         319
  C:1B8DH         LINE#         320
  C:1B8DH         LINE#         321
  C:1B8FH         LINE#         322
  C:1BA1H         LINE#         323
  C:1BADH         LINE#         324
  C:1BB2H         LINE#         325
  C:1BB7H         LINE#         326
  C:1BB7H         LINE#         328
  C:1BBAH         LINE#         329
  C:1BBDH         LINE#         330
  C:1BC8H         LINE#         331
  C:1BCCH         LINE#         332
  C:1BCCH         LINE#         333
  C:1BCEH         LINE#         334
  C:1BE0H         LINE#         335
  C:1BECH         LINE#         336
  C:1BF1H         LINE#         337
  C:1BF6H         LINE#         338
  C:1BF6H         LINE#         341
  C:1C01H         LINE#         344
  C:1C03H         LINE#         347
  C:1C07H         LINE#         348
  C:1C07H         LINE#         349
  C:1C09H         LINE#         350
  C:1C1BH         LINE#         351
  C:1C27H         LINE#         352
  C:1C2CH         LINE#         353
  C:1C31H         LINE#         354
  C:1C31H         LINE#         356
  C:1C34H         LINE#         357
  C:1C36H         LINE#         358
  C:1C39H         LINE#         359
  C:1C3BH         LINE#         360
BL51 BANKED LINKER/LOCATER V6.22                                                      12/14/2015  21:36:00  PAGE 16


  C:1C3DH         LINE#         361
  C:1C3FH         LINE#         362
  C:1C41H         LINE#         363
  C:1C44H         LINE#         365
  C:1C46H         LINE#         366
  C:1C48H         LINE#         375
  C:1C4BH         LINE#         377
  C:1C5DH         LINE#         384
  C:1C5DH         LINE#         385
  C:1C5DH         LINE#         386
  C:1C67H         LINE#         387
  C:1C6EH         LINE#         388
  C:1C6EH         LINE#         390
  C:1C6EH         LINE#         391
  C:1C80H         LINE#         392
  C:1C88H         LINE#         393
  C:1CAAH         LINE#         394
  C:1CAAH         LINE#         395
  C:1CBCH         LINE#         396
  C:1CBCH         LINE#         397
  C:1CDEH         LINE#         398
  C:1CFAH         LINE#         399
  C:1D0CH         LINE#         400
  C:1D22H         LINE#         401
  C:1D27H         LINE#         402
  C:1D2CH         LINE#         403
  C:1D3AH         LINE#         404
  C:1D49H         LINE#         405
  C:1D49H         LINE#         406
  C:1D5BH         LINE#         407
  C:1D60H         LINE#         408
  C:1D65H         LINE#         409
  C:1D72H         LINE#         410
  C:1D84H         LINE#         411
  C:1D9AH         LINE#         412
  C:1D9FH         LINE#         413
  C:1DA4H         LINE#         414
  C:1DB6H         LINE#         415
  C:1DB6H         LINE#         416
  C:1DE3H         LINE#         417
  C:1DE3H         LINE#         418
  C:1DECH         LINE#         419
  C:1DFEH         LINE#         421
  C:1E0BH         LINE#         422
  C:1E26H         LINE#         423
  C:1E34H         LINE#         424
  C:1E4BH         LINE#         425
  C:1E66H         LINE#         426
  C:1E74H         LINE#         427
  C:1E8BH         LINE#         428
  C:1E94H         LINE#         432
  C:1E9DH         LINE#         433
  C:1EA3H         LINE#         434
  C:1EA7H         LINE#         435
  C:1EA9H         LINE#         436
  C:1EABH         LINE#         437
  C:1EBBH         LINE#         438
BL51 BANKED LINKER/LOCATER V6.22                                                      12/14/2015  21:36:00  PAGE 17


  C:1EBBH         LINE#         442
  C:1EBBH         LINE#         443
  C:1EBDH         LINE#         445
  C:1ECFH         LINE#         446
  C:1ECFH         LINE#         447
  C:1EE0H         LINE#         448
  C:1EE0H         LINE#         449
  C:1EE3H         LINE#         450
  C:1EE3H         LINE#         451
  C:1EE6H         LINE#         452
  C:1EEDH         LINE#         453
  C:1EEDH         LINE#         454
  C:1EEFH         LINE#         455
  C:1EF4H         LINE#         456
  C:1EF9H         LINE#         457
  C:1F0BH         LINE#         458
  C:1F17H         LINE#         459
  C:1F1CH         LINE#         460
  C:1F21H         LINE#         461
  -------         ENDPROC       MAIN
  -------         ENDMOD        MAIN

  -------         MODULE        PRINT_BYTES
  C:0000H         SYMBOL        _ICE_DUMMY_
  D:0080H         PUBLIC        P0
  D:0090H         PUBLIC        P1
  D:00A0H         PUBLIC        P2
  D:00B0H         PUBLIC        P3
  D:00A8H         PUBLIC        IEN0
  D:00B8H         PUBLIC        IPL0
  C:3F33H         PUBLIC        _print_16bytes
  D:00D8H         PUBLIC        CCON
  C:40F0H         PUBLIC        _print_memory
  D:0098H         PUBLIC        SCON
  D:0088H         PUBLIC        TCON
  D:00C8H         PUBLIC        T2CON
  D:00D0H         PUBLIC        PSW
  -------         PROC          _PRINT_16BYTES
  D:0001H         SYMBOL        array_in
  -------         DO            
  D:0067H         SYMBOL        input
  D:006AH         SYMBOL        index
  D:006BH         SYMBOL        dat
  -------         ENDDO         
  C:3F33H         LINE#         16
  C:3F33H         LINE#         17
  C:3F33H         LINE#         20
  C:3F39H         LINE#         21
  C:3F48H         LINE#         22
  C:3F4BH         LINE#         23
  C:3F4BH         LINE#         24
  C:3F5CH         LINE#         25
  C:3F67H         LINE#         26
  C:3F70H         LINE#         27
  C:3F73H         LINE#         28
  C:3F73H         LINE#         29
  C:3F84H         LINE#         30
BL51 BANKED LINKER/LOCATER V6.22                                                      12/14/2015  21:36:00  PAGE 18


  C:3F93H         LINE#         31
  C:3F98H         LINE#         32
  C:3FA1H         LINE#         33
  C:3FA6H         LINE#         34
  -------         ENDPROC       _PRINT_16BYTES
  -------         PROC          _PRINT_MEMORY
  D:005FH         SYMBOL        array_in
  D:0062H         SYMBOL        number_of_bytes
  -------         DO            
  D:0064H         SYMBOL        input
  D:0006H         SYMBOL        i
  -------         ENDDO         
  C:40F0H         LINE#         44
  C:40FAH         LINE#         45
  C:40FAH         LINE#         48
  C:4100H         LINE#         49
  C:4102H         LINE#         50
  C:4107H         LINE#         51
  C:4118H         LINE#         52
  C:4121H         LINE#         54
  C:4121H         LINE#         55
  C:412AH         LINE#         56
  C:4135H         LINE#         57
  C:414EH         LINE#         58
  -------         ENDPROC       _PRINT_MEMORY
  -------         ENDMOD        PRINT_BYTES

  -------         MODULE        SDCARD
  C:0000H         SYMBOL        _ICE_DUMMY_
  D:0080H         PUBLIC        P0
  D:0090H         PUBLIC        P1
  D:00A0H         PUBLIC        P2
  D:00B0H         PUBLIC        P3
  C:3E3BH         PUBLIC        _trans_ACMD41
  B:00A0H.5       PUBLIC        LED2
  B:00A0H.7       PUBLIC        LED4
  C:401CH         PUBLIC        _read_block
  D:00A8H         PUBLIC        IEN0
  C:43DDH         PUBLIC        _trans_CMD0
  C:3DB9H         PUBLIC        _read_sector
  D:00B8H         PUBLIC        IPL0
  C:3C14H         PUBLIC        _get_response
  C:439CH         PUBLIC        _trans_CMD8
  D:00D8H         PUBLIC        CCON
  D:0098H         PUBLIC        SCON
  D:0088H         PUBLIC        TCON
  C:420DH         PUBLIC        _get_response_no_end_ISR
  C:3A21H         PUBLIC        _send_command_ISR
  D:008EH         PUBLIC        AUXR
  B:0090H.4       PUBLIC        ncs
  C:3374H         PUBLIC        SDcard_init
  C:0003H         PUBLIC        _trans_CMD58
  C:3AC8H         PUBLIC        _read_block_ISR
  C:3CAAH         PUBLIC        _read_sector_ISR
  D:00C8H         PUBLIC        T2CON
  C:4310H         PUBLIC        _get_response_no_end
  C:3B77H         PUBLIC        _send_command
BL51 BANKED LINKER/LOCATER V6.22                                                      12/14/2015  21:36:00  PAGE 19


  D:00D0H         PUBLIC        PSW
  -------         PROC          SDCARD_INIT
  -------         DO            
  D:0046H         SYMBOL        return_value
  D:004BH         SYMBOL        error_flag
  D:004CH         SYMBOL        index
  D:004DH         SYMBOL        dat
  -------         ENDDO         
  C:3374H         LINE#         11
  C:3374H         LINE#         12
  C:3374H         LINE#         16
  C:3377H         LINE#         18
  C:3379H         LINE#         19
  C:337CH         LINE#         20
  C:337CH         LINE#         21
  C:3387H         LINE#         22
  C:3390H         LINE#         27
  C:339BH         LINE#         30
  C:339EH         LINE#         31
  C:339EH         LINE#         32
  C:33A6H         LINE#         33
  C:33B1H         LINE#         34
  C:33BAH         LINE#         35
  C:33BFH         LINE#         36
  C:33C4H         LINE#         37
  C:33CBH         LINE#         42
  C:33CFH         LINE#         43
  C:33CFH         LINE#         44
  C:33D9H         LINE#         45
  C:33D9H         LINE#         49
  C:33DCH         LINE#         50
  C:33DCH         LINE#         51
  C:33E4H         LINE#         52
  C:33EFH         LINE#         53
  C:33F8H         LINE#         54
  C:33FDH         LINE#         55
  C:3402H         LINE#         56
  C:3409H         LINE#         59
  C:340DH         LINE#         60
  C:340DH         LINE#         61
  C:3417H         LINE#         62
  C:341DH         LINE#         63
  C:341DH         LINE#         64
  C:3420H         LINE#         65
  C:3422H         LINE#         66
  C:3422H         LINE#         67
  C:3422H         LINE#         71
  C:3425H         LINE#         72
  C:3425H         LINE#         73
  C:342DH         LINE#         74
  C:3438H         LINE#         75
  C:3441H         LINE#         76
  C:3446H         LINE#         77
  C:344BH         LINE#         78
  C:3452H         LINE#         81
  C:3456H         LINE#         82
  C:3456H         LINE#         83
BL51 BANKED LINKER/LOCATER V6.22                                                      12/14/2015  21:36:00  PAGE 20


  C:3460H         LINE#         84
  C:3460H         LINE#         88
  C:3463H         LINE#         89
  C:3463H         LINE#         90
  C:346BH         LINE#         91
  C:3476H         LINE#         92
  C:347FH         LINE#         93
  C:3484H         LINE#         94
  C:3489H         LINE#         95
  C:3490H         LINE#         98
  C:3494H         LINE#         99
  C:3494H         LINE#         100
  C:349EH         LINE#         101
  C:34A4H         LINE#         102
  C:34A4H         LINE#         104
  C:34A4H         LINE#         105
  C:34A9H         LINE#         106
  C:34A9H         LINE#         108
  C:34ACH         LINE#         109
  C:34AEH         LINE#         111
  C:34AEH         LINE#         112
  C:34B1H         LINE#         113
  C:34B1H         LINE#         114
  C:34B1H         LINE#         117
  C:34B4H         LINE#         118
  C:34B4H         LINE#         119
  C:34BCH         LINE#         120
  C:34C7H         LINE#         121
  C:34D0H         LINE#         122
  C:34D5H         LINE#         123
  C:34DAH         LINE#         124
  C:34E1H         LINE#         126
  C:34E5H         LINE#         127
  C:34E5H         LINE#         128
  C:34E7H         LINE#         129
  C:34E7H         LINE#         130
  C:34E9H         LINE#         132
  C:34EBH         LINE#         133
  -------         ENDPROC       SDCARD_INIT
  -------         PROC          _TRANS_CMD0
  D:004EH         SYMBOL        return_value
  -------         DO            
  D:0007H         SYMBOL        error_flag
  -------         ENDDO         
  C:43DDH         LINE#         150
  C:43E3H         LINE#         151
  C:43E3H         LINE#         155
  C:43E5H         LINE#         156
  C:43F2H         LINE#         157
  C:43F5H         LINE#         158
  C:43F5H         LINE#         159
  C:4400H         LINE#         160
  C:4400H         LINE#         161
  C:4403H         LINE#         162
  C:4403H         LINE#         163
  C:4410H         LINE#         164
  C:4410H         LINE#         165
BL51 BANKED LINKER/LOCATER V6.22                                                      12/14/2015  21:36:00  PAGE 21


  C:4412H         LINE#         166
  C:4412H         LINE#         167
  C:4412H         LINE#         168
  C:4414H         LINE#         170
  C:4414H         LINE#         171
  -------         ENDPROC       _TRANS_CMD0
  -------         PROC          _TRANS_CMD8
  D:004EH         SYMBOL        return_value
  -------         DO            
  D:0007H         SYMBOL        error_flag
  -------         ENDDO         
  C:439CH         LINE#         177
  C:43A2H         LINE#         178
  C:43A2H         LINE#         181
  C:43A4H         LINE#         182
  C:43B4H         LINE#         183
  C:43B7H         LINE#         184
  C:43B7H         LINE#         185
  C:43C2H         LINE#         186
  C:43C2H         LINE#         187
  C:43CFH         LINE#         188
  C:43D3H         LINE#         189
  C:43D8H         LINE#         190
  C:43DAH         LINE#         191
  C:43DCH         LINE#         192
  C:43DCH         LINE#         193
  -------         ENDPROC       _TRANS_CMD8
  -------         PROC          _TRANS_CMD58
  D:004EH         SYMBOL        return_value
  -------         DO            
  D:0007H         SYMBOL        error_flag
  -------         ENDDO         
  C:0003H         LINE#         199
  C:0009H         LINE#         200
  C:0009H         LINE#         203
  C:000BH         LINE#         204
  C:0019H         LINE#         205
  C:001CH         LINE#         206
  C:001CH         LINE#         207
  C:0027H         LINE#         208
  C:0027H         LINE#         209
  C:0029H         LINE#         210
  C:0029H         LINE#         211
  -------         ENDPROC       _TRANS_CMD58
  -------         PROC          _TRANS_ACMD41
  D:004EH         SYMBOL        return_value
  -------         DO            
  D:0007H         SYMBOL        error_flag
  D:0051H         SYMBOL        timeout
  D:0052H         SYMBOL        ACMD41_argum
  -------         ENDDO         
  C:3E3BH         LINE#         216
  C:3E41H         LINE#         217
  C:3E41H         LINE#         219
  C:3E4BH         LINE#         224
  C:3E4DH         LINE#         227
  C:3E4FH         LINE#         229
BL51 BANKED LINKER/LOCATER V6.22                                                      12/14/2015  21:36:00  PAGE 22


  C:3E4FH         LINE#         230
  C:3E51H         LINE#         231
  C:3E5FH         LINE#         232
  C:3E62H         LINE#         233
  C:3E65H         LINE#         234
  C:3E75H         LINE#         235
  C:3E77H         LINE#         236
  C:3E7AH         LINE#         237
  C:3E8BH         LINE#         238
  C:3E8EH         LINE#         239
  C:3E91H         LINE#         240
  C:3EA1H         LINE#         241
  C:3EA3H         LINE#         242
  C:3EA5H         LINE#         243
  C:3EAFH         LINE#         244
  C:3EB3H         LINE#         245
  C:3EB3H         LINE#         246
  C:3EB5H         LINE#         247
  C:3EB5H         LINE#         248
  C:3EB7H         LINE#         250
  C:3EB7H         LINE#         251
  -------         ENDPROC       _TRANS_ACMD41
  -------         PROC          L?0177
  -------         ENDPROC       L?0177
  -------         PROC          _SEND_COMMAND
  D:0071H         SYMBOL        cmd
  D:0072H         SYMBOL        argum
  -------         DO            
  D:0076H         SYMBOL        error_flag
  D:0077H         SYMBOL        send_val
  D:0078H         SYMBOL        return_val
  D:0079H         SYMBOL        index
  -------         ENDDO         
  C:3B77H         LINE#         261
  C:3B79H         LINE#         262
  C:3B79H         LINE#         264
  C:3B83H         LINE#         265
  C:3B83H         LINE#         266
  C:3B89H         LINE#         267
  C:3B95H         LINE#         268
  C:3B98H         LINE#         269
  C:3BB3H         LINE#         270
  C:3BB3H         LINE#         271
  C:3BC4H         LINE#         272
  C:3BCFH         LINE#         273
  C:3BD5H         LINE#         274
  C:3BD7H         LINE#         275
  C:3BDBH         LINE#         276
  C:3BE0H         LINE#         277
  C:3BE5H         LINE#         278
  C:3BEAH         LINE#         280
  C:3BEDH         LINE#         281
  C:3BF1H         LINE#         282
  C:3BFDH         LINE#         283
  C:3C01H         LINE#         284
  C:3C04H         LINE#         285
  C:3C06H         LINE#         287
BL51 BANKED LINKER/LOCATER V6.22                                                      12/14/2015  21:36:00  PAGE 23


  C:3C09H         LINE#         288
  C:3C0BH         LINE#         289
  -------         ENDPROC       _SEND_COMMAND
  -------         PROC          _SEND_COMMAND_ISR
  D:003CH         SYMBOL        cmd
  D:003DH         SYMBOL        argum
  -------         DO            
  I:00E1H         SYMBOL        error_flag
  I:00E2H         SYMBOL        send_val
  I:00E3H         SYMBOL        return_val
  I:00E4H         SYMBOL        index
  -------         ENDDO         
  C:3A21H         LINE#         295
  C:3A23H         LINE#         296
  C:3A23H         LINE#         298
  C:3A2DH         LINE#         299
  C:3A2DH         LINE#         300
  C:3A35H         LINE#         301
  C:3A42H         LINE#         302
  C:3A46H         LINE#         303
  C:3A64H         LINE#         304
  C:3A64H         LINE#         305
  C:3A75H         LINE#         306
  C:3A82H         LINE#         307
  C:3A88H         LINE#         308
  C:3A8AH         LINE#         309
  C:3A8EH         LINE#         310
  C:3A94H         LINE#         311
  C:3A9BH         LINE#         312
  C:3A9FH         LINE#         314
  C:3AA1H         LINE#         315
  C:3AA6H         LINE#         316
  C:3AB6H         LINE#         317
  C:3ABBH         LINE#         318
  C:3ABDH         LINE#         319
  C:3ABFH         LINE#         321
  C:3AC3H         LINE#         322
  C:3AC7H         LINE#         323
  -------         ENDPROC       _SEND_COMMAND_ISR
  -------         PROC          L?0178
  -------         ENDPROC       L?0178
  -------         PROC          _GET_RESPONSE
  D:0056H         SYMBOL        num_bytes
  D:0057H         SYMBOL        array_out
  -------         DO            
  D:005AH         SYMBOL        timeout
  D:005BH         SYMBOL        error_flag
  D:005CH         SYMBOL        recieve_value
  D:005DH         SYMBOL        index
  -------         ENDDO         
  C:3C14H         LINE#         327
  C:3C1CH         LINE#         328
  C:3C1CH         LINE#         331
  C:3C1FH         LINE#         332
  C:3C21H         LINE#         334
  C:3C21H         LINE#         335
  C:3C2EH         LINE#         336
BL51 BANKED LINKER/LOCATER V6.22                                                      12/14/2015  21:36:00  PAGE 24


  C:3C30H         LINE#         337
  C:3C3DH         LINE#         338
  C:3C48H         LINE#         339
  C:3C4CH         LINE#         340
  C:3C51H         LINE#         341
  C:3C55H         LINE#         342
  C:3C57H         LINE#         343
  C:3C61H         LINE#         344
  C:3C66H         LINE#         345
  C:3C6DH         LINE#         346
  C:3C6DH         LINE#         347
  C:3C77H         LINE#         348
  C:3C77H         LINE#         349
  C:3C82H         LINE#         350
  C:3C93H         LINE#         351
  C:3C97H         LINE#         352
  C:3C97H         LINE#         353
  C:3C9BH         LINE#         354
  C:3CA7H         LINE#         355
  C:3CA9H         LINE#         356
  -------         ENDPROC       _GET_RESPONSE
  C:430AH         SYMBOL        L?0174
  -------         PROC          L?0173
  -------         ENDPROC       L?0173
  C:430AH         SYMBOL        L?0174
  -------         PROC          _GET_RESPONSE_NO_END
  D:0071H         SYMBOL        num_bytes
  D:0073H         SYMBOL        array_out
  -------         DO            
  D:0076H         SYMBOL        timeout
  D:0077H         SYMBOL        error_flag
  D:0078H         SYMBOL        recieve_value
  D:0079H         SYMBOL        index
  -------         ENDDO         
  C:4310H         LINE#         362
  C:431AH         LINE#         363
  C:431AH         LINE#         366
  C:431DH         LINE#         367
  C:431FH         LINE#         368
  C:432EH         LINE#         369
  C:432EH         LINE#         370
  C:4339H         LINE#         371
  C:434AH         LINE#         372
  C:4354H         LINE#         373
  C:4356H         LINE#         374
  -------         ENDPROC       _GET_RESPONSE_NO_END
  C:4207H         SYMBOL        L?0176
  -------         PROC          L?0175
  -------         ENDPROC       L?0175
  C:4207H         SYMBOL        L?0176
  -------         PROC          _GET_RESPONSE_NO_END_ISR
  D:003CH         SYMBOL        num_bytes
  D:003EH         SYMBOL        array_out
  -------         DO            
  I:00E1H         SYMBOL        timeout
  I:00E2H         SYMBOL        error_flag
  I:00E3H         SYMBOL        recieve_value
BL51 BANKED LINKER/LOCATER V6.22                                                      12/14/2015  21:36:00  PAGE 25


  I:00E4H         SYMBOL        index
  -------         ENDDO         
  C:420DH         LINE#         379
  C:4217H         LINE#         380
  C:4217H         LINE#         383
  C:421BH         LINE#         384
  C:421DH         LINE#         385
  C:422EH         LINE#         386
  C:422EH         LINE#         387
  C:4239H         LINE#         388
  C:4250H         LINE#         389
  C:425AH         LINE#         390
  C:425EH         LINE#         391
  -------         ENDPROC       _GET_RESPONSE_NO_END_ISR
  -------         PROC          _READ_BLOCK
  D:0064H         SYMBOL        block_number
  D:0068H         SYMBOL        block_info
  -------         DO            
  D:0007H         SYMBOL        error_flag
  D:006BH         SYMBOL        timeout
  D:006CH         SYMBOL        return_value
  -------         ENDDO         
  C:401CH         LINE#         399
  C:402AH         LINE#         400
  C:402AH         LINE#         403
  C:402CH         LINE#         404
  C:402FH         LINE#         405
  C:4032H         LINE#         407
  C:4032H         LINE#         408
  C:4034H         LINE#         409
  C:4037H         LINE#         410
  C:403AH         LINE#         411
  C:4042H         LINE#         414
  C:4046H         LINE#         415
  C:4046H         LINE#         416
  C:4048H         LINE#         417
  C:4048H         LINE#         418
  C:404BH         LINE#         420
  C:404BH         LINE#         421
  C:404DH         LINE#         422
  C:4050H         LINE#         423
  C:4053H         LINE#         424
  C:4060H         LINE#         428
  C:4064H         LINE#         429
  C:4064H         LINE#         430
  C:4066H         LINE#         431
  C:4066H         LINE#         432
  C:406CH         LINE#         433
  C:406CH         LINE#         434
  C:406EH         LINE#         435
  C:406EH         LINE#         436
  C:4071H         LINE#         437
  C:4071H         LINE#         438
  C:407DH         LINE#         439
  C:407DH         LINE#         440
  C:4080H         LINE#         441
  C:4080H         LINE#         442
BL51 BANKED LINKER/LOCATER V6.22                                                      12/14/2015  21:36:00  PAGE 26


  C:4085H         LINE#         444
  C:4085H         LINE#         445
  C:4087H         LINE#         447
  C:4087H         LINE#         449
  -------         ENDPROC       _READ_BLOCK
  -------         PROC          _READ_BLOCK_ISR
  D:0035H         SYMBOL        block_number
  D:0039H         SYMBOL        block_info
  -------         DO            
  I:00DAH         SYMBOL        error_flag
  I:00DBH         SYMBOL        timeout
  I:00DCH         SYMBOL        return_value
  -------         ENDDO         
  C:3AC8H         LINE#         452
  C:3AD6H         LINE#         453
  C:3AD6H         LINE#         456
  C:3AD8H         LINE#         457
  C:3ADCH         LINE#         458
  C:3AF1H         LINE#         460
  C:3AF1H         LINE#         461
  C:3AF4H         LINE#         462
  C:3AF8H         LINE#         463
  C:3AFFH         LINE#         464
  C:3B08H         LINE#         467
  C:3B0DH         LINE#         468
  C:3B0DH         LINE#         469
  C:3B10H         LINE#         470
  C:3B10H         LINE#         471
  C:3B14H         LINE#         473
  C:3B14H         LINE#         474
  C:3B17H         LINE#         475
  C:3B1BH         LINE#         476
  C:3B22H         LINE#         477
  C:3B32H         LINE#         481
  C:3B37H         LINE#         482
  C:3B37H         LINE#         483
  C:3B3AH         LINE#         484
  C:3B3AH         LINE#         485
  C:3B3FH         LINE#         486
  C:3B3FH         LINE#         487
  C:3B43H         LINE#         488
  C:3B43H         LINE#         489
  C:3B48H         LINE#         490
  C:3B48H         LINE#         491
  C:3B58H         LINE#         492
  C:3B58H         LINE#         493
  C:3B5DH         LINE#         494
  C:3B5DH         LINE#         495
  C:3B66H         LINE#         497
  C:3B66H         LINE#         498
  C:3B68H         LINE#         500
  C:3B6CH         LINE#         502
  -------         ENDPROC       _READ_BLOCK_ISR
  -------         PROC          _READ_SECTOR
  D:0046H         SYMBOL        block_number
  D:004AH         SYMBOL        block_info
  -------         DO            
BL51 BANKED LINKER/LOCATER V6.22                                                      12/14/2015  21:36:00  PAGE 27


  D:0007H         SYMBOL        error_flag
  D:004DH         SYMBOL        timeout
  D:004EH         SYMBOL        return_value
  -------         ENDDO         
  C:3DB9H         LINE#         506
  C:3DC7H         LINE#         507
  C:3DC7H         LINE#         510
  C:3DC9H         LINE#         511
  C:3DCCH         LINE#         512
  C:3DCFH         LINE#         514
  C:3DCFH         LINE#         515
  C:3DD1H         LINE#         516
  C:3DD4H         LINE#         517
  C:3DDFH         LINE#         518
  C:3DE7H         LINE#         521
  C:3DEBH         LINE#         522
  C:3DEBH         LINE#         523
  C:3DEDH         LINE#         524
  C:3DEDH         LINE#         525
  C:3DF0H         LINE#         527
  C:3DF0H         LINE#         528
  C:3DF2H         LINE#         529
  C:3DF5H         LINE#         530
  C:3E00H         LINE#         531
  C:3E0DH         LINE#         535
  C:3E11H         LINE#         536
  C:3E11H         LINE#         537
  C:3E13H         LINE#         538
  C:3E13H         LINE#         539
  C:3E19H         LINE#         540
  C:3E19H         LINE#         541
  C:3E1BH         LINE#         542
  C:3E1BH         LINE#         543
  C:3E1EH         LINE#         544
  C:3E1EH         LINE#         545
  C:3E2AH         LINE#         546
  C:3E2AH         LINE#         547
  C:3E2DH         LINE#         548
  C:3E2DH         LINE#         549
  C:3E38H         LINE#         551
  C:3E38H         LINE#         552
  C:3E3AH         LINE#         554
  C:3E3AH         LINE#         556
  -------         ENDPROC       _READ_SECTOR
  -------         PROC          _READ_SECTOR_ISR
  D:0023H         SYMBOL        block_number
  D:0027H         SYMBOL        block_info
  -------         DO            
  D:0007H         SYMBOL        error_flag
  D:002AH         SYMBOL        timeout
  D:002BH         SYMBOL        return_value
  -------         ENDDO         
  C:3CAAH         LINE#         562
  C:3CB8H         LINE#         563
  C:3CB8H         LINE#         566
  C:3CBAH         LINE#         567
  C:3CBDH         LINE#         568
BL51 BANKED LINKER/LOCATER V6.22                                                      12/14/2015  21:36:00  PAGE 28


  C:3CCAH         LINE#         570
  C:3CCAH         LINE#         571
  C:3CCCH         LINE#         572
  C:3CCFH         LINE#         573
  C:3CDAH         LINE#         574
  C:3CE2H         LINE#         577
  C:3CE6H         LINE#         578
  C:3CE6H         LINE#         579
  C:3CE8H         LINE#         580
  C:3CE8H         LINE#         581
  C:3CEBH         LINE#         583
  C:3CEBH         LINE#         584
  C:3CEDH         LINE#         585
  C:3CF0H         LINE#         586
  C:3CFBH         LINE#         587
  C:3D08H         LINE#         591
  C:3D0CH         LINE#         592
  C:3D0CH         LINE#         593
  C:3D0EH         LINE#         594
  C:3D0EH         LINE#         595
  C:3D14H         LINE#         596
  C:3D14H         LINE#         597
  C:3D16H         LINE#         598
  C:3D16H         LINE#         599
  C:3D19H         LINE#         600
  C:3D19H         LINE#         601
  C:3D25H         LINE#         602
  C:3D25H         LINE#         603
  C:3D28H         LINE#         604
  C:3D28H         LINE#         605
  C:3D33H         LINE#         607
  C:3D33H         LINE#         608
  C:3D35H         LINE#         610
  C:3D35H         LINE#         612
  -------         ENDPROC       _READ_SECTOR_ISR
  -------         ENDMOD        SDCARD

  -------         MODULE        SPI
  C:0000H         SYMBOL        _ICE_DUMMY_
  D:0080H         PUBLIC        P0
  D:0090H         PUBLIC        P1
  D:00A0H         PUBLIC        P2
  D:00B0H         PUBLIC        P3
  D:00C3H         PUBLIC        SPCON
  C:444BH         PUBLIC        _SPI_transfer_ISR
  D:00C4H         PUBLIC        SPSTA
  D:00A8H         PUBLIC        IEN0
  D:00B8H         PUBLIC        IPL0
  D:00D8H         PUBLIC        CCON
  D:0098H         PUBLIC        SCON
  D:0088H         PUBLIC        TCON
  C:44E8H         PUBLIC        _SPI_transfer
  D:00C8H         PUBLIC        T2CON
  C:4088H         PUBLIC        _SPI_master_init
  D:00D0H         PUBLIC        PSW
  D:00C5H         PUBLIC        SPDAT
  -------         PROC          _SPI_MASTER_INIT
BL51 BANKED LINKER/LOCATER V6.22                                                      12/14/2015  21:36:00  PAGE 29


  D:0004H         SYMBOL        SCLR_FREQ
  -------         DO            
  D:0007H         SYMBOL        divider
  D:0046H         SYMBOL        return_val
  -------         ENDDO         
  C:4088H         LINE#         6
  C:4088H         LINE#         7
  C:4088H         LINE#         9
  C:408BH         LINE#         10
  C:409DH         LINE#         11
  C:40A3H         LINE#         12
  C:40A8H         LINE#         13
  C:40AEH         LINE#         14
  C:40B3H         LINE#         15
  C:40B9H         LINE#         16
  C:40BEH         LINE#         17
  C:40C4H         LINE#         18
  C:40C9H         LINE#         19
  C:40CFH         LINE#         20
  C:40D4H         LINE#         21
  C:40DAH         LINE#         22
  C:40DFH         LINE#         23
  C:40E5H         LINE#         24
  C:40EAH         LINE#         26
  C:40EDH         LINE#         27
  C:40EFH         LINE#         28
  -------         ENDPROC       _SPI_MASTER_INIT
  -------         PROC          _SPI_TRANSFER
  D:0007H         SYMBOL        data_input
  D:0001H         SYMBOL        data_output
  -------         DO            
  D:0007H         SYMBOL        test
  D:0006H         SYMBOL        timeout
  -------         ENDDO         
  C:44E8H         LINE#         32
  C:44E8H         LINE#         33
  C:44E8H         LINE#         35
  C:44EAH         LINE#         36
  C:44ECH         LINE#         38
  C:44ECH         LINE#         39
  C:44EEH         LINE#         40
  C:44EFH         LINE#         41
  C:44F6H         LINE#         42
  C:44F9H         LINE#         43
  C:44F9H         LINE#         44
  C:44FEH         LINE#         45
  C:4502H         LINE#         46
  C:4504H         LINE#         48
  C:4504H         LINE#         49
  C:4506H         LINE#         50
  C:4506H         LINE#         51
  C:4508H         LINE#         52
  -------         ENDPROC       _SPI_TRANSFER
  -------         PROC          _SPI_TRANSFER_ISR
  D:0007H         SYMBOL        data_input
  D:0001H         SYMBOL        data_output
  -------         DO            
BL51 BANKED LINKER/LOCATER V6.22                                                      12/14/2015  21:36:00  PAGE 30


  D:0007H         SYMBOL        test
  D:0006H         SYMBOL        timeout
  -------         ENDDO         
  C:444BH         LINE#         58
  C:444BH         LINE#         59
  C:444BH         LINE#         61
  C:444DH         LINE#         62
  C:444FH         LINE#         64
  C:444FH         LINE#         65
  C:4451H         LINE#         66
  C:4452H         LINE#         67
  C:445AH         LINE#         68
  C:445DH         LINE#         69
  C:445DH         LINE#         70
  C:4462H         LINE#         71
  C:4462H         LINE#         72
  C:4467H         LINE#         73
  C:446BH         LINE#         74
  C:446DH         LINE#         76
  C:446DH         LINE#         77
  C:446FH         LINE#         78
  C:446FH         LINE#         79
  C:4471H         LINE#         81
  C:4471H         LINE#         82
  C:4473H         LINE#         83
  C:4473H         LINE#         84
  C:4475H         LINE#         85
  -------         ENDPROC       _SPI_TRANSFER_ISR
  -------         ENDMOD        SPI

  -------         MODULE        UART
  C:0000H         SYMBOL        _ICE_DUMMY_
  D:0080H         PUBLIC        P0
  D:0090H         PUBLIC        P1
  D:00A0H         PUBLIC        P2
  D:00B0H         PUBLIC        P3
  D:00A8H         PUBLIC        IEN0
  D:00B8H         PUBLIC        IPL0
  B:00A8H.4       PUBLIC        ES
  B:0098H.1       PUBLIC        TI
  D:00D8H         PUBLIC        CCON
  D:0087H         PUBLIC        PCON
  C:452AH         PUBLIC        UART_Init
  D:0098H         PUBLIC        SCON
  D:0088H         PUBLIC        TCON
  D:009BH         PUBLIC        BDRCON
  D:009AH         PUBLIC        BRL
  D:00C8H         PUBLIC        T2CON
  D:00D0H         PUBLIC        PSW
  -------         PROC          UART_INIT
  C:452AH         LINE#         5
  C:452AH         LINE#         6
  C:452AH         LINE#         12
  C:452DH         LINE#         13
  C:4530H         LINE#         14
  C:4533H         LINE#         15
  C:4536H         LINE#         16
BL51 BANKED LINKER/LOCATER V6.22                                                      12/14/2015  21:36:00  PAGE 31


  C:4539H         LINE#         17
  C:453CH         LINE#         18
  C:453FH         LINE#         19
  C:4541H         LINE#         20
  C:4543H         LINE#         21
  C:4545H         LINE#         22
  -------         ENDPROC       UART_INIT
  -------         ENDMOD        UART

  -------         MODULE        DIRECTORY_FUNCTIONS
  C:0000H         SYMBOL        _ICE_DUMMY_
  D:0080H         PUBLIC        P0
  D:0090H         PUBLIC        P1
  D:00A0H         PUBLIC        P2
  D:00B0H         PUBLIC        P3
  I:0080H         PUBLIC        MBR_RelSec
  C:3D3EH         PUBLIC        _read32
  I:0084H         PUBLIC        BPB_BytesPerSec
  C:4267H         PUBLIC        _read16
  B:00A0H.5       PUBLIC        LED2
  D:00A8H         PUBLIC        IEN0
  I:0086H         PUBLIC        BPB_SecPerClus
  D:00B8H         PUBLIC        IPL0
  I:0087H         PUBLIC        BPB_RsvdSecCnt
  C:34ECH         PUBLIC        _first_sector
  I:0089H         PUBLIC        FATtype
  I:008AH         PUBLIC        BPB_HiddenSec
  D:00D8H         PUBLIC        CCON
  I:008EH         PUBLIC        FirstDataSec
  I:0092H         PUBLIC        BPB_RootEntCnt
  C:2E4EH         PUBLIC        _Print_Directory
  C:389BH         PUBLIC        _find_next_cluster
  C:0FFEH         PUBLIC        _mount_drive
  D:0098H         PUBLIC        SCON
  D:0088H         PUBLIC        TCON
  I:0094H         PUBLIC        BPB_NumFATs
  I:0095H         PUBLIC        StartofFAT
  I:0099H         PUBLIC        BPB_FATSz32
  B:0090H.4       PUBLIC        ncs
  I:009DH         PUBLIC        BPB_FATSz16
  C:3EB8H         PUBLIC        _read32_ISR
  I:009FH         PUBLIC        BPB_Root_Clus
  C:4518H         PUBLIC        _read8
  I:00A3H         PUBLIC        RootDirSec
  D:00C8H         PUBLIC        T2CON
  C:414FH         PUBLIC        _first_sector_ISR
  I:00A7H         PUBLIC        FirstRootDirSec
  I:00ABH         PUBLIC        BPB_TotSec32
  I:00AFH         PUBLIC        BPB_TotSec16
  C:2C1AH         PUBLIC        _Read_Dir_Entry
  D:00D0H         PUBLIC        PSW
  C:395EH         PUBLIC        _find_next_cluster_ISR
  -------         PROC          L?0095
  -------         ENDPROC       L?0095
  -------         PROC          _READ32
  D:005FH         SYMBOL        offset_address
  D:0061H         SYMBOL        array_name
BL51 BANKED LINKER/LOCATER V6.22                                                      12/14/2015  21:36:00  PAGE 32


  -------         DO            
  D:0064H         SYMBOL        return_value
  D:0068H         SYMBOL        temp
  D:0069H         SYMBOL        index
  -------         ENDDO         
  C:3D3EH         LINE#         36
  C:3D48H         LINE#         37
  C:3D48H         LINE#         38
  C:3D4FH         LINE#         39
  C:3D4FH         LINE#         40
  C:3D58H         LINE#         42
  C:3D5AH         LINE#         43
  C:3D5AH         LINE#         44
  C:3D7BH         LINE#         45
  C:3D90H         LINE#         46
  C:3DA2H         LINE#         47
  C:3DA9H         LINE#         48
  C:3DB2H         LINE#         49
  C:3DB2H         LINE#         51
  C:3DB8H         LINE#         52
  -------         ENDPROC       _READ32
  -------         PROC          _READ32_ISR
  D:0035H         SYMBOL        offset_address
  D:0037H         SYMBOL        array_name
  -------         DO            
  D:003AH         SYMBOL        return_value
  D:003EH         SYMBOL        temp
  D:003FH         SYMBOL        index
  -------         ENDDO         
  C:3EB8H         LINE#         54
  C:3EC2H         LINE#         55
  C:3EC2H         LINE#         56
  C:3EC9H         LINE#         57
  C:3EC9H         LINE#         58
  C:3ED2H         LINE#         60
  C:3ED4H         LINE#         61
  C:3ED4H         LINE#         62
  C:3EF5H         LINE#         63
  C:3F0AH         LINE#         64
  C:3F1CH         LINE#         65
  C:3F23H         LINE#         66
  C:3F2CH         LINE#         67
  C:3F2CH         LINE#         69
  C:3F32H         LINE#         70
  -------         ENDPROC       _READ32_ISR
  -------         PROC          L?0094
  -------         ENDPROC       L?0094
  -------         PROC          _READ16
  D:005FH         SYMBOL        offset_address
  D:0061H         SYMBOL        array_name
  -------         DO            
  D:0064H         SYMBOL        return_value
  D:0004H         SYMBOL        temp
  D:0005H         SYMBOL        index
  -------         ENDDO         
  C:4267H         LINE#         72
  C:4271H         LINE#         73
BL51 BANKED LINKER/LOCATER V6.22                                                      12/14/2015  21:36:00  PAGE 33


  C:4271H         LINE#         74
  C:4276H         LINE#         76
  C:427DH         LINE#         77
  C:427DH         LINE#         78
  C:427FH         LINE#         79
  C:427FH         LINE#         80
  C:42A0H         LINE#         81
  C:42A7H         LINE#         82
  C:42AAH         LINE#         83
  C:42AEH         LINE#         84
  C:42B3H         LINE#         85
  C:42B3H         LINE#         87
  C:42B3H         LINE#         88
  C:42B7H         LINE#         89
  C:42B7H         LINE#         90
  -------         ENDPROC       _READ16
  C:450DH         SYMBOL        L?0093
  -------         PROC          L?0092
  -------         ENDPROC       L?0092
  C:450DH         SYMBOL        L?0093
  -------         PROC          _READ8
  D:0006H         SYMBOL        offset_address
  D:0001H         SYMBOL        array_name
  -------         DO            
  D:0005H         SYMBOL        return_value
  D:0007H         SYMBOL        temp
  -------         ENDDO         
  C:4518H         LINE#         92
  C:4518H         LINE#         93
  C:4518H         LINE#         94
  C:4518H         LINE#         96
  C:451EH         LINE#         97
  C:451EH         LINE#         98
  C:4525H         LINE#         99
  C:4525H         LINE#         100
  C:4525H         LINE#         101
  C:4527H         LINE#         102
  C:4527H         LINE#         104
  C:4527H         LINE#         105
  C:4529H         LINE#         106
  C:4529H         LINE#         107
  -------         ENDPROC       _READ8
  -------         PROC          _MOUNT_DRIVE
  D:0046H         SYMBOL        sector
  -------         DO            
  D:0048H         SYMBOL        error_flag
  D:0049H         SYMBOL        numofFATSectors
  D:004BH         SYMBOL        bpb_sector
  D:004FH         SYMBOL        FATSz
  D:0053H         SYMBOL        totSec
  D:0057H         SYMBOL        countofClusters
  D:005BH         SYMBOL        DataSec
  -------         ENDDO         
  C:0FFEH         LINE#         109
  C:1002H         LINE#         110
  C:1002H         LINE#         115
  C:1005H         LINE#         117
BL51 BANKED LINKER/LOCATER V6.22                                                      12/14/2015  21:36:00  PAGE 34


  C:1012H         LINE#         118
  C:101FH         LINE#         119
  C:103EH         LINE#         120
  C:103EH         LINE#         121
  C:104DH         LINE#         122
  C:105AH         LINE#         123
  C:106CH         LINE#         124
  C:1081H         LINE#         125
  C:1086H         LINE#         126
  C:108BH         LINE#         127
  C:108DH         LINE#         129
  C:108DH         LINE#         130
  C:1090H         LINE#         131
  C:1090H         LINE#         132
  C:1097H         LINE#         133
  C:1097H         LINE#         134
  C:10A8H         LINE#         135
  C:10B5H         LINE#         137
  C:10C7H         LINE#         138
  C:10D3H         LINE#         139
  C:10E4H         LINE#         140
  C:10E9H         LINE#         141
  C:10EEH         LINE#         143
  C:1100H         LINE#         144
  C:1111H         LINE#         145
  C:111DH         LINE#         146
  C:1122H         LINE#         147
  C:1127H         LINE#         149
  C:1139H         LINE#         150
  C:1145H         LINE#         151
  C:1156H         LINE#         152
  C:115BH         LINE#         153
  C:1160H         LINE#         155
  C:1172H         LINE#         156
  C:1183H         LINE#         157
  C:118FH         LINE#         158
  C:1194H         LINE#         159
  C:1199H         LINE#         161
  C:11ABH         LINE#         162
  C:11BFH         LINE#         163
  C:11D0H         LINE#         164
  C:11D5H         LINE#         165
  C:11DAH         LINE#         167
  C:11ECH         LINE#         168
  C:1200H         LINE#         169
  C:1211H         LINE#         170
  C:1216H         LINE#         171
  C:121BH         LINE#         173
  C:122DH         LINE#         174
  C:1241H         LINE#         175
  C:1252H         LINE#         176
  C:1257H         LINE#         177
  C:125CH         LINE#         179
  C:126EH         LINE#         180
  C:1278H         LINE#         181
  C:128EH         LINE#         182
  C:1293H         LINE#         183
BL51 BANKED LINKER/LOCATER V6.22                                                      12/14/2015  21:36:00  PAGE 35


  C:1298H         LINE#         185
  C:12AAH         LINE#         186
  C:12B4H         LINE#         187
  C:12CAH         LINE#         188
  C:12CFH         LINE#         189
  C:12D4H         LINE#         191
  C:12E6H         LINE#         192
  C:12F8H         LINE#         193
  C:130EH         LINE#         194
  C:1313H         LINE#         195
  C:1318H         LINE#         197
  C:132AH         LINE#         198
  C:133CH         LINE#         199
  C:1352H         LINE#         200
  C:1357H         LINE#         201
  C:135CH         LINE#         203
  C:136EH         LINE#         204
  C:139CH         LINE#         205
  C:13B2H         LINE#         206
  C:13B7H         LINE#         207
  C:13BCH         LINE#         211
  C:13C3H         LINE#         212
  C:13C3H         LINE#         213
  C:13D0H         LINE#         214
  C:13E2H         LINE#         215
  C:13F4H         LINE#         216
  C:13F4H         LINE#         217
  C:13F4H         LINE#         218
  C:13F6H         LINE#         220
[...]


  C:1FE1H         LINE#         247
  C:1FE4H         LINE#         248
  C:1FE4H         LINE#         249
  C:1FE4H         LINE#         252
  C:1FEEH         LINE#         253
  C:1FEEH         LINE#         254
  C:1FF8H         LINE#         255
  C:1FF8H         LINE#         256
  C:1FFDH         LINE#         257
  C:1FFFH         LINE#         258
  C:200FH         LINE#         259
  C:2037H         LINE#         260
  C:203CH         LINE#         261
  C:2041H         LINE#         262
  C:2043H         LINE#         263
  C:2046H         LINE#         264
  C:204DH         LINE#         265
  C:204DH         LINE#         266
  C:204FH         LINE#         267
  C:2051H         LINE#         268
  C:2055H         LINE#         269
  C:2055H         LINE#         270
  C:2058H         LINE#         271
  C:2058H         LINE#         272
  C:205CH         LINE#         273
  C:205CH         LINE#         274
  C:2061H         LINE#         275
  C:2069H         LINE#         276
  C:2069H         LINE#         277
  C:206CH         LINE#         278
  C:206CH         LINE#         279
  C:206CH         LINE#         281
  C:2070H         LINE#         284
  C:2074H         LINE#         285
  C:2074H         LINE#         286
  C:2079H         LINE#         287
  C:2079H         LINE#         288
  C:2079H         LINE#         289
  C:207CH         LINE#         290
  C:207EH         LINE#         291
  C:2081H         LINE#         292
  C:2088H         LINE#         293
  C:2088H         LINE#         294
  C:208AH         LINE#         295
  C:208CH         LINE#         296
  C:2090H         LINE#         297
  C:2090H         LINE#         298
  C:2093H         LINE#         299
  C:2093H         LINE#         300
  C:2093H         LINE#         301
  C:2097H         LINE#         302
  C:2097H         LINE#         303
  C:209AH         LINE#         304
  C:209AH         LINE#         305
  C:209DH         LINE#         306
  C:209DH         LINE#         307
  C:209DH         LINE#         308
BL51 BANKED LINKER/LOCATER V6.22                                                      12/14/2015  21:36:00  PAGE 47


  C:20A9H         LINE#         312
  C:20AEH         LINE#         313
  C:20B0H         LINE#         314
  C:20B2H         LINE#         315
  C:20B5H         LINE#         316
  C:20BAH         LINE#         317
  C:20BCH         LINE#         318
  C:20BFH         LINE#         319
  C:20C6H         LINE#         320
  C:20C6H         LINE#         321
  C:20C8H         LINE#         322
  C:20CAH         LINE#         323
  C:20CEH         LINE#         324
  C:20CEH         LINE#         325
  C:20D1H         LINE#         326
  C:20D1H         LINE#         327
  C:20D5H         LINE#         328
  C:20D5H         LINE#         329
  C:20DCH         LINE#         330
  C:20DCH         LINE#         331
  C:20DFH         LINE#         332
  C:20DFH         LINE#         333
  C:20DFH         LINE#         334
  C:20E1H         LINE#         341
  C:20E7H         LINE#         342
  C:20E7H         LINE#         343
  C:20EAH         LINE#         344
  C:20EAH         LINE#         345
  C:20EDH         LINE#         346
  C:20F5H         LINE#         347
  C:20F7H         LINE#         348
  C:20F9H         LINE#         355
  C:2107H         LINE#         356
  C:2107H         LINE#         357
  C:210CH         LINE#         358
  C:210EH         LINE#         359
  C:2135H         LINE#         360
  C:213AH         LINE#         361
  C:213FH         LINE#         362
  C:2141H         LINE#         363
  C:2144H         LINE#         364
  C:214BH         LINE#         365
  C:214BH         LINE#         366
  C:214DH         LINE#         367
  C:214FH         LINE#         368
  C:2153H         LINE#         369
  C:2153H         LINE#         370
  C:2156H         LINE#         371
  C:2156H         LINE#         372
  C:215AH         LINE#         373
  C:215AH         LINE#         374
  C:2161H         LINE#         375
  C:2161H         LINE#         376
  C:2164H         LINE#         377
  C:2164H         LINE#         378
  C:2164H         LINE#         379
  C:2168H         LINE#         382
BL51 BANKED LINKER/LOCATER V6.22                                                      12/14/2015  21:36:00  PAGE 48


  C:216CH         LINE#         383
  C:216CH         LINE#         384
  C:2171H         LINE#         385
  C:2171H         LINE#         386
  C:2171H         LINE#         387
  C:2174H         LINE#         388
  C:2176H         LINE#         389
  C:2179H         LINE#         390
  C:2180H         LINE#         391
  C:2180H         LINE#         392
  C:2182H         LINE#         393
  C:2184H         LINE#         394
  C:2188H         LINE#         395
  C:2188H         LINE#         396
  C:218BH         LINE#         397
  C:218BH         LINE#         398
  C:218BH         LINE#         399
  C:218FH         LINE#         400
  C:218FH         LINE#         401
  C:2192H         LINE#         402
  C:2192H         LINE#         403
  C:2195H         LINE#         404
  C:2195H         LINE#         405
  C:2195H         LINE#         411
  C:21A9H         LINE#         412
  C:21A9H         LINE#         413
  C:21BBH         LINE#         414
  C:21C5H         LINE#         415
  C:21C5H         LINE#         416
  C:21CAH         LINE#         417
  C:21CCH         LINE#         419
  C:21D1H         LINE#         420
  C:21D3H         LINE#         421
  C:21D6H         LINE#         422
  C:21DDH         LINE#         423
  C:21DDH         LINE#         424
  C:21DFH         LINE#         425
  C:21E1H         LINE#         426
  C:21E5H         LINE#         427
  C:21E5H         LINE#         428
  C:21E8H         LINE#         429
  C:21E8H         LINE#         430
  C:21ECH         LINE#         431
  C:21ECH         LINE#         432
  C:21F1H         LINE#         433
  C:2211H         LINE#         434
  C:2211H         LINE#         435
  C:2215H         LINE#         438
  C:2219H         LINE#         439
  C:2219H         LINE#         440
  C:221EH         LINE#         441
  C:2220H         LINE#         442
  C:2226H         LINE#         443
  C:2226H         LINE#         444
  C:2228H         LINE#         445
  C:222AH         LINE#         447
  C:222AH         LINE#         448
BL51 BANKED LINKER/LOCATER V6.22                                                      12/14/2015  21:36:00  PAGE 49


  C:222CH         LINE#         449
  C:222CH         LINE#         450
  C:2231H         LINE#         451
  C:2233H         LINE#         452
  C:2236H         LINE#         453
  C:223DH         LINE#         454
  C:223DH         LINE#         455
  C:223FH         LINE#         456
  C:2241H         LINE#         457
  C:2245H         LINE#         458
  C:2245H         LINE#         459
  C:2248H         LINE#         460
  C:2248H         LINE#         461
  C:2248H         LINE#         462
  C:224DH         LINE#         465
  C:2252H         LINE#         466
  C:2254H         LINE#         467
  C:2256H         LINE#         468
  C:2259H         LINE#         469
  C:225EH         LINE#         470
  C:2260H         LINE#         471
  C:2263H         LINE#         472
  C:226AH         LINE#         473
  C:226AH         LINE#         474
  C:226CH         LINE#         475
  C:226EH         LINE#         476
  C:2272H         LINE#         477
  C:2272H         LINE#         478
  C:2275H         LINE#         479
  C:2275H         LINE#         480
  C:2279H         LINE#         481
  C:2279H         LINE#         482
  C:2280H         LINE#         483
  C:2280H         LINE#         484
  C:2283H         LINE#         485
  C:2283H         LINE#         486
  C:2283H         LINE#         487
  C:2285H         LINE#         490
  C:2287H         LINE#         491
  -------         ENDPROC       _I2C_READ
  C:4546H         SYMBOL        L?0145
  -------         PROC          L?0144
  -------         ENDPROC       L?0144
  C:4546H         SYMBOL        L?0145
  -------         PROC          _I2C_CLOCK_DELAY
  D:0007H         SYMBOL        control
  C:454CH         LINE#         497
  C:454CH         LINE#         498
  C:454CH         LINE#         499
  C:454FH         LINE#         500
  C:454FH         LINE#         501
  C:4552H         LINE#         502
  C:4552H         LINE#         503
  C:4554H         LINE#         504
  C:4557H         LINE#         505
  C:4557H         LINE#         506
  C:455AH         LINE#         507
BL51 BANKED LINKER/LOCATER V6.22                                                      12/14/2015  21:36:00  PAGE 50


  C:455DH         LINE#         508
  C:455FH         LINE#         509
  C:4561H         LINE#         510
  C:4561H         LINE#         513
  -------         ENDPROC       _I2C_CLOCK_DELAY
  -------         PROC          I2C_CLOCK_START
  C:4562H         LINE#         518
  C:4562H         LINE#         519
  C:4562H         LINE#         520
  C:4565H         LINE#         521
  C:4568H         LINE#         522
  C:456AH         LINE#         523
  C:456DH         LINE#         524
  C:4570H         LINE#         525
  C:4572H         LINE#         526
  C:4574H         LINE#         529
  -------         ENDPROC       I2C_CLOCK_START
  -------         ENDMOD        I2C

  -------         MODULE        STA013
  C:0000H         SYMBOL        _ICE_DUMMY_
  D:0080H         PUBLIC        P0
  D:0090H         PUBLIC        P1
  D:00A0H         PUBLIC        P2
  D:00B0H         PUBLIC        P3
  B:00A0H.7       PUBLIC        LED4
  D:00A8H         PUBLIC        IEN0
  D:00B8H         PUBLIC        IPL0
  D:00D8H         PUBLIC        CCON
  D:0098H         PUBLIC        SCON
  D:0088H         PUBLIC        TCON
  C:41AAH         PUBLIC        _test_I2C
  D:00C8H         PUBLIC        T2CON
  B:00B0H.2       PUBLIC        gpio_rst
  D:00D0H         PUBLIC        PSW
  C:25E4H         PUBLIC        config_file
  -------         PROC          CONFIG_FILE
  -------         DO            
  D:0046H         SYMBOL        config_p
  D:0049H         SYMBOL        send_array
  D:004BH         SYMBOL        get_array
  D:004CH         SYMBOL        error_flag
  D:004DH         SYMBOL        index
  -------         ENDDO         
  C:25E4H         LINE#         20
  C:25E4H         LINE#         21
  C:25E4H         LINE#         26
  C:25E6H         LINE#         29
  C:25E8H         LINE#         30
  C:25F1H         LINE#         31
  C:25F3H         LINE#         32
  C:25FCH         LINE#         33
  C:2605H         LINE#         35
  C:2605H         LINE#         36
  C:2616H         LINE#         37
  C:262BH         LINE#         38
  C:2636H         LINE#         39
BL51 BANKED LINKER/LOCATER V6.22                                                      12/14/2015  21:36:00  PAGE 51


  C:264BH         LINE#         40
  C:2650H         LINE#         41
  C:2650H         LINE#         42
  C:265FH         LINE#         44
  C:2661H         LINE#         46
  C:2661H         LINE#         47
  C:266AH         LINE#         48
  C:266EH         LINE#         49
  C:2680H         LINE#         50
  C:2695H         LINE#         51
  C:269AH         LINE#         52
  C:269FH         LINE#         53
  C:26A8H         LINE#         54
  C:26B1H         LINE#         56
  C:26B1H         LINE#         57
  C:26C2H         LINE#         58
  C:26D7H         LINE#         59
  C:26E2H         LINE#         60
  C:26F7H         LINE#         61
  C:26FCH         LINE#         62
  C:26FCH         LINE#         63
  C:270BH         LINE#         65
  C:270DH         LINE#         66
  C:270DH         LINE#         67
  C:2716H         LINE#         70
  C:271AH         LINE#         71
  C:272CH         LINE#         72
  C:2741H         LINE#         73
  C:2746H         LINE#         74
  C:274BH         LINE#         79
  C:274EH         LINE#         80
  C:2751H         LINE#         81
  C:2754H         LINE#         82
  C:2761H         LINE#         83
  C:2770H         LINE#         84
  C:2782H         LINE#         85
  C:278EH         LINE#         86
  C:27A0H         LINE#         87
  C:27ACH         LINE#         88
  C:27B1H         LINE#         89
  C:27B6H         LINE#         92
  C:27B9H         LINE#         93
  C:27BCH         LINE#         94
  C:27BFH         LINE#         95
  C:27CCH         LINE#         96
  C:27D9H         LINE#         97
  C:27EBH         LINE#         98
  C:27F7H         LINE#         99
  C:2809H         LINE#         100
  C:2815H         LINE#         101
  C:281AH         LINE#         102
  C:281FH         LINE#         105
  C:2822H         LINE#         106
  C:2825H         LINE#         107
  C:2832H         LINE#         108
  C:2835H         LINE#         109
  C:2838H         LINE#         110
BL51 BANKED LINKER/LOCATER V6.22                                                      12/14/2015  21:36:00  PAGE 52


  C:2845H         LINE#         111
  C:2848H         LINE#         112
  C:284BH         LINE#         113
  C:2858H         LINE#         114
  C:285BH         LINE#         115
  C:285EH         LINE#         116
  C:286BH         LINE#         117
  C:286EH         LINE#         118
  C:2871H         LINE#         119
  C:287DH         LINE#         120
  C:2880H         LINE#         121
  C:2883H         LINE#         122
  C:2890H         LINE#         123
  C:2893H         LINE#         124
  C:2896H         LINE#         125
  C:28A2H         LINE#         126
  C:28A5H         LINE#         127
  C:28A8H         LINE#         128
  C:28B4H         LINE#         129
  C:28B7H         LINE#         130
  C:28BAH         LINE#         131
  C:28C7H         LINE#         134
  C:28CAH         LINE#         135
  C:28CDH         LINE#         136
  C:28D9H         LINE#         139
  C:28DCH         LINE#         140
  C:28DFH         LINE#         141
  C:28ECH         LINE#         144
  C:28EFH         LINE#         145
  C:28F2H         LINE#         146
  C:28FFH         LINE#         149
  C:2902H         LINE#         150
  C:2905H         LINE#         151
  C:2912H         LINE#         152
  C:2915H         LINE#         153
  C:2918H         LINE#         154
  C:2925H         LINE#         157
  C:2928H         LINE#         158
  C:292BH         LINE#         159
  C:2938H         LINE#         162
  C:293AH         LINE#         163
  -------         ENDPROC       CONFIG_FILE
  -------         PROC          _TEST_I2C
  D:0046H         SYMBOL        array_name
  -------         DO            
  D:0049H         SYMBOL        i
  D:004AH         SYMBOL        error_flag
  -------         ENDDO         
  C:41AAH         LINE#         166
  C:41B0H         LINE#         167
  C:41B0H         LINE#         170
  C:41B3H         LINE#         171
  C:41B5H         LINE#         173
  C:41B5H         LINE#         174
  C:41C4H         LINE#         175
  C:41C6H         LINE#         176
  C:41CEH         LINE#         177
BL51 BANKED LINKER/LOCATER V6.22                                                      12/14/2015  21:36:00  PAGE 53


  C:41D2H         LINE#         178
  C:41D2H         LINE#         179
  C:41E4H         LINE#         180
  C:41E9H         LINE#         181
  C:41EEH         LINE#         182
  C:41EEH         LINE#         183
  C:4202H         LINE#         184
  C:4204H         LINE#         185
  -------         ENDPROC       _TEST_I2C
  -------         ENDMOD        STA013

  -------         MODULE        CONFIG
  C:002EH         SEGMENT       STA013_CONFIG
  C:002EH         PUBLIC        CONFIG
  C:0FCCH         PUBLIC        CONFIG2
  -------         ENDMOD        CONFIG

  -------         MODULE        ?C?CLDPTR
  C:293BH         PUBLIC        ?C?CLDPTR
  -------         ENDMOD        ?C?CLDPTR

  -------         MODULE        ?C?CLDOPTR
  C:2954H         PUBLIC        ?C?CLDOPTR
  -------         ENDMOD        ?C?CLDOPTR

  -------         MODULE        ?C?CSTPTR
  C:2981H         PUBLIC        ?C?CSTPTR
  -------         ENDMOD        ?C?CSTPTR

  -------         MODULE        ?C?CSTOPTR
  C:2993H         PUBLIC        ?C?CSTOPTR
  -------         ENDMOD        ?C?CSTOPTR

  -------         MODULE        ?C?UIDIV
  C:29B5H         PUBLIC        ?C?UIDIV
  -------         ENDMOD        ?C?UIDIV

  -------         MODULE        ?C?LMUL
  C:2A0AH         PUBLIC        ?C?LMUL
  -------         ENDMOD        ?C?LMUL

  -------         MODULE        ?C?ULDIV
  C:2A95H         PUBLIC        ?C?ULDIV
  -------         ENDMOD        ?C?ULDIV

  -------         MODULE        ?C?ULCMP
  C:2B27H         PUBLIC        ?C?ULCMP
  -------         ENDMOD        ?C?ULCMP

  -------         MODULE        ?C?ULSHR
  C:2B38H         PUBLIC        ?C?ULSHR
  -------         ENDMOD        ?C?ULSHR

  -------         MODULE        ?C?LSHL
  C:2B4BH         PUBLIC        ?C?LSHL
  -------         ENDMOD        ?C?LSHL

BL51 BANKED LINKER/LOCATER V6.22                                                      12/14/2015  21:36:00  PAGE 54


  -------         MODULE        ?C?LLDIDATA
  C:2B5EH         PUBLIC        ?C?LLDIDATA
  -------         ENDMOD        ?C?LLDIDATA

  -------         MODULE        ?C?LLDIDATA0
  C:2B6AH         PUBLIC        ?C?LLDIDATA0
  -------         ENDMOD        ?C?LLDIDATA0

  -------         MODULE        ?C?LSTIDATA
  C:2B77H         PUBLIC        ?C?LSTIDATA
  -------         ENDMOD        ?C?LSTIDATA

  -------         MODULE        ?C?LSTKIDATA
  C:2B83H         PUBLIC        ?C?LSTKIDATA
  -------         ENDMOD        ?C?LSTKIDATA

  -------         MODULE        ?C?LCASE
  C:2B9CH         PUBLIC        ?C?LCASE
  -------         ENDMOD        ?C?LCASE

  -------         MODULE        PUTCHAR
  C:449FH         PUBLIC        _PUTCHAR
  -------         ENDMOD        PUTCHAR

  -------         MODULE        PRINTF
  D:006CH         PUBLIC        ?_PRINTF517?BYTE
  D:006CH         PUBLIC        ?_PRINTF?BYTE
  D:006CH         PUBLIC        ?_SPRINTF517?BYTE
  D:006CH         PUBLIC        ?_SPRINTF?BYTE
  C:22EAH         PUBLIC        _PRINTF
  C:22EAH         PUBLIC        _PRINTF517
  C:22E4H         PUBLIC        _SPRINTF
  C:22E4H         PUBLIC        _SPRINTF517
  -------         ENDMOD        PRINTF

  -------         MODULE        GETCHAR
  B:0022H.2       PUBLIC        ?C?CHARLOADED
  D:001AH         PUBLIC        ?_UNGETCHAR?BYTE
  C:4588H         PUBLIC        GETCHAR
  -------         ENDMOD        GETCHAR

  -------         MODULE        ATOL
  C:36F7H         PUBLIC        _atol
  -------         ENDMOD        ATOL

  -------         MODULE        ?C?LNEG
  C:2BD6H         PUBLIC        ?C?LNEG
  -------         ENDMOD        ?C?LNEG

  -------         MODULE        ?C?PLDIIDATA
  C:2BE4H         PUBLIC        ?C?PLDIIDATA
  -------         ENDMOD        ?C?PLDIIDATA

  -------         MODULE        ?C?CCASE
  C:2BF4H         PUBLIC        ?C?CCASE
  -------         ENDMOD        ?C?CCASE

BL51 BANKED LINKER/LOCATER V6.22                                                      12/14/2015  21:36:00  PAGE 55


  -------         MODULE        _GETKEY
  C:45C3H         PUBLIC        _GETKEY
  -------         ENDMOD        _GETKEY

  -------         MODULE        ISDIGIT
  C:45A8H         PUBLIC        _isdigit
  -------         ENDMOD        ISDIGIT

  -------         MODULE        ISSPACE
  C:4575H         PUBLIC        _isspace
  -------         ENDMOD        ISSPACE

*** WARNING L16: UNCALLED SEGMENT, IGNORED FOR OVERLAY PROCESS
    SEGMENT: ?PR?_FIND_NEXT_CLUSTER?DIRECTORY_FUNCTIONS

*** WARNING L15: MULTIPLE CALL TO SEGMENT
    SEGMENT: ?PR?PRINTF?PRINTF
    CALLER1: ?PR?TIMER2_ISR?MAIN
    CALLER2: ?C_C51STARTUP

Program Size: data=225.3 xdata=1024 code=17876
LINK/LOCATE RUN COMPLETE.  2 WARNING(S),  0 ERROR(S)
