BL51 BANKED LINKER/LOCATER V6.22                                                        12/15/2015  13:37:36  PAGE 1


BL51 BANKED LINKER/LOCATER V6.22, INVOKED BY:
C:\KEIL_V5\C51\BIN\BL51.EXE hardware_delay.obj, lcd.obj, Long_Serial_In.obj, main.obj, print_bytes.obj, SDcard.obj, spi.
>> obj, uart.obj, Directory_Functions.obj, i2c.obj, sta013.obj, config.obj TO part2 RAMSIZE (256)


MEMORY MODEL: SMALL


INPUT MODULES INCLUDED:
  hardware_delay.obj (HARDWARE_DELAY)
  lcd.obj (LCD)
  Long_Serial_In.obj (LONG_SERIAL_IN)
  main.obj (MAIN)
  print_bytes.obj (PRINT_BYTES)
  SDcard.obj (SDCARD)
  spi.obj (SPI)
  uart.obj (UART)
  Directory_Functions.obj (DIRECTORY_FUNCTIONS)
  i2c.obj (I2C)
  sta013.obj (STA013)
  config.obj (CONFIG)
  C:\KEIL_V5\C51\LIB\C51S.LIB (?C_STARTUP)
  C:\KEIL_V5\C51\LIB\C51S.LIB (?C?CLDPTR)
  C:\KEIL_V5\C51\LIB\C51S.LIB (?C?CLDOPTR)
  C:\KEIL_V5\C51\LIB\C51S.LIB (?C?CSTPTR)
  C:\KEIL_V5\C51\LIB\C51S.LIB (?C?CSTOPTR)
  C:\KEIL_V5\C51\LIB\C51S.LIB (?C?UIDIV)
  C:\KEIL_V5\C51\LIB\C51S.LIB (?C?LMUL)
  C:\KEIL_V5\C51\LIB\C51S.LIB (?C?ULDIV)
  C:\KEIL_V5\C51\LIB\C51S.LIB (?C?ULCMP)
  C:\KEIL_V5\C51\LIB\C51S.LIB (?C?ULSHR)
  C:\KEIL_V5\C51\LIB\C51S.LIB (?C?LSHL)
  C:\KEIL_V5\C51\LIB\C51S.LIB (?C?LLDIDATA)
  C:\KEIL_V5\C51\LIB\C51S.LIB (?C?LLDIDATA0)
  C:\KEIL_V5\C51\LIB\C51S.LIB (?C?LSTIDATA)
  C:\KEIL_V5\C51\LIB\C51S.LIB (?C?LSTKIDATA)
  C:\KEIL_V5\C51\LIB\C51S.LIB (?C?LCASE)
  C:\KEIL_V5\C51\LIB\C51S.LIB (PUTCHAR)
  C:\KEIL_V5\C51\LIB\C51S.LIB (PRINTF)
  C:\KEIL_V5\C51\LIB\C51S.LIB (GETCHAR)
  C:\KEIL_V5\C51\LIB\C51S.LIB (ATOL)
  C:\KEIL_V5\C51\LIB\C51S.LIB (?C?LNEG)
  C:\KEIL_V5\C51\LIB\C51S.LIB (?C?PLDIIDATA)
  C:\KEIL_V5\C51\LIB\C51S.LIB (?C?CCASE)
  C:\KEIL_V5\C51\LIB\C51S.LIB (_GETKEY)
  C:\KEIL_V5\C51\LIB\C51S.LIB (ISDIGIT)
  C:\KEIL_V5\C51\LIB\C51S.LIB (ISSPACE)


LINK MAP OF MODULE:  part2 (HARDWARE_DELAY)


            TYPE    BASE      LENGTH    RELOCATION   SEGMENT NAME
            -----------------------------------------------------

            * * * * * * *   D A T A   M E M O R Y   * * * * * * *
            REG     0000H     0008H     ABSOLUTE     "REG BANK 0"
            DATA    0008H     0012H     UNIT         ?DT?_FIND_NEXT_CLUSTER?DIRECTORY_FUNCTIONS
BL51 BANKED LINKER/LOCATER V6.22                                                      12/15/2015  13:37:36  PAGE 2


            DATA    001AH     0001H     UNIT         ?DT?GETCHAR
                    001BH     0005H                  *** GAP ***
            BIT     0020H.0   0002H.2   UNIT         _BIT_GROUP_
            BIT     0022H.2   0000H.1   UNIT         ?BI?GETCHAR
                    0022H.3   0000H.5                *** GAP ***
            DATA    0023H     005DH     UNIT         _DATA_GROUP_
            IDATA   0080H     0031H     UNIT         ?ID?DIRECTORY_FUNCTIONS
            IDATA   00B1H     0029H     UNIT         ?ID?MAIN
            IDATA   00DAH     000CH     UNIT         _IDATA_GROUP_
            IDATA   00E6H     0001H     UNIT         ?STACK

            * * * * * * *  X D A T A   M E M O R Y  * * * * * * *
            XDATA   0000H     0400H     UNIT         ?XD?MAIN

            * * * * * * *   C O D E   M E M O R Y   * * * * * * *
            CODE    0000H     0003H     ABSOLUTE     
            CODE    0003H     0027H     UNIT         ?PR?_TRANS_CMD58?SDCARD
                    002AH     0001H                  *** GAP ***
            CODE    002BH     0003H     ABSOLUTE     
            CODE    002EH     0FD0H     UNIT         STA013_CONFIG
            CODE    0FFEH     0725H     UNIT         ?PR?_MOUNT_DRIVE?DIRECTORY_FUNCTIONS
            CODE    1723H     0405H     UNIT         ?PR?TIMER2_ISR?MAIN
            CODE    1B28H     03F7H     UNIT         ?PR?MAIN?MAIN
            CODE    1F1FH     0365H     UNIT         ?PR?_I2C_READ?I2C
            CODE    2284H     035CH     UNIT         ?PR?PRINTF?PRINTF
            CODE    25E0H     0357H     UNIT         ?PR?CONFIG_FILE?STA013
            CODE    2937H     02DFH     UNIT         ?C?LIB_CODE
            CODE    2C16H     0234H     UNIT         ?PR?_READ_DIR_ENTRY?DIRECTORY_FUNCTIONS
            CODE    2E4AH     01DDH     UNIT         ?PR?_PRINT_DIRECTORY?DIRECTORY_FUNCTIONS
            CODE    3027H     01BEH     UNIT         ?PR?_I2C_WRITE?I2C
            CODE    31E5H     018BH     UNIT         ?CO?DIRECTORY_FUNCTIONS
            CODE    3370H     0178H     UNIT         ?PR?SDCARD_INIT?SDCARD
            CODE    34E8H     0125H     UNIT         ?PR?_FIRST_SECTOR?DIRECTORY_FUNCTIONS
            CODE    360DH     00E6H     UNIT         ?CO?MAIN
            CODE    36F3H     00DEH     UNIT         ?PR?_ATOL?ATOL
            CODE    37D1H     00C6H     UNIT         ?PR?LONG_SERIAL_INPUT?LONG_SERIAL_IN
            CODE    3897H     00C3H     UNIT         ?PR?_FIND_NEXT_CLUSTER?DIRECTORY_FUNCTIONS
            CODE    395AH     00C3H     UNIT         ?PR?_FIND_NEXT_CLUSTER_ISR?DIRECTORY_FUNCTIONS
            CODE    3A1DH     00A7H     UNIT         ?PR?_SEND_COMMAND_ISR?SDCARD
            CODE    3AC4H     00A5H     UNIT         ?PR?_READ_BLOCK_ISR?SDCARD
            CODE    3B69H     009FH     UNIT         ?PR?_SEND_COMMAND?SDCARD
            CODE    3C08H     009EH     UNIT         ?PR?_GET_RESPONSE?SDCARD
            CODE    3CA6H     008CH     UNIT         ?PR?_READ_SECTOR_ISR?SDCARD
            CODE    3D32H     0083H     UNIT         ?PR?_READ32?DIRECTORY_FUNCTIONS
            CODE    3DB5H     0082H     UNIT         ?PR?_READ_SECTOR?SDCARD
            CODE    3E37H     007DH     UNIT         ?PR?_TRANS_ACMD41?SDCARD
            CODE    3EB4H     007BH     UNIT         ?PR?_READ32_ISR?DIRECTORY_FUNCTIONS
            CODE    3F2FH     0078H     UNIT         ?PR?_PRINT_16BYTES?PRINT_BYTES
            CODE    3FA7H     0071H     UNIT         ?CO?STA013
            CODE    4018H     006CH     UNIT         ?PR?_READ_BLOCK?SDCARD
            CODE    4084H     0068H     UNIT         ?PR?_SPI_MASTER_INIT?SPI
            CODE    40ECH     005FH     UNIT         ?PR?_PRINT_MEMORY?PRINT_BYTES
            CODE    414BH     005BH     UNIT         ?PR?_FIRST_SECTOR_ISR?DIRECTORY_FUNCTIONS
            CODE    41A6H     005BH     UNIT         ?PR?_TEST_I2C?STA013
            CODE    4201H     005AH     UNIT         ?PR?_GET_RESPONSE_NO_END_ISR?SDCARD
            CODE    425BH     0059H     UNIT         ?PR?_READ16?DIRECTORY_FUNCTIONS
            CODE    42B4H     0050H     UNIT         ?PR?_LCD_PRINT?LCD
BL51 BANKED LINKER/LOCATER V6.22                                                      12/15/2015  13:37:36  PAGE 3


            CODE    4304H     004FH     UNIT         ?PR?_GET_RESPONSE_NO_END?SDCARD
            CODE    4353H     0045H     UNIT         ?CO?PRINT_BYTES
            CODE    4398H     0041H     UNIT         ?PR?_TRANS_CMD8?SDCARD
            CODE    43D9H     0038H     UNIT         ?PR?_TRANS_CMD0?SDCARD
            CODE    4411H     0036H     UNIT         ?PR?LCD_INIT?LCD
            CODE    4447H     002BH     UNIT         ?PR?_SPI_TRANSFER_ISR?SPI
            CODE    4472H     0029H     UNIT         ?PR?_DELAY_MS?HARDWARE_DELAY
            CODE    449BH     0027H     UNIT         ?PR?PUTCHAR?PUTCHAR
            CODE    44C2H     0022H     UNIT         ?PR?LCD_WRITE?LCD
            CODE    44E4H     0021H     UNIT         ?PR?_SPI_TRANSFER?SPI
            CODE    4505H     0021H     UNIT         ?PR?_READ8?DIRECTORY_FUNCTIONS
            CODE    4526H     001CH     UNIT         ?PR?UART_INIT?UART
            CODE    4542H     001CH     UNIT         ?PR?_I2C_CLOCK_DELAY?I2C
            CODE    455EH     0013H     UNIT         ?PR?I2C_CLOCK_START?I2C
            CODE    4571H     0013H     UNIT         ?PR?_ISSPACE?ISSPACE
            CODE    4584H     0011H     UNIT         ?PR?GETCHAR?GETCHAR
            CODE    4595H     000FH     UNIT         ?PR?LCD_CLEAR?LCD
            CODE    45A4H     000FH     UNIT         ?PR?_ISDIGIT?ISDIGIT
            CODE    45B3H     000CH     UNIT         ?C_C51STARTUP
            CODE    45BFH     000AH     UNIT         ?PR?_GETKEY?_GETKEY
            CODE    45C9H     0008H     UNIT         ?CO?SDCARD



OVERLAY MAP OF MODULE:   part2 (HARDWARE_DELAY)


SEGMENT                                             BIT_GROUP          DATA_GROUP          IDATA_GROUP
  +--> CALLED SEGMENT                            START    LENGTH     START    LENGTH     START    LENGTH
--------------------------------------------------------------------------------------------------------
?PR?TIMER2_ISR?MAIN                              -----    -----      -----    -----      -----    -----
  +--> ?PR?_SPI_TRANSFER_ISR?SPI
  +--> ?CO?MAIN
  +--> ?PR?PRINTF?PRINTF
  +--> ?PR?_READ_SECTOR_ISR?SDCARD
  +--> ?PR?_FIND_NEXT_CLUSTER_ISR?DIRECTORY_...
  +--> ?PR?_FIRST_SECTOR_ISR?DIRECTORY_FUNCT...

?PR?PRINTF?PRINTF                                0021H.1  0001H.1    006CH    0014H      -----    -----
  +--> ?PR?PUTCHAR?PUTCHAR

?PR?_READ_SECTOR_ISR?SDCARD                      -----    -----      0023H    000DH      -----    -----
  +--> ?PR?_SEND_COMMAND_ISR?SDCARD
  +--> ?PR?_GET_RESPONSE_NO_END_ISR?SDCARD

?PR?_SEND_COMMAND_ISR?SDCARD                     -----    -----      003CH    0005H      00E1H    0004H
  +--> ?PR?_SPI_TRANSFER_ISR?SPI

?PR?_GET_RESPONSE_NO_END_ISR?SDCARD              -----    -----      003CH    0005H      00E1H    0005H
  +--> ?PR?_SPI_TRANSFER_ISR?SPI

?PR?_FIND_NEXT_CLUSTER_ISR?DIRECTORY_...         -----    -----      0023H    0012H      -----    -----
  +--> ?PR?_SEND_COMMAND_ISR?SDCARD
  +--> ?PR?_READ_BLOCK_ISR?SDCARD
  +--> ?PR?_READ32_ISR?DIRECTORY_FUNCTIONS

?PR?_READ_BLOCK_ISR?SDCARD                       -----    -----      0035H    0007H      00DAH    0007H
BL51 BANKED LINKER/LOCATER V6.22                                                      12/15/2015  13:37:36  PAGE 4


  +--> ?PR?_SEND_COMMAND_ISR?SDCARD
  +--> ?PR?_GET_RESPONSE_NO_END_ISR?SDCARD

?PR?_READ32_ISR?DIRECTORY_FUNCTIONS              -----    -----      0035H    000BH      -----    -----

?PR?_FIRST_SECTOR_ISR?DIRECTORY_FUNCT...         -----    -----      0023H    0004H      -----    -----

*** NEW ROOT ***************************************************

?C_C51STARTUP                                    -----    -----      -----    -----      -----    -----
  +--> ?PR?MAIN?MAIN

?PR?MAIN?MAIN                                    -----    -----      0041H    0005H      -----    -----
  +--> ?PR?UART_INIT?UART
  +--> ?PR?LCD_INIT?LCD
  +--> ?PR?_SPI_MASTER_INIT?SPI
  +--> ?PR?SDCARD_INIT?SDCARD
  +--> ?CO?MAIN
  +--> ?PR?PRINTF?PRINTF
  +--> ?PR?PUTCHAR?PUTCHAR
  +--> ?PR?_MOUNT_DRIVE?DIRECTORY_FUNCTIONS
  +--> ?PR?LCD_CLEAR?LCD
  +--> ?PR?LCD_WRITE?LCD
  +--> ?PR?_LCD_PRINT?LCD
  +--> ?PR?CONFIG_FILE?STA013
  +--> ?PR?_TEST_I2C?STA013
  +--> ?PR?_PRINT_DIRECTORY?DIRECTORY_FUNCTIONS
  +--> ?PR?LONG_SERIAL_INPUT?LONG_SERIAL_IN
  +--> ?PR?_READ_DIR_ENTRY?DIRECTORY_FUNCTIONS
  +--> ?PR?_FIRST_SECTOR?DIRECTORY_FUNCTIONS
  +--> ?PR?_READ_SECTOR?SDCARD

?PR?LCD_INIT?LCD                                 -----    -----      -----    -----      -----    -----
  +--> ?PR?_DELAY_MS?HARDWARE_DELAY
  +--> ?PR?LCD_WRITE?LCD

?PR?LCD_WRITE?LCD                                0021H.1  0000H.1    004BH    0001H      -----    -----
  +--> ?PR?_DELAY_MS?HARDWARE_DELAY

?PR?_SPI_MASTER_INIT?SPI                         -----    -----      0046H    0001H      -----    -----

?PR?SDCARD_INIT?SDCARD                           -----    -----      0046H    0008H      -----    -----
  +--> ?PR?_SPI_TRANSFER?SPI
  +--> ?PR?_TRANS_CMD0?SDCARD
  +--> ?CO?SDCARD
  +--> ?PR?PRINTF?PRINTF
  +--> ?PR?PUTCHAR?PUTCHAR
  +--> ?PR?_DELAY_MS?HARDWARE_DELAY
  +--> ?PR?_TRANS_CMD8?SDCARD
  +--> ?PR?_TRANS_CMD58?SDCARD
  +--> ?PR?_TRANS_ACMD41?SDCARD

?PR?_TRANS_CMD0?SDCARD                           -----    -----      004EH    0003H      -----    -----
  +--> ?PR?_SEND_COMMAND?SDCARD
  +--> ?PR?_GET_RESPONSE?SDCARD

?PR?_SEND_COMMAND?SDCARD                         -----    -----      0071H    0009H      -----    -----
BL51 BANKED LINKER/LOCATER V6.22                                                      12/15/2015  13:37:36  PAGE 5


  +--> ?PR?_SPI_TRANSFER?SPI

?PR?_GET_RESPONSE?SDCARD                         -----    -----      0056H    0008H      -----    -----
  +--> ?PR?_SPI_TRANSFER?SPI

?PR?_TRANS_CMD8?SDCARD                           -----    -----      004EH    0003H      -----    -----
  +--> ?PR?_SEND_COMMAND?SDCARD
  +--> ?PR?_GET_RESPONSE?SDCARD

?PR?_TRANS_CMD58?SDCARD                          -----    -----      004EH    0003H      -----    -----
  +--> ?PR?_SEND_COMMAND?SDCARD
  +--> ?PR?_GET_RESPONSE?SDCARD

?PR?_TRANS_ACMD41?SDCARD                         -----    -----      004EH    0008H      -----    -----
  +--> ?PR?_SEND_COMMAND?SDCARD
  +--> ?PR?_GET_RESPONSE?SDCARD

?PR?_MOUNT_DRIVE?DIRECTORY_FUNCTIONS             -----    -----      0046H    0019H      -----    -----
  +--> ?PR?_READ_BLOCK?SDCARD
  +--> ?PR?_PRINT_MEMORY?PRINT_BYTES
  +--> ?PR?_READ8?DIRECTORY_FUNCTIONS
  +--> ?PR?_READ32?DIRECTORY_FUNCTIONS
  +--> ?CO?DIRECTORY_FUNCTIONS
  +--> ?PR?PRINTF?PRINTF
  +--> ?PR?PUTCHAR?PUTCHAR
  +--> ?PR?_READ16?DIRECTORY_FUNCTIONS

?PR?_READ_BLOCK?SDCARD                           -----    -----      0064H    000DH      -----    -----
  +--> ?PR?_SEND_COMMAND?SDCARD
  +--> ?PR?_GET_RESPONSE_NO_END?SDCARD

?PR?_GET_RESPONSE_NO_END?SDCARD                  -----    -----      0071H    000AH      -----    -----
  +--> ?PR?_SPI_TRANSFER?SPI

?PR?_PRINT_MEMORY?PRINT_BYTES                    -----    -----      005FH    0008H      -----    -----
  +--> ?CO?PRINT_BYTES
  +--> ?PR?PRINTF?PRINTF
  +--> ?PR?_PRINT_16BYTES?PRINT_BYTES

?PR?_PRINT_16BYTES?PRINT_BYTES                   -----    -----      0067H    0005H      -----    -----
  +--> ?CO?PRINT_BYTES
  +--> ?PR?PRINTF?PRINTF
  +--> ?PR?PUTCHAR?PUTCHAR

?PR?_READ32?DIRECTORY_FUNCTIONS                  -----    -----      005FH    000BH      -----    -----

?PR?_READ16?DIRECTORY_FUNCTIONS                  -----    -----      005FH    0007H      -----    -----

?PR?LCD_CLEAR?LCD                                -----    -----      -----    -----      -----    -----
  +--> ?PR?LCD_WRITE?LCD
  +--> ?PR?_DELAY_MS?HARDWARE_DELAY

?PR?_LCD_PRINT?LCD                               -----    -----      0046H    0005H      -----    -----
  +--> ?PR?LCD_WRITE?LCD

?PR?CONFIG_FILE?STA013                           -----    -----      0046H    000BH      -----    -----
  +--> ?CO?STA013
BL51 BANKED LINKER/LOCATER V6.22                                                      12/15/2015  13:37:36  PAGE 6


  +--> ?PR?PRINTF?PRINTF
  +--> ?PR?_I2C_WRITE?I2C
  +--> ?PR?PUTCHAR?PUTCHAR
  +--> ?PR?_I2C_READ?I2C

?PR?_I2C_WRITE?I2C                               -----    -----      0051H    000BH      -----    -----
  +--> ?PR?I2C_CLOCK_START?I2C
  +--> ?PR?_I2C_CLOCK_DELAY?I2C

?PR?_I2C_READ?I2C                                -----    -----      0051H    000BH      -----    -----
  +--> ?PR?I2C_CLOCK_START?I2C
  +--> ?PR?_I2C_CLOCK_DELAY?I2C

?PR?_TEST_I2C?STA013                             -----    -----      0046H    0005H      -----    -----
  +--> ?PR?_I2C_READ?I2C
  +--> ?CO?STA013
  +--> ?PR?PRINTF?PRINTF
  +--> ?PR?PUTCHAR?PUTCHAR

?PR?_PRINT_DIRECTORY?DIRECTORY_FUNCTIONS         -----    -----      0046H    001AH      -----    -----
  +--> ?PR?_READ_BLOCK?SDCARD
  +--> ?PR?_READ8?DIRECTORY_FUNCTIONS
  +--> ?CO?DIRECTORY_FUNCTIONS
  +--> ?PR?PRINTF?PRINTF
  +--> ?PR?PUTCHAR?PUTCHAR

?PR?LONG_SERIAL_INPUT?LONG_SERIAL_IN             -----    -----      0046H    0011H      -----    -----
  +--> ?PR?GETCHAR?GETCHAR
  +--> ?PR?_ATOL?ATOL
  +--> ?PR?PUTCHAR?PUTCHAR

?PR?GETCHAR?GETCHAR                              -----    -----      -----    -----      -----    -----
  +--> ?PR?_GETKEY?_GETKEY
  +--> ?PR?PUTCHAR?PUTCHAR

?PR?_ATOL?ATOL                                   0021H.1  0000H.1    0057H    0007H      -----    -----
  +--> ?PR?_ISSPACE?ISSPACE
  +--> ?PR?_ISDIGIT?ISDIGIT

?PR?_READ_DIR_ENTRY?DIRECTORY_FUNCTIONS          -----    -----      0046H    001EH      -----    -----
  +--> ?PR?_READ_BLOCK?SDCARD
  +--> ?PR?_READ8?DIRECTORY_FUNCTIONS

?PR?_FIRST_SECTOR?DIRECTORY_FUNCTIONS            -----    -----      0046H    0008H      -----    -----
  +--> ?CO?DIRECTORY_FUNCTIONS
  +--> ?PR?PRINTF?PRINTF
  +--> ?PR?PUTCHAR?PUTCHAR

?PR?_READ_SECTOR?SDCARD                          -----    -----      0046H    000DH      -----    -----
  +--> ?PR?_SEND_COMMAND?SDCARD
  +--> ?PR?_GET_RESPONSE_NO_END?SDCARD



SYMBOL TABLE OF MODULE:  part2 (HARDWARE_DELAY)

  VALUE           TYPE          NAME
BL51 BANKED LINKER/LOCATER V6.22                                                      12/15/2015  13:37:36  PAGE 7


  ----------------------------------

  -------         MODULE        HARDWARE_DELAY
  C:0000H         SYMBOL        _ICE_DUMMY_
  D:0080H         PUBLIC        P0
  D:0090H         PUBLIC        P1
  D:00A0H         PUBLIC        P2
  D:00B0H         PUBLIC        P3
  D:00A8H         PUBLIC        IEN0
  D:00B8H         PUBLIC        IPL0
  D:00D8H         PUBLIC        CCON
  D:0098H         PUBLIC        SCON
  D:0089H         PUBLIC        TMOD
  D:0088H         PUBLIC        TCON
  B:00A8H.1       PUBLIC        ET0
  B:0088H.5       PUBLIC        TF0
  D:008CH         PUBLIC        TH0
  D:008AH         PUBLIC        TL0
  C:4472H         PUBLIC        _delay_ms
  B:0088H.4       PUBLIC        TR0
  D:00C8H         PUBLIC        T2CON
  D:00D0H         PUBLIC        PSW
  -------         PROC          _DELAY_MS
  D:0006H         SYMBOL        timeout_val_ms
  -------         DO            
  D:0004H         SYMBOL        num_ms
  -------         ENDDO         
  C:4472H         LINE#         9
  C:4472H         LINE#         10
  C:4472H         LINE#         12
  C:4475H         LINE#         13
  C:4478H         LINE#         14
  C:447AH         LINE#         15
  C:4484H         LINE#         16
  C:4484H         LINE#         17
  C:4487H         LINE#         18
  C:448AH         LINE#         19
  C:448CH         LINE#         20
  C:448EH         LINE#         21
  C:4491H         LINE#         22
  C:4493H         LINE#         23
  C:449AH         LINE#         24
  -------         ENDPROC       _DELAY_MS
  -------         ENDMOD        HARDWARE_DELAY

  -------         MODULE        LCD
  C:0000H         SYMBOL        _ICE_DUMMY_
  D:0080H         PUBLIC        P0
  D:0090H         PUBLIC        P1
  D:00A0H         PUBLIC        P2
  D:00B0H         PUBLIC        P3
  D:00A8H         PUBLIC        IEN0
  D:00B8H         PUBLIC        IPL0
  C:4595H         PUBLIC        LCD_Clear
  D:00D8H         PUBLIC        CCON
  B:00B0H.6       PUBLIC        RS
  D:0080H         PUBLIC        LCD_DATA_OUT
BL51 BANKED LINKER/LOCATER V6.22                                                      12/15/2015  13:37:36  PAGE 8


  D:0098H         PUBLIC        SCON
  D:0088H         PUBLIC        TCON
  C:44C7H         PUBLIC        LCD_Write
  C:42B4H         PUBLIC        _LCD_Print
  B:00B0H.7       PUBLIC        E
  C:4411H         PUBLIC        LCD_Init
  D:00C8H         PUBLIC        T2CON
  D:00D0H         PUBLIC        PSW
  C:44C2H         SYMBOL        L?0013
  -------         PROC          L?0012
  -------         ENDPROC       L?0012
  C:44C2H         SYMBOL        L?0013
  -------         PROC          LCD_WRITE
  B:0021H.1       SYMBOL        RegSelect
  D:004BH         SYMBOL        LCD_Data
  C:44C7H         LINE#         6
  C:44C7H         LINE#         7
  C:44C7H         LINE#         9
  C:44CBH         LINE#         10
  C:44CDH         LINE#         11
  C:44D4H         LINE#         12
  C:44D7H         LINE#         13
  C:44D9H         LINE#         14
  C:44E0H         LINE#         15
  C:44E3H         LINE#         16
  -------         ENDPROC       LCD_WRITE
  -------         PROC          _LCD_PRINT
  D:0046H         SYMBOL        num_bytes
  D:0047H         SYMBOL        array_name
  -------         DO            
  D:004AH         SYMBOL        index
  -------         ENDDO         
  C:42B4H         LINE#         18
  C:42BCH         LINE#         19
  C:42BCH         LINE#         21
  C:42C0H         LINE#         22
  C:42C0H         LINE#         23
  C:42C2H         LINE#         24
  C:42D4H         LINE#         25
  C:42D4H         LINE#         26
  C:42DBH         LINE#         27
  C:42DDH         LINE#         28
  C:42DFH         LINE#         29
  C:42DFH         LINE#         31
  C:42DFH         LINE#         32
  C:42E9H         LINE#         33
  C:42E9H         LINE#         34
  C:42FFH         LINE#         35
  C:4303H         LINE#         36
  C:4303H         LINE#         38
  -------         ENDPROC       _LCD_PRINT
  -------         PROC          LCD_INIT
  C:4411H         LINE#         40
  C:4411H         LINE#         41
  C:4411H         LINE#         47
  C:4418H         LINE#         48
  C:441BH         LINE#         49
BL51 BANKED LINKER/LOCATER V6.22                                                      12/15/2015  13:37:36  PAGE 9


  C:4422H         LINE#         50
  C:4425H         LINE#         52
  C:4428H         LINE#         54
  C:4430H         LINE#         56
  C:4438H         LINE#         57
  C:443FH         LINE#         58
  -------         ENDPROC       LCD_INIT
  -------         PROC          LCD_CLEAR
  C:4595H         LINE#         64
  C:4595H         LINE#         65
  C:4595H         LINE#         66
  C:459DH         LINE#         67
  -------         ENDPROC       LCD_CLEAR
  -------         ENDMOD        LCD

  -------         MODULE        LONG_SERIAL_IN
  C:0000H         SYMBOL        _ICE_DUMMY_
  D:0080H         PUBLIC        P0
  D:0090H         PUBLIC        P1
  D:00A0H         PUBLIC        P2
  D:00B0H         PUBLIC        P3
  D:00A8H         PUBLIC        IEN0
  D:00B8H         PUBLIC        IPL0
  D:00D8H         PUBLIC        CCON
  C:37D1H         PUBLIC        long_serial_input
  D:0098H         PUBLIC        SCON
  D:0088H         PUBLIC        TCON
  D:00C8H         PUBLIC        T2CON
  D:00D0H         PUBLIC        PSW
  -------         PROC          LONG_SERIAL_INPUT
  -------         DO            
  D:0046H         SYMBOL        index
  D:0047H         SYMBOL        input
  D:0048H         SYMBOL        input_values
  D:0053H         SYMBOL        output_value
  -------         ENDDO         
  C:37D1H         LINE#         15
  C:37D1H         LINE#         16
  C:37D1H         LINE#         19
  C:37D4H         LINE#         20
  C:37D4H         LINE#         21
  C:37DBH         LINE#         22
  C:37E2H         LINE#         23
  C:37ECH         LINE#         24
  C:37EFH         LINE#         26
  C:37EFH         LINE#         27
  C:37F4H         LINE#         28
  C:3802H         LINE#         29
  C:3802H         LINE#         30
  C:3809H         LINE#         31
  C:380BH         LINE#         32
  C:380DH         LINE#         33
  C:3818H         LINE#         34
  C:3818H         LINE#         35
  C:381AH         LINE#         36
  C:3821H         LINE#         37
  C:3821H         LINE#         38
BL51 BANKED LINKER/LOCATER V6.22                                                      12/15/2015  13:37:36  PAGE 10


  C:3821H         LINE#         39
  C:3823H         LINE#         40
  C:382EH         LINE#         41
  C:382EH         LINE#         42
  C:383FH         LINE#         43
  C:3844H         LINE#         44
  C:3846H         LINE#         45
  C:3848H         LINE#         47
  C:3848H         LINE#         48
  C:384DH         LINE#         49
  C:3852H         LINE#         50
  C:3857H         LINE#         51
  C:3857H         LINE#         52
  C:385CH         LINE#         53
  C:385CH         LINE#         54
  C:386DH         LINE#         55
  C:3872H         LINE#         56
  C:3877H         LINE#         57
  C:3877H         LINE#         58
  C:388EH         LINE#         60
  C:3896H         LINE#         61
  -------         ENDPROC       LONG_SERIAL_INPUT
  -------         ENDMOD        LONG_SERIAL_IN

  -------         MODULE        MAIN
  C:0000H         SYMBOL        _ICE_DUMMY_
  I:00B1H         PUBLIC        sector_offset
  D:0080H         PUBLIC        P0
  D:0090H         PUBLIC        P1
  B:0090H.1       PUBLIC        spi_en
  D:00A0H         PUBLIC        P2
  D:00B0H         PUBLIC        P3
  B:00A8H.7       PUBLIC        EA
  B:00A0H.4       PUBLIC        LED1
  B:00A0H.5       PUBLIC        LED2
  B:00A0H.6       PUBLIC        LED3
  B:00A0H.7       PUBLIC        LED4
  D:00A8H         PUBLIC        IEN0
  I:00B5H         PUBLIC        sector
  I:00B9H         PUBLIC        index1_g
  I:00BBH         PUBLIC        index2_g
  D:00B8H         PUBLIC        IPL0
  D:008FH         PUBLIC        CKCON0
  D:00AFH         PUBLIC        CKCON1
  D:00CBH         PUBLIC        RCAP2H
  D:00D8H         PUBLIC        CCON
  C:1723H         PUBLIC        timer2_ISR
  D:00CAH         PUBLIC        RCAP2L
  C:1B28H         PUBLIC        main
  D:0098H         PUBLIC        SCON
  D:0089H         PUBLIC        TMOD
  D:0088H         PUBLIC        TCON
  B:00B0H.3       PUBLIC        trig
  I:00BDH         PUBLIC        return_entry
  I:00C1H         PUBLIC        play_status
  D:008EH         PUBLIC        AUXR
  B:0088H.5       PUBLIC        TF0
BL51 BANKED LINKER/LOCATER V6.22                                                      12/15/2015  13:37:36  PAGE 11


  B:00A8H.5       PUBLIC        ET2
  B:00C8H.7       PUBLIC        TF2
  D:008CH         PUBLIC        TH0
  I:00C5H         PUBLIC        cluster_g
  D:00CDH         PUBLIC        TH2
  D:008AH         PUBLIC        TL0
  D:00CCH         PUBLIC        TL2
  X:0000H         PUBLIC        buff1
  B:0088H.4       PUBLIC        TR0
  X:0200H         PUBLIC        buff2
  I:00C9H         PUBLIC        next_entry
  B:00C8H.2       PUBLIC        TR2
  I:00CDH         PUBLIC        sector_base_g
  B:0090H.0       PUBLIC        DATA_REQ
  D:00C8H         PUBLIC        T2CON
  I:00D1H         PUBLIC        state_g
  I:00D5H         PUBLIC        temp8
  D:00D0H         PUBLIC        PSW
  I:00D6H         PUBLIC        block_number
  -------         PROC          TIMER2_ISR
  C:1723H         LINE#         36
  C:1740H         LINE#         40
  C:1742H         LINE#         41
  C:1745H         LINE#         42
  C:1748H         LINE#         43
  C:174AH         LINE#         44
  C:174CH         LINE#         47
  C:175DH         LINE#         48
  C:175DH         LINE#         49
  C:176DH         LINE#         50
  C:176DH         LINE#         51
  C:1776H         LINE#         52
  C:1776H         LINE#         53
  C:1776H         LINE#         55
  C:1787H         LINE#         56
  C:1787H         LINE#         57
  C:1797H         LINE#         58
  C:1797H         LINE#         59
  C:17A0H         LINE#         60
  C:17A0H         LINE#         61
  C:17A0H         LINE#         64
  C:17DCH         LINE#         65
  C:17DCH         LINE#         67
  C:17DCH         LINE#         68
  C:17DCH         LINE#         69
  C:17DEH         LINE#         70
  C:17E0H         LINE#         71
  C:17E2H         LINE#         72
  C:17E4H         LINE#         73
  C:17E6H         LINE#         74
  C:17E8H         LINE#         75
  C:17EEH         LINE#         76
  C:17EEH         LINE#         77
  C:1808H         LINE#         78
  C:1810H         LINE#         79
  C:181CH         LINE#         80
  C:181CH         LINE#         81
BL51 BANKED LINKER/LOCATER V6.22                                                      12/15/2015  13:37:36  PAGE 12


  C:1828H         LINE#         82
  C:1828H         LINE#         83
  C:1839H         LINE#         84
  C:1839H         LINE#         85
  C:1842H         LINE#         86
  C:1844H         LINE#         88
  C:1844H         LINE#         89
  C:184DH         LINE#         90
  C:184DH         LINE#         91
  C:184FH         LINE#         93
  C:184FH         LINE#         94
  C:1858H         LINE#         95
  C:1858H         LINE#         96
  C:185AH         LINE#         97
  C:185AH         LINE#         98
  C:185CH         LINE#         99
  C:1870H         LINE#         100
  C:1870H         LINE#         101
  C:1879H         LINE#         102
  C:1887H         LINE#         103
  C:1887H         LINE#         104
  C:188EH         LINE#         105
  C:1890H         LINE#         107
  C:1890H         LINE#         108
  C:1897H         LINE#         109
  C:1897H         LINE#         110
  C:1897H         LINE#         111
  C:189AH         LINE#         112
  C:189AH         LINE#         113
  C:18A3H         LINE#         114
  C:18A3H         LINE#         115
  C:18A5H         LINE#         116
  C:18A8H         LINE#         117
  C:18A8H         LINE#         120
  C:18A8H         LINE#         121
  C:18A8H         LINE#         122
  C:18AAH         LINE#         123
  C:18ACH         LINE#         124
  C:18AEH         LINE#         125
  C:18B0H         LINE#         127
  C:18CBH         LINE#         128
  C:18D9H         LINE#         130
  C:18F0H         LINE#         131
  C:18F9H         LINE#         132
  C:18FBH         LINE#         134
  C:18FEH         LINE#         135
  C:18FEH         LINE#         138
  C:18FEH         LINE#         139
  C:18FEH         LINE#         140
  C:1900H         LINE#         141
  C:1902H         LINE#         142
  C:1904H         LINE#         143
  C:1906H         LINE#         145
  C:1919H         LINE#         146
  C:192BH         LINE#         147
  C:192BH         LINE#         148
  C:1934H         LINE#         149
BL51 BANKED LINKER/LOCATER V6.22                                                      12/15/2015  13:37:36  PAGE 13


  C:193DH         LINE#         150
  C:193DH         LINE#         151
  C:193FH         LINE#         153
  C:193FH         LINE#         154
  C:194CH         LINE#         155
  C:1955H         LINE#         156
  C:195EH         LINE#         157
  C:195EH         LINE#         158
  C:1961H         LINE#         159
  C:1961H         LINE#         161
  C:1961H         LINE#         162
  C:1961H         LINE#         163
  C:1963H         LINE#         164
  C:1965H         LINE#         165
  C:1967H         LINE#         166
  C:1969H         LINE#         168
  C:196FH         LINE#         169
  C:196FH         LINE#         170
  C:1978H         LINE#         171
  C:1978H         LINE#         172
  C:197BH         LINE#         173
  C:197BH         LINE#         176
  C:197BH         LINE#         177
  C:197BH         LINE#         178
  C:197DH         LINE#         179
  C:197FH         LINE#         180
  C:1981H         LINE#         181
  C:1983H         LINE#         183
  C:1985H         LINE#         184
  C:198BH         LINE#         185
  C:198BH         LINE#         186
  C:19A5H         LINE#         187
  C:19ADH         LINE#         188
  C:19B9H         LINE#         189
  C:19B9H         LINE#         190
  C:19C4H         LINE#         191
  C:19C4H         LINE#         192
  C:19D5H         LINE#         193
  C:19D5H         LINE#         194
  C:19DEH         LINE#         195
  C:19E0H         LINE#         197
  C:19E0H         LINE#         198
  C:19E9H         LINE#         199
  C:19E9H         LINE#         200
  C:19EBH         LINE#         202
  C:19EBH         LINE#         203
  C:19F4H         LINE#         204
  C:19F4H         LINE#         205
  C:19F6H         LINE#         206
  C:19F6H         LINE#         207
  C:19F8H         LINE#         208
  C:1A0CH         LINE#         209
  C:1A0CH         LINE#         210
  C:1A15H         LINE#         211
  C:1A23H         LINE#         212
  C:1A23H         LINE#         213
  C:1A2AH         LINE#         214
BL51 BANKED LINKER/LOCATER V6.22                                                      12/15/2015  13:37:36  PAGE 14


  C:1A2CH         LINE#         216
  C:1A2CH         LINE#         217
  C:1A33H         LINE#         218
  C:1A33H         LINE#         219
  C:1A33H         LINE#         220
  C:1A36H         LINE#         221
  C:1A36H         LINE#         222
  C:1A3FH         LINE#         223
  C:1A3FH         LINE#         225
  C:1A41H         LINE#         226
  C:1A44H         LINE#         227
  C:1A44H         LINE#         230
  C:1A44H         LINE#         231
  C:1A44H         LINE#         232
  C:1A46H         LINE#         233
  C:1A48H         LINE#         234
  C:1A4AH         LINE#         235
  C:1A4CH         LINE#         237
  C:1A67H         LINE#         238
  C:1A75H         LINE#         239
  C:1A8CH         LINE#         240
  C:1A95H         LINE#         241
  C:1A9CH         LINE#         242
  C:1A9EH         LINE#         243
  C:1A9EH         LINE#         246
  C:1A9EH         LINE#         247
  C:1A9EH         LINE#         248
  C:1AA0H         LINE#         249
  C:1AA2H         LINE#         250
  C:1AA4H         LINE#         251
  C:1AA6H         LINE#         253
  C:1AB9H         LINE#         254
  C:1ACBH         LINE#         255
  C:1ACBH         LINE#         256
  C:1AD4H         LINE#         257
  C:1AD4H         LINE#         258
  C:1AD6H         LINE#         260
  C:1AD6H         LINE#         261
  C:1AE3H         LINE#         262
  C:1AECH         LINE#         263
  C:1AF5H         LINE#         264
  C:1AF5H         LINE#         265
  C:1AF7H         LINE#         266
  C:1AF7H         LINE#         268
  C:1AF7H         LINE#         269
  C:1AF7H         LINE#         270
  C:1AF9H         LINE#         271
  C:1AFBH         LINE#         272
  C:1AFDH         LINE#         273
  C:1AFFH         LINE#         275
  C:1B02H         LINE#         276
  C:1B02H         LINE#         277
  C:1B0BH         LINE#         278
  C:1B0BH         LINE#         279
  C:1B0BH         LINE#         280
  C:1B0BH         LINE#         281
  C:1B0BH         LINE#         283
BL51 BANKED LINKER/LOCATER V6.22                                                      12/15/2015  13:37:36  PAGE 15


  C:1B0DH         LINE#         284
  -------         ENDPROC       TIMER2_ISR
  -------         PROC          MAIN
  -------         DO            
  D:0041H         SYMBOL        error_flag
  D:0042H         SYMBOL        array_name
  D:0044H         SYMBOL        number_of_entries
  -------         ENDDO         
  C:1B28H         LINE#         293
  C:1B28H         LINE#         294
  C:1B28H         LINE#         300
  C:1B2BH         LINE#         301
  C:1B2EH         LINE#         302
  C:1B31H         LINE#         304
  C:1B33H         LINE#         305
  C:1B36H         LINE#         306
  C:1B39H         LINE#         307
  C:1B44H         LINE#         308
  C:1B49H         LINE#         310
  C:1B5BH         LINE#         311
  C:1B60H         LINE#         312
  C:1B65H         LINE#         313
  C:1B6EH         LINE#         315
  C:1B71H         LINE#         316
  C:1B79H         LINE#         317
  C:1B84H         LINE#         319
  C:1B86H         LINE#         320
  C:1B8BH         LINE#         321
  C:1B8FH         LINE#         322
  C:1B8FH         LINE#         323
  C:1B91H         LINE#         324
  C:1BA3H         LINE#         325
  C:1BAFH         LINE#         326
  C:1BB4H         LINE#         327
  C:1BB9H         LINE#         328
  C:1BB9H         LINE#         330
  C:1BBCH         LINE#         331
  C:1BBFH         LINE#         332
  C:1BCAH         LINE#         333
  C:1BCEH         LINE#         334
  C:1BCEH         LINE#         335
  C:1BD0H         LINE#         336
  C:1BE2H         LINE#         337
  C:1BEEH         LINE#         338
  C:1BF3H         LINE#         339
  C:1BF8H         LINE#         340
  C:1BF8H         LINE#         343
  C:1C03H         LINE#         346
  C:1C05H         LINE#         349
  C:1C09H         LINE#         350
  C:1C09H         LINE#         351
  C:1C0BH         LINE#         352
  C:1C1DH         LINE#         353
  C:1C29H         LINE#         354
  C:1C2EH         LINE#         355
  C:1C33H         LINE#         356
  C:1C33H         LINE#         358
BL51 BANKED LINKER/LOCATER V6.22                                                      12/15/2015  13:37:36  PAGE 16


  C:1C36H         LINE#         359
  C:1C38H         LINE#         360
  C:1C3AH         LINE#         361
  C:1C3CH         LINE#         362
  C:1C3EH         LINE#         363
  C:1C40H         LINE#         365
  C:1C43H         LINE#         367
  C:1C45H         LINE#         368
  C:1C47H         LINE#         379
  C:1C59H         LINE#         386
  C:1C59H         LINE#         387
  C:1C59H         LINE#         388
  C:1C63H         LINE#         389
  C:1C6AH         LINE#         390
  C:1C6AH         LINE#         392
  C:1C6AH         LINE#         393
  C:1C7CH         LINE#         394
  C:1C84H         LINE#         395
  C:1CA6H         LINE#         396
  C:1CA6H         LINE#         397
  C:1CB8H         LINE#         398
  C:1CB8H         LINE#         399
  C:1CDAH         LINE#         400
  C:1CF6H         LINE#         401
  C:1D08H         LINE#         402
  C:1D1EH         LINE#         403
  C:1D23H         LINE#         404
  C:1D28H         LINE#         405
  C:1D36H         LINE#         406
  C:1D45H         LINE#         407
  C:1D45H         LINE#         408
  C:1D57H         LINE#         409
  C:1D5CH         LINE#         410
  C:1D61H         LINE#         411
  C:1D6EH         LINE#         412
  C:1D80H         LINE#         413
  C:1D96H         LINE#         414
  C:1D9BH         LINE#         415
  C:1DA0H         LINE#         416
  C:1DB2H         LINE#         417
  C:1DB2H         LINE#         418
  C:1DDFH         LINE#         419
  C:1DDFH         LINE#         420
  C:1DE8H         LINE#         421
  C:1DFAH         LINE#         423
  C:1E07H         LINE#         424
  C:1E22H         LINE#         425
  C:1E30H         LINE#         426
  C:1E47H         LINE#         427
  C:1E62H         LINE#         428
  C:1E70H         LINE#         429
  C:1E87H         LINE#         430
  C:1E90H         LINE#         434
  C:1E99H         LINE#         435
  C:1E9FH         LINE#         436
  C:1EA3H         LINE#         437
  C:1EA5H         LINE#         438
BL51 BANKED LINKER/LOCATER V6.22                                                      12/15/2015  13:37:36  PAGE 17


  C:1EA7H         LINE#         439
  C:1EB7H         LINE#         440
  C:1EB7H         LINE#         444
  C:1EB7H         LINE#         445
  C:1EB9H         LINE#         447
  C:1ECBH         LINE#         448
  C:1ECBH         LINE#         449
  C:1EDCH         LINE#         450
  C:1EDCH         LINE#         451
  C:1EDFH         LINE#         452
  C:1EDFH         LINE#         453
  C:1EE2H         LINE#         454
  C:1EE9H         LINE#         455
  C:1EE9H         LINE#         456
  C:1EEBH         LINE#         457
  C:1EF0H         LINE#         458
  C:1EF5H         LINE#         459
  C:1F07H         LINE#         460
  C:1F13H         LINE#         461
  C:1F18H         LINE#         462
  C:1F1DH         LINE#         463
  -------         ENDPROC       MAIN
  -------         ENDMOD        MAIN

  -------         MODULE        PRINT_BYTES
  C:0000H         SYMBOL        _ICE_DUMMY_
  D:0080H         PUBLIC        P0
  D:0090H         PUBLIC        P1
  D:00A0H         PUBLIC        P2
  D:00B0H         PUBLIC        P3
  D:00A8H         PUBLIC        IEN0
  D:00B8H         PUBLIC        IPL0
  C:3F2FH         PUBLIC        _print_16bytes
  D:00D8H         PUBLIC        CCON
  C:40ECH         PUBLIC        _print_memory
  D:0098H         PUBLIC        SCON
  D:0088H         PUBLIC        TCON
  D:00C8H         PUBLIC        T2CON
  D:00D0H         PUBLIC        PSW
  -------         PROC          _PRINT_16BYTES
  D:0001H         SYMBOL        array_in
  -------         DO            
  D:0067H         SYMBOL        input
  D:006AH         SYMBOL        index
  D:006BH         SYMBOL        dat
  -------         ENDDO         
  C:3F2FH         LINE#         16
  C:3F2FH         LINE#         17
  C:3F2FH         LINE#         20
  C:3F35H         LINE#         21
  C:3F44H         LINE#         22
  C:3F47H         LINE#         23
  C:3F47H         LINE#         24
  C:3F58H         LINE#         25
  C:3F63H         LINE#         26
  C:3F6CH         LINE#         27
  C:3F6FH         LINE#         28
BL51 BANKED LINKER/LOCATER V6.22                                                      12/15/2015  13:37:36  PAGE 18


  C:3F6FH         LINE#         29
  C:3F80H         LINE#         30
  C:3F8FH         LINE#         31
  C:3F94H         LINE#         32
  C:3F9DH         LINE#         33
  C:3FA2H         LINE#         34
  -------         ENDPROC       _PRINT_16BYTES
  -------         PROC          _PRINT_MEMORY
  D:005FH         SYMBOL        array_in
  D:0062H         SYMBOL        number_of_bytes
  -------         DO            
  D:0064H         SYMBOL        input
  D:0006H         SYMBOL        i
  -------         ENDDO         
  C:40ECH         LINE#         44
  C:40F6H         LINE#         45
  C:40F6H         LINE#         48
  C:40FCH         LINE#         49
  C:40FEH         LINE#         50
  C:4103H         LINE#         51
  C:4114H         LINE#         52
  C:411DH         LINE#         54
  C:411DH         LINE#         55
  C:4126H         LINE#         56
  C:4131H         LINE#         57
  C:414AH         LINE#         58
  -------         ENDPROC       _PRINT_MEMORY
  -------         ENDMOD        PRINT_BYTES

  -------         MODULE        SDCARD
  C:0000H         SYMBOL        _ICE_DUMMY_
  D:0080H         PUBLIC        P0
  D:0090H         PUBLIC        P1
  D:00A0H         PUBLIC        P2
  D:00B0H         PUBLIC        P3
  C:3E37H         PUBLIC        _trans_ACMD41
  B:00A0H.5       PUBLIC        LED2
  B:00A0H.7       PUBLIC        LED4
  C:4018H         PUBLIC        _read_block
  D:00A8H         PUBLIC        IEN0
  C:43D9H         PUBLIC        _trans_CMD0
  C:3DB5H         PUBLIC        _read_sector
  D:00B8H         PUBLIC        IPL0
  C:3C10H         PUBLIC        _get_response
  C:4398H         PUBLIC        _trans_CMD8
  D:00D8H         PUBLIC        CCON
  D:0098H         PUBLIC        SCON
  D:0088H         PUBLIC        TCON
  C:4209H         PUBLIC        _get_response_no_end_ISR
  C:3A1DH         PUBLIC        _send_command_ISR
  D:008EH         PUBLIC        AUXR
  B:0090H.4       PUBLIC        ncs
  C:3370H         PUBLIC        SDcard_init
  C:0003H         PUBLIC        _trans_CMD58
  C:3AC4H         PUBLIC        _read_block_ISR
  C:3CA6H         PUBLIC        _read_sector_ISR
  D:00C8H         PUBLIC        T2CON
BL51 BANKED LINKER/LOCATER V6.22                                                      12/15/2015  13:37:36  PAGE 19


  C:430CH         PUBLIC        _get_response_no_end
  C:3B73H         PUBLIC        _send_command
  D:00D0H         PUBLIC        PSW
  -------         PROC          SDCARD_INIT
  -------         DO            
  D:0046H         SYMBOL        return_value
  D:004BH         SYMBOL        error_flag
  D:004CH         SYMBOL        index
  D:004DH         SYMBOL        dat
  -------         ENDDO         
  C:3370H         LINE#         11
  C:3370H         LINE#         12
  C:3370H         LINE#         16
  C:3373H         LINE#         18
  C:3375H         LINE#         19
  C:3378H         LINE#         20
  C:3378H         LINE#         21
  C:3383H         LINE#         22
  C:338CH         LINE#         27
  C:3397H         LINE#         30
  C:339AH         LINE#         31
  C:339AH         LINE#         32
  C:33A2H         LINE#         33
  C:33ADH         LINE#         34
  C:33B6H         LINE#         35
  C:33BBH         LINE#         36
  C:33C0H         LINE#         37
  C:33C7H         LINE#         42
  C:33CBH         LINE#         43
  C:33CBH         LINE#         44
  C:33D5H         LINE#         45
  C:33D5H         LINE#         49
  C:33D8H         LINE#         50
  C:33D8H         LINE#         51
  C:33E0H         LINE#         52
  C:33EBH         LINE#         53
  C:33F4H         LINE#         54
  C:33F9H         LINE#         55
  C:33FEH         LINE#         56
  C:3405H         LINE#         59
  C:3409H         LINE#         60
  C:3409H         LINE#         61
  C:3413H         LINE#         62
  C:3419H         LINE#         63
  C:3419H         LINE#         64
  C:341CH         LINE#         65
  C:341EH         LINE#         66
  C:341EH         LINE#         67
  C:341EH         LINE#         71
  C:3421H         LINE#         72
  C:3421H         LINE#         73
  C:3429H         LINE#         74
  C:3434H         LINE#         75
  C:343DH         LINE#         76
  C:3442H         LINE#         77
  C:3447H         LINE#         78
  C:344EH         LINE#         81
BL51 BANKED LINKER/LOCATER V6.22                                                      12/15/2015  13:37:36  PAGE 20


  C:3452H         LINE#         82
  C:3452H         LINE#         83
  C:345CH         LINE#         84
  C:345CH         LINE#         88
  C:345FH         LINE#         89
  C:345FH         LINE#         90
  C:3467H         LINE#         91
  C:3472H         LINE#         92
  C:347BH         LINE#         93
  C:3480H         LINE#         94
  C:3485H         LINE#         95
  C:348CH         LINE#         98
  C:3490H         LINE#         99
  C:3490H         LINE#         100
  C:349AH         LINE#         101
  C:34A0H         LINE#         102
  C:34A0H         LINE#         104
  C:34A0H         LINE#         105
  C:34A5H         LINE#         106
  C:34A5H         LINE#         108
  C:34A8H         LINE#         109
  C:34AAH         LINE#         111
  C:34AAH         LINE#         112
  C:34ADH         LINE#         113
  C:34ADH         LINE#         114
  C:34ADH         LINE#         117
  C:34B0H         LINE#         118
  C:34B0H         LINE#         119
  C:34B8H         LINE#         120
  C:34C3H         LINE#         121
  C:34CCH         LINE#         122
  C:34D1H         LINE#         123
  C:34D6H         LINE#         124
  C:34DDH         LINE#         126
  C:34E1H         LINE#         127
  C:34E1H         LINE#         128
  C:34E3H         LINE#         129
  C:34E3H         LINE#         130
  C:34E5H         LINE#         132
  C:34E7H         LINE#         133
  -------         ENDPROC       SDCARD_INIT
  -------         PROC          _TRANS_CMD0
  D:004EH         SYMBOL        return_value
  -------         DO            
  D:0007H         SYMBOL        error_flag
  -------         ENDDO         
  C:43D9H         LINE#         150
  C:43DFH         LINE#         151
  C:43DFH         LINE#         155
  C:43E1H         LINE#         156
  C:43EEH         LINE#         157
  C:43F1H         LINE#         158
  C:43F1H         LINE#         159
  C:43FCH         LINE#         160
  C:43FCH         LINE#         161
  C:43FFH         LINE#         162
  C:43FFH         LINE#         163
BL51 BANKED LINKER/LOCATER V6.22                                                      12/15/2015  13:37:36  PAGE 21


  C:440CH         LINE#         164
  C:440CH         LINE#         165
  C:440EH         LINE#         166
  C:440EH         LINE#         167
  C:440EH         LINE#         168
  C:4410H         LINE#         170
  C:4410H         LINE#         171
  -------         ENDPROC       _TRANS_CMD0
  -------         PROC          _TRANS_CMD8
  D:004EH         SYMBOL        return_value
  -------         DO            
  D:0007H         SYMBOL        error_flag
  -------         ENDDO         
  C:4398H         LINE#         177
  C:439EH         LINE#         178
  C:439EH         LINE#         181
  C:43A0H         LINE#         182
  C:43B0H         LINE#         183
  C:43B3H         LINE#         184
  C:43B3H         LINE#         185
  C:43BEH         LINE#         186
  C:43BEH         LINE#         187
  C:43CBH         LINE#         188
  C:43CFH         LINE#         189
  C:43D4H         LINE#         190
  C:43D6H         LINE#         191
  C:43D8H         LINE#         192
  C:43D8H         LINE#         193
  -------         ENDPROC       _TRANS_CMD8
  -------         PROC          _TRANS_CMD58
  D:004EH         SYMBOL        return_value
  -------         DO            
  D:0007H         SYMBOL        error_flag
  -------         ENDDO         
  C:0003H         LINE#         199
  C:0009H         LINE#         200
  C:0009H         LINE#         203
  C:000BH         LINE#         204
  C:0019H         LINE#         205
  C:001CH         LINE#         206
  C:001CH         LINE#         207
  C:0027H         LINE#         208
  C:0027H         LINE#         209
  C:0029H         LINE#         210
  C:0029H         LINE#         211
  -------         ENDPROC       _TRANS_CMD58
  -------         PROC          _TRANS_ACMD41
  D:004EH         SYMBOL        return_value
  -------         DO            
  D:0007H         SYMBOL        error_flag
  D:0051H         SYMBOL        timeout
  D:0052H         SYMBOL        ACMD41_argum
  -------         ENDDO         
  C:3E37H         LINE#         216
  C:3E3DH         LINE#         217
  C:3E3DH         LINE#         219
  C:3E47H         LINE#         224
BL51 BANKED LINKER/LOCATER V6.22                                                      12/15/2015  13:37:36  PAGE 22


  C:3E49H         LINE#         227
  C:3E4BH         LINE#         229
  C:3E4BH         LINE#         230
  C:3E4DH         LINE#         231
  C:3E5BH         LINE#         232
  C:3E5EH         LINE#         233
  C:3E61H         LINE#         234
  C:3E71H         LINE#         235
  C:3E73H         LINE#         236
  C:3E76H         LINE#         237
  C:3E87H         LINE#         238
  C:3E8AH         LINE#         239
  C:3E8DH         LINE#         240
  C:3E9DH         LINE#         241
  C:3E9FH         LINE#         242
  C:3EA1H         LINE#         243
  C:3EABH         LINE#         244
  C:3EAFH         LINE#         245
  C:3EAFH         LINE#         246
  C:3EB1H         LINE#         247
  C:3EB1H         LINE#         248
  C:3EB3H         LINE#         250
  C:3EB3H         LINE#         251
  -------         ENDPROC       _TRANS_ACMD41
  -------         PROC          L?0177
  -------         ENDPROC       L?0177
  -------         PROC          _SEND_COMMAND
  D:0071H         SYMBOL        cmd
  D:0072H         SYMBOL        argum
  -------         DO            
  D:0076H         SYMBOL        error_flag
  D:0077H         SYMBOL        send_val
  D:0078H         SYMBOL        return_val
  D:0079H         SYMBOL        index
  -------         ENDDO         
  C:3B73H         LINE#         261
  C:3B75H         LINE#         262
  C:3B75H         LINE#         264
  C:3B7FH         LINE#         265
  C:3B7FH         LINE#         266
  C:3B85H         LINE#         267
  C:3B91H         LINE#         268
  C:3B94H         LINE#         269
  C:3BAFH         LINE#         270
  C:3BAFH         LINE#         271
  C:3BC0H         LINE#         272
  C:3BCBH         LINE#         273
  C:3BD1H         LINE#         274
  C:3BD3H         LINE#         275
  C:3BD7H         LINE#         276
  C:3BDCH         LINE#         277
  C:3BE1H         LINE#         278
  C:3BE6H         LINE#         280
  C:3BE9H         LINE#         281
  C:3BEDH         LINE#         282
  C:3BF9H         LINE#         283
  C:3BFDH         LINE#         284
BL51 BANKED LINKER/LOCATER V6.22                                                      12/15/2015  13:37:36  PAGE 23


  C:3C00H         LINE#         285
  C:3C02H         LINE#         287
  C:3C05H         LINE#         288
  C:3C07H         LINE#         289
  -------         ENDPROC       _SEND_COMMAND
  -------         PROC          _SEND_COMMAND_ISR
  D:003CH         SYMBOL        cmd
  D:003DH         SYMBOL        argum
  -------         DO            
  I:00E1H         SYMBOL        error_flag
  I:00E2H         SYMBOL        send_val
  I:00E3H         SYMBOL        return_val
  I:00E4H         SYMBOL        index
  -------         ENDDO         
  C:3A1DH         LINE#         295
  C:3A1FH         LINE#         296
  C:3A1FH         LINE#         298
  C:3A29H         LINE#         299
  C:3A29H         LINE#         300
  C:3A31H         LINE#         301
  C:3A3EH         LINE#         302
  C:3A42H         LINE#         303
  C:3A60H         LINE#         304
  C:3A60H         LINE#         305
  C:3A71H         LINE#         306
  C:3A7EH         LINE#         307
  C:3A84H         LINE#         308
  C:3A86H         LINE#         309
  C:3A8AH         LINE#         310
  C:3A90H         LINE#         311
  C:3A97H         LINE#         312
  C:3A9BH         LINE#         314
  C:3A9DH         LINE#         315
  C:3AA2H         LINE#         316
  C:3AB2H         LINE#         317
  C:3AB7H         LINE#         318
  C:3AB9H         LINE#         319
  C:3ABBH         LINE#         321
  C:3ABFH         LINE#         322
  C:3AC3H         LINE#         323
  -------         ENDPROC       _SEND_COMMAND_ISR
  -------         PROC          L?0178
  -------         ENDPROC       L?0178
  -------         PROC          _GET_RESPONSE
  D:0056H         SYMBOL        num_bytes
  D:0057H         SYMBOL        array_out
  -------         DO            
  D:005AH         SYMBOL        timeout
  D:005BH         SYMBOL        error_flag
  D:005CH         SYMBOL        recieve_value
  D:005DH         SYMBOL        index
  -------         ENDDO         
  C:3C10H         LINE#         327
  C:3C18H         LINE#         328
  C:3C18H         LINE#         331
  C:3C1BH         LINE#         332
  C:3C1DH         LINE#         334
BL51 BANKED LINKER/LOCATER V6.22                                                      12/15/2015  13:37:36  PAGE 24


  C:3C1DH         LINE#         335
  C:3C2AH         LINE#         336
  C:3C2CH         LINE#         337
  C:3C39H         LINE#         338
  C:3C44H         LINE#         339
  C:3C48H         LINE#         340
  C:3C4DH         LINE#         341
  C:3C51H         LINE#         342
  C:3C53H         LINE#         343
  C:3C5DH         LINE#         344
  C:3C62H         LINE#         345
  C:3C69H         LINE#         346
  C:3C69H         LINE#         347
  C:3C73H         LINE#         348
  C:3C73H         LINE#         349
  C:3C7EH         LINE#         350
  C:3C8FH         LINE#         351
  C:3C93H         LINE#         352
  C:3C93H         LINE#         353
  C:3C97H         LINE#         354
  C:3CA3H         LINE#         355
  C:3CA5H         LINE#         356
  -------         ENDPROC       _GET_RESPONSE
  C:4306H         SYMBOL        L?0174
  -------         PROC          L?0173
  -------         ENDPROC       L?0173
  C:4306H         SYMBOL        L?0174
  -------         PROC          _GET_RESPONSE_NO_END
  D:0071H         SYMBOL        num_bytes
  D:0073H         SYMBOL        array_out
  -------         DO            
  D:0076H         SYMBOL        timeout
  D:0077H         SYMBOL        error_flag
  D:0078H         SYMBOL        recieve_value
  D:0079H         SYMBOL        index
  -------         ENDDO         
  C:430CH         LINE#         362
  C:4316H         LINE#         363
  C:4316H         LINE#         366
  C:4319H         LINE#         367
  C:431BH         LINE#         368
  C:432AH         LINE#         369
  C:432AH         LINE#         370
  C:4335H         LINE#         371
  C:4346H         LINE#         372
  C:4350H         LINE#         373
  C:4352H         LINE#         374
  -------         ENDPROC       _GET_RESPONSE_NO_END
  C:4203H         SYMBOL        L?0176
  -------         PROC          L?0175
  -------         ENDPROC       L?0175
  C:4203H         SYMBOL        L?0176
  -------         PROC          _GET_RESPONSE_NO_END_ISR
  D:003CH         SYMBOL        num_bytes
  D:003EH         SYMBOL        array_out
  -------         DO            
  I:00E1H         SYMBOL        timeout
BL51 BANKED LINKER/LOCATER V6.22                                                      12/15/2015  13:37:36  PAGE 25


  I:00E2H         SYMBOL        error_flag
  I:00E3H         SYMBOL        recieve_value
  I:00E4H         SYMBOL        index
  -------         ENDDO         
  C:4209H         LINE#         379
  C:4213H         LINE#         380
  C:4213H         LINE#         383
  C:4217H         LINE#         384
  C:4219H         LINE#         385
  C:422AH         LINE#         386
  C:422AH         LINE#         387
  C:4235H         LINE#         388
  C:424CH         LINE#         389
  C:4256H         LINE#         390
  C:425AH         LINE#         391
  -------         ENDPROC       _GET_RESPONSE_NO_END_ISR
  -------         PROC          _READ_BLOCK
  D:0064H         SYMBOL        block_number
  D:0068H         SYMBOL        block_info
  -------         DO            
  D:0007H         SYMBOL        error_flag
  D:006BH         SYMBOL        timeout
  D:006CH         SYMBOL        return_value
  -------         ENDDO         
  C:4018H         LINE#         399
  C:4026H         LINE#         400
  C:4026H         LINE#         403
  C:4028H         LINE#         404
  C:402BH         LINE#         405
  C:402EH         LINE#         407
  C:402EH         LINE#         408
  C:4030H         LINE#         409
  C:4033H         LINE#         410
  C:4036H         LINE#         411
  C:403EH         LINE#         414
  C:4042H         LINE#         415
  C:4042H         LINE#         416
  C:4044H         LINE#         417
  C:4044H         LINE#         418
  C:4047H         LINE#         420
  C:4047H         LINE#         421
  C:4049H         LINE#         422
  C:404CH         LINE#         423
  C:404FH         LINE#         424
  C:405CH         LINE#         428
  C:4060H         LINE#         429
  C:4060H         LINE#         430
  C:4062H         LINE#         431
  C:4062H         LINE#         432
  C:4068H         LINE#         433
  C:4068H         LINE#         434
  C:406AH         LINE#         435
  C:406AH         LINE#         436
  C:406DH         LINE#         437
  C:406DH         LINE#         438
  C:4079H         LINE#         439
  C:4079H         LINE#         440
BL51 BANKED LINKER/LOCATER V6.22                                                      12/15/2015  13:37:36  PAGE 26


  C:407CH         LINE#         441
  C:407CH         LINE#         442
  C:4081H         LINE#         444
  C:4081H         LINE#         445
  C:4083H         LINE#         447
  C:4083H         LINE#         449
  -------         ENDPROC       _READ_BLOCK
  -------         PROC          _READ_BLOCK_ISR
  D:0035H         SYMBOL        block_number
  D:0039H         SYMBOL        block_info
  -------         DO            
  I:00DAH         SYMBOL        error_flag
  I:00DBH         SYMBOL        timeout
  I:00DCH         SYMBOL        return_value
  -------         ENDDO         
  C:3AC4H         LINE#         452
  C:3AD2H         LINE#         453
  C:3AD2H         LINE#         456
  C:3AD4H         LINE#         457
  C:3AD8H         LINE#         458
  C:3AEDH         LINE#         460
  C:3AEDH         LINE#         461
  C:3AF0H         LINE#         462
  C:3AF4H         LINE#         463
  C:3AFBH         LINE#         464
  C:3B04H         LINE#         467
  C:3B09H         LINE#         468
  C:3B09H         LINE#         469
  C:3B0CH         LINE#         470
  C:3B0CH         LINE#         471
  C:3B10H         LINE#         473
  C:3B10H         LINE#         474
  C:3B13H         LINE#         475
  C:3B17H         LINE#         476
  C:3B1EH         LINE#         477
  C:3B2EH         LINE#         481
  C:3B33H         LINE#         482
  C:3B33H         LINE#         483
  C:3B36H         LINE#         484
  C:3B36H         LINE#         485
  C:3B3BH         LINE#         486
  C:3B3BH         LINE#         487
  C:3B3FH         LINE#         488
  C:3B3FH         LINE#         489
  C:3B44H         LINE#         490
  C:3B44H         LINE#         491
  C:3B54H         LINE#         492
  C:3B54H         LINE#         493
  C:3B59H         LINE#         494
  C:3B59H         LINE#         495
  C:3B62H         LINE#         497
  C:3B62H         LINE#         498
  C:3B64H         LINE#         500
  C:3B68H         LINE#         502
  -------         ENDPROC       _READ_BLOCK_ISR
  -------         PROC          _READ_SECTOR
  D:0046H         SYMBOL        block_number
BL51 BANKED LINKER/LOCATER V6.22                                                      12/15/2015  13:37:36  PAGE 27


  D:004AH         SYMBOL        block_info
  -------         DO            
  D:0007H         SYMBOL        error_flag
  D:004DH         SYMBOL        timeout
  D:004EH         SYMBOL        return_value
  -------         ENDDO         
  C:3DB5H         LINE#         506
  C:3DC3H         LINE#         507
  C:3DC3H         LINE#         510
  C:3DC5H         LINE#         511
  C:3DC8H         LINE#         512
  C:3DCBH         LINE#         514
  C:3DCBH         LINE#         515
  C:3DCDH         LINE#         516
  C:3DD0H         LINE#         517
  C:3DDBH         LINE#         518
  C:3DE3H         LINE#         521
  C:3DE7H         LINE#         522
  C:3DE7H         LINE#         523
  C:3DE9H         LINE#         524
  C:3DE9H         LINE#         525
  C:3DECH         LINE#         527
  C:3DECH         LINE#         528
  C:3DEEH         LINE#         529
  C:3DF1H         LINE#         530
  C:3DFCH         LINE#         531
  C:3E09H         LINE#         535
  C:3E0DH         LINE#         536
  C:3E0DH         LINE#         537
  C:3E0FH         LINE#         538
  C:3E0FH         LINE#         539
  C:3E15H         LINE#         540
  C:3E15H         LINE#         541
  C:3E17H         LINE#         542
  C:3E17H         LINE#         543
  C:3E1AH         LINE#         544
  C:3E1AH         LINE#         545
  C:3E26H         LINE#         546
  C:3E26H         LINE#         547
  C:3E29H         LINE#         548
  C:3E29H         LINE#         549
  C:3E34H         LINE#         551
  C:3E34H         LINE#         552
  C:3E36H         LINE#         554
  C:3E36H         LINE#         556
  -------         ENDPROC       _READ_SECTOR
  -------         PROC          _READ_SECTOR_ISR
  D:0023H         SYMBOL        block_number
  D:0027H         SYMBOL        block_info
  -------         DO            
  D:0007H         SYMBOL        error_flag
  D:002AH         SYMBOL        timeout
  D:002BH         SYMBOL        return_value
  -------         ENDDO         
  C:3CA6H         LINE#         562
  C:3CB4H         LINE#         563
  C:3CB4H         LINE#         566
BL51 BANKED LINKER/LOCATER V6.22                                                      12/15/2015  13:37:36  PAGE 28


  C:3CB6H         LINE#         567
  C:3CB9H         LINE#         568
  C:3CC6H         LINE#         570
  C:3CC6H         LINE#         571
  C:3CC8H         LINE#         572
  C:3CCBH         LINE#         573
  C:3CD6H         LINE#         574
  C:3CDEH         LINE#         577
  C:3CE2H         LINE#         578
  C:3CE2H         LINE#         579
  C:3CE4H         LINE#         580
  C:3CE4H         LINE#         581
  C:3CE7H         LINE#         583
  C:3CE7H         LINE#         584
  C:3CE9H         LINE#         585
  C:3CECH         LINE#         586
  C:3CF7H         LINE#         587
  C:3D04H         LINE#         591
  C:3D08H         LINE#         592
  C:3D08H         LINE#         593
  C:3D0AH         LINE#         594
  C:3D0AH         LINE#         595
  C:3D10H         LINE#         596
  C:3D10H         LINE#         597
  C:3D12H         LINE#         598
  C:3D12H         LINE#         599
  C:3D15H         LINE#         600
  C:3D15H         LINE#         601
  C:3D21H         LINE#         602
  C:3D21H         LINE#         603
  C:3D24H         LINE#         604
  C:3D24H         LINE#         605
  C:3D2FH         LINE#         607
  C:3D2FH         LINE#         608
  C:3D31H         LINE#         610
  C:3D31H         LINE#         612
  -------         ENDPROC       _READ_SECTOR_ISR
  -------         ENDMOD        SDCARD

  -------         MODULE        SPI
  C:0000H         SYMBOL        _ICE_DUMMY_
  D:0080H         PUBLIC        P0
  D:0090H         PUBLIC        P1
  D:00A0H         PUBLIC        P2
  D:00B0H         PUBLIC        P3
  D:00C3H         PUBLIC        SPCON
  C:4447H         PUBLIC        _SPI_transfer_ISR
  D:00C4H         PUBLIC        SPSTA
  D:00A8H         PUBLIC        IEN0
  D:00B8H         PUBLIC        IPL0
  D:00D8H         PUBLIC        CCON
  D:0098H         PUBLIC        SCON
  D:0088H         PUBLIC        TCON
  C:44E4H         PUBLIC        _SPI_transfer
  D:00C8H         PUBLIC        T2CON
  C:4084H         PUBLIC        _SPI_master_init
  D:00D0H         PUBLIC        PSW
BL51 BANKED LINKER/LOCATER V6.22                                                      12/15/2015  13:37:36  PAGE 29


  D:00C5H         PUBLIC        SPDAT
  -------         PROC          _SPI_MASTER_INIT
  D:0004H         SYMBOL        SCLR_FREQ
  -------         DO            
  D:0007H         SYMBOL        divider
  D:0046H         SYMBOL        return_val
  -------         ENDDO         
  C:4084H         LINE#         6
  C:4084H         LINE#         7
  C:4084H         LINE#         9
  C:4087H         LINE#         10
  C:4099H         LINE#         11
  C:409FH         LINE#         12
  C:40A4H         LINE#         13
  C:40AAH         LINE#         14
  C:40AFH         LINE#         15
  C:40B5H         LINE#         16
  C:40BAH         LINE#         17
  C:40C0H         LINE#         18
  C:40C5H         LINE#         19
  C:40CBH         LINE#         20
  C:40D0H         LINE#         21
  C:40D6H         LINE#         22
  C:40DBH         LINE#         23
  C:40E1H         LINE#         24
  C:40E6H         LINE#         26
  C:40E9H         LINE#         27
  C:40EBH         LINE#         28
  -------         ENDPROC       _SPI_MASTER_INIT
  -------         PROC          _SPI_TRANSFER
  D:0007H         SYMBOL        data_input
  D:0001H         SYMBOL        data_output
  -------         DO            
  D:0007H         SYMBOL        test
  D:0006H         SYMBOL        timeout
  -------         ENDDO         
  C:44E4H         LINE#         32
  C:44E4H         LINE#         33
  C:44E4H         LINE#         35
  C:44E6H         LINE#         36
  C:44E8H         LINE#         38
  C:44E8H         LINE#         39
  C:44EAH         LINE#         40
  C:44EBH         LINE#         41
  C:44F2H         LINE#         42
  C:44F5H         LINE#         43
  C:44F5H         LINE#         44
  C:44FAH         LINE#         45
  C:44FEH         LINE#         46
  C:4500H         LINE#         48
  C:4500H         LINE#         49
  C:4502H         LINE#         50
  C:4502H         LINE#         51
  C:4504H         LINE#         52
  -------         ENDPROC       _SPI_TRANSFER
  -------         PROC          _SPI_TRANSFER_ISR
  D:0007H         SYMBOL        data_input
BL51 BANKED LINKER/LOCATER V6.22                                                      12/15/2015  13:37:36  PAGE 30


  D:0001H         SYMBOL        data_output
  -------         DO            
  D:0007H         SYMBOL        test
  D:0006H         SYMBOL        timeout
  -------         ENDDO         
  C:4447H         LINE#         58
  C:4447H         LINE#         59
  C:4447H         LINE#         61
  C:4449H         LINE#         62
  C:444BH         LINE#         64
  C:444BH         LINE#         65
  C:444DH         LINE#         66
  C:444EH         LINE#         67
  C:4456H         LINE#         68
  C:4459H         LINE#         69
  C:4459H         LINE#         70
  C:445EH         LINE#         71
  C:445EH         LINE#         72
  C:4463H         LINE#         73
  C:4467H         LINE#         74
  C:4469H         LINE#         76
  C:4469H         LINE#         77
  C:446BH         LINE#         78
  C:446BH         LINE#         79
  C:446DH         LINE#         81
  C:446DH         LINE#         82
  C:446FH         LINE#         83
  C:446FH         LINE#         84
  C:4471H         LINE#         85
  -------         ENDPROC       _SPI_TRANSFER_ISR
  -------         ENDMOD        SPI

  -------         MODULE        UART
  C:0000H         SYMBOL        _ICE_DUMMY_
  D:0080H         PUBLIC        P0
  D:0090H         PUBLIC        P1
  D:00A0H         PUBLIC        P2
  D:00B0H         PUBLIC        P3
  D:00A8H         PUBLIC        IEN0
  D:00B8H         PUBLIC        IPL0
  B:00A8H.4       PUBLIC        ES
  B:0098H.1       PUBLIC        TI
  D:00D8H         PUBLIC        CCON
  D:0087H         PUBLIC        PCON
  C:4526H         PUBLIC        UART_Init
  D:0098H         PUBLIC        SCON
  D:0088H         PUBLIC        TCON
  D:009BH         PUBLIC        BDRCON
  D:009AH         PUBLIC        BRL
  D:00C8H         PUBLIC        T2CON
  D:00D0H         PUBLIC        PSW
  -------         PROC          UART_INIT
  C:4526H         LINE#         5
  C:4526H         LINE#         6
  C:4526H         LINE#         12
  C:4529H         LINE#         13
  C:452CH         LINE#         14
BL51 BANKED LINKER/LOCATER V6.22                                                      12/15/2015  13:37:36  PAGE 31


  C:452FH         LINE#         15
  C:4532H         LINE#         16
  C:4535H         LINE#         17
  C:4538H         LINE#         18
  C:453BH         LINE#         19
  C:453DH         LINE#         20
  C:453FH         LINE#         21
  C:4541H         LINE#         22
  -------         ENDPROC       UART_INIT
  -------         ENDMOD        UART

  -------         MODULE        DIRECTORY_FUNCTIONS
  C:0000H         SYMBOL        _ICE_DUMMY_
  D:0080H         PUBLIC        P0
  D:0090H         PUBLIC        P1
  D:00A0H         PUBLIC        P2
  D:00B0H         PUBLIC        P3
  I:0080H         PUBLIC        MBR_RelSec
  C:3D3AH         PUBLIC        _read32
  I:0084H         PUBLIC        BPB_BytesPerSec
  C:4263H         PUBLIC        _read16
  B:00A0H.5       PUBLIC        LED2
  D:00A8H         PUBLIC        IEN0
  I:0086H         PUBLIC        BPB_SecPerClus
  D:00B8H         PUBLIC        IPL0
  I:0087H         PUBLIC        BPB_RsvdSecCnt
  C:34E8H         PUBLIC        _first_sector
  I:0089H         PUBLIC        FATtype
  I:008AH         PUBLIC        BPB_HiddenSec
  D:00D8H         PUBLIC        CCON
  I:008EH         PUBLIC        FirstDataSec
  I:0092H         PUBLIC        BPB_RootEntCnt
  C:2E4AH         PUBLIC        _Print_Directory
  C:3897H         PUBLIC        _find_next_cluster
  C:0FFEH         PUBLIC        _mount_drive
  D:0098H         PUBLIC        SCON
  D:0088H         PUBLIC        TCON
  I:0094H         PUBLIC        BPB_NumFATs
  I:0095H         PUBLIC        StartofFAT
  I:0099H         PUBLIC        BPB_FATSz32
  B:0090H.4       PUBLIC        ncs
  I:009DH         PUBLIC        BPB_FATSz16
  C:3EB4H         PUBLIC        _read32_ISR
  I:009FH         PUBLIC        BPB_Root_Clus
  C:4514H         PUBLIC        _read8
  I:00A3H         PUBLIC        RootDirSec
  D:00C8H         PUBLIC        T2CON
  C:414BH         PUBLIC        _first_sector_ISR
  I:00A7H         PUBLIC        FirstRootDirSec
  I:00ABH         PUBLIC        BPB_TotSec32
  I:00AFH         PUBLIC        BPB_TotSec16
  C:2C16H         PUBLIC        _Read_Dir_Entry
  D:00D0H         PUBLIC        PSW
  C:395AH         PUBLIC        _find_next_cluster_ISR
  -------         PROC          L?0095
  -------         ENDPROC       L?0095
  -------         PROC          _READ32
BL51 BANKED LINKER/LOCATER V6.22                                                      12/15/2015  13:37:36  PAGE 32


  D:005FH         SYMBOL        offset_address
  D:0061H         SYMBOL        array_name
  -------         DO            
  D:0064H         SYMBOL        return_value
  D:0068H         SYMBOL        temp
  D:0069H         SYMBOL        index
  -------         ENDDO         
  C:3D3AH         LINE#         36
  C:3D44H         LINE#         37
  C:3D44H         LINE#         38
  C:3D4BH         LINE#         39
  C:3D4BH         LINE#         40
  C:3D54H         LINE#         42
  C:3D56H         LINE#         43
  C:3D56H         LINE#         44
  C:3D77H         LINE#         45
  C:3D8CH         LINE#         46
  C:3D9EH         LINE#         47
  C:3DA5H         LINE#         48
  C:3DAEH         LINE#         49
  C:3DAEH         LINE#         51
  C:3DB4H         LINE#         52
  -------         ENDPROC       _READ32
  -------         PROC          _READ32_ISR
  D:0035H         SYMBOL        offset_address
  D:0037H         SYMBOL        array_name
  -------         DO            
  D:003AH         SYMBOL        return_value
  D:003EH         SYMBOL        temp
  D:003FH         SYMBOL        index
  -------         ENDDO         
  C:3EB4H         LINE#         54
  C:3EBEH         LINE#         55
  C:3EBEH         LINE#         56
  C:3EC5H         LINE#         57
  C:3EC5H         LINE#         58
  C:3ECEH         LINE#         60
  C:3ED0H         LINE#         61
  C:3ED0H         LINE#         62
  C:3EF1H         LINE#         63
  C:3F06H         LINE#         64
  C:3F18H         LINE#         65
  C:3F1FH         LINE#         66
  C:3F28H         LINE#         67
  C:3F28H         LINE#         69
  C:3F2EH         LINE#         70
  -------         ENDPROC       _READ32_ISR
  -------         PROC          L?0094
  -------         ENDPROC       L?0094
  -------         PROC          _READ16
  D:005FH         SYMBOL        offset_address
  D:0061H         SYMBOL        array_name
  -------         DO            
  D:0064H         SYMBOL        return_value
  D:0004H         SYMBOL        temp
  D:0005H         SYMBOL        index
  -------         ENDDO         
BL51 BANKED LINKER/LOCATER V6.22                                                      12/15/2015  13:37:36  PAGE 33


  C:4263H         LINE#         72
  C:426DH         LINE#         73
  C:426DH         LINE#         74
  C:4272H         LINE#         76
  C:4279H         LINE#         77
  C:4279H         LINE#         78
  C:427BH         LINE#         79
  C:427BH         LINE#         80
  C:429CH         LINE#         81
  C:42A3H         LINE#         82
  C:42A6H         LINE#         83
  C:42AAH         LINE#         84
  C:42AFH         LINE#         85
  C:42AFH         LINE#         87
  C:42AFH         LINE#         88
  C:42B3H         LINE#         89
  C:42B3H         LINE#         90
  -------         ENDPROC       _READ16
  C:4509H         SYMBOL        L?0093
  -------         PROC          L?0092
  -------         ENDPROC       L?0092
  C:4509H         SYMBOL        L?0093
  -------         PROC          _READ8
  D:0006H         SYMBOL        offset_address
  D:0001H         SYMBOL        array_name
  -------         DO            
  D:0005H         SYMBOL        return_value
  D:0007H         SYMBOL        temp
  -------         ENDDO         
  C:4514H         LINE#         92
  C:4514H         LINE#         93
  C:4514H         LINE#         94
  C:4514H         LINE#         96
  C:451AH         LINE#         97
  C:451AH         LINE#         98
  C:4521H         LINE#         99
  C:4521H         LINE#         100
  C:4521H         LINE#         101
  C:4523H         LINE#         102
  C:4523H         LINE#         104
  C:4523H         LINE#         105
  C:4525H         LINE#         106
  C:4525H         LINE#         107
  -------         ENDPROC       _READ8
  -------         PROC          _MOUNT_DRIVE
  D:0046H         SYMBOL        sector
  -------         DO            
  D:0048H         SYMBOL        error_flag
  D:0049H         SYMBOL        numofFATSectors
  D:004BH         SYMBOL        bpb_sector
  D:004FH         SYMBOL        FATSz
  D:0053H         SYMBOL        totSec
  D:0057H         SYMBOL        countofClusters
  D:005BH         SYMBOL        DataSec
  -------         ENDDO         
  C:0FFEH         LINE#         109
  C:1002H         LINE#         110
BL51 BANKED LINKER/LOCATER V6.22                                                      12/15/2015  13:37:36  PAGE 34


  C:1002H         LINE#         115
  C:1005H         LINE#         117
  C:1012H         LINE#         118
  C:101FH         LINE#         119
  C:103EH         LINE#         120
  C:103EH         LINE#         121
  C:104DH         LINE#         122
  C:105AH         LINE#         123
  C:106CH         LINE#         124
  C:1081H         LINE#         125
  C:1086H         LINE#         126
  C:108BH         LINE#         127
  C:108DH         LINE#         129
  C:108DH         LINE#         130
  C:1090H         LINE#         131
  C:1090H         LINE#         132
  C:1097H         LINE#         133
  C:1097H         LINE#         134
  C:10A8H         LINE#         135
  C:10B5H         LINE#         137
  C:10C7H         LINE#         138
  C:10D3H         LINE#         139
  C:10E4H         LINE#         140
  C:10E9H         LINE#         141
  C:10EEH         LINE#         143
  C:1100H         LINE#         144
  C:1111H         LINE#         145
  C:111DH         LINE#         146
  C:1122H         LINE#         147
  C:1127H         LINE#         149
  C:1139H         LINE#         150
  C:1145H         LINE#         151
  C:1156H         LINE#         152
  C:115BH         LINE#         153
  C:1160H         LINE#         155
  C:1172H         LINE#         156
  C:1183H         LINE#         157
  C:118FH         LINE#         158
  C:1194H         LINE#         159
  C:1199H         LINE#         161
  C:11ABH         LINE#         162
  C:11BFH         LINE#         163
  C:11D0H         LINE#         164
  C:11D5H         LINE#         165
  C:11DAH         LINE#         167
  C:11ECH         LINE#         168
  C:1200H         LINE#         169
  C:1211H         LINE#         170
  C:1216H         LINE#         171
  C:121BH         LINE#         173
  C:122DH         LINE#         174
  C:1241H         LINE#         175
  C:1252H         LINE#         176
  C:1257H         LINE#         177
  C:125CH         LINE#         179
  C:126EH         LINE#         180
  C:1278H         LINE#         181
BL51 BANKED LINKER/LOCATER V6.22                                                      12/15/2015  13:37:36  PAGE 35


  C:128EH         LINE#         182
  C:1293H         LINE#         183
  C:1298H         LINE#         185
  C:12AAH         LINE#         186
  C:12B4H         LINE#         187
  C:12CAH         LINE#         188
  C:12CFH         LINE#         189
  C:12D4H         LINE#         191
  C:12E6H         LINE#         192
  C:12F8H         LINE#         193
  C:130EH         LINE#         194
  C:1313H         LINE#         195
  C:1318H         LINE#         197
  C:132AH         LINE#         198
  C:133CH         LINE#         199
  C:1352H         LINE#         200
  C:1357H         LINE#         201
  C:135CH         LINE#         203
  C:136EH         LINE#         204
  C:139CH         LINE#         205
  C:13B2H         LINE#         206
  C:13B7H         LINE#         207
  C:13BCH         LINE#         211
  C:13C3H         LINE#         212
  C:13C3H         LINE#         213
  C:13D0H         LINE#         214
  C:13E2H         LINE#         215
  C:13F4H         LINE#         216
[...]
  C:1FDDH         LINE#         247
  C:1FE0H         LINE#         248
  C:1FE0H         LINE#         249
  C:1FE0H         LINE#         252
  C:1FEAH         LINE#         253
  C:1FEAH         LINE#         254
  C:1FF4H         LINE#         255
  C:1FF4H         LINE#         256
  C:1FF9H         LINE#         257
  C:1FFBH         LINE#         258
  C:200BH         LINE#         259
  C:2033H         LINE#         260
  C:2038H         LINE#         261
  C:203DH         LINE#         262
  C:203FH         LINE#         263
  C:2042H         LINE#         264
  C:2049H         LINE#         265
  C:2049H         LINE#         266
  C:204BH         LINE#         267
  C:204DH         LINE#         268
  C:2051H         LINE#         269
  C:2051H         LINE#         270
  C:2054H         LINE#         271
  C:2054H         LINE#         272
  C:2058H         LINE#         273
  C:2058H         LINE#         274
  C:205DH         LINE#         275
  C:2065H         LINE#         276
  C:2065H         LINE#         277
  C:2068H         LINE#         278
  C:2068H         LINE#         279
  C:2068H         LINE#         281
  C:206CH         LINE#         284
  C:2070H         LINE#         285
  C:2070H         LINE#         286
  C:2075H         LINE#         287
  C:2075H         LINE#         288
  C:2075H         LINE#         289
  C:2078H         LINE#         290
  C:207AH         LINE#         291
  C:207DH         LINE#         292
  C:2084H         LINE#         293
  C:2084H         LINE#         294
  C:2086H         LINE#         295
  C:2088H         LINE#         296
  C:208CH         LINE#         297
  C:208CH         LINE#         298
  C:208FH         LINE#         299
  C:208FH         LINE#         300
  C:208FH         LINE#         301
  C:2093H         LINE#         302
  C:2093H         LINE#         303
  C:2096H         LINE#         304
  C:2096H         LINE#         305
  C:2099H         LINE#         306
BL51 BANKED LINKER/LOCATER V6.22                                                      12/15/2015  13:37:36  PAGE 47


  C:2099H         LINE#         307
  C:2099H         LINE#         308
  C:20A5H         LINE#         312
  C:20AAH         LINE#         313
  C:20ACH         LINE#         314
  C:20AEH         LINE#         315
  C:20B1H         LINE#         316
  C:20B6H         LINE#         317
  C:20B8H         LINE#         318
  C:20BBH         LINE#         319
  C:20C2H         LINE#         320
  C:20C2H         LINE#         321
  C:20C4H         LINE#         322
  C:20C6H         LINE#         323
  C:20CAH         LINE#         324
  C:20CAH         LINE#         325
  C:20CDH         LINE#         326
  C:20CDH         LINE#         327
  C:20D1H         LINE#         328
  C:20D1H         LINE#         329
  C:20D8H         LINE#         330
  C:20D8H         LINE#         331
  C:20DBH         LINE#         332
  C:20DBH         LINE#         333
  C:20DBH         LINE#         334
  C:20DDH         LINE#         341
  C:20E3H         LINE#         342
  C:20E3H         LINE#         343
  C:20E6H         LINE#         344
  C:20E6H         LINE#         345
  C:20E9H         LINE#         346
  C:20F1H         LINE#         347
  C:20F3H         LINE#         348
  C:20F5H         LINE#         355
  C:2103H         LINE#         356
  C:2103H         LINE#         357
  C:2108H         LINE#         358
  C:210AH         LINE#         359
  C:2131H         LINE#         360
  C:2136H         LINE#         361
  C:213BH         LINE#         362
  C:213DH         LINE#         363
  C:2140H         LINE#         364
  C:2147H         LINE#         365
  C:2147H         LINE#         366
  C:2149H         LINE#         367
  C:214BH         LINE#         368
  C:214FH         LINE#         369
  C:214FH         LINE#         370
  C:2152H         LINE#         371
  C:2152H         LINE#         372
  C:2156H         LINE#         373
  C:2156H         LINE#         374
  C:215DH         LINE#         375
  C:215DH         LINE#         376
  C:2160H         LINE#         377
  C:2160H         LINE#         378
BL51 BANKED LINKER/LOCATER V6.22                                                      12/15/2015  13:37:36  PAGE 48


  C:2160H         LINE#         379
  C:2164H         LINE#         382
  C:2168H         LINE#         383
  C:2168H         LINE#         384
  C:216DH         LINE#         385
  C:216DH         LINE#         386
  C:216DH         LINE#         387
  C:2170H         LINE#         388
  C:2172H         LINE#         389
  C:2175H         LINE#         390
  C:217CH         LINE#         391
  C:217CH         LINE#         392
  C:217EH         LINE#         393
  C:2180H         LINE#         394
  C:2184H         LINE#         395
  C:2184H         LINE#         396
  C:2187H         LINE#         397
  C:2187H         LINE#         398
  C:2187H         LINE#         399
  C:218BH         LINE#         400
  C:218BH         LINE#         401
  C:218EH         LINE#         402
  C:218EH         LINE#         403
  C:2191H         LINE#         404
  C:2191H         LINE#         405
  C:2191H         LINE#         411
  C:21A5H         LINE#         412
  C:21A5H         LINE#         413
  C:21B7H         LINE#         414
  C:21C1H         LINE#         415
  C:21C1H         LINE#         416
  C:21C6H         LINE#         417
  C:21C8H         LINE#         419
  C:21CDH         LINE#         420
  C:21CFH         LINE#         421
  C:21D2H         LINE#         422
  C:21D9H         LINE#         423
  C:21D9H         LINE#         424
  C:21DBH         LINE#         425
  C:21DDH         LINE#         426
  C:21E1H         LINE#         427
  C:21E1H         LINE#         428
  C:21E4H         LINE#         429
  C:21E4H         LINE#         430
  C:21E8H         LINE#         431
  C:21E8H         LINE#         432
  C:21EDH         LINE#         433
  C:220DH         LINE#         434
  C:220DH         LINE#         435
  C:2211H         LINE#         438
  C:2215H         LINE#         439
  C:2215H         LINE#         440
  C:221AH         LINE#         441
  C:221CH         LINE#         442
  C:2222H         LINE#         443
  C:2222H         LINE#         444
  C:2224H         LINE#         445
BL51 BANKED LINKER/LOCATER V6.22                                                      12/15/2015  13:37:36  PAGE 49


  C:2226H         LINE#         447
  C:2226H         LINE#         448
  C:2228H         LINE#         449
  C:2228H         LINE#         450
  C:222DH         LINE#         451
  C:222FH         LINE#         452
  C:2232H         LINE#         453
  C:2239H         LINE#         454
  C:2239H         LINE#         455
  C:223BH         LINE#         456
  C:223DH         LINE#         457
  C:2241H         LINE#         458
  C:2241H         LINE#         459
  C:2244H         LINE#         460
  C:2244H         LINE#         461
  C:2244H         LINE#         462
  C:2249H         LINE#         465
  C:224EH         LINE#         466
  C:2250H         LINE#         467
  C:2252H         LINE#         468
  C:2255H         LINE#         469
  C:225AH         LINE#         470
  C:225CH         LINE#         471
  C:225FH         LINE#         472
  C:2266H         LINE#         473
  C:2266H         LINE#         474
  C:2268H         LINE#         475
  C:226AH         LINE#         476
  C:226EH         LINE#         477
  C:226EH         LINE#         478
  C:2271H         LINE#         479
  C:2271H         LINE#         480
  C:2275H         LINE#         481
  C:2275H         LINE#         482
  C:227CH         LINE#         483
  C:227CH         LINE#         484
  C:227FH         LINE#         485
  C:227FH         LINE#         486
  C:227FH         LINE#         487
  C:2281H         LINE#         490
  C:2283H         LINE#         491
  -------         ENDPROC       _I2C_READ
  C:4542H         SYMBOL        L?0145
  -------         PROC          L?0144
  -------         ENDPROC       L?0144
  C:4542H         SYMBOL        L?0145
  -------         PROC          _I2C_CLOCK_DELAY
  D:0007H         SYMBOL        control
  C:4548H         LINE#         497
  C:4548H         LINE#         498
  C:4548H         LINE#         499
  C:454BH         LINE#         500
  C:454BH         LINE#         501
  C:454EH         LINE#         502
  C:454EH         LINE#         503
  C:4550H         LINE#         504
  C:4553H         LINE#         505
BL51 BANKED LINKER/LOCATER V6.22                                                      12/15/2015  13:37:36  PAGE 50


  C:4553H         LINE#         506
  C:4556H         LINE#         507
  C:4559H         LINE#         508
  C:455BH         LINE#         509
  C:455DH         LINE#         510
  C:455DH         LINE#         513
  -------         ENDPROC       _I2C_CLOCK_DELAY
  -------         PROC          I2C_CLOCK_START
  C:455EH         LINE#         518
  C:455EH         LINE#         519
  C:455EH         LINE#         520
  C:4561H         LINE#         521
  C:4564H         LINE#         522
  C:4566H         LINE#         523
  C:4569H         LINE#         524
  C:456CH         LINE#         525
  C:456EH         LINE#         526
  C:4570H         LINE#         529
  -------         ENDPROC       I2C_CLOCK_START
  -------         ENDMOD        I2C

  -------         MODULE        STA013
  C:0000H         SYMBOL        _ICE_DUMMY_
  D:0080H         PUBLIC        P0
  D:0090H         PUBLIC        P1
  D:00A0H         PUBLIC        P2
  D:00B0H         PUBLIC        P3
  B:00A0H.7       PUBLIC        LED4
  D:00A8H         PUBLIC        IEN0
  D:00B8H         PUBLIC        IPL0
  D:00D8H         PUBLIC        CCON
  D:0098H         PUBLIC        SCON
  D:0088H         PUBLIC        TCON
  C:41A6H         PUBLIC        _test_I2C
  D:00C8H         PUBLIC        T2CON
  B:00B0H.2       PUBLIC        gpio_rst
  D:00D0H         PUBLIC        PSW
  C:25E0H         PUBLIC        config_file
  -------         PROC          CONFIG_FILE
  -------         DO            
  D:0046H         SYMBOL        config_p
  D:0049H         SYMBOL        send_array
  D:004BH         SYMBOL        get_array
  D:004CH         SYMBOL        error_flag
  D:004DH         SYMBOL        index
  -------         ENDDO         
  C:25E0H         LINE#         20
  C:25E0H         LINE#         21
  C:25E0H         LINE#         26
  C:25E2H         LINE#         29
  C:25E4H         LINE#         30
  C:25EDH         LINE#         31
  C:25EFH         LINE#         32
  C:25F8H         LINE#         33
  C:2601H         LINE#         35
  C:2601H         LINE#         36
  C:2612H         LINE#         37
BL51 BANKED LINKER/LOCATER V6.22                                                      12/15/2015  13:37:36  PAGE 51


  C:2627H         LINE#         38
  C:2632H         LINE#         39
  C:2647H         LINE#         40
  C:264CH         LINE#         41
  C:264CH         LINE#         42
  C:265BH         LINE#         44
  C:265DH         LINE#         46
  C:265DH         LINE#         47
  C:2666H         LINE#         48
  C:266AH         LINE#         49
  C:267CH         LINE#         50
  C:2691H         LINE#         51
  C:2696H         LINE#         52
  C:269BH         LINE#         53
  C:26A4H         LINE#         54
  C:26ADH         LINE#         56
  C:26ADH         LINE#         57
  C:26BEH         LINE#         58
  C:26D3H         LINE#         59
  C:26DEH         LINE#         60
  C:26F3H         LINE#         61
  C:26F8H         LINE#         62
  C:26F8H         LINE#         63
  C:2707H         LINE#         65
  C:2709H         LINE#         66
  C:2709H         LINE#         67
  C:2712H         LINE#         70
  C:2716H         LINE#         71
  C:2728H         LINE#         72
  C:273DH         LINE#         73
  C:2742H         LINE#         74
  C:2747H         LINE#         79
  C:274AH         LINE#         80
  C:274DH         LINE#         81
  C:2750H         LINE#         82
  C:275DH         LINE#         83
  C:276CH         LINE#         84
  C:277EH         LINE#         85
  C:278AH         LINE#         86
  C:279CH         LINE#         87
  C:27A8H         LINE#         88
  C:27ADH         LINE#         89
  C:27B2H         LINE#         92
  C:27B5H         LINE#         93
  C:27B8H         LINE#         94
  C:27BBH         LINE#         95
  C:27C8H         LINE#         96
  C:27D5H         LINE#         97
  C:27E7H         LINE#         98
  C:27F3H         LINE#         99
  C:2805H         LINE#         100
  C:2811H         LINE#         101
  C:2816H         LINE#         102
  C:281BH         LINE#         105
  C:281EH         LINE#         106
  C:2821H         LINE#         107
  C:282EH         LINE#         108
BL51 BANKED LINKER/LOCATER V6.22                                                      12/15/2015  13:37:36  PAGE 52


  C:2831H         LINE#         109
  C:2834H         LINE#         110
  C:2841H         LINE#         111
  C:2844H         LINE#         112
  C:2847H         LINE#         113
  C:2854H         LINE#         114
  C:2857H         LINE#         115
  C:285AH         LINE#         116
  C:2867H         LINE#         117
  C:286AH         LINE#         118
  C:286DH         LINE#         119
  C:2879H         LINE#         120
  C:287CH         LINE#         121
  C:287FH         LINE#         122
  C:288CH         LINE#         123
  C:288FH         LINE#         124
  C:2892H         LINE#         125
  C:289EH         LINE#         126
  C:28A1H         LINE#         127
  C:28A4H         LINE#         128
  C:28B0H         LINE#         129
  C:28B3H         LINE#         130
  C:28B6H         LINE#         131
  C:28C3H         LINE#         134
  C:28C6H         LINE#         135
  C:28C9H         LINE#         136
  C:28D5H         LINE#         139
  C:28D8H         LINE#         140
  C:28DBH         LINE#         141
  C:28E8H         LINE#         144
  C:28EBH         LINE#         145
  C:28EEH         LINE#         146
  C:28FBH         LINE#         149
  C:28FEH         LINE#         150
  C:2901H         LINE#         151
  C:290EH         LINE#         152
  C:2911H         LINE#         153
  C:2914H         LINE#         154
  C:2921H         LINE#         157
  C:2924H         LINE#         158
  C:2927H         LINE#         159
  C:2934H         LINE#         162
  C:2936H         LINE#         163
  -------         ENDPROC       CONFIG_FILE
  -------         PROC          _TEST_I2C
  D:0046H         SYMBOL        array_name
  -------         DO            
  D:0049H         SYMBOL        i
  D:004AH         SYMBOL        error_flag
  -------         ENDDO         
  C:41A6H         LINE#         166
  C:41ACH         LINE#         167
  C:41ACH         LINE#         170
  C:41AFH         LINE#         171
  C:41B1H         LINE#         173
  C:41B1H         LINE#         174
  C:41C0H         LINE#         175
BL51 BANKED LINKER/LOCATER V6.22                                                      12/15/2015  13:37:36  PAGE 53


  C:41C2H         LINE#         176
  C:41CAH         LINE#         177
  C:41CEH         LINE#         178
  C:41CEH         LINE#         179
  C:41E0H         LINE#         180
  C:41E5H         LINE#         181
  C:41EAH         LINE#         182
  C:41EAH         LINE#         183
  C:41FEH         LINE#         184
  C:4200H         LINE#         185
  -------         ENDPROC       _TEST_I2C
  -------         ENDMOD        STA013

  -------         MODULE        CONFIG
  C:002EH         SEGMENT       STA013_CONFIG
  C:002EH         PUBLIC        CONFIG
  C:0FCCH         PUBLIC        CONFIG2
  -------         ENDMOD        CONFIG

  -------         MODULE        ?C?CLDPTR
  C:2937H         PUBLIC        ?C?CLDPTR
  -------         ENDMOD        ?C?CLDPTR

  -------         MODULE        ?C?CLDOPTR
  C:2950H         PUBLIC        ?C?CLDOPTR
  -------         ENDMOD        ?C?CLDOPTR

  -------         MODULE        ?C?CSTPTR
  C:297DH         PUBLIC        ?C?CSTPTR
  -------         ENDMOD        ?C?CSTPTR

  -------         MODULE        ?C?CSTOPTR
  C:298FH         PUBLIC        ?C?CSTOPTR
  -------         ENDMOD        ?C?CSTOPTR

  -------         MODULE        ?C?UIDIV
  C:29B1H         PUBLIC        ?C?UIDIV
  -------         ENDMOD        ?C?UIDIV

  -------         MODULE        ?C?LMUL
  C:2A06H         PUBLIC        ?C?LMUL
  -------         ENDMOD        ?C?LMUL

  -------         MODULE        ?C?ULDIV
  C:2A91H         PUBLIC        ?C?ULDIV
  -------         ENDMOD        ?C?ULDIV

  -------         MODULE        ?C?ULCMP
  C:2B23H         PUBLIC        ?C?ULCMP
  -------         ENDMOD        ?C?ULCMP

  -------         MODULE        ?C?ULSHR
  C:2B34H         PUBLIC        ?C?ULSHR
  -------         ENDMOD        ?C?ULSHR

  -------         MODULE        ?C?LSHL
  C:2B47H         PUBLIC        ?C?LSHL
BL51 BANKED LINKER/LOCATER V6.22                                                      12/15/2015  13:37:36  PAGE 54


  -------         ENDMOD        ?C?LSHL

  -------         MODULE        ?C?LLDIDATA
  C:2B5AH         PUBLIC        ?C?LLDIDATA
  -------         ENDMOD        ?C?LLDIDATA

  -------         MODULE        ?C?LLDIDATA0
  C:2B66H         PUBLIC        ?C?LLDIDATA0
  -------         ENDMOD        ?C?LLDIDATA0

  -------         MODULE        ?C?LSTIDATA
  C:2B73H         PUBLIC        ?C?LSTIDATA
  -------         ENDMOD        ?C?LSTIDATA

  -------         MODULE        ?C?LSTKIDATA
  C:2B7FH         PUBLIC        ?C?LSTKIDATA
  -------         ENDMOD        ?C?LSTKIDATA

  -------         MODULE        ?C?LCASE
  C:2B98H         PUBLIC        ?C?LCASE
  -------         ENDMOD        ?C?LCASE

  -------         MODULE        PUTCHAR
  C:449BH         PUBLIC        _PUTCHAR
  -------         ENDMOD        PUTCHAR

  -------         MODULE        PRINTF
  D:006CH         PUBLIC        ?_PRINTF517?BYTE
  D:006CH         PUBLIC        ?_PRINTF?BYTE
  D:006CH         PUBLIC        ?_SPRINTF517?BYTE
  D:006CH         PUBLIC        ?_SPRINTF?BYTE
  C:22E6H         PUBLIC        _PRINTF
  C:22E6H         PUBLIC        _PRINTF517
  C:22E0H         PUBLIC        _SPRINTF
  C:22E0H         PUBLIC        _SPRINTF517
  -------         ENDMOD        PRINTF

  -------         MODULE        GETCHAR
  B:0022H.2       PUBLIC        ?C?CHARLOADED
  D:001AH         PUBLIC        ?_UNGETCHAR?BYTE
  C:4584H         PUBLIC        GETCHAR
  -------         ENDMOD        GETCHAR

  -------         MODULE        ATOL
  C:36F3H         PUBLIC        _atol
  -------         ENDMOD        ATOL

  -------         MODULE        ?C?LNEG
  C:2BD2H         PUBLIC        ?C?LNEG
  -------         ENDMOD        ?C?LNEG

  -------         MODULE        ?C?PLDIIDATA
  C:2BE0H         PUBLIC        ?C?PLDIIDATA
  -------         ENDMOD        ?C?PLDIIDATA

  -------         MODULE        ?C?CCASE
  C:2BF0H         PUBLIC        ?C?CCASE
BL51 BANKED LINKER/LOCATER V6.22                                                      12/15/2015  13:37:36  PAGE 55


  -------         ENDMOD        ?C?CCASE

  -------         MODULE        _GETKEY
  C:45BFH         PUBLIC        _GETKEY
  -------         ENDMOD        _GETKEY

  -------         MODULE        ISDIGIT
  C:45A4H         PUBLIC        _isdigit
  -------         ENDMOD        ISDIGIT

  -------         MODULE        ISSPACE
  C:4571H         PUBLIC        _isspace
  -------         ENDMOD        ISSPACE

*** WARNING L16: UNCALLED SEGMENT, IGNORED FOR OVERLAY PROCESS
    SEGMENT: ?PR?_FIND_NEXT_CLUSTER?DIRECTORY_FUNCTIONS

*** WARNING L15: MULTIPLE CALL TO SEGMENT
    SEGMENT: ?PR?PRINTF?PRINTF
    CALLER1: ?PR?TIMER2_ISR?MAIN
    CALLER2: ?C_C51STARTUP

Program Size: data=225.3 xdata=1024 code=17872
LINK/LOCATE RUN COMPLETE.  2 WARNING(S),  0 ERROR(S)
