BL51 BANKED LINKER/LOCATER V6.22                                                        12/14/2015  14:56:48  PAGE 1


BL51 BANKED LINKER/LOCATER V6.22, INVOKED BY:
C:\KEIL_V5\C51\BIN\BL51.EXE hardware_delay.obj, lcd.obj, Long_Serial_In.obj, main.obj, print_bytes.obj, SDcard.obj, spi.
>> obj, uart.obj, Directory_Functions.obj, i2c.obj, sta013.obj, config.obj TO part2 RAMSIZE (256)


MEMORY MODEL: SMALL


INPUT MODULES INCLUDED:
  hardware_delay.obj (HARDWARE_DELAY)
  lcd.obj (LCD)
  Long_Serial_In.obj (LONG_SERIAL_IN)
  main.obj (MAIN)
  print_bytes.obj (PRINT_BYTES)
  SDcard.obj (SDCARD)
  spi.obj (SPI)
  uart.obj (UART)
  Directory_Functions.obj (DIRECTORY_FUNCTIONS)
  i2c.obj (I2C)
  sta013.obj (STA013)
  config.obj (CONFIG)
  C:\KEIL_V5\C51\LIB\C51S.LIB (?C_STARTUP)
  C:\KEIL_V5\C51\LIB\C51S.LIB (?C?CLDPTR)
  C:\KEIL_V5\C51\LIB\C51S.LIB (?C?CLDOPTR)
  C:\KEIL_V5\C51\LIB\C51S.LIB (?C?CSTPTR)
  C:\KEIL_V5\C51\LIB\C51S.LIB (?C?CSTOPTR)
  C:\KEIL_V5\C51\LIB\C51S.LIB (?C?UIDIV)
  C:\KEIL_V5\C51\LIB\C51S.LIB (?C?LMUL)
  C:\KEIL_V5\C51\LIB\C51S.LIB (?C?ULDIV)
  C:\KEIL_V5\C51\LIB\C51S.LIB (?C?ULCMP)
  C:\KEIL_V5\C51\LIB\C51S.LIB (?C?ULSHR)
  C:\KEIL_V5\C51\LIB\C51S.LIB (?C?LSHL)
  C:\KEIL_V5\C51\LIB\C51S.LIB (?C?LLDIDATA)
  C:\KEIL_V5\C51\LIB\C51S.LIB (?C?LLDIDATA0)
  C:\KEIL_V5\C51\LIB\C51S.LIB (?C?LSTIDATA)
  C:\KEIL_V5\C51\LIB\C51S.LIB (?C?LSTKIDATA)
  C:\KEIL_V5\C51\LIB\C51S.LIB (?C?LCASE)
  C:\KEIL_V5\C51\LIB\C51S.LIB (PUTCHAR)
  C:\KEIL_V5\C51\LIB\C51S.LIB (PRINTF)
  C:\KEIL_V5\C51\LIB\C51S.LIB (GETCHAR)
  C:\KEIL_V5\C51\LIB\C51S.LIB (ATOL)
  C:\KEIL_V5\C51\LIB\C51S.LIB (?C?LNEG)
  C:\KEIL_V5\C51\LIB\C51S.LIB (?C?PLDIIDATA)
  C:\KEIL_V5\C51\LIB\C51S.LIB (?C?CCASE)
  C:\KEIL_V5\C51\LIB\C51S.LIB (_GETKEY)
  C:\KEIL_V5\C51\LIB\C51S.LIB (ISDIGIT)
  C:\KEIL_V5\C51\LIB\C51S.LIB (ISSPACE)


LINK MAP OF MODULE:  part2 (HARDWARE_DELAY)


            TYPE    BASE      LENGTH    RELOCATION   SEGMENT NAME
            -----------------------------------------------------

            * * * * * * *   D A T A   M E M O R Y   * * * * * * *
            REG     0000H     0008H     ABSOLUTE     "REG BANK 0"
            DATA    0008H     0012H     UNIT         ?DT?_FIND_NEXT_CLUSTER?DIRECTORY_FUNCTIONS
BL51 BANKED LINKER/LOCATER V6.22                                                      12/14/2015  14:56:48  PAGE 2


            DATA    001AH     0001H     UNIT         ?DT?GETCHAR
                    001BH     0005H                  *** GAP ***
            BIT     0020H.0   0002H.2   UNIT         _BIT_GROUP_
            BIT     0022H.2   0000H.1   UNIT         ?BI?GETCHAR
                    0022H.3   0000H.5                *** GAP ***
            DATA    0023H     005DH     UNIT         _DATA_GROUP_
            IDATA   0080H     0031H     UNIT         ?ID?DIRECTORY_FUNCTIONS
            IDATA   00B1H     0029H     UNIT         ?ID?MAIN
            IDATA   00DAH     000CH     UNIT         _IDATA_GROUP_
            IDATA   00E6H     0001H     UNIT         ?STACK

            * * * * * * *  X D A T A   M E M O R Y  * * * * * * *
            XDATA   0000H     0400H     UNIT         ?XD?MAIN

            * * * * * * *   C O D E   M E M O R Y   * * * * * * *
            CODE    0000H     0003H     ABSOLUTE     
            CODE    0003H     0027H     UNIT         ?PR?PUTCHAR?PUTCHAR
                    002AH     0001H                  *** GAP ***
            CODE    002BH     0003H     ABSOLUTE     
            CODE    002EH     0FD0H     UNIT         STA013_CONFIG
            CODE    0FFEH     0725H     UNIT         ?PR?_MOUNT_DRIVE?DIRECTORY_FUNCTIONS
            CODE    1723H     040FH     UNIT         ?PR?MAIN?MAIN
            CODE    1B32H     040BH     UNIT         ?PR?TIMER2_ISR?MAIN
            CODE    1F3DH     0365H     UNIT         ?PR?_I2C_READ?I2C
            CODE    22A2H     035CH     UNIT         ?PR?PRINTF?PRINTF
            CODE    25FEH     034EH     UNIT         ?PR?CONFIG_FILE?STA013
            CODE    294CH     02DFH     UNIT         ?C?LIB_CODE
            CODE    2C2BH     0234H     UNIT         ?PR?_READ_DIR_ENTRY?DIRECTORY_FUNCTIONS
            CODE    2E5FH     01DDH     UNIT         ?PR?_PRINT_DIRECTORY?DIRECTORY_FUNCTIONS
            CODE    303CH     01BEH     UNIT         ?PR?_I2C_WRITE?I2C
            CODE    31FAH     018BH     UNIT         ?CO?DIRECTORY_FUNCTIONS
            CODE    3385H     0178H     UNIT         ?PR?SDCARD_INIT?SDCARD
            CODE    34FDH     0125H     UNIT         ?PR?_FIRST_SECTOR?DIRECTORY_FUNCTIONS
            CODE    3622H     00E6H     UNIT         ?CO?MAIN
            CODE    3708H     00DEH     UNIT         ?PR?_ATOL?ATOL
            CODE    37E6H     00C6H     UNIT         ?PR?LONG_SERIAL_INPUT?LONG_SERIAL_IN
            CODE    38ACH     00C3H     UNIT         ?PR?_FIND_NEXT_CLUSTER?DIRECTORY_FUNCTIONS
            CODE    396FH     00C3H     UNIT         ?PR?_FIND_NEXT_CLUSTER_ISR?DIRECTORY_FUNCTIONS
            CODE    3A32H     00A7H     UNIT         ?PR?_SEND_COMMAND_ISR?SDCARD
            CODE    3AD9H     00A5H     UNIT         ?PR?_READ_BLOCK_ISR?SDCARD
            CODE    3B7EH     009FH     UNIT         ?PR?_SEND_COMMAND?SDCARD
            CODE    3C1DH     009EH     UNIT         ?PR?_GET_RESPONSE?SDCARD
            CODE    3CBBH     008CH     UNIT         ?PR?_READ_SECTOR_ISR?SDCARD
            CODE    3D47H     0083H     UNIT         ?PR?_READ32?DIRECTORY_FUNCTIONS
            CODE    3DCAH     0082H     UNIT         ?PR?_READ_SECTOR?SDCARD
            CODE    3E4CH     007DH     UNIT         ?PR?_TRANS_ACMD41?SDCARD
            CODE    3EC9H     007BH     UNIT         ?PR?_READ32_ISR?DIRECTORY_FUNCTIONS
            CODE    3F44H     0078H     UNIT         ?PR?_PRINT_16BYTES?PRINT_BYTES
            CODE    3FBCH     006CH     UNIT         ?PR?_READ_BLOCK?SDCARD
            CODE    4028H     0069H     UNIT         ?CO?STA013
            CODE    4091H     0067H     UNIT         ?PR?_SPI_MASTER_INIT?SPI
            CODE    40F8H     0061H     UNIT         ?PR?_TEST_I2C?STA013
            CODE    4159H     005FH     UNIT         ?PR?_PRINT_MEMORY?PRINT_BYTES
            CODE    41B8H     005BH     UNIT         ?PR?_FIRST_SECTOR_ISR?DIRECTORY_FUNCTIONS
            CODE    4213H     005AH     UNIT         ?PR?_GET_RESPONSE_NO_END_ISR?SDCARD
            CODE    426DH     0059H     UNIT         ?PR?_READ16?DIRECTORY_FUNCTIONS
            CODE    42C6H     0050H     UNIT         ?PR?_LCD_PRINT?LCD
BL51 BANKED LINKER/LOCATER V6.22                                                      12/14/2015  14:56:48  PAGE 3


            CODE    4316H     004FH     UNIT         ?PR?_GET_RESPONSE_NO_END?SDCARD
            CODE    4365H     0045H     UNIT         ?CO?PRINT_BYTES
            CODE    43AAH     0041H     UNIT         ?PR?_TRANS_CMD8?SDCARD
            CODE    43EBH     0038H     UNIT         ?PR?_TRANS_CMD0?SDCARD
            CODE    4423H     0036H     UNIT         ?PR?LCD_INIT?LCD
            CODE    4459H     002BH     UNIT         ?PR?_SPI_TRANSFER_ISR?SPI
            CODE    4484H     0029H     UNIT         ?PR?_DELAY_MS?HARDWARE_DELAY
            CODE    44ADH     0025H     UNIT         ?PR?_TRANS_CMD58?SDCARD
            CODE    44D2H     0022H     UNIT         ?PR?LCD_WRITE?LCD
            CODE    44F4H     0021H     UNIT         ?PR?_SPI_TRANSFER?SPI
            CODE    4515H     0021H     UNIT         ?PR?_READ8?DIRECTORY_FUNCTIONS
            CODE    4536H     001CH     UNIT         ?PR?UART_INIT?UART
            CODE    4552H     001CH     UNIT         ?PR?_I2C_CLOCK_DELAY?I2C
            CODE    456EH     0013H     UNIT         ?PR?I2C_CLOCK_START?I2C
            CODE    4581H     0013H     UNIT         ?PR?_ISSPACE?ISSPACE
            CODE    4594H     0011H     UNIT         ?PR?GETCHAR?GETCHAR
            CODE    45A5H     000FH     UNIT         ?PR?LCD_CLEAR?LCD
            CODE    45B4H     000FH     UNIT         ?PR?_ISDIGIT?ISDIGIT
            CODE    45C3H     000CH     UNIT         ?C_C51STARTUP
            CODE    45CFH     000AH     UNIT         ?PR?_GETKEY?_GETKEY
            CODE    45D9H     0008H     UNIT         ?CO?SDCARD



OVERLAY MAP OF MODULE:   part2 (HARDWARE_DELAY)


SEGMENT                                             BIT_GROUP          DATA_GROUP          IDATA_GROUP
  +--> CALLED SEGMENT                            START    LENGTH     START    LENGTH     START    LENGTH
--------------------------------------------------------------------------------------------------------
?PR?TIMER2_ISR?MAIN                              -----    -----      -----    -----      -----    -----
  +--> ?PR?_SPI_TRANSFER_ISR?SPI
  +--> ?CO?MAIN
  +--> ?PR?PRINTF?PRINTF
  +--> ?PR?_READ_SECTOR_ISR?SDCARD
  +--> ?PR?_FIND_NEXT_CLUSTER_ISR?DIRECTORY_...
  +--> ?PR?_FIRST_SECTOR_ISR?DIRECTORY_FUNCT...

?PR?PRINTF?PRINTF                                0021H.1  0001H.1    006CH    0014H      -----    -----
  +--> ?PR?PUTCHAR?PUTCHAR

?PR?_READ_SECTOR_ISR?SDCARD                      -----    -----      0023H    000DH      -----    -----
  +--> ?PR?_SEND_COMMAND_ISR?SDCARD
  +--> ?PR?_GET_RESPONSE_NO_END_ISR?SDCARD

?PR?_SEND_COMMAND_ISR?SDCARD                     -----    -----      003CH    0005H      00E1H    0004H
  +--> ?PR?_SPI_TRANSFER_ISR?SPI

?PR?_GET_RESPONSE_NO_END_ISR?SDCARD              -----    -----      003CH    0005H      00E1H    0005H
  +--> ?PR?_SPI_TRANSFER_ISR?SPI

?PR?_FIND_NEXT_CLUSTER_ISR?DIRECTORY_...         -----    -----      0023H    0012H      -----    -----
  +--> ?PR?_SEND_COMMAND_ISR?SDCARD
  +--> ?PR?_READ_BLOCK_ISR?SDCARD
  +--> ?PR?_READ32_ISR?DIRECTORY_FUNCTIONS

?PR?_READ_BLOCK_ISR?SDCARD                       -----    -----      0035H    0007H      00DAH    0007H
BL51 BANKED LINKER/LOCATER V6.22                                                      12/14/2015  14:56:48  PAGE 4


  +--> ?PR?_SEND_COMMAND_ISR?SDCARD
  +--> ?PR?_GET_RESPONSE_NO_END_ISR?SDCARD

?PR?_READ32_ISR?DIRECTORY_FUNCTIONS              -----    -----      0035H    000BH      -----    -----

?PR?_FIRST_SECTOR_ISR?DIRECTORY_FUNCT...         -----    -----      0023H    0004H      -----    -----

*** NEW ROOT ***************************************************

?C_C51STARTUP                                    -----    -----      -----    -----      -----    -----
  +--> ?PR?MAIN?MAIN

?PR?MAIN?MAIN                                    -----    -----      0041H    0005H      -----    -----
  +--> ?PR?UART_INIT?UART
  +--> ?PR?LCD_INIT?LCD
  +--> ?PR?_SPI_MASTER_INIT?SPI
  +--> ?PR?SDCARD_INIT?SDCARD
  +--> ?CO?MAIN
  +--> ?PR?PRINTF?PRINTF
  +--> ?PR?PUTCHAR?PUTCHAR
  +--> ?PR?_MOUNT_DRIVE?DIRECTORY_FUNCTIONS
  +--> ?PR?_PRINT_DIRECTORY?DIRECTORY_FUNCTIONS
  +--> ?PR?LCD_CLEAR?LCD
  +--> ?PR?LCD_WRITE?LCD
  +--> ?PR?_LCD_PRINT?LCD
  +--> ?PR?_TEST_I2C?STA013
  +--> ?PR?CONFIG_FILE?STA013
  +--> ?PR?LONG_SERIAL_INPUT?LONG_SERIAL_IN
  +--> ?PR?_READ_DIR_ENTRY?DIRECTORY_FUNCTIONS
  +--> ?PR?_FIRST_SECTOR?DIRECTORY_FUNCTIONS
  +--> ?PR?_READ_SECTOR?SDCARD
  +--> ?PR?_PRINT_MEMORY?PRINT_BYTES

?PR?LCD_INIT?LCD                                 -----    -----      -----    -----      -----    -----
  +--> ?PR?_DELAY_MS?HARDWARE_DELAY
  +--> ?PR?LCD_WRITE?LCD

?PR?LCD_WRITE?LCD                                0021H.1  0000H.1    004BH    0001H      -----    -----
  +--> ?PR?_DELAY_MS?HARDWARE_DELAY

?PR?_SPI_MASTER_INIT?SPI                         -----    -----      0046H    0001H      -----    -----

?PR?SDCARD_INIT?SDCARD                           -----    -----      0046H    0008H      -----    -----
  +--> ?PR?_SPI_TRANSFER?SPI
  +--> ?PR?_TRANS_CMD0?SDCARD
  +--> ?CO?SDCARD
  +--> ?PR?PRINTF?PRINTF
  +--> ?PR?PUTCHAR?PUTCHAR
  +--> ?PR?_DELAY_MS?HARDWARE_DELAY
  +--> ?PR?_TRANS_CMD8?SDCARD
  +--> ?PR?_TRANS_CMD58?SDCARD
  +--> ?PR?_TRANS_ACMD41?SDCARD

?PR?_TRANS_CMD0?SDCARD                           -----    -----      004EH    0003H      -----    -----
  +--> ?PR?_SEND_COMMAND?SDCARD
  +--> ?PR?_GET_RESPONSE?SDCARD

BL51 BANKED LINKER/LOCATER V6.22                                                      12/14/2015  14:56:48  PAGE 5


?PR?_SEND_COMMAND?SDCARD                         -----    -----      0071H    0009H      -----    -----
  +--> ?PR?_SPI_TRANSFER?SPI

?PR?_GET_RESPONSE?SDCARD                         -----    -----      0056H    0008H      -----    -----
  +--> ?PR?_SPI_TRANSFER?SPI

?PR?_TRANS_CMD8?SDCARD                           -----    -----      004EH    0003H      -----    -----
  +--> ?PR?_SEND_COMMAND?SDCARD
  +--> ?PR?_GET_RESPONSE?SDCARD

?PR?_TRANS_CMD58?SDCARD                          -----    -----      004EH    0003H      -----    -----
  +--> ?PR?_SEND_COMMAND?SDCARD
  +--> ?PR?_GET_RESPONSE?SDCARD

?PR?_TRANS_ACMD41?SDCARD                         -----    -----      004EH    0008H      -----    -----
  +--> ?PR?_SEND_COMMAND?SDCARD
  +--> ?PR?_GET_RESPONSE?SDCARD

?PR?_MOUNT_DRIVE?DIRECTORY_FUNCTIONS             -----    -----      0046H    0019H      -----    -----
  +--> ?PR?_READ_BLOCK?SDCARD
  +--> ?PR?_PRINT_MEMORY?PRINT_BYTES
  +--> ?PR?_READ8?DIRECTORY_FUNCTIONS
  +--> ?PR?_READ32?DIRECTORY_FUNCTIONS
  +--> ?CO?DIRECTORY_FUNCTIONS
  +--> ?PR?PRINTF?PRINTF
  +--> ?PR?PUTCHAR?PUTCHAR
  +--> ?PR?_READ16?DIRECTORY_FUNCTIONS

?PR?_READ_BLOCK?SDCARD                           -----    -----      0064H    000DH      -----    -----
  +--> ?PR?_SEND_COMMAND?SDCARD
  +--> ?PR?_GET_RESPONSE_NO_END?SDCARD

?PR?_GET_RESPONSE_NO_END?SDCARD                  -----    -----      0071H    000AH      -----    -----
  +--> ?PR?_SPI_TRANSFER?SPI

?PR?_PRINT_MEMORY?PRINT_BYTES                    -----    -----      005FH    0008H      -----    -----
  +--> ?CO?PRINT_BYTES
  +--> ?PR?PRINTF?PRINTF
  +--> ?PR?_PRINT_16BYTES?PRINT_BYTES

?PR?_PRINT_16BYTES?PRINT_BYTES                   -----    -----      0067H    0005H      -----    -----
  +--> ?CO?PRINT_BYTES
  +--> ?PR?PRINTF?PRINTF
  +--> ?PR?PUTCHAR?PUTCHAR

?PR?_READ32?DIRECTORY_FUNCTIONS                  -----    -----      005FH    000BH      -----    -----

?PR?_READ16?DIRECTORY_FUNCTIONS                  -----    -----      005FH    0007H      -----    -----

?PR?_PRINT_DIRECTORY?DIRECTORY_FUNCTIONS         -----    -----      0046H    001AH      -----    -----
  +--> ?PR?_READ_BLOCK?SDCARD
  +--> ?PR?_READ8?DIRECTORY_FUNCTIONS
  +--> ?CO?DIRECTORY_FUNCTIONS
  +--> ?PR?PRINTF?PRINTF
  +--> ?PR?PUTCHAR?PUTCHAR

?PR?LCD_CLEAR?LCD                                -----    -----      -----    -----      -----    -----
BL51 BANKED LINKER/LOCATER V6.22                                                      12/14/2015  14:56:48  PAGE 6


  +--> ?PR?LCD_WRITE?LCD
  +--> ?PR?_DELAY_MS?HARDWARE_DELAY

?PR?_LCD_PRINT?LCD                               -----    -----      0046H    0005H      -----    -----
  +--> ?PR?LCD_WRITE?LCD

?PR?_TEST_I2C?STA013                             -----    -----      0046H    0005H      -----    -----
  +--> ?PR?_I2C_READ?I2C
  +--> ?CO?STA013
  +--> ?PR?PRINTF?PRINTF
  +--> ?PR?PUTCHAR?PUTCHAR

?PR?_I2C_READ?I2C                                -----    -----      0051H    000BH      -----    -----
  +--> ?PR?I2C_CLOCK_START?I2C
  +--> ?PR?_I2C_CLOCK_DELAY?I2C

?PR?CONFIG_FILE?STA013                           -----    -----      0046H    000BH      -----    -----
  +--> ?PR?_I2C_WRITE?I2C
  +--> ?CO?STA013
  +--> ?PR?PRINTF?PRINTF
  +--> ?PR?PUTCHAR?PUTCHAR
  +--> ?PR?_I2C_READ?I2C

?PR?_I2C_WRITE?I2C                               -----    -----      0051H    000BH      -----    -----
  +--> ?PR?I2C_CLOCK_START?I2C
  +--> ?PR?_I2C_CLOCK_DELAY?I2C

?PR?LONG_SERIAL_INPUT?LONG_SERIAL_IN             -----    -----      0046H    0011H      -----    -----
  +--> ?PR?GETCHAR?GETCHAR
  +--> ?PR?_ATOL?ATOL
  +--> ?PR?PUTCHAR?PUTCHAR

?PR?GETCHAR?GETCHAR                              -----    -----      -----    -----      -----    -----
  +--> ?PR?_GETKEY?_GETKEY
  +--> ?PR?PUTCHAR?PUTCHAR

?PR?_ATOL?ATOL                                   0021H.1  0000H.1    0057H    0007H      -----    -----
  +--> ?PR?_ISSPACE?ISSPACE
  +--> ?PR?_ISDIGIT?ISDIGIT

?PR?_READ_DIR_ENTRY?DIRECTORY_FUNCTIONS          -----    -----      0046H    001EH      -----    -----
  +--> ?PR?_READ_BLOCK?SDCARD
  +--> ?PR?_READ8?DIRECTORY_FUNCTIONS

?PR?_FIRST_SECTOR?DIRECTORY_FUNCTIONS            -----    -----      0046H    0008H      -----    -----
  +--> ?CO?DIRECTORY_FUNCTIONS
  +--> ?PR?PRINTF?PRINTF
  +--> ?PR?PUTCHAR?PUTCHAR

?PR?_READ_SECTOR?SDCARD                          -----    -----      0046H    000DH      -----    -----
  +--> ?PR?_SEND_COMMAND?SDCARD
  +--> ?PR?_GET_RESPONSE_NO_END?SDCARD



SYMBOL TABLE OF MODULE:  part2 (HARDWARE_DELAY)

BL51 BANKED LINKER/LOCATER V6.22                                                      12/14/2015  14:56:48  PAGE 7


  VALUE           TYPE          NAME
  ----------------------------------

  -------         MODULE        HARDWARE_DELAY
  C:0000H         SYMBOL        _ICE_DUMMY_
  D:0080H         PUBLIC        P0
  D:0090H         PUBLIC        P1
  D:00A0H         PUBLIC        P2
  D:00B0H         PUBLIC        P3
  D:00A8H         PUBLIC        IEN0
  D:00B8H         PUBLIC        IPL0
  D:00D8H         PUBLIC        CCON
  D:0098H         PUBLIC        SCON
  D:0089H         PUBLIC        TMOD
  D:0088H         PUBLIC        TCON
  B:00A8H.1       PUBLIC        ET0
  B:0088H.5       PUBLIC        TF0
  D:008CH         PUBLIC        TH0
  D:008AH         PUBLIC        TL0
  C:4484H         PUBLIC        _delay_ms
  B:0088H.4       PUBLIC        TR0
  D:00C8H         PUBLIC        T2CON
  D:00D0H         PUBLIC        PSW
  -------         PROC          _DELAY_MS
  D:0006H         SYMBOL        timeout_val_ms
  -------         DO            
  D:0004H         SYMBOL        num_ms
  -------         ENDDO         
  C:4484H         LINE#         9
  C:4484H         LINE#         10
  C:4484H         LINE#         12
  C:4487H         LINE#         13
  C:448AH         LINE#         14
  C:448CH         LINE#         15
  C:4496H         LINE#         16
  C:4496H         LINE#         17
  C:4499H         LINE#         18
  C:449CH         LINE#         19
  C:449EH         LINE#         20
  C:44A0H         LINE#         21
  C:44A3H         LINE#         22
  C:44A5H         LINE#         23
  C:44ACH         LINE#         24
  -------         ENDPROC       _DELAY_MS
  -------         ENDMOD        HARDWARE_DELAY

  -------         MODULE        LCD
  C:0000H         SYMBOL        _ICE_DUMMY_
  D:0080H         PUBLIC        P0
  D:0090H         PUBLIC        P1
  D:00A0H         PUBLIC        P2
  D:00B0H         PUBLIC        P3
  D:00A8H         PUBLIC        IEN0
  D:00B8H         PUBLIC        IPL0
  C:45A5H         PUBLIC        LCD_Clear
  D:00D8H         PUBLIC        CCON
  B:00B0H.6       PUBLIC        RS
BL51 BANKED LINKER/LOCATER V6.22                                                      12/14/2015  14:56:48  PAGE 8


  D:0080H         PUBLIC        LCD_DATA_OUT
  D:0098H         PUBLIC        SCON
  D:0088H         PUBLIC        TCON
  C:44D7H         PUBLIC        LCD_Write
  C:42C6H         PUBLIC        _LCD_Print
  B:00B0H.7       PUBLIC        E
  C:4423H         PUBLIC        LCD_Init
  D:00C8H         PUBLIC        T2CON
  D:00D0H         PUBLIC        PSW
  C:44D2H         SYMBOL        L?0013
  -------         PROC          L?0012
  -------         ENDPROC       L?0012
  C:44D2H         SYMBOL        L?0013
  -------         PROC          LCD_WRITE
  B:0021H.1       SYMBOL        RegSelect
  D:004BH         SYMBOL        LCD_Data
  C:44D7H         LINE#         6
  C:44D7H         LINE#         7
  C:44D7H         LINE#         9
  C:44DBH         LINE#         10
  C:44DDH         LINE#         11
  C:44E4H         LINE#         12
  C:44E7H         LINE#         13
  C:44E9H         LINE#         14
  C:44F0H         LINE#         15
  C:44F3H         LINE#         16
  -------         ENDPROC       LCD_WRITE
  -------         PROC          _LCD_PRINT
  D:0046H         SYMBOL        num_bytes
  D:0047H         SYMBOL        array_name
  -------         DO            
  D:004AH         SYMBOL        index
  -------         ENDDO         
  C:42C6H         LINE#         18
  C:42CEH         LINE#         19
  C:42CEH         LINE#         21
  C:42D2H         LINE#         22
  C:42D2H         LINE#         23
  C:42D4H         LINE#         24
  C:42E6H         LINE#         25
  C:42E6H         LINE#         26
  C:42EDH         LINE#         27
  C:42EFH         LINE#         28
  C:42F1H         LINE#         29
  C:42F1H         LINE#         31
  C:42F1H         LINE#         32
  C:42FBH         LINE#         33
  C:42FBH         LINE#         34
  C:4311H         LINE#         35
  C:4315H         LINE#         36
  C:4315H         LINE#         38
  -------         ENDPROC       _LCD_PRINT
  -------         PROC          LCD_INIT
  C:4423H         LINE#         40
  C:4423H         LINE#         41
  C:4423H         LINE#         47
  C:442AH         LINE#         48
BL51 BANKED LINKER/LOCATER V6.22                                                      12/14/2015  14:56:48  PAGE 9


  C:442DH         LINE#         49
  C:4434H         LINE#         50
  C:4437H         LINE#         52
  C:443AH         LINE#         54
  C:4442H         LINE#         56
  C:444AH         LINE#         57
  C:4451H         LINE#         58
  -------         ENDPROC       LCD_INIT
  -------         PROC          LCD_CLEAR
  C:45A5H         LINE#         64
  C:45A5H         LINE#         65
  C:45A5H         LINE#         66
  C:45ADH         LINE#         67
  -------         ENDPROC       LCD_CLEAR
  -------         ENDMOD        LCD

  -------         MODULE        LONG_SERIAL_IN
  C:0000H         SYMBOL        _ICE_DUMMY_
  D:0080H         PUBLIC        P0
  D:0090H         PUBLIC        P1
  D:00A0H         PUBLIC        P2
  D:00B0H         PUBLIC        P3
  D:00A8H         PUBLIC        IEN0
  D:00B8H         PUBLIC        IPL0
  D:00D8H         PUBLIC        CCON
  C:37E6H         PUBLIC        long_serial_input
  D:0098H         PUBLIC        SCON
  D:0088H         PUBLIC        TCON
  D:00C8H         PUBLIC        T2CON
  D:00D0H         PUBLIC        PSW
  -------         PROC          LONG_SERIAL_INPUT
  -------         DO            
  D:0046H         SYMBOL        index
  D:0047H         SYMBOL        input
  D:0048H         SYMBOL        input_values
  D:0053H         SYMBOL        output_value
  -------         ENDDO         
  C:37E6H         LINE#         15
  C:37E6H         LINE#         16
  C:37E6H         LINE#         19
  C:37E9H         LINE#         20
  C:37E9H         LINE#         21
  C:37F0H         LINE#         22
  C:37F7H         LINE#         23
  C:3801H         LINE#         24
  C:3804H         LINE#         26
  C:3804H         LINE#         27
  C:3809H         LINE#         28
  C:3817H         LINE#         29
  C:3817H         LINE#         30
  C:381EH         LINE#         31
  C:3820H         LINE#         32
  C:3822H         LINE#         33
  C:382DH         LINE#         34
  C:382DH         LINE#         35
  C:382FH         LINE#         36
  C:3836H         LINE#         37
BL51 BANKED LINKER/LOCATER V6.22                                                      12/14/2015  14:56:48  PAGE 10


  C:3836H         LINE#         38
  C:3836H         LINE#         39
  C:3838H         LINE#         40
  C:3843H         LINE#         41
  C:3843H         LINE#         42
  C:3854H         LINE#         43
  C:3859H         LINE#         44
  C:385BH         LINE#         45
  C:385DH         LINE#         47
  C:385DH         LINE#         48
  C:3862H         LINE#         49
  C:3867H         LINE#         50
  C:386CH         LINE#         51
  C:386CH         LINE#         52
  C:3871H         LINE#         53
  C:3871H         LINE#         54
  C:3882H         LINE#         55
  C:3887H         LINE#         56
  C:388CH         LINE#         57
  C:388CH         LINE#         58
  C:38A3H         LINE#         60
  C:38ABH         LINE#         61
  -------         ENDPROC       LONG_SERIAL_INPUT
  -------         ENDMOD        LONG_SERIAL_IN

  -------         MODULE        MAIN
  C:0000H         SYMBOL        _ICE_DUMMY_
  I:00B1H         PUBLIC        sector_offset
  D:0080H         PUBLIC        P0
  D:0090H         PUBLIC        P1
  B:0090H.1       PUBLIC        spi_en
  D:00A0H         PUBLIC        P2
  D:00B0H         PUBLIC        P3
  B:00A8H.7       PUBLIC        EA
  B:00A0H.4       PUBLIC        LED1
  B:00A0H.5       PUBLIC        LED2
  B:00A0H.6       PUBLIC        LED3
  B:00A0H.7       PUBLIC        LED4
  D:00A8H         PUBLIC        IEN0
  I:00B5H         PUBLIC        sector
  I:00B9H         PUBLIC        index1_g
  I:00BBH         PUBLIC        index2_g
  D:00B8H         PUBLIC        IPL0
  D:00D8H         PUBLIC        CCON
  C:1B32H         PUBLIC        timer2_ISR
  C:1723H         PUBLIC        main
  D:0087H         PUBLIC        PCON
  D:0098H         PUBLIC        SCON
  D:0089H         PUBLIC        TMOD
  D:0088H         PUBLIC        TCON
  B:00B0H.3       PUBLIC        trig
  I:00BDH         PUBLIC        return_entry
  I:00C1H         PUBLIC        play_status
  B:0088H.5       PUBLIC        TF0
  B:00A8H.5       PUBLIC        ET2
  B:00C8H.7       PUBLIC        TF2
  D:008CH         PUBLIC        TH0
BL51 BANKED LINKER/LOCATER V6.22                                                      12/14/2015  14:56:48  PAGE 11


  I:00C5H         PUBLIC        cluster_g
  D:00CDH         PUBLIC        TH2
  D:008AH         PUBLIC        TL0
  D:00CCH         PUBLIC        TL2
  X:0000H         PUBLIC        buff1
  B:0088H.4       PUBLIC        TR0
  X:0200H         PUBLIC        buff2
  I:00C9H         PUBLIC        next_entry
  B:00C8H.2       PUBLIC        TR2
  I:00CDH         PUBLIC        sector_base_g
  B:0090H.0       PUBLIC        DATA_REQ
  D:00C8H         PUBLIC        T2CON
  I:00D1H         PUBLIC        state_g
  I:00D5H         PUBLIC        temp8
  D:00D0H         PUBLIC        PSW
  I:00D6H         PUBLIC        block_number
  -------         PROC          TIMER2_ISR
  C:1B32H         LINE#         36
  C:1B4FH         LINE#         38
  C:1B51H         LINE#         39
  C:1B53H         LINE#         40
  C:1B55H         LINE#         41
  C:1B57H         LINE#         44
  C:1B59H         LINE#         45
  C:1B5BH         LINE#         46
  C:1B5EH         LINE#         47
  C:1B61H         LINE#         48
  C:1B63H         LINE#         49
  C:1B65H         LINE#         52
  C:1B76H         LINE#         53
  C:1B76H         LINE#         54
  C:1B86H         LINE#         55
  C:1B86H         LINE#         56
  C:1B8FH         LINE#         57
  C:1B8FH         LINE#         58
  C:1B8FH         LINE#         60
  C:1BA0H         LINE#         61
  C:1BA0H         LINE#         62
  C:1BB0H         LINE#         63
  C:1BB0H         LINE#         64
  C:1BB9H         LINE#         65
  C:1BB9H         LINE#         66
  C:1BB9H         LINE#         69
  C:1BF5H         LINE#         70
  C:1BF5H         LINE#         72
  C:1BF5H         LINE#         73
  C:1BF5H         LINE#         74
  C:1BF7H         LINE#         75
  C:1BF9H         LINE#         76
  C:1BFBH         LINE#         77
  C:1BFDH         LINE#         78
  C:1BFFH         LINE#         79
  C:1C05H         LINE#         80
  C:1C05H         LINE#         81
  C:1C1FH         LINE#         82
  C:1C27H         LINE#         83
  C:1C33H         LINE#         84
BL51 BANKED LINKER/LOCATER V6.22                                                      12/14/2015  14:56:48  PAGE 12


  C:1C33H         LINE#         85
  C:1C3FH         LINE#         86
  C:1C3FH         LINE#         87
  C:1C50H         LINE#         88
  C:1C50H         LINE#         89
  C:1C59H         LINE#         90
  C:1C5BH         LINE#         92
  C:1C5BH         LINE#         93
  C:1C64H         LINE#         94
  C:1C64H         LINE#         95
  C:1C66H         LINE#         97
  C:1C66H         LINE#         98
  C:1C6FH         LINE#         99
  C:1C6FH         LINE#         100
  C:1C71H         LINE#         101
  C:1C71H         LINE#         102
  C:1C73H         LINE#         103
  C:1C87H         LINE#         104
  C:1C87H         LINE#         105
  C:1C90H         LINE#         106
  C:1C9EH         LINE#         107
  C:1C9EH         LINE#         108
  C:1CA5H         LINE#         109
  C:1CA7H         LINE#         111
  C:1CA7H         LINE#         112
  C:1CAEH         LINE#         113
  C:1CAEH         LINE#         114
  C:1CAEH         LINE#         115
  C:1CB1H         LINE#         116
  C:1CB1H         LINE#         117
  C:1CBAH         LINE#         118
  C:1CBAH         LINE#         119
  C:1CBCH         LINE#         120
  C:1CBFH         LINE#         121
  C:1CBFH         LINE#         124
  C:1CBFH         LINE#         125
  C:1CBFH         LINE#         126
  C:1CC1H         LINE#         127
  C:1CC3H         LINE#         128
  C:1CC5H         LINE#         129
  C:1CC7H         LINE#         131
  C:1CE2H         LINE#         132
  C:1CF0H         LINE#         134
  C:1D07H         LINE#         135
  C:1D10H         LINE#         136
  C:1D12H         LINE#         138
  C:1D15H         LINE#         139
  C:1D15H         LINE#         142
  C:1D15H         LINE#         143
  C:1D15H         LINE#         144
  C:1D17H         LINE#         145
  C:1D19H         LINE#         146
  C:1D1BH         LINE#         147
  C:1D1DH         LINE#         149
  C:1D30H         LINE#         150
  C:1D42H         LINE#         151
  C:1D42H         LINE#         152
BL51 BANKED LINKER/LOCATER V6.22                                                      12/14/2015  14:56:48  PAGE 13


  C:1D4BH         LINE#         153
  C:1D54H         LINE#         154
  C:1D54H         LINE#         155
  C:1D56H         LINE#         157
  C:1D56H         LINE#         158
  C:1D63H         LINE#         159
  C:1D6CH         LINE#         160
  C:1D75H         LINE#         161
  C:1D75H         LINE#         162
  C:1D78H         LINE#         163
  C:1D78H         LINE#         165
  C:1D78H         LINE#         166
  C:1D78H         LINE#         167
  C:1D7AH         LINE#         168
  C:1D7CH         LINE#         169
  C:1D7EH         LINE#         170
  C:1D80H         LINE#         172
  C:1D86H         LINE#         173
  C:1D86H         LINE#         174
  C:1D8FH         LINE#         175
  C:1D8FH         LINE#         176
  C:1D92H         LINE#         177
  C:1D92H         LINE#         180
  C:1D92H         LINE#         181
  C:1D92H         LINE#         182
  C:1D94H         LINE#         183
  C:1D96H         LINE#         184
  C:1D98H         LINE#         185
  C:1D9AH         LINE#         187
  C:1D9CH         LINE#         188
  C:1DA2H         LINE#         189
  C:1DA2H         LINE#         190
  C:1DBCH         LINE#         191
  C:1DC4H         LINE#         192
  C:1DD0H         LINE#         193
  C:1DD0H         LINE#         194
  C:1DDBH         LINE#         195
  C:1DDBH         LINE#         196
  C:1DECH         LINE#         197
  C:1DECH         LINE#         198
  C:1DF5H         LINE#         199
  C:1DF7H         LINE#         201
  C:1DF7H         LINE#         202
  C:1E00H         LINE#         203
  C:1E00H         LINE#         204
  C:1E02H         LINE#         206
  C:1E02H         LINE#         207
  C:1E0BH         LINE#         208
  C:1E0BH         LINE#         209
  C:1E0DH         LINE#         210
  C:1E0DH         LINE#         211
  C:1E0FH         LINE#         212
  C:1E23H         LINE#         213
  C:1E23H         LINE#         214
  C:1E2CH         LINE#         215
  C:1E3AH         LINE#         216
  C:1E3AH         LINE#         217
BL51 BANKED LINKER/LOCATER V6.22                                                      12/14/2015  14:56:48  PAGE 14


  C:1E41H         LINE#         218
  C:1E43H         LINE#         220
  C:1E43H         LINE#         221
  C:1E4AH         LINE#         222
  C:1E4AH         LINE#         223
  C:1E4AH         LINE#         224
  C:1E4DH         LINE#         225
  C:1E4DH         LINE#         226
  C:1E56H         LINE#         227
  C:1E56H         LINE#         229
  C:1E58H         LINE#         230
  C:1E5BH         LINE#         231
  C:1E5BH         LINE#         234
  C:1E5BH         LINE#         235
  C:1E5BH         LINE#         236
  C:1E5DH         LINE#         237
  C:1E5FH         LINE#         238
  C:1E61H         LINE#         239
  C:1E63H         LINE#         241
  C:1E7EH         LINE#         242
  C:1E8CH         LINE#         243
  C:1EA3H         LINE#         244
  C:1EACH         LINE#         245
  C:1EB3H         LINE#         246
  C:1EB5H         LINE#         247
  C:1EB5H         LINE#         250
  C:1EB5H         LINE#         251
  C:1EB5H         LINE#         252
  C:1EB7H         LINE#         253
  C:1EB9H         LINE#         254
  C:1EBBH         LINE#         255
  C:1EBDH         LINE#         257
  C:1ED0H         LINE#         258
  C:1EE2H         LINE#         259
  C:1EE2H         LINE#         260
  C:1EEBH         LINE#         261
  C:1EEBH         LINE#         262
  C:1EEDH         LINE#         264
  C:1EEDH         LINE#         265
  C:1EFAH         LINE#         266
  C:1F03H         LINE#         267
  C:1F0CH         LINE#         268
  C:1F0CH         LINE#         269
  C:1F0EH         LINE#         270
  C:1F0EH         LINE#         272
  C:1F0EH         LINE#         273
  C:1F0EH         LINE#         274
  C:1F10H         LINE#         275
  C:1F12H         LINE#         276
  C:1F14H         LINE#         277
  C:1F16H         LINE#         279
  C:1F19H         LINE#         280
  C:1F19H         LINE#         281
  C:1F22H         LINE#         282
  C:1F22H         LINE#         283
  C:1F22H         LINE#         284
  C:1F22H         LINE#         285
BL51 BANKED LINKER/LOCATER V6.22                                                      12/14/2015  14:56:48  PAGE 15


  C:1F22H         LINE#         286
  -------         ENDPROC       TIMER2_ISR
  -------         PROC          MAIN
  -------         DO            
  D:0041H         SYMBOL        error_flag
  D:0042H         SYMBOL        array_name
  D:0044H         SYMBOL        number_of_entries
  -------         ENDDO         
  C:1723H         LINE#         295
  C:1723H         LINE#         296
  C:1723H         LINE#         302
  C:1725H         LINE#         303
  C:1727H         LINE#         304
  C:172AH         LINE#         305
  C:172DH         LINE#         306
  C:1738H         LINE#         307
  C:173DH         LINE#         308
  C:174FH         LINE#         309
  C:1754H         LINE#         310
  C:1759H         LINE#         311
  C:1762H         LINE#         312
  C:1774H         LINE#         313
  C:1777H         LINE#         314
  C:177FH         LINE#         316
  C:178AH         LINE#         317
  C:178CH         LINE#         318
  C:178FH         LINE#         319
  C:1792H         LINE#         320
  C:179DH         LINE#         321
  C:17A1H         LINE#         322
  C:17A1H         LINE#         323
  C:17A3H         LINE#         324
  C:17B5H         LINE#         325
  C:17C1H         LINE#         326
  C:17C6H         LINE#         327
  C:17CBH         LINE#         328
  C:17CBH         LINE#         330
  C:17D0H         LINE#         331
  C:17D4H         LINE#         332
  C:17D4H         LINE#         333
  C:17D6H         LINE#         334
  C:17E8H         LINE#         335
  C:17F4H         LINE#         336
  C:17F9H         LINE#         337
  C:17FEH         LINE#         338
  C:17FEH         LINE#         341
  C:1800H         LINE#         344
  C:1804H         LINE#         345
  C:1804H         LINE#         346
  C:1806H         LINE#         347
  C:1818H         LINE#         348
  C:1824H         LINE#         349
  C:1829H         LINE#         350
  C:182EH         LINE#         351
  C:182EH         LINE#         353
  C:1831H         LINE#         354
  C:1834H         LINE#         355
BL51 BANKED LINKER/LOCATER V6.22                                                      12/14/2015  14:56:48  PAGE 16


  C:1837H         LINE#         356
  C:1839H         LINE#         357
  C:183CH         LINE#         358
  C:183EH         LINE#         359
  C:1840H         LINE#         360
  C:1843H         LINE#         362
  C:1845H         LINE#         363
  C:1847H         LINE#         381
  C:1847H         LINE#         382
  C:1847H         LINE#         383
  C:1851H         LINE#         384
  C:1858H         LINE#         385
  C:1858H         LINE#         387
  C:1858H         LINE#         388
  C:186AH         LINE#         389
  C:1872H         LINE#         390
  C:1894H         LINE#         391
  C:1894H         LINE#         392
  C:18A6H         LINE#         393
  C:18A6H         LINE#         394
  C:18C8H         LINE#         395
  C:18E4H         LINE#         396
  C:18F6H         LINE#         397
  C:190CH         LINE#         398
  C:1911H         LINE#         399
  C:1916H         LINE#         400
  C:1924H         LINE#         401
  C:1933H         LINE#         402
  C:1933H         LINE#         403
  C:1945H         LINE#         404
  C:194AH         LINE#         405
  C:194FH         LINE#         406
  C:195CH         LINE#         407
  C:196EH         LINE#         408
  C:1984H         LINE#         409
  C:1989H         LINE#         410
  C:198EH         LINE#         411
  C:19A0H         LINE#         412
  C:19A0H         LINE#         413
  C:19CDH         LINE#         414
  C:19CDH         LINE#         415
  C:19D6H         LINE#         416
  C:19E8H         LINE#         418
  C:19F5H         LINE#         419
  C:1A10H         LINE#         420
  C:1A1EH         LINE#         421
  C:1A2EH         LINE#         422
  C:1A45H         LINE#         423
  C:1A60H         LINE#         424
  C:1A6EH         LINE#         425
  C:1A7EH         LINE#         426
  C:1A95H         LINE#         427
  C:1A9EH         LINE#         431
  C:1AA7H         LINE#         432
  C:1AA9H         LINE#         433
  C:1AABH         LINE#         434
  C:1AB1H         LINE#         435
BL51 BANKED LINKER/LOCATER V6.22                                                      12/14/2015  14:56:48  PAGE 17


  C:1AB5H         LINE#         436
  C:1AC5H         LINE#         437
  C:1AC5H         LINE#         439
  C:1AC8H         LINE#         441
  C:1ACAH         LINE#         442
  C:1ACCH         LINE#         444
  C:1ADEH         LINE#         445
  C:1ADEH         LINE#         446
  C:1AEFH         LINE#         447
  C:1AEFH         LINE#         448
  C:1AF2H         LINE#         449
  C:1AF2H         LINE#         450
  C:1AF5H         LINE#         451
  C:1AFCH         LINE#         452
  C:1AFCH         LINE#         453
  C:1AFEH         LINE#         454
  C:1B03H         LINE#         455
  C:1B08H         LINE#         456
  C:1B1AH         LINE#         457
  C:1B26H         LINE#         458
  C:1B2BH         LINE#         459
  C:1B30H         LINE#         460
  -------         ENDPROC       MAIN
  -------         ENDMOD        MAIN

  -------         MODULE        PRINT_BYTES
  C:0000H         SYMBOL        _ICE_DUMMY_
  D:0080H         PUBLIC        P0
  D:0090H         PUBLIC        P1
  D:00A0H         PUBLIC        P2
  D:00B0H         PUBLIC        P3
  D:00A8H         PUBLIC        IEN0
  D:00B8H         PUBLIC        IPL0
  C:3F44H         PUBLIC        _print_16bytes
  D:00D8H         PUBLIC        CCON
  C:4159H         PUBLIC        _print_memory
  D:0098H         PUBLIC        SCON
  D:0088H         PUBLIC        TCON
  D:00C8H         PUBLIC        T2CON
  D:00D0H         PUBLIC        PSW
  -------         PROC          _PRINT_16BYTES
  D:0001H         SYMBOL        array_in
  -------         DO            
  D:0067H         SYMBOL        input
  D:006AH         SYMBOL        index
  D:006BH         SYMBOL        dat
  -------         ENDDO         
  C:3F44H         LINE#         16
  C:3F44H         LINE#         17
  C:3F44H         LINE#         20
  C:3F4AH         LINE#         21
  C:3F59H         LINE#         22
  C:3F5CH         LINE#         23
  C:3F5CH         LINE#         24
  C:3F6DH         LINE#         25
  C:3F78H         LINE#         26
  C:3F81H         LINE#         27
BL51 BANKED LINKER/LOCATER V6.22                                                      12/14/2015  14:56:48  PAGE 18


  C:3F84H         LINE#         28
  C:3F84H         LINE#         29
  C:3F95H         LINE#         30
  C:3FA4H         LINE#         31
  C:3FA9H         LINE#         32
  C:3FB2H         LINE#         33
  C:3FB7H         LINE#         34
  -------         ENDPROC       _PRINT_16BYTES
  -------         PROC          _PRINT_MEMORY
  D:005FH         SYMBOL        array_in
  D:0062H         SYMBOL        number_of_bytes
  -------         DO            
  D:0064H         SYMBOL        input
  D:0006H         SYMBOL        i
  -------         ENDDO         
  C:4159H         LINE#         44
  C:4163H         LINE#         45
  C:4163H         LINE#         48
  C:4169H         LINE#         49
  C:416BH         LINE#         50
  C:4170H         LINE#         51
  C:4181H         LINE#         52
  C:418AH         LINE#         54
  C:418AH         LINE#         55
  C:4193H         LINE#         56
  C:419EH         LINE#         57
  C:41B7H         LINE#         58
  -------         ENDPROC       _PRINT_MEMORY
  -------         ENDMOD        PRINT_BYTES

  -------         MODULE        SDCARD
  C:0000H         SYMBOL        _ICE_DUMMY_
  D:0080H         PUBLIC        P0
  D:0090H         PUBLIC        P1
  D:00A0H         PUBLIC        P2
  D:00B0H         PUBLIC        P3
  C:3E4CH         PUBLIC        _trans_ACMD41
  B:00A0H.5       PUBLIC        LED2
  B:00A0H.7       PUBLIC        LED4
  C:3FBCH         PUBLIC        _read_block
  D:00A8H         PUBLIC        IEN0
  C:43EBH         PUBLIC        _trans_CMD0
  C:3DCAH         PUBLIC        _read_sector
  D:00B8H         PUBLIC        IPL0
  C:3C25H         PUBLIC        _get_response
  C:43AAH         PUBLIC        _trans_CMD8
  D:00D8H         PUBLIC        CCON
  D:0098H         PUBLIC        SCON
  D:0088H         PUBLIC        TCON
  C:421BH         PUBLIC        _get_response_no_end_ISR
  C:3A32H         PUBLIC        _send_command_ISR
  D:008EH         PUBLIC        AUXR
  B:0090H.4       PUBLIC        ncs
  C:3385H         PUBLIC        SDcard_init
  C:44ADH         PUBLIC        _trans_CMD58
  C:3AD9H         PUBLIC        _read_block_ISR
  C:3CBBH         PUBLIC        _read_sector_ISR
BL51 BANKED LINKER/LOCATER V6.22                                                      12/14/2015  14:56:48  PAGE 19


  D:00C8H         PUBLIC        T2CON
  C:431EH         PUBLIC        _get_response_no_end
  C:3B88H         PUBLIC        _send_command
  D:00D0H         PUBLIC        PSW
  -------         PROC          SDCARD_INIT
  -------         DO            
  D:0046H         SYMBOL        return_value
  D:004BH         SYMBOL        error_flag
  D:004CH         SYMBOL        index
  D:004DH         SYMBOL        dat
  -------         ENDDO         
  C:3385H         LINE#         11
  C:3385H         LINE#         12
  C:3385H         LINE#         16
  C:3388H         LINE#         18
  C:338AH         LINE#         19
  C:338DH         LINE#         20
  C:338DH         LINE#         21
  C:3398H         LINE#         22
  C:33A1H         LINE#         27
  C:33ACH         LINE#         30
  C:33AFH         LINE#         31
  C:33AFH         LINE#         32
  C:33B7H         LINE#         33
  C:33C2H         LINE#         34
  C:33CBH         LINE#         35
  C:33D0H         LINE#         36
  C:33D5H         LINE#         37
  C:33DCH         LINE#         42
  C:33E0H         LINE#         43
  C:33E0H         LINE#         44
  C:33EAH         LINE#         45
  C:33EAH         LINE#         49
  C:33EDH         LINE#         50
  C:33EDH         LINE#         51
  C:33F5H         LINE#         52
  C:3400H         LINE#         53
  C:3409H         LINE#         54
  C:340EH         LINE#         55
  C:3413H         LINE#         56
  C:341AH         LINE#         59
  C:341EH         LINE#         60
  C:341EH         LINE#         61
  C:3428H         LINE#         62
  C:342EH         LINE#         63
  C:342EH         LINE#         64
  C:3431H         LINE#         65
  C:3433H         LINE#         66
  C:3433H         LINE#         67
  C:3433H         LINE#         71
  C:3436H         LINE#         72
  C:3436H         LINE#         73
  C:343EH         LINE#         74
  C:3449H         LINE#         75
  C:3452H         LINE#         76
  C:3457H         LINE#         77
  C:345CH         LINE#         78
BL51 BANKED LINKER/LOCATER V6.22                                                      12/14/2015  14:56:48  PAGE 20


  C:3463H         LINE#         81
  C:3467H         LINE#         82
  C:3467H         LINE#         83
  C:3471H         LINE#         84
  C:3471H         LINE#         88
  C:3474H         LINE#         89
  C:3474H         LINE#         90
  C:347CH         LINE#         91
  C:3487H         LINE#         92
  C:3490H         LINE#         93
  C:3495H         LINE#         94
  C:349AH         LINE#         95
  C:34A1H         LINE#         98
  C:34A5H         LINE#         99
  C:34A5H         LINE#         100
  C:34AFH         LINE#         101
  C:34B5H         LINE#         102
  C:34B5H         LINE#         104
  C:34B5H         LINE#         105
  C:34BAH         LINE#         106
  C:34BAH         LINE#         108
  C:34BDH         LINE#         109
  C:34BFH         LINE#         111
  C:34BFH         LINE#         112
  C:34C2H         LINE#         113
  C:34C2H         LINE#         114
  C:34C2H         LINE#         117
  C:34C5H         LINE#         118
  C:34C5H         LINE#         119
  C:34CDH         LINE#         120
  C:34D8H         LINE#         121
  C:34E1H         LINE#         122
  C:34E6H         LINE#         123
  C:34EBH         LINE#         124
  C:34F2H         LINE#         126
  C:34F6H         LINE#         127
  C:34F6H         LINE#         128
  C:34F8H         LINE#         129
  C:34F8H         LINE#         130
  C:34FAH         LINE#         132
  C:34FCH         LINE#         133
  -------         ENDPROC       SDCARD_INIT
  -------         PROC          _TRANS_CMD0
  D:004EH         SYMBOL        return_value
  -------         DO            
  D:0007H         SYMBOL        error_flag
  -------         ENDDO         
  C:43EBH         LINE#         150
  C:43F1H         LINE#         151
  C:43F1H         LINE#         155
  C:43F3H         LINE#         156
  C:4400H         LINE#         157
  C:4403H         LINE#         158
  C:4403H         LINE#         159
  C:440EH         LINE#         160
  C:440EH         LINE#         161
  C:4411H         LINE#         162
BL51 BANKED LINKER/LOCATER V6.22                                                      12/14/2015  14:56:48  PAGE 21


  C:4411H         LINE#         163
  C:441EH         LINE#         164
  C:441EH         LINE#         165
  C:4420H         LINE#         166
  C:4420H         LINE#         167
  C:4420H         LINE#         168
  C:4422H         LINE#         170
  C:4422H         LINE#         171
  -------         ENDPROC       _TRANS_CMD0
  -------         PROC          _TRANS_CMD8
  D:004EH         SYMBOL        return_value
  -------         DO            
  D:0007H         SYMBOL        error_flag
  -------         ENDDO         
  C:43AAH         LINE#         177
  C:43B0H         LINE#         178
  C:43B0H         LINE#         181
  C:43B2H         LINE#         182
  C:43C2H         LINE#         183
  C:43C5H         LINE#         184
  C:43C5H         LINE#         185
  C:43D0H         LINE#         186
  C:43D0H         LINE#         187
  C:43DDH         LINE#         188
  C:43E1H         LINE#         189
  C:43E6H         LINE#         190
  C:43E8H         LINE#         191
  C:43EAH         LINE#         192
  C:43EAH         LINE#         193
  -------         ENDPROC       _TRANS_CMD8
  -------         PROC          _TRANS_CMD58
  D:004EH         SYMBOL        return_value
  -------         DO            
  D:0007H         SYMBOL        error_flag
  -------         ENDDO         
  C:44ADH         LINE#         199
  C:44B3H         LINE#         200
  C:44B3H         LINE#         203
  C:44B5H         LINE#         204
  C:44C3H         LINE#         205
  C:44C6H         LINE#         206
  C:44C6H         LINE#         207
  C:44D1H         LINE#         208
  C:44D1H         LINE#         209
  C:44D1H         LINE#         210
  -------         ENDPROC       _TRANS_CMD58
  -------         PROC          _TRANS_ACMD41
  D:004EH         SYMBOL        return_value
  -------         DO            
  D:0007H         SYMBOL        error_flag
  D:0051H         SYMBOL        timeout
  D:0052H         SYMBOL        ACMD41_argum
  -------         ENDDO         
  C:3E4CH         LINE#         215
  C:3E52H         LINE#         216
  C:3E52H         LINE#         218
  C:3E5CH         LINE#         223
BL51 BANKED LINKER/LOCATER V6.22                                                      12/14/2015  14:56:48  PAGE 22


  C:3E5EH         LINE#         226
  C:3E60H         LINE#         228
  C:3E60H         LINE#         229
  C:3E62H         LINE#         230
  C:3E70H         LINE#         231
  C:3E73H         LINE#         232
  C:3E76H         LINE#         233
  C:3E86H         LINE#         234
  C:3E88H         LINE#         235
  C:3E8BH         LINE#         236
  C:3E9CH         LINE#         237
  C:3E9FH         LINE#         238
  C:3EA2H         LINE#         239
  C:3EB2H         LINE#         240
  C:3EB4H         LINE#         241
  C:3EB6H         LINE#         242
  C:3EC0H         LINE#         243
  C:3EC4H         LINE#         244
  C:3EC4H         LINE#         245
  C:3EC6H         LINE#         246
  C:3EC6H         LINE#         247
  C:3EC8H         LINE#         249
  C:3EC8H         LINE#         250
  -------         ENDPROC       _TRANS_ACMD41
  -------         PROC          L?0177
  -------         ENDPROC       L?0177
  -------         PROC          _SEND_COMMAND
  D:0071H         SYMBOL        cmd
  D:0072H         SYMBOL        argum
  -------         DO            
  D:0076H         SYMBOL        error_flag
  D:0077H         SYMBOL        send_val
  D:0078H         SYMBOL        return_val
  D:0079H         SYMBOL        index
  -------         ENDDO         
  C:3B88H         LINE#         260
  C:3B8AH         LINE#         261
  C:3B8AH         LINE#         263
  C:3B94H         LINE#         264
  C:3B94H         LINE#         265
  C:3B9AH         LINE#         266
  C:3BA6H         LINE#         267
  C:3BA9H         LINE#         268
  C:3BC4H         LINE#         269
  C:3BC4H         LINE#         270
  C:3BD5H         LINE#         271
  C:3BE0H         LINE#         272
  C:3BE6H         LINE#         273
  C:3BE8H         LINE#         274
  C:3BECH         LINE#         275
  C:3BF1H         LINE#         276
  C:3BF6H         LINE#         277
  C:3BFBH         LINE#         279
  C:3BFEH         LINE#         280
  C:3C02H         LINE#         281
  C:3C0EH         LINE#         282
  C:3C12H         LINE#         283
BL51 BANKED LINKER/LOCATER V6.22                                                      12/14/2015  14:56:48  PAGE 23


  C:3C15H         LINE#         284
  C:3C17H         LINE#         286
  C:3C1AH         LINE#         287
  C:3C1CH         LINE#         288
  -------         ENDPROC       _SEND_COMMAND
  -------         PROC          _SEND_COMMAND_ISR
  D:003CH         SYMBOL        cmd
  D:003DH         SYMBOL        argum
  -------         DO            
  I:00E1H         SYMBOL        error_flag
  I:00E2H         SYMBOL        send_val
  I:00E3H         SYMBOL        return_val
  I:00E4H         SYMBOL        index
  -------         ENDDO         
  C:3A32H         LINE#         294
  C:3A34H         LINE#         295
  C:3A34H         LINE#         297
  C:3A3EH         LINE#         298
  C:3A3EH         LINE#         299
  C:3A46H         LINE#         300
  C:3A53H         LINE#         301
  C:3A57H         LINE#         302
  C:3A75H         LINE#         303
  C:3A75H         LINE#         304
  C:3A86H         LINE#         305
  C:3A93H         LINE#         306
  C:3A99H         LINE#         307
  C:3A9BH         LINE#         308
  C:3A9FH         LINE#         309
  C:3AA5H         LINE#         310
  C:3AACH         LINE#         311
  C:3AB0H         LINE#         313
  C:3AB2H         LINE#         314
  C:3AB7H         LINE#         315
  C:3AC7H         LINE#         316
  C:3ACCH         LINE#         317
  C:3ACEH         LINE#         318
  C:3AD0H         LINE#         320
  C:3AD4H         LINE#         321
  C:3AD8H         LINE#         322
  -------         ENDPROC       _SEND_COMMAND_ISR
  -------         PROC          L?0178
  -------         ENDPROC       L?0178
  -------         PROC          _GET_RESPONSE
  D:0056H         SYMBOL        num_bytes
  D:0057H         SYMBOL        array_out
  -------         DO            
  D:005AH         SYMBOL        timeout
  D:005BH         SYMBOL        error_flag
  D:005CH         SYMBOL        recieve_value
  D:005DH         SYMBOL        index
  -------         ENDDO         
  C:3C25H         LINE#         326
  C:3C2DH         LINE#         327
  C:3C2DH         LINE#         330
  C:3C30H         LINE#         331
  C:3C32H         LINE#         333
BL51 BANKED LINKER/LOCATER V6.22                                                      12/14/2015  14:56:48  PAGE 24


  C:3C32H         LINE#         334
  C:3C3FH         LINE#         335
  C:3C41H         LINE#         336
  C:3C4EH         LINE#         337
  C:3C59H         LINE#         338
  C:3C5DH         LINE#         339
  C:3C62H         LINE#         340
  C:3C66H         LINE#         341
  C:3C68H         LINE#         342
  C:3C72H         LINE#         343
  C:3C77H         LINE#         344
  C:3C7EH         LINE#         345
  C:3C7EH         LINE#         346
  C:3C88H         LINE#         347
  C:3C88H         LINE#         348
  C:3C93H         LINE#         349
  C:3CA4H         LINE#         350
  C:3CA8H         LINE#         351
  C:3CA8H         LINE#         352
  C:3CACH         LINE#         353
  C:3CB8H         LINE#         354
  C:3CBAH         LINE#         355
  -------         ENDPROC       _GET_RESPONSE
  C:4318H         SYMBOL        L?0174
  -------         PROC          L?0173
  -------         ENDPROC       L?0173
  C:4318H         SYMBOL        L?0174
  -------         PROC          _GET_RESPONSE_NO_END
  D:0071H         SYMBOL        num_bytes
  D:0073H         SYMBOL        array_out
  -------         DO            
  D:0076H         SYMBOL        timeout
  D:0077H         SYMBOL        error_flag
  D:0078H         SYMBOL        recieve_value
  D:0079H         SYMBOL        index
  -------         ENDDO         
  C:431EH         LINE#         361
  C:4328H         LINE#         362
  C:4328H         LINE#         365
  C:432BH         LINE#         366
  C:432DH         LINE#         367
  C:433CH         LINE#         368
  C:433CH         LINE#         369
  C:4347H         LINE#         370
  C:4358H         LINE#         371
  C:4362H         LINE#         372
  C:4364H         LINE#         373
  -------         ENDPROC       _GET_RESPONSE_NO_END
  C:4215H         SYMBOL        L?0176
  -------         PROC          L?0175
  -------         ENDPROC       L?0175
  C:4215H         SYMBOL        L?0176
  -------         PROC          _GET_RESPONSE_NO_END_ISR
  D:003CH         SYMBOL        num_bytes
  D:003EH         SYMBOL        array_out
  -------         DO            
  I:00E1H         SYMBOL        timeout
BL51 BANKED LINKER/LOCATER V6.22                                                      12/14/2015  14:56:48  PAGE 25


  I:00E2H         SYMBOL        error_flag
  I:00E3H         SYMBOL        recieve_value
  I:00E4H         SYMBOL        index
  -------         ENDDO         
  C:421BH         LINE#         378
  C:4225H         LINE#         379
  C:4225H         LINE#         382
  C:4229H         LINE#         383
  C:422BH         LINE#         384
  C:423CH         LINE#         385
  C:423CH         LINE#         386
  C:4247H         LINE#         387
  C:425EH         LINE#         388
  C:4268H         LINE#         389
  C:426CH         LINE#         390
  -------         ENDPROC       _GET_RESPONSE_NO_END_ISR
  -------         PROC          _READ_BLOCK
  D:0064H         SYMBOL        block_number
  D:0068H         SYMBOL        block_info
  -------         DO            
  D:0007H         SYMBOL        error_flag
  D:006BH         SYMBOL        timeout
  D:006CH         SYMBOL        return_value
  -------         ENDDO         
  C:3FBCH         LINE#         398
  C:3FCAH         LINE#         399
  C:3FCAH         LINE#         402
  C:3FCCH         LINE#         403
  C:3FCFH         LINE#         404
  C:3FD2H         LINE#         406
  C:3FD2H         LINE#         407
  C:3FD4H         LINE#         408
  C:3FD7H         LINE#         409
  C:3FDAH         LINE#         410
  C:3FE2H         LINE#         413
  C:3FE6H         LINE#         414
  C:3FE6H         LINE#         415
  C:3FE8H         LINE#         416
  C:3FE8H         LINE#         417
  C:3FEBH         LINE#         419
  C:3FEBH         LINE#         420
  C:3FEDH         LINE#         421
  C:3FF0H         LINE#         422
  C:3FF3H         LINE#         423
  C:4000H         LINE#         427
  C:4004H         LINE#         428
  C:4004H         LINE#         429
  C:4006H         LINE#         430
  C:4006H         LINE#         431
  C:400CH         LINE#         432
  C:400CH         LINE#         433
  C:400EH         LINE#         434
  C:400EH         LINE#         435
  C:4011H         LINE#         436
  C:4011H         LINE#         437
  C:401DH         LINE#         438
  C:401DH         LINE#         439
BL51 BANKED LINKER/LOCATER V6.22                                                      12/14/2015  14:56:48  PAGE 26


  C:4020H         LINE#         440
  C:4020H         LINE#         441
  C:4025H         LINE#         443
  C:4025H         LINE#         444
  C:4027H         LINE#         446
  C:4027H         LINE#         448
  -------         ENDPROC       _READ_BLOCK
  -------         PROC          _READ_BLOCK_ISR
  D:0035H         SYMBOL        block_number
  D:0039H         SYMBOL        block_info
  -------         DO            
  I:00DAH         SYMBOL        error_flag
  I:00DBH         SYMBOL        timeout
  I:00DCH         SYMBOL        return_value
  -------         ENDDO         
  C:3AD9H         LINE#         451
  C:3AE7H         LINE#         452
  C:3AE7H         LINE#         455
  C:3AE9H         LINE#         456
  C:3AEDH         LINE#         457
  C:3B02H         LINE#         459
  C:3B02H         LINE#         460
  C:3B05H         LINE#         461
  C:3B09H         LINE#         462
  C:3B10H         LINE#         463
  C:3B19H         LINE#         466
  C:3B1EH         LINE#         467
  C:3B1EH         LINE#         468
  C:3B21H         LINE#         469
  C:3B21H         LINE#         470
  C:3B25H         LINE#         472
  C:3B25H         LINE#         473
  C:3B28H         LINE#         474
  C:3B2CH         LINE#         475
  C:3B33H         LINE#         476
  C:3B43H         LINE#         480
  C:3B48H         LINE#         481
  C:3B48H         LINE#         482
  C:3B4BH         LINE#         483
  C:3B4BH         LINE#         484
  C:3B50H         LINE#         485
  C:3B50H         LINE#         486
  C:3B54H         LINE#         487
  C:3B54H         LINE#         488
  C:3B59H         LINE#         489
  C:3B59H         LINE#         490
  C:3B69H         LINE#         491
  C:3B69H         LINE#         492
  C:3B6EH         LINE#         493
  C:3B6EH         LINE#         494
  C:3B77H         LINE#         496
  C:3B77H         LINE#         497
  C:3B79H         LINE#         499
  C:3B7DH         LINE#         501
  -------         ENDPROC       _READ_BLOCK_ISR
  -------         PROC          _READ_SECTOR
  D:0046H         SYMBOL        block_number
BL51 BANKED LINKER/LOCATER V6.22                                                      12/14/2015  14:56:48  PAGE 27


  D:004AH         SYMBOL        block_info
  -------         DO            
  D:0007H         SYMBOL        error_flag
  D:004DH         SYMBOL        timeout
  D:004EH         SYMBOL        return_value
  -------         ENDDO         
  C:3DCAH         LINE#         505
  C:3DD8H         LINE#         506
  C:3DD8H         LINE#         509
  C:3DDAH         LINE#         510
  C:3DDDH         LINE#         511
  C:3DE0H         LINE#         513
  C:3DE0H         LINE#         514
  C:3DE2H         LINE#         515
  C:3DE5H         LINE#         516
  C:3DF0H         LINE#         517
  C:3DF8H         LINE#         520
  C:3DFCH         LINE#         521
  C:3DFCH         LINE#         522
  C:3DFEH         LINE#         523
  C:3DFEH         LINE#         524
  C:3E01H         LINE#         526
  C:3E01H         LINE#         527
  C:3E03H         LINE#         528
  C:3E06H         LINE#         529
  C:3E11H         LINE#         530
  C:3E1EH         LINE#         534
  C:3E22H         LINE#         535
  C:3E22H         LINE#         536
  C:3E24H         LINE#         537
  C:3E24H         LINE#         538
  C:3E2AH         LINE#         539
  C:3E2AH         LINE#         540
  C:3E2CH         LINE#         541
  C:3E2CH         LINE#         542
  C:3E2FH         LINE#         543
  C:3E2FH         LINE#         544
  C:3E3BH         LINE#         545
  C:3E3BH         LINE#         546
  C:3E3EH         LINE#         547
  C:3E3EH         LINE#         548
  C:3E49H         LINE#         550
  C:3E49H         LINE#         551
  C:3E4BH         LINE#         553
  C:3E4BH         LINE#         555
  -------         ENDPROC       _READ_SECTOR
  -------         PROC          _READ_SECTOR_ISR
  D:0023H         SYMBOL        block_number
  D:0027H         SYMBOL        block_info
  -------         DO            
  D:0007H         SYMBOL        error_flag
  D:002AH         SYMBOL        timeout
  D:002BH         SYMBOL        return_value
  -------         ENDDO         
  C:3CBBH         LINE#         561
  C:3CC9H         LINE#         562
  C:3CC9H         LINE#         565
BL51 BANKED LINKER/LOCATER V6.22                                                      12/14/2015  14:56:48  PAGE 28


  C:3CCBH         LINE#         566
  C:3CCEH         LINE#         567
  C:3CDBH         LINE#         569
  C:3CDBH         LINE#         570
  C:3CDDH         LINE#         571
  C:3CE0H         LINE#         572
  C:3CEBH         LINE#         573
  C:3CF3H         LINE#         576
  C:3CF7H         LINE#         577
  C:3CF7H         LINE#         578
  C:3CF9H         LINE#         579
  C:3CF9H         LINE#         580
  C:3CFCH         LINE#         582
  C:3CFCH         LINE#         583
  C:3CFEH         LINE#         584
  C:3D01H         LINE#         585
  C:3D0CH         LINE#         586
  C:3D19H         LINE#         590
  C:3D1DH         LINE#         591
  C:3D1DH         LINE#         592
  C:3D1FH         LINE#         593
  C:3D1FH         LINE#         594
  C:3D25H         LINE#         595
  C:3D25H         LINE#         596
  C:3D27H         LINE#         597
  C:3D27H         LINE#         598
  C:3D2AH         LINE#         599
  C:3D2AH         LINE#         600
  C:3D36H         LINE#         601
  C:3D36H         LINE#         602
  C:3D39H         LINE#         603
  C:3D39H         LINE#         604
  C:3D44H         LINE#         606
  C:3D44H         LINE#         607
  C:3D46H         LINE#         609
  C:3D46H         LINE#         611
  -------         ENDPROC       _READ_SECTOR_ISR
  -------         ENDMOD        SDCARD

  -------         MODULE        SPI
  C:0000H         SYMBOL        _ICE_DUMMY_
  D:0080H         PUBLIC        P0
  D:0090H         PUBLIC        P1
  D:00A0H         PUBLIC        P2
  D:00B0H         PUBLIC        P3
  D:00C3H         PUBLIC        SPCON
  C:4459H         PUBLIC        _SPI_transfer_ISR
  D:00C4H         PUBLIC        SPSTA
  D:00A8H         PUBLIC        IEN0
  D:00B8H         PUBLIC        IPL0
  D:00D8H         PUBLIC        CCON
  D:0098H         PUBLIC        SCON
  D:0088H         PUBLIC        TCON
  C:44F4H         PUBLIC        _SPI_transfer
  D:00C8H         PUBLIC        T2CON
  C:4091H         PUBLIC        _SPI_master_init
  D:00D0H         PUBLIC        PSW
BL51 BANKED LINKER/LOCATER V6.22                                                      12/14/2015  14:56:48  PAGE 29


  D:00C5H         PUBLIC        SPDAT
  -------         PROC          _SPI_MASTER_INIT
  D:0004H         SYMBOL        SCLR_FREQ
  -------         DO            
  D:0007H         SYMBOL        divider
  D:0046H         SYMBOL        return_val
  -------         ENDDO         
  C:4091H         LINE#         6
  C:4091H         LINE#         7
  C:4091H         LINE#         9
  C:4094H         LINE#         10
  C:40A5H         LINE#         11
  C:40ABH         LINE#         12
  C:40B0H         LINE#         13
  C:40B6H         LINE#         14
  C:40BBH         LINE#         15
  C:40C1H         LINE#         16
  C:40C6H         LINE#         17
  C:40CCH         LINE#         18
  C:40D1H         LINE#         19
  C:40D7H         LINE#         20
  C:40DCH         LINE#         21
  C:40E2H         LINE#         22
  C:40E7H         LINE#         23
  C:40EDH         LINE#         24
  C:40F2H         LINE#         26
  C:40F5H         LINE#         27
  C:40F7H         LINE#         28
  -------         ENDPROC       _SPI_MASTER_INIT
  -------         PROC          _SPI_TRANSFER
  D:0007H         SYMBOL        data_input
  D:0001H         SYMBOL        data_output
  -------         DO            
  D:0007H         SYMBOL        test
  D:0006H         SYMBOL        timeout
  -------         ENDDO         
  C:44F4H         LINE#         32
  C:44F4H         LINE#         33
  C:44F4H         LINE#         35
  C:44F6H         LINE#         36
  C:44F8H         LINE#         38
  C:44F8H         LINE#         39
  C:44FAH         LINE#         40
  C:44FBH         LINE#         41
  C:4502H         LINE#         42
  C:4505H         LINE#         43
  C:4505H         LINE#         44
  C:450AH         LINE#         45
  C:450EH         LINE#         46
  C:4510H         LINE#         48
  C:4510H         LINE#         49
  C:4512H         LINE#         50
  C:4512H         LINE#         51
  C:4514H         LINE#         52
  -------         ENDPROC       _SPI_TRANSFER
  -------         PROC          _SPI_TRANSFER_ISR
  D:0007H         SYMBOL        data_input
BL51 BANKED LINKER/LOCATER V6.22                                                      12/14/2015  14:56:48  PAGE 30


  D:0001H         SYMBOL        data_output
  -------         DO            
  D:0007H         SYMBOL        test
  D:0006H         SYMBOL        timeout
  -------         ENDDO         
  C:4459H         LINE#         58
  C:4459H         LINE#         59
  C:4459H         LINE#         61
  C:445BH         LINE#         62
  C:445DH         LINE#         64
  C:445DH         LINE#         65
  C:445FH         LINE#         66
  C:4460H         LINE#         67
  C:4468H         LINE#         68
  C:446BH         LINE#         69
  C:446BH         LINE#         70
  C:4470H         LINE#         71
  C:4470H         LINE#         72
  C:4475H         LINE#         73
  C:4479H         LINE#         74
  C:447BH         LINE#         76
  C:447BH         LINE#         77
  C:447DH         LINE#         78
  C:447DH         LINE#         79
  C:447FH         LINE#         81
  C:447FH         LINE#         82
  C:4481H         LINE#         83
  C:4481H         LINE#         84
  C:4483H         LINE#         85
  -------         ENDPROC       _SPI_TRANSFER_ISR
  -------         ENDMOD        SPI

  -------         MODULE        UART
  C:0000H         SYMBOL        _ICE_DUMMY_
  D:0080H         PUBLIC        P0
  D:0090H         PUBLIC        P1
  D:00A0H         PUBLIC        P2
  D:00B0H         PUBLIC        P3
  D:00A8H         PUBLIC        IEN0
  D:00B8H         PUBLIC        IPL0
  B:00A8H.4       PUBLIC        ES
  B:0098H.1       PUBLIC        TI
  D:00D8H         PUBLIC        CCON
  D:0087H         PUBLIC        PCON
  C:4536H         PUBLIC        UART_Init
  D:0098H         PUBLIC        SCON
  D:0088H         PUBLIC        TCON
  D:009BH         PUBLIC        BDRCON
  D:009AH         PUBLIC        BRL
  D:00C8H         PUBLIC        T2CON
  D:00D0H         PUBLIC        PSW
  -------         PROC          UART_INIT
  C:4536H         LINE#         5
  C:4536H         LINE#         6
  C:4536H         LINE#         12
  C:4539H         LINE#         13
  C:453CH         LINE#         14
BL51 BANKED LINKER/LOCATER V6.22                                                      12/14/2015  14:56:48  PAGE 31


  C:453FH         LINE#         15
  C:4542H         LINE#         16
  C:4545H         LINE#         17
  C:4548H         LINE#         18
  C:454BH         LINE#         19
  C:454DH         LINE#         20
  C:454FH         LINE#         21
  C:4551H         LINE#         22
  -------         ENDPROC       UART_INIT
  -------         ENDMOD        UART

  -------         MODULE        DIRECTORY_FUNCTIONS
  C:0000H         SYMBOL        _ICE_DUMMY_
  D:0080H         PUBLIC        P0
  D:0090H         PUBLIC        P1
  D:00A0H         PUBLIC        P2
  D:00B0H         PUBLIC        P3
  I:0080H         PUBLIC        MBR_RelSec
  C:3D4FH         PUBLIC        _read32
  I:0084H         PUBLIC        BPB_BytesPerSec
  C:4275H         PUBLIC        _read16
  B:00A0H.5       PUBLIC        LED2
  D:00A8H         PUBLIC        IEN0
  I:0086H         PUBLIC        BPB_SecPerClus
  D:00B8H         PUBLIC        IPL0
  I:0087H         PUBLIC        BPB_RsvdSecCnt
  C:34FDH         PUBLIC        _first_sector
  I:0089H         PUBLIC        FATtype
  I:008AH         PUBLIC        BPB_HiddenSec
  D:00D8H         PUBLIC        CCON
  I:008EH         PUBLIC        FirstDataSec
  I:0092H         PUBLIC        BPB_RootEntCnt
  C:2E5FH         PUBLIC        _Print_Directory
  C:38ACH         PUBLIC        _find_next_cluster
  C:0FFEH         PUBLIC        _mount_drive
  D:0098H         PUBLIC        SCON
  D:0088H         PUBLIC        TCON
  I:0094H         PUBLIC        BPB_NumFATs
  I:0095H         PUBLIC        StartofFAT
  I:0099H         PUBLIC        BPB_FATSz32
  B:0090H.4       PUBLIC        ncs
  I:009DH         PUBLIC        BPB_FATSz16
  C:3EC9H         PUBLIC        _read32_ISR
  I:009FH         PUBLIC        BPB_Root_Clus
  C:4524H         PUBLIC        _read8
  I:00A3H         PUBLIC        RootDirSec
  D:00C8H         PUBLIC        T2CON
  C:41B8H         PUBLIC        _first_sector_ISR
  I:00A7H         PUBLIC        FirstRootDirSec
  I:00ABH         PUBLIC        BPB_TotSec32
  I:00AFH         PUBLIC        BPB_TotSec16
  C:2C2BH         PUBLIC        _Read_Dir_Entry
  D:00D0H         PUBLIC        PSW
  C:396FH         PUBLIC        _find_next_cluster_ISR
  -------         PROC          L?0095
  -------         ENDPROC       L?0095
  -------         PROC          _READ32
BL51 BANKED LINKER/LOCATER V6.22                                                      12/14/2015  14:56:48  PAGE 32


  D:005FH         SYMBOL        offset_address
  D:0061H         SYMBOL        array_name
  -------         DO            
  D:0064H         SYMBOL        return_value
  D:0068H         SYMBOL        temp
  D:0069H         SYMBOL        index
  -------         ENDDO         
  C:3D4FH         LINE#         36
  C:3D59H         LINE#         37
  C:3D59H         LINE#         38
  C:3D60H         LINE#         39
  C:3D60H         LINE#         40
  C:3D69H         LINE#         42
  C:3D6BH         LINE#         43
  C:3D6BH         LINE#         44
  C:3D8CH         LINE#         45
  C:3DA1H         LINE#         46
  C:3DB3H         LINE#         47
  C:3DBAH         LINE#         48
  C:3DC3H         LINE#         49
  C:3DC3H         LINE#         51
  C:3DC9H         LINE#         52
  -------         ENDPROC       _READ32
  -------         PROC          _READ32_ISR
  D:0035H         SYMBOL        offset_address
  D:0037H         SYMBOL        array_name
  -------         DO            
  D:003AH         SYMBOL        return_value
  D:003EH         SYMBOL        temp
  D:003FH         SYMBOL        index
  -------         ENDDO         
  C:3EC9H         LINE#         54
  C:3ED3H         LINE#         55
  C:3ED3H         LINE#         56
  C:3EDAH         LINE#         57
  C:3EDAH         LINE#         58
  C:3EE3H         LINE#         60
  C:3EE5H         LINE#         61
  C:3EE5H         LINE#         62
  C:3F06H         LINE#         63
  C:3F1BH         LINE#         64
  C:3F2DH         LINE#         65
  C:3F34H         LINE#         66
  C:3F3DH         LINE#         67
  C:3F3DH         LINE#         69
  C:3F43H         LINE#         70
  -------         ENDPROC       _READ32_ISR
  -------         PROC          L?0094
  -------         ENDPROC       L?0094
  -------         PROC          _READ16
  D:005FH         SYMBOL        offset_address
  D:0061H         SYMBOL        array_name
  -------         DO            
  D:0064H         SYMBOL        return_value
  D:0004H         SYMBOL        temp
  D:0005H         SYMBOL        index
  -------         ENDDO         
BL51 BANKED LINKER/LOCATER V6.22                                                      12/14/2015  14:56:48  PAGE 33


  C:4275H         LINE#         72
  C:427FH         LINE#         73
  C:427FH         LINE#         74
  C:4284H         LINE#         76
  C:428BH         LINE#         77
  C:428BH         LINE#         78
  C:428DH         LINE#         79
  C:428DH         LINE#         80
  C:42AEH         LINE#         81
  C:42B5H         LINE#         82
  C:42B8H         LINE#         83
  C:42BCH         LINE#         84
  C:42C1H         LINE#         85
  C:42C1H         LINE#         87
  C:42C1H         LINE#         88
  C:42C5H         LINE#         89
  C:42C5H         LINE#         90
  -------         ENDPROC       _READ16
  C:4519H         SYMBOL        L?0093
  -------         PROC          L?0092
  -------         ENDPROC       L?0092
  C:4519H         SYMBOL        L?0093
  -------         PROC          _READ8
  D:0006H         SYMBOL        offset_address
  D:0001H         SYMBOL        array_name
  -------         DO            
  D:0005H         SYMBOL        return_value
  D:0007H         SYMBOL        temp
  -------         ENDDO         
  C:4524H         LINE#         92
  C:4524H         LINE#         93
  C:4524H         LINE#         94
  C:4524H         LINE#         96
  C:452AH         LINE#         97
  C:452AH         LINE#         98
  C:4531H         LINE#         99
  C:4531H         LINE#         100
  C:4531H         LINE#         101
  C:4533H         LINE#         102
  C:4533H         LINE#         104
  C:4533H         LINE#         105
  C:4535H         LINE#         106
  C:4535H         LINE#         107
  -------         ENDPROC       _READ8
  -------         PROC          _MOUNT_DRIVE
  D:0046H         SYMBOL        sector
  -------         DO            
  D:0048H         SYMBOL        error_flag
  D:0049H         SYMBOL        numofFATSectors
  D:004BH         SYMBOL        bpb_sector
  D:004FH         SYMBOL        FATSz
  D:0053H         SYMBOL        totSec
  D:0057H         SYMBOL        countofClusters
  D:005BH         SYMBOL        DataSec
  -------         ENDDO         
  C:0FFEH         LINE#         109
  C:1002H         LINE#         110
BL51 BANKED LINKER/LOCATER V6.22                                                      12/14/2015  14:56:48  PAGE 34


  C:1002H         LINE#         115
  C:1005H         LINE#         117
  C:1012H         LINE#         118
  C:101FH         LINE#         119
  C:103EH         LINE#         120
  C:103EH         LINE#         121
  C:104DH         LINE#         122
  C:105AH         LINE#         123
  C:106CH         LINE#         124
  C:1081H         LINE#         125
  C:1086H         LINE#         126
  C:108BH         LINE#         127
  C:108DH         LINE#         129
  C:108DH         LINE#         130
  C:1090H         LINE#         131
  C:1090H         LINE#         132
  C:1097H         LINE#         133
  C:1097H         LINE#         134
  C:10A8H         LINE#         135
  C:10B5H         LINE#         137
  C:10C7H         LINE#         138
  C:10D3H         LINE#         139
  C:10E4H         LINE#         140
  C:10E9H         LINE#         141
  C:10EEH         LINE#         143
  C:1100H         LINE#         144
  C:1111H         LINE#         145
  C:111DH         LINE#         146
  C:1122H         LINE#         147
  C:1127H         LINE#         149
  C:1139H         LINE#         150
  C:1145H         LINE#         151
  C:1156H         LINE#         152
  C:115BH         LINE#         153
  C:1160H         LINE#         155
  C:1172H         LINE#         156
  C:1183H         LINE#         157
  C:118FH         LINE#         158
  C:1194H         LINE#         159
  C:1199H         LINE#         161
  C:11ABH         LINE#         162
  C:11BFH         LINE#         163
  C:11D0H         LINE#         164
  C:11D5H         LINE#         165
  C:11DAH         LINE#         167
  C:11ECH         LINE#         168
  C:1200H         LINE#         169
  C:1211H         LINE#         170
  C:1216H         LINE#         171
  C:121BH         LINE#         173
  C:122DH         LINE#         174
  C:1241H         LINE#         175
  C:1252H         LINE#         176
  C:1257H         LINE#         177
  C:125CH         LINE#         179
  C:126EH         LINE#         180
  C:1278H         LINE#         181
BL51 BANKED LINKER/LOCATER V6.22                                                      12/14/2015  14:56:48  PAGE 35


  C:128EH         LINE#         182
  C:1293H         LINE#         183
  C:1298H         LINE#         185
  C:12AAH         LINE#         186
  C:12B4H         LINE#         187
  C:12CAH         LINE#         188
  C:12CFH         LINE#         189
  C:12D4H         LINE#         191
  C:12E6H         LINE#         192
  C:12F8H         LINE#         193
  C:130EH         LINE#         194
  C:1313H         LINE#         195
  C:1318H         LINE#         197
  C:132AH         LINE#         198
  C:133CH         LINE#         199
  C:1352H         LINE#         200
  C:1357H         LINE#         201
  C:135CH         LINE#         203
  C:136EH         LINE#         204
  C:139CH         LINE#         205
  C:13B2H         LINE#         206
  C:13B7H         LINE#         207
  C:13BCH         LINE#         211
  C:13C3H         LINE#         212
  C:13C3H         LINE#         213
  C:13D0H         LINE#         214
  C:13E2H         LINE#         215
  C:13F4H         LINE#         216
  C:13F4H         LINE#         217
[...]
  C:1FFEH         LINE#         252
  C:2008H         LINE#         253
  C:2008H         LINE#         254
  C:2012H         LINE#         255
  C:2012H         LINE#         256
  C:2017H         LINE#         257
  C:2019H         LINE#         258
  C:2029H         LINE#         259
  C:2051H         LINE#         260
  C:2056H         LINE#         261
  C:205BH         LINE#         262
  C:205DH         LINE#         263
  C:2060H         LINE#         264
  C:2067H         LINE#         265
  C:2067H         LINE#         266
  C:2069H         LINE#         267
  C:206BH         LINE#         268
  C:206FH         LINE#         269
  C:206FH         LINE#         270
  C:2072H         LINE#         271
  C:2072H         LINE#         272
  C:2076H         LINE#         273
  C:2076H         LINE#         274
  C:207BH         LINE#         275
  C:2083H         LINE#         276
  C:2083H         LINE#         277
  C:2086H         LINE#         278
  C:2086H         LINE#         279
  C:2086H         LINE#         281
  C:208AH         LINE#         284
  C:208EH         LINE#         285
  C:208EH         LINE#         286
  C:2093H         LINE#         287
  C:2093H         LINE#         288
  C:2093H         LINE#         289
  C:2096H         LINE#         290
  C:2098H         LINE#         291
  C:209BH         LINE#         292
  C:20A2H         LINE#         293
  C:20A2H         LINE#         294
  C:20A4H         LINE#         295
  C:20A6H         LINE#         296
  C:20AAH         LINE#         297
  C:20AAH         LINE#         298
  C:20ADH         LINE#         299
  C:20ADH         LINE#         300
  C:20ADH         LINE#         301
  C:20B1H         LINE#         302
  C:20B1H         LINE#         303
  C:20B4H         LINE#         304
  C:20B4H         LINE#         305
  C:20B7H         LINE#         306
BL51 BANKED LINKER/LOCATER V6.22                                                      12/14/2015  14:56:48  PAGE 47


  C:20B7H         LINE#         307
  C:20B7H         LINE#         308
  C:20C3H         LINE#         312
  C:20C8H         LINE#         313
  C:20CAH         LINE#         314
  C:20CCH         LINE#         315
  C:20CFH         LINE#         316
  C:20D4H         LINE#         317
  C:20D6H         LINE#         318
  C:20D9H         LINE#         319
  C:20E0H         LINE#         320
  C:20E0H         LINE#         321
  C:20E2H         LINE#         322
  C:20E4H         LINE#         323
  C:20E8H         LINE#         324
  C:20E8H         LINE#         325
  C:20EBH         LINE#         326
  C:20EBH         LINE#         327
  C:20EFH         LINE#         328
  C:20EFH         LINE#         329
  C:20F6H         LINE#         330
  C:20F6H         LINE#         331
  C:20F9H         LINE#         332
  C:20F9H         LINE#         333
  C:20F9H         LINE#         334
  C:20FBH         LINE#         341
  C:2101H         LINE#         342
  C:2101H         LINE#         343
  C:2104H         LINE#         344
  C:2104H         LINE#         345
  C:2107H         LINE#         346
  C:210FH         LINE#         347
  C:2111H         LINE#         348
  C:2113H         LINE#         355
  C:2121H         LINE#         356
  C:2121H         LINE#         357
  C:2126H         LINE#         358
  C:2128H         LINE#         359
  C:214FH         LINE#         360
  C:2154H         LINE#         361
  C:2159H         LINE#         362
  C:215BH         LINE#         363
  C:215EH         LINE#         364
  C:2165H         LINE#         365
  C:2165H         LINE#         366
  C:2167H         LINE#         367
  C:2169H         LINE#         368
  C:216DH         LINE#         369
  C:216DH         LINE#         370
  C:2170H         LINE#         371
  C:2170H         LINE#         372
  C:2174H         LINE#         373
  C:2174H         LINE#         374
  C:217BH         LINE#         375
  C:217BH         LINE#         376
  C:217EH         LINE#         377
  C:217EH         LINE#         378
BL51 BANKED LINKER/LOCATER V6.22                                                      12/14/2015  14:56:48  PAGE 48


  C:217EH         LINE#         379
  C:2182H         LINE#         382
  C:2186H         LINE#         383
  C:2186H         LINE#         384
  C:218BH         LINE#         385
  C:218BH         LINE#         386
  C:218BH         LINE#         387
  C:218EH         LINE#         388
  C:2190H         LINE#         389
  C:2193H         LINE#         390
  C:219AH         LINE#         391
  C:219AH         LINE#         392
  C:219CH         LINE#         393
  C:219EH         LINE#         394
  C:21A2H         LINE#         395
  C:21A2H         LINE#         396
  C:21A5H         LINE#         397
  C:21A5H         LINE#         398
  C:21A5H         LINE#         399
  C:21A9H         LINE#         400
  C:21A9H         LINE#         401
  C:21ACH         LINE#         402
  C:21ACH         LINE#         403
  C:21AFH         LINE#         404
  C:21AFH         LINE#         405
  C:21AFH         LINE#         411
  C:21C3H         LINE#         412
  C:21C3H         LINE#         413
  C:21D5H         LINE#         414
  C:21DFH         LINE#         415
  C:21DFH         LINE#         416
  C:21E4H         LINE#         417
  C:21E6H         LINE#         419
  C:21EBH         LINE#         420
  C:21EDH         LINE#         421
  C:21F0H         LINE#         422
  C:21F7H         LINE#         423
  C:21F7H         LINE#         424
  C:21F9H         LINE#         425
  C:21FBH         LINE#         426
  C:21FFH         LINE#         427
  C:21FFH         LINE#         428
  C:2202H         LINE#         429
  C:2202H         LINE#         430
  C:2206H         LINE#         431
  C:2206H         LINE#         432
  C:220BH         LINE#         433
  C:222BH         LINE#         434
  C:222BH         LINE#         435
  C:222FH         LINE#         438
  C:2233H         LINE#         439
  C:2233H         LINE#         440
  C:2238H         LINE#         441
  C:223AH         LINE#         442
  C:2240H         LINE#         443
  C:2240H         LINE#         444
  C:2242H         LINE#         445
BL51 BANKED LINKER/LOCATER V6.22                                                      12/14/2015  14:56:48  PAGE 49


  C:2244H         LINE#         447
  C:2244H         LINE#         448
  C:2246H         LINE#         449
  C:2246H         LINE#         450
  C:224BH         LINE#         451
  C:224DH         LINE#         452
  C:2250H         LINE#         453
  C:2257H         LINE#         454
  C:2257H         LINE#         455
  C:2259H         LINE#         456
  C:225BH         LINE#         457
  C:225FH         LINE#         458
  C:225FH         LINE#         459
  C:2262H         LINE#         460
  C:2262H         LINE#         461
  C:2262H         LINE#         462
  C:2267H         LINE#         465
  C:226CH         LINE#         466
  C:226EH         LINE#         467
  C:2270H         LINE#         468
  C:2273H         LINE#         469
  C:2278H         LINE#         470
  C:227AH         LINE#         471
  C:227DH         LINE#         472
  C:2284H         LINE#         473
  C:2284H         LINE#         474
  C:2286H         LINE#         475
  C:2288H         LINE#         476
  C:228CH         LINE#         477
  C:228CH         LINE#         478
  C:228FH         LINE#         479
  C:228FH         LINE#         480
  C:2293H         LINE#         481
  C:2293H         LINE#         482
  C:229AH         LINE#         483
  C:229AH         LINE#         484
  C:229DH         LINE#         485
  C:229DH         LINE#         486
  C:229DH         LINE#         487
  C:229FH         LINE#         490
  C:22A1H         LINE#         491
  -------         ENDPROC       _I2C_READ
  C:4552H         SYMBOL        L?0145
  -------         PROC          L?0144
  -------         ENDPROC       L?0144
  C:4552H         SYMBOL        L?0145
  -------         PROC          _I2C_CLOCK_DELAY
  D:0007H         SYMBOL        control
  C:4558H         LINE#         497
  C:4558H         LINE#         498
  C:4558H         LINE#         499
  C:455BH         LINE#         500
  C:455BH         LINE#         501
  C:455EH         LINE#         502
  C:455EH         LINE#         503
  C:4560H         LINE#         504
  C:4563H         LINE#         505
BL51 BANKED LINKER/LOCATER V6.22                                                      12/14/2015  14:56:48  PAGE 50


  C:4563H         LINE#         506
  C:4566H         LINE#         507
  C:4569H         LINE#         508
  C:456BH         LINE#         509
  C:456DH         LINE#         510
  C:456DH         LINE#         513
  -------         ENDPROC       _I2C_CLOCK_DELAY
  -------         PROC          I2C_CLOCK_START
  C:456EH         LINE#         518
  C:456EH         LINE#         519
  C:456EH         LINE#         520
  C:4571H         LINE#         521
  C:4574H         LINE#         522
  C:4576H         LINE#         523
  C:4579H         LINE#         524
  C:457CH         LINE#         525
  C:457EH         LINE#         526
  C:4580H         LINE#         529
  -------         ENDPROC       I2C_CLOCK_START
  -------         ENDMOD        I2C

  -------         MODULE        STA013
  C:0000H         SYMBOL        _ICE_DUMMY_
  D:0080H         PUBLIC        P0
  D:0090H         PUBLIC        P1
  D:00A0H         PUBLIC        P2
  D:00B0H         PUBLIC        P3
  B:00A0H.7       PUBLIC        LED4
  D:00A8H         PUBLIC        IEN0
  D:00B8H         PUBLIC        IPL0
  D:00D8H         PUBLIC        CCON
  D:0098H         PUBLIC        SCON
  D:0088H         PUBLIC        TCON
  B:00B0H.3       PUBLIC        trig
  C:40F8H         PUBLIC        _test_I2C
  D:00C8H         PUBLIC        T2CON
  B:00B0H.2       PUBLIC        gpio_rst
  D:00D0H         PUBLIC        PSW
  C:25FEH         PUBLIC        config_file
  -------         PROC          CONFIG_FILE
  -------         DO            
  D:0046H         SYMBOL        config_p
  D:0049H         SYMBOL        send_array
  D:004BH         SYMBOL        get_array
  D:004CH         SYMBOL        error_flag
  D:004DH         SYMBOL        index
  -------         ENDDO         
  C:25FEH         LINE#         20
  C:25FEH         LINE#         21
  C:25FEH         LINE#         26
  C:2600H         LINE#         28
  C:2609H         LINE#         29
  C:2612H         LINE#         31
  C:2612H         LINE#         32
  C:2623H         LINE#         33
  C:2638H         LINE#         34
  C:2643H         LINE#         35
BL51 BANKED LINKER/LOCATER V6.22                                                      12/14/2015  14:56:48  PAGE 51


  C:2658H         LINE#         36
  C:265DH         LINE#         37
  C:265DH         LINE#         38
  C:266CH         LINE#         40
  C:266EH         LINE#         42
  C:266EH         LINE#         43
  C:2677H         LINE#         44
  C:267BH         LINE#         45
  C:268DH         LINE#         46
  C:26A2H         LINE#         47
  C:26A7H         LINE#         48
  C:26ACH         LINE#         49
  C:26B5H         LINE#         50
  C:26BEH         LINE#         52
  C:26BEH         LINE#         53
  C:26CFH         LINE#         54
  C:26E4H         LINE#         55
  C:26EFH         LINE#         56
  C:2704H         LINE#         57
  C:2709H         LINE#         58
  C:2709H         LINE#         59
  C:2718H         LINE#         61
  C:271AH         LINE#         62
  C:271AH         LINE#         63
  C:2723H         LINE#         64
  C:2727H         LINE#         65
  C:2739H         LINE#         66
  C:274EH         LINE#         67
  C:2753H         LINE#         68
  C:2758H         LINE#         71
  C:275AH         LINE#         72
  C:275CH         LINE#         75
  C:275FH         LINE#         76
  C:2762H         LINE#         77
  C:2765H         LINE#         78
  C:2772H         LINE#         79
  C:2781H         LINE#         80
  C:2793H         LINE#         81
  C:279FH         LINE#         82
  C:27B1H         LINE#         83
  C:27BDH         LINE#         84
  C:27C2H         LINE#         85
  C:27C7H         LINE#         88
  C:27CAH         LINE#         89
  C:27CDH         LINE#         90
  C:27D0H         LINE#         91
  C:27DDH         LINE#         92
  C:27EAH         LINE#         93
  C:27FCH         LINE#         94
  C:2808H         LINE#         95
  C:281AH         LINE#         96
  C:2826H         LINE#         97
  C:282BH         LINE#         98
  C:2830H         LINE#         101
  C:2833H         LINE#         102
  C:2836H         LINE#         103
  C:2843H         LINE#         104
BL51 BANKED LINKER/LOCATER V6.22                                                      12/14/2015  14:56:48  PAGE 52


  C:2846H         LINE#         105
  C:2849H         LINE#         106
  C:2856H         LINE#         107
  C:2859H         LINE#         108
  C:285CH         LINE#         109
  C:2869H         LINE#         110
  C:286CH         LINE#         111
  C:286FH         LINE#         112
  C:287CH         LINE#         113
  C:287FH         LINE#         114
  C:2882H         LINE#         115
  C:288EH         LINE#         116
  C:2891H         LINE#         117
  C:2894H         LINE#         118
  C:28A1H         LINE#         119
  C:28A4H         LINE#         120
  C:28A7H         LINE#         121
  C:28B3H         LINE#         122
  C:28B6H         LINE#         123
  C:28B9H         LINE#         124
  C:28C5H         LINE#         125
  C:28C8H         LINE#         126
  C:28CBH         LINE#         127
  C:28D8H         LINE#         130
  C:28DBH         LINE#         131
  C:28DEH         LINE#         132
  C:28EAH         LINE#         135
  C:28EDH         LINE#         136
  C:28F0H         LINE#         137
  C:28FDH         LINE#         140
  C:2900H         LINE#         141
  C:2903H         LINE#         142
  C:2910H         LINE#         145
  C:2913H         LINE#         146
  C:2916H         LINE#         147
  C:2923H         LINE#         148
  C:2926H         LINE#         149
  C:2929H         LINE#         150
  C:2936H         LINE#         153
  C:2939H         LINE#         154
  C:293CH         LINE#         155
  C:2949H         LINE#         158
  C:294BH         LINE#         159
  -------         ENDPROC       CONFIG_FILE
  -------         PROC          _TEST_I2C
  D:0046H         SYMBOL        array_name
  -------         DO            
  D:0049H         SYMBOL        i
  D:004AH         SYMBOL        error_flag
  -------         ENDDO         
  C:40F8H         LINE#         162
  C:40FEH         LINE#         163
  C:40FEH         LINE#         166
  C:4101H         LINE#         167
  C:4103H         LINE#         168
  C:4105H         LINE#         169
  C:4107H         LINE#         171
BL51 BANKED LINKER/LOCATER V6.22                                                      12/14/2015  14:56:48  PAGE 53


  C:4107H         LINE#         172
  C:4116H         LINE#         173
  C:4118H         LINE#         174
  C:4120H         LINE#         175
  C:4124H         LINE#         176
  C:4124H         LINE#         177
  C:4136H         LINE#         178
  C:413BH         LINE#         179
  C:4140H         LINE#         180
  C:4140H         LINE#         181
  C:4154H         LINE#         182
  C:4156H         LINE#         183
  C:4158H         LINE#         184
  -------         ENDPROC       _TEST_I2C
  -------         ENDMOD        STA013

  -------         MODULE        CONFIG
  C:002EH         SEGMENT       STA013_CONFIG
  C:002EH         PUBLIC        CONFIG
  C:0FCCH         PUBLIC        CONFIG2
  -------         ENDMOD        CONFIG

  -------         MODULE        ?C?CLDPTR
  C:294CH         PUBLIC        ?C?CLDPTR
  -------         ENDMOD        ?C?CLDPTR

  -------         MODULE        ?C?CLDOPTR
  C:2965H         PUBLIC        ?C?CLDOPTR
  -------         ENDMOD        ?C?CLDOPTR

  -------         MODULE        ?C?CSTPTR
  C:2992H         PUBLIC        ?C?CSTPTR
  -------         ENDMOD        ?C?CSTPTR

  -------         MODULE        ?C?CSTOPTR
  C:29A4H         PUBLIC        ?C?CSTOPTR
  -------         ENDMOD        ?C?CSTOPTR

  -------         MODULE        ?C?UIDIV
  C:29C6H         PUBLIC        ?C?UIDIV
  -------         ENDMOD        ?C?UIDIV

  -------         MODULE        ?C?LMUL
  C:2A1BH         PUBLIC        ?C?LMUL
  -------         ENDMOD        ?C?LMUL

  -------         MODULE        ?C?ULDIV
  C:2AA6H         PUBLIC        ?C?ULDIV
  -------         ENDMOD        ?C?ULDIV

  -------         MODULE        ?C?ULCMP
  C:2B38H         PUBLIC        ?C?ULCMP
  -------         ENDMOD        ?C?ULCMP

  -------         MODULE        ?C?ULSHR
  C:2B49H         PUBLIC        ?C?ULSHR
  -------         ENDMOD        ?C?ULSHR
BL51 BANKED LINKER/LOCATER V6.22                                                      12/14/2015  14:56:48  PAGE 54



  -------         MODULE        ?C?LSHL
  C:2B5CH         PUBLIC        ?C?LSHL
  -------         ENDMOD        ?C?LSHL

  -------         MODULE        ?C?LLDIDATA
  C:2B6FH         PUBLIC        ?C?LLDIDATA
  -------         ENDMOD        ?C?LLDIDATA

  -------         MODULE        ?C?LLDIDATA0
  C:2B7BH         PUBLIC        ?C?LLDIDATA0
  -------         ENDMOD        ?C?LLDIDATA0

  -------         MODULE        ?C?LSTIDATA
  C:2B88H         PUBLIC        ?C?LSTIDATA
  -------         ENDMOD        ?C?LSTIDATA

  -------         MODULE        ?C?LSTKIDATA
  C:2B94H         PUBLIC        ?C?LSTKIDATA
  -------         ENDMOD        ?C?LSTKIDATA

  -------         MODULE        ?C?LCASE
  C:2BADH         PUBLIC        ?C?LCASE
  -------         ENDMOD        ?C?LCASE

  -------         MODULE        PUTCHAR
  C:0003H         PUBLIC        _PUTCHAR
  -------         ENDMOD        PUTCHAR

  -------         MODULE        PRINTF
  D:006CH         PUBLIC        ?_PRINTF517?BYTE
  D:006CH         PUBLIC        ?_PRINTF?BYTE
  D:006CH         PUBLIC        ?_SPRINTF517?BYTE
  D:006CH         PUBLIC        ?_SPRINTF?BYTE
  C:2304H         PUBLIC        _PRINTF
  C:2304H         PUBLIC        _PRINTF517
  C:22FEH         PUBLIC        _SPRINTF
  C:22FEH         PUBLIC        _SPRINTF517
  -------         ENDMOD        PRINTF

  -------         MODULE        GETCHAR
  B:0022H.2       PUBLIC        ?C?CHARLOADED
  D:001AH         PUBLIC        ?_UNGETCHAR?BYTE
  C:4594H         PUBLIC        GETCHAR
  -------         ENDMOD        GETCHAR

  -------         MODULE        ATOL
  C:3708H         PUBLIC        _atol
  -------         ENDMOD        ATOL

  -------         MODULE        ?C?LNEG
  C:2BE7H         PUBLIC        ?C?LNEG
  -------         ENDMOD        ?C?LNEG

  -------         MODULE        ?C?PLDIIDATA
  C:2BF5H         PUBLIC        ?C?PLDIIDATA
  -------         ENDMOD        ?C?PLDIIDATA
BL51 BANKED LINKER/LOCATER V6.22                                                      12/14/2015  14:56:48  PAGE 55



  -------         MODULE        ?C?CCASE
  C:2C05H         PUBLIC        ?C?CCASE
  -------         ENDMOD        ?C?CCASE

  -------         MODULE        _GETKEY
  C:45CFH         PUBLIC        _GETKEY
  -------         ENDMOD        _GETKEY

  -------         MODULE        ISDIGIT
  C:45B4H         PUBLIC        _isdigit
  -------         ENDMOD        ISDIGIT

  -------         MODULE        ISSPACE
  C:4581H         PUBLIC        _isspace
  -------         ENDMOD        ISSPACE

*** WARNING L16: UNCALLED SEGMENT, IGNORED FOR OVERLAY PROCESS
    SEGMENT: ?PR?_FIND_NEXT_CLUSTER?DIRECTORY_FUNCTIONS

*** WARNING L15: MULTIPLE CALL TO SEGMENT
    SEGMENT: ?PR?PRINTF?PRINTF
    CALLER1: ?PR?TIMER2_ISR?MAIN
    CALLER2: ?C_C51STARTUP

Program Size: data=225.3 xdata=1024 code=17888
LINK/LOCATE RUN COMPLETE.  2 WARNING(S),  0 ERROR(S)
