BL51 BANKED LINKER/LOCATER V6.22                                                        12/11/2015  14:09:45  PAGE 1


BL51 BANKED LINKER/LOCATER V6.22, INVOKED BY:
C:\KEIL_V5\C51\BIN\BL51.EXE hardware_delay.obj, lcd.obj, Long_Serial_In.obj, main.obj, print_bytes.obj, SDcard.obj, spi.
>> obj, uart.obj, Directory_Functions.obj, i2c.obj, sta013.obj, config.obj TO part2 RAMSIZE (256)


MEMORY MODEL: SMALL


INPUT MODULES INCLUDED:
  hardware_delay.obj (HARDWARE_DELAY)
  lcd.obj (LCD)
  Long_Serial_In.obj (LONG_SERIAL_IN)
  main.obj (MAIN)
  print_bytes.obj (PRINT_BYTES)
  SDcard.obj (SDCARD)
  spi.obj (SPI)
  uart.obj (UART)
  Directory_Functions.obj (DIRECTORY_FUNCTIONS)
  i2c.obj (I2C)
  sta013.obj (STA013)
  config.obj (CONFIG)
  C:\KEIL_V5\C51\LIB\C51S.LIB (?C_STARTUP)
  C:\KEIL_V5\C51\LIB\C51S.LIB (?C?CLDPTR)
  C:\KEIL_V5\C51\LIB\C51S.LIB (?C?CLDOPTR)
  C:\KEIL_V5\C51\LIB\C51S.LIB (?C?CSTPTR)
  C:\KEIL_V5\C51\LIB\C51S.LIB (?C?CSTOPTR)
  C:\KEIL_V5\C51\LIB\C51S.LIB (?C?IMUL)
  C:\KEIL_V5\C51\LIB\C51S.LIB (?C?UIDIV)
  C:\KEIL_V5\C51\LIB\C51S.LIB (?C?LMUL)
  C:\KEIL_V5\C51\LIB\C51S.LIB (?C?ULDIV)
  C:\KEIL_V5\C51\LIB\C51S.LIB (?C?ULCMP)
  C:\KEIL_V5\C51\LIB\C51S.LIB (?C?ULSHR)
  C:\KEIL_V5\C51\LIB\C51S.LIB (?C?LSHL)
  C:\KEIL_V5\C51\LIB\C51S.LIB (?C?LLDIDATA)
  C:\KEIL_V5\C51\LIB\C51S.LIB (?C?LLDIDATA0)
  C:\KEIL_V5\C51\LIB\C51S.LIB (?C?LSTIDATA)
  C:\KEIL_V5\C51\LIB\C51S.LIB (?C?LSTKIDATA)
  C:\KEIL_V5\C51\LIB\C51S.LIB (?C?LCASE)
  C:\KEIL_V5\C51\LIB\C51S.LIB (PUTCHAR)
  C:\KEIL_V5\C51\LIB\C51S.LIB (PRINTF)
  C:\KEIL_V5\C51\LIB\C51S.LIB (GETCHAR)
  C:\KEIL_V5\C51\LIB\C51S.LIB (ATOL)
  C:\KEIL_V5\C51\LIB\C51S.LIB (?C?LNEG)
  C:\KEIL_V5\C51\LIB\C51S.LIB (?C?PLDIIDATA)
  C:\KEIL_V5\C51\LIB\C51S.LIB (?C?CCASE)
  C:\KEIL_V5\C51\LIB\C51S.LIB (_GETKEY)
  C:\KEIL_V5\C51\LIB\C51S.LIB (ISDIGIT)
  C:\KEIL_V5\C51\LIB\C51S.LIB (ISSPACE)


LINK MAP OF MODULE:  part2 (HARDWARE_DELAY)


            TYPE    BASE      LENGTH    RELOCATION   SEGMENT NAME
            -----------------------------------------------------

            * * * * * * *   D A T A   M E M O R Y   * * * * * * *
            REG     0000H     0008H     ABSOLUTE     "REG BANK 0"
BL51 BANKED LINKER/LOCATER V6.22                                                      12/11/2015  14:09:45  PAGE 2


            DATA    0008H     0001H     UNIT         ?DT?GETCHAR
            IDATA   0009H     0011H     UNIT         _IDATA_GROUP_
                    001AH     0006H                  *** GAP ***
            BIT     0020H.0   0002H.2   UNIT         _BIT_GROUP_
            BIT     0022H.2   0000H.1   UNIT         ?BI?GETCHAR
                    0022H.3   0000H.5                *** GAP ***
            DATA    0023H     005DH     UNIT         _DATA_GROUP_
            IDATA   0080H     0031H     UNIT         ?ID?DIRECTORY_FUNCTIONS
            IDATA   00B1H     0029H     UNIT         ?ID?MAIN
            IDATA   00DAH     0001H     UNIT         ?STACK

            * * * * * * *  X D A T A   M E M O R Y  * * * * * * *
            XDATA   0000H     0400H     UNIT         ?XD?MAIN

            * * * * * * *   C O D E   M E M O R Y   * * * * * * *
            CODE    0000H     0003H     ABSOLUTE     
            CODE    0003H     0027H     UNIT         ?PR?PUTCHAR?PUTCHAR
                    002AH     0001H                  *** GAP ***
            CODE    002BH     0003H     ABSOLUTE     
            CODE    002EH     0FD0H     UNIT         STA013_CONFIG
            CODE    0FFEH     0725H     UNIT         ?PR?_MOUNT_DRIVE?DIRECTORY_FUNCTIONS
            CODE    1723H     03FCH     UNIT         ?PR?TIMER2_ISR?MAIN
            CODE    1B1FH     03F4H     UNIT         ?PR?MAIN?MAIN
            CODE    1F13H     0365H     UNIT         ?PR?_I2C_READ?I2C
            CODE    2278H     035CH     UNIT         ?PR?PRINTF?PRINTF
            CODE    25D4H     034EH     UNIT         ?PR?CONFIG_FILE?STA013
            CODE    2922H     02F1H     UNIT         ?C?LIB_CODE
            CODE    2C13H     0234H     UNIT         ?PR?_READ_DIR_ENTRY?DIRECTORY_FUNCTIONS
            CODE    2E47H     01DDH     UNIT         ?PR?_PRINT_DIRECTORY?DIRECTORY_FUNCTIONS
            CODE    3024H     01BEH     UNIT         ?PR?_I2C_WRITE?I2C
            CODE    31E2H     01B4H     UNIT         ?CO?DIRECTORY_FUNCTIONS
            CODE    3396H     0178H     UNIT         ?PR?SDCARD_INIT?SDCARD
            CODE    350EH     012DH     UNIT         ?PR?_FIRST_SECTOR?DIRECTORY_FUNCTIONS
            CODE    363BH     0125H     UNIT         ?PR?_FIRST_SECTOR_ISR?DIRECTORY_FUNCTIONS
            CODE    3760H     00F9H     UNIT         ?CO?MAIN
            CODE    3859H     00EFH     UNIT         ?PR?_OPEN_FILE?DIRECTORY_FUNCTIONS
            CODE    3948H     00DEH     UNIT         ?PR?_ATOL?ATOL
            CODE    3A26H     00C6H     UNIT         ?PR?LONG_SERIAL_INPUT?LONG_SERIAL_IN
            CODE    3AECH     00C3H     UNIT         ?PR?_FIND_NEXT_CLUSTER?DIRECTORY_FUNCTIONS
            CODE    3BAFH     00C3H     UNIT         ?PR?_FIND_NEXT_CLUSTER_ISR?DIRECTORY_FUNCTIONS
            CODE    3C72H     00A7H     UNIT         ?PR?_SEND_COMMAND_ISR?SDCARD
            CODE    3D19H     00A5H     UNIT         ?PR?_READ_BLOCK_ISR?SDCARD
            CODE    3DBEH     009EH     UNIT         ?PR?_GET_RESPONSE?SDCARD
            CODE    3E5CH     0095H     UNIT         ?PR?_SEND_COMMAND?SDCARD
            CODE    3EF1H     008CH     UNIT         ?PR?_READ_SECTOR_ISR?SDCARD
            CODE    3F7DH     0083H     UNIT         ?PR?_READ32?DIRECTORY_FUNCTIONS
            CODE    4000H     007DH     UNIT         ?PR?_TRANS_ACMD41?SDCARD
            CODE    407DH     007BH     UNIT         ?PR?_READ32_ISR?DIRECTORY_FUNCTIONS
            CODE    40F8H     0078H     UNIT         ?PR?_PRINT_16BYTES?PRINT_BYTES
            CODE    4170H     0076H     UNIT         ?PR?_READ_BLOCK?SDCARD
            CODE    41E6H     0069H     UNIT         ?CO?STA013
            CODE    424FH     0067H     UNIT         ?PR?_SPI_MASTER_INIT?SPI
            CODE    42B6H     0061H     UNIT         ?PR?_TEST_I2C?STA013
            CODE    4317H     005FH     UNIT         ?PR?_PRINT_MEMORY?PRINT_BYTES
            CODE    4376H     005AH     UNIT         ?PR?_GET_RESPONSE_NO_END_ISR?SDCARD
            CODE    43D0H     0059H     UNIT         ?PR?_READ16?DIRECTORY_FUNCTIONS
            CODE    4429H     0050H     UNIT         ?PR?_LCD_PRINT?LCD
BL51 BANKED LINKER/LOCATER V6.22                                                      12/11/2015  14:09:45  PAGE 3


            CODE    4479H     004FH     UNIT         ?PR?_GET_RESPONSE_NO_END?SDCARD
            CODE    44C8H     0045H     UNIT         ?CO?PRINT_BYTES
            CODE    450DH     0041H     UNIT         ?PR?_TRANS_CMD8?SDCARD
            CODE    454EH     0038H     UNIT         ?PR?_TRANS_CMD0?SDCARD
            CODE    4586H     0036H     UNIT         ?PR?LCD_INIT?LCD
            CODE    45BCH     0029H     UNIT         ?PR?_DELAY_MS?HARDWARE_DELAY
            CODE    45E5H     0025H     UNIT         ?PR?_TRANS_CMD58?SDCARD
            CODE    460AH     0022H     UNIT         ?PR?LCD_WRITE?LCD
            CODE    462CH     0021H     UNIT         ?PR?_SPI_TRANSFER?SPI
            CODE    464DH     0021H     UNIT         ?PR?_SPI_TRANSFER_ISR?SPI
            CODE    466EH     0021H     UNIT         ?PR?_READ8?DIRECTORY_FUNCTIONS
            CODE    468FH     001CH     UNIT         ?PR?UART_INIT?UART
            CODE    46ABH     001CH     UNIT         ?PR?_I2C_CLOCK_DELAY?I2C
            CODE    46C7H     0013H     UNIT         ?PR?I2C_CLOCK_START?I2C
            CODE    46DAH     0013H     UNIT         ?PR?_ISSPACE?ISSPACE
            CODE    46EDH     0011H     UNIT         ?PR?GETCHAR?GETCHAR
            CODE    46FEH     000FH     UNIT         ?PR?LCD_CLEAR?LCD
            CODE    470DH     000FH     UNIT         ?PR?_ISDIGIT?ISDIGIT
            CODE    471CH     000CH     UNIT         ?C_C51STARTUP
            CODE    4728H     000AH     UNIT         ?PR?_GETKEY?_GETKEY
            CODE    4732H     0008H     UNIT         ?CO?SDCARD



OVERLAY MAP OF MODULE:   part2 (HARDWARE_DELAY)


SEGMENT                                             BIT_GROUP          DATA_GROUP          IDATA_GROUP
  +--> CALLED SEGMENT                            START    LENGTH     START    LENGTH     START    LENGTH
--------------------------------------------------------------------------------------------------------
?PR?TIMER2_ISR?MAIN                              -----    -----      -----    -----      -----    -----
  +--> ?PR?_SPI_TRANSFER_ISR?SPI
  +--> ?CO?MAIN
  +--> ?PR?PRINTF?PRINTF
  +--> ?PR?_READ_SECTOR_ISR?SDCARD
  +--> ?PR?_FIND_NEXT_CLUSTER_ISR?DIRECTORY_...
  +--> ?PR?_FIRST_SECTOR_ISR?DIRECTORY_FUNCT...

?PR?PRINTF?PRINTF                                0021H.1  0001H.1    006CH    0014H      -----    -----
  +--> ?PR?PUTCHAR?PUTCHAR

?PR?_READ_SECTOR_ISR?SDCARD                      -----    -----      0046H    000DH      -----    -----
  +--> ?PR?_SEND_COMMAND_ISR?SDCARD
  +--> ?PR?_GET_RESPONSE_NO_END_ISR?SDCARD

?PR?_SEND_COMMAND_ISR?SDCARD                     -----    -----      0053H    0005H      0015H    0004H
  +--> ?PR?_SPI_TRANSFER?SPI

?PR?_GET_RESPONSE_NO_END_ISR?SDCARD              -----    -----      0053H    0005H      0015H    0005H
  +--> ?PR?_SPI_TRANSFER?SPI

?PR?_FIND_NEXT_CLUSTER_ISR?DIRECTORY_...         -----    -----      0023H    0012H      -----    -----
  +--> ?PR?_SEND_COMMAND_ISR?SDCARD
  +--> ?PR?_READ_BLOCK_ISR?SDCARD
  +--> ?PR?_READ32_ISR?DIRECTORY_FUNCTIONS

?PR?_READ_BLOCK_ISR?SDCARD                       -----    -----      0035H    0007H      0009H    0007H
BL51 BANKED LINKER/LOCATER V6.22                                                      12/11/2015  14:09:45  PAGE 4


  +--> ?PR?_SEND_COMMAND_ISR?SDCARD
  +--> ?PR?_GET_RESPONSE_NO_END_ISR?SDCARD

?PR?_READ32_ISR?DIRECTORY_FUNCTIONS              -----    -----      0035H    000BH      -----    -----

?PR?_FIRST_SECTOR_ISR?DIRECTORY_FUNCT...         -----    -----      0023H    0008H      -----    -----
  +--> ?CO?DIRECTORY_FUNCTIONS
  +--> ?PR?PRINTF?PRINTF
  +--> ?PR?PUTCHAR?PUTCHAR

*** NEW ROOT ***************************************************

?C_C51STARTUP                                    -----    -----      -----    -----      -----    -----
  +--> ?PR?MAIN?MAIN

?PR?MAIN?MAIN                                    -----    -----      0041H    0005H      -----    -----
  +--> ?PR?UART_INIT?UART
  +--> ?PR?LCD_INIT?LCD
  +--> ?PR?_SPI_MASTER_INIT?SPI
  +--> ?PR?SDCARD_INIT?SDCARD
  +--> ?CO?MAIN
  +--> ?PR?PRINTF?PRINTF
  +--> ?PR?PUTCHAR?PUTCHAR
  +--> ?PR?_MOUNT_DRIVE?DIRECTORY_FUNCTIONS
  +--> ?PR?_PRINT_DIRECTORY?DIRECTORY_FUNCTIONS
  +--> ?PR?LCD_CLEAR?LCD
  +--> ?PR?LCD_WRITE?LCD
  +--> ?PR?_LCD_PRINT?LCD
  +--> ?PR?_TEST_I2C?STA013
  +--> ?PR?CONFIG_FILE?STA013
  +--> ?PR?LONG_SERIAL_INPUT?LONG_SERIAL_IN
  +--> ?PR?_READ_DIR_ENTRY?DIRECTORY_FUNCTIONS
  +--> ?PR?_FIRST_SECTOR?DIRECTORY_FUNCTIONS
  +--> ?PR?_OPEN_FILE?DIRECTORY_FUNCTIONS
  +--> ?PR?_READ_SECTOR_ISR?SDCARD

?PR?LCD_INIT?LCD                                 -----    -----      -----    -----      -----    -----
  +--> ?PR?_DELAY_MS?HARDWARE_DELAY
  +--> ?PR?LCD_WRITE?LCD

?PR?LCD_WRITE?LCD                                0021H.1  0000H.1    004BH    0001H      -----    -----
  +--> ?PR?_DELAY_MS?HARDWARE_DELAY

?PR?_SPI_MASTER_INIT?SPI                         -----    -----      0046H    0001H      -----    -----

?PR?SDCARD_INIT?SDCARD                           -----    -----      0046H    0008H      -----    -----
  +--> ?PR?_SPI_TRANSFER?SPI
  +--> ?PR?_TRANS_CMD0?SDCARD
  +--> ?CO?SDCARD
  +--> ?PR?PRINTF?PRINTF
  +--> ?PR?PUTCHAR?PUTCHAR
  +--> ?PR?_DELAY_MS?HARDWARE_DELAY
  +--> ?PR?_TRANS_CMD8?SDCARD
  +--> ?PR?_TRANS_CMD58?SDCARD
  +--> ?PR?_TRANS_ACMD41?SDCARD

?PR?_TRANS_CMD0?SDCARD                           -----    -----      004EH    0003H      -----    -----
BL51 BANKED LINKER/LOCATER V6.22                                                      12/11/2015  14:09:45  PAGE 5


  +--> ?PR?_SEND_COMMAND?SDCARD
  +--> ?PR?_GET_RESPONSE?SDCARD

?PR?_SEND_COMMAND?SDCARD                         -----    -----      0076H    0009H      -----    -----
  +--> ?PR?_SPI_TRANSFER?SPI

?PR?_GET_RESPONSE?SDCARD                         -----    -----      0056H    0008H      -----    -----
  +--> ?PR?_SPI_TRANSFER?SPI

?PR?_TRANS_CMD8?SDCARD                           -----    -----      004EH    0003H      -----    -----
  +--> ?PR?_SEND_COMMAND?SDCARD
  +--> ?PR?_GET_RESPONSE?SDCARD

?PR?_TRANS_CMD58?SDCARD                          -----    -----      004EH    0003H      -----    -----
  +--> ?PR?_SEND_COMMAND?SDCARD
  +--> ?PR?_GET_RESPONSE?SDCARD

?PR?_TRANS_ACMD41?SDCARD                         -----    -----      004EH    0008H      -----    -----
  +--> ?PR?_SEND_COMMAND?SDCARD
  +--> ?PR?_GET_RESPONSE?SDCARD

?PR?_MOUNT_DRIVE?DIRECTORY_FUNCTIONS             -----    -----      0046H    0019H      -----    -----
  +--> ?PR?_READ_BLOCK?SDCARD
  +--> ?PR?_PRINT_MEMORY?PRINT_BYTES
  +--> ?PR?_READ8?DIRECTORY_FUNCTIONS
  +--> ?PR?_READ32?DIRECTORY_FUNCTIONS
  +--> ?CO?DIRECTORY_FUNCTIONS
  +--> ?PR?PRINTF?PRINTF
  +--> ?PR?PUTCHAR?PUTCHAR
  +--> ?PR?_READ16?DIRECTORY_FUNCTIONS

?PR?_READ_BLOCK?SDCARD                           -----    -----      0069H    000DH      -----    -----
  +--> ?PR?_SEND_COMMAND?SDCARD
  +--> ?PR?_GET_RESPONSE_NO_END?SDCARD

?PR?_GET_RESPONSE_NO_END?SDCARD                  -----    -----      0076H    000AH      -----    -----
  +--> ?PR?_SPI_TRANSFER?SPI

?PR?_PRINT_MEMORY?PRINT_BYTES                    -----    -----      005FH    0008H      -----    -----
  +--> ?CO?PRINT_BYTES
  +--> ?PR?PRINTF?PRINTF
  +--> ?PR?_PRINT_16BYTES?PRINT_BYTES

?PR?_PRINT_16BYTES?PRINT_BYTES                   -----    -----      0067H    0005H      -----    -----
  +--> ?CO?PRINT_BYTES
  +--> ?PR?PRINTF?PRINTF
  +--> ?PR?PUTCHAR?PUTCHAR

?PR?_READ32?DIRECTORY_FUNCTIONS                  -----    -----      0069H    000BH      -----    -----

?PR?_READ16?DIRECTORY_FUNCTIONS                  -----    -----      005FH    0007H      -----    -----

?PR?_PRINT_DIRECTORY?DIRECTORY_FUNCTIONS         -----    -----      0046H    001AH      -----    -----
  +--> ?PR?_READ_BLOCK?SDCARD
  +--> ?PR?_READ8?DIRECTORY_FUNCTIONS
  +--> ?CO?DIRECTORY_FUNCTIONS
  +--> ?PR?PRINTF?PRINTF
BL51 BANKED LINKER/LOCATER V6.22                                                      12/11/2015  14:09:45  PAGE 6


  +--> ?PR?PUTCHAR?PUTCHAR

?PR?LCD_CLEAR?LCD                                -----    -----      -----    -----      -----    -----
  +--> ?PR?LCD_WRITE?LCD
  +--> ?PR?_DELAY_MS?HARDWARE_DELAY

?PR?_LCD_PRINT?LCD                               -----    -----      0046H    0005H      -----    -----
  +--> ?PR?LCD_WRITE?LCD

?PR?_TEST_I2C?STA013                             -----    -----      0046H    0005H      -----    -----
  +--> ?PR?_I2C_READ?I2C
  +--> ?CO?STA013
  +--> ?PR?PRINTF?PRINTF
  +--> ?PR?PUTCHAR?PUTCHAR

?PR?_I2C_READ?I2C                                -----    -----      0051H    000BH      -----    -----
  +--> ?PR?I2C_CLOCK_START?I2C
  +--> ?PR?_I2C_CLOCK_DELAY?I2C

?PR?CONFIG_FILE?STA013                           -----    -----      0046H    000BH      -----    -----
  +--> ?PR?_I2C_WRITE?I2C
  +--> ?CO?STA013
  +--> ?PR?PRINTF?PRINTF
  +--> ?PR?PUTCHAR?PUTCHAR
  +--> ?PR?_I2C_READ?I2C

?PR?_I2C_WRITE?I2C                               -----    -----      0051H    000BH      -----    -----
  +--> ?PR?I2C_CLOCK_START?I2C
  +--> ?PR?_I2C_CLOCK_DELAY?I2C

?PR?LONG_SERIAL_INPUT?LONG_SERIAL_IN             -----    -----      0057H    0011H      -----    -----
  +--> ?PR?GETCHAR?GETCHAR
  +--> ?PR?_ATOL?ATOL
  +--> ?PR?PUTCHAR?PUTCHAR

?PR?GETCHAR?GETCHAR                              -----    -----      -----    -----      -----    -----
  +--> ?PR?_GETKEY?_GETKEY
  +--> ?PR?PUTCHAR?PUTCHAR

?PR?_ATOL?ATOL                                   0021H.1  0000H.1    0068H    0007H      -----    -----
  +--> ?PR?_ISSPACE?ISSPACE
  +--> ?PR?_ISDIGIT?ISDIGIT

?PR?_READ_DIR_ENTRY?DIRECTORY_FUNCTIONS          -----    -----      0046H    001EH      -----    -----
  +--> ?PR?_READ_BLOCK?SDCARD
  +--> ?PR?_READ8?DIRECTORY_FUNCTIONS

?PR?_FIRST_SECTOR?DIRECTORY_FUNCTIONS            -----    -----      0057H    0008H      -----    -----
  +--> ?CO?DIRECTORY_FUNCTIONS
  +--> ?PR?PRINTF?PRINTF
  +--> ?PR?PUTCHAR?PUTCHAR

?PR?_OPEN_FILE?DIRECTORY_FUNCTIONS               -----    -----      0046H    0011H      -----    -----
  +--> ?PR?_FIRST_SECTOR?DIRECTORY_FUNCTIONS
  +--> ?CO?DIRECTORY_FUNCTIONS
  +--> ?PR?PRINTF?PRINTF
  +--> ?PR?PUTCHAR?PUTCHAR
BL51 BANKED LINKER/LOCATER V6.22                                                      12/11/2015  14:09:45  PAGE 7


  +--> ?PR?_READ_BLOCK?SDCARD
  +--> ?PR?_FIND_NEXT_CLUSTER?DIRECTORY_FUNC...
  +--> ?PR?_PRINT_MEMORY?PRINT_BYTES
  +--> ?PR?LONG_SERIAL_INPUT?LONG_SERIAL_IN

?PR?_FIND_NEXT_CLUSTER?DIRECTORY_FUNC...         -----    -----      0057H    0012H      -----    -----
  +--> ?PR?_SEND_COMMAND?SDCARD
  +--> ?PR?_READ_BLOCK?SDCARD
  +--> ?PR?_READ32?DIRECTORY_FUNCTIONS



SYMBOL TABLE OF MODULE:  part2 (HARDWARE_DELAY)

  VALUE           TYPE          NAME
  ----------------------------------

  -------         MODULE        HARDWARE_DELAY
  C:0000H         SYMBOL        _ICE_DUMMY_
  D:0080H         PUBLIC        P0
  D:0090H         PUBLIC        P1
  D:00A0H         PUBLIC        P2
  D:00B0H         PUBLIC        P3
  D:00A8H         PUBLIC        IEN0
  D:00B8H         PUBLIC        IPL0
  D:00D8H         PUBLIC        CCON
  D:0098H         PUBLIC        SCON
  D:0089H         PUBLIC        TMOD
  D:0088H         PUBLIC        TCON
  B:00A8H.1       PUBLIC        ET0
  B:0088H.5       PUBLIC        TF0
  D:008CH         PUBLIC        TH0
  D:008AH         PUBLIC        TL0
  C:45BCH         PUBLIC        _delay_ms
  B:0088H.4       PUBLIC        TR0
  D:00C8H         PUBLIC        T2CON
  D:00D0H         PUBLIC        PSW
  -------         PROC          _DELAY_MS
  D:0006H         SYMBOL        timeout_val_ms
  -------         DO            
  D:0004H         SYMBOL        num_ms
  -------         ENDDO         
  C:45BCH         LINE#         9
  C:45BCH         LINE#         10
  C:45BCH         LINE#         12
  C:45BFH         LINE#         13
  C:45C2H         LINE#         14
  C:45C4H         LINE#         15
  C:45CEH         LINE#         16
  C:45CEH         LINE#         17
  C:45D1H         LINE#         18
  C:45D4H         LINE#         19
  C:45D6H         LINE#         20
  C:45D8H         LINE#         21
  C:45DBH         LINE#         22
  C:45DDH         LINE#         23
  C:45E4H         LINE#         24
BL51 BANKED LINKER/LOCATER V6.22                                                      12/11/2015  14:09:45  PAGE 8


  -------         ENDPROC       _DELAY_MS
  -------         ENDMOD        HARDWARE_DELAY

  -------         MODULE        LCD
  C:0000H         SYMBOL        _ICE_DUMMY_
  D:0080H         PUBLIC        P0
  D:0090H         PUBLIC        P1
  D:00A0H         PUBLIC        P2
  D:00B0H         PUBLIC        P3
  D:00A8H         PUBLIC        IEN0
  D:00B8H         PUBLIC        IPL0
  C:46FEH         PUBLIC        LCD_Clear
  D:00D8H         PUBLIC        CCON
  B:00B0H.6       PUBLIC        RS
  D:0080H         PUBLIC        LCD_DATA_OUT
  D:0098H         PUBLIC        SCON
  D:0088H         PUBLIC        TCON
  C:460FH         PUBLIC        LCD_Write
  C:4429H         PUBLIC        _LCD_Print
  B:00B0H.7       PUBLIC        E
  C:4586H         PUBLIC        LCD_Init
  D:00C8H         PUBLIC        T2CON
  D:00D0H         PUBLIC        PSW
  C:460AH         SYMBOL        L?0013
  -------         PROC          L?0012
  -------         ENDPROC       L?0012
  C:460AH         SYMBOL        L?0013
  -------         PROC          LCD_WRITE
  B:0021H.1       SYMBOL        RegSelect
  D:004BH         SYMBOL        LCD_Data
  C:460FH         LINE#         6
  C:460FH         LINE#         7
  C:460FH         LINE#         9
  C:4613H         LINE#         10
  C:4615H         LINE#         11
  C:461CH         LINE#         12
  C:461FH         LINE#         13
  C:4621H         LINE#         14
  C:4628H         LINE#         15
  C:462BH         LINE#         16
  -------         ENDPROC       LCD_WRITE
  -------         PROC          _LCD_PRINT
  D:0046H         SYMBOL        num_bytes
  D:0047H         SYMBOL        array_name
  -------         DO            
  D:004AH         SYMBOL        index
  -------         ENDDO         
  C:4429H         LINE#         18
  C:4431H         LINE#         19
  C:4431H         LINE#         21
  C:4435H         LINE#         22
  C:4435H         LINE#         23
  C:4437H         LINE#         24
  C:4449H         LINE#         25
  C:4449H         LINE#         26
  C:4450H         LINE#         27
  C:4452H         LINE#         28
BL51 BANKED LINKER/LOCATER V6.22                                                      12/11/2015  14:09:45  PAGE 9


  C:4454H         LINE#         29
  C:4454H         LINE#         31
  C:4454H         LINE#         32
  C:445EH         LINE#         33
  C:445EH         LINE#         34
  C:4474H         LINE#         35
  C:4478H         LINE#         36
  C:4478H         LINE#         38
  -------         ENDPROC       _LCD_PRINT
  -------         PROC          LCD_INIT
  C:4586H         LINE#         40
  C:4586H         LINE#         41
  C:4586H         LINE#         47
  C:458DH         LINE#         48
  C:4590H         LINE#         49
  C:4597H         LINE#         50
  C:459AH         LINE#         52
  C:459DH         LINE#         54
  C:45A5H         LINE#         56
  C:45ADH         LINE#         57
  C:45B4H         LINE#         58
  -------         ENDPROC       LCD_INIT
  -------         PROC          LCD_CLEAR
  C:46FEH         LINE#         64
  C:46FEH         LINE#         65
  C:46FEH         LINE#         66
  C:4706H         LINE#         67
  -------         ENDPROC       LCD_CLEAR
  -------         ENDMOD        LCD

  -------         MODULE        LONG_SERIAL_IN
  C:0000H         SYMBOL        _ICE_DUMMY_
  D:0080H         PUBLIC        P0
  D:0090H         PUBLIC        P1
  D:00A0H         PUBLIC        P2
  D:00B0H         PUBLIC        P3
  D:00A8H         PUBLIC        IEN0
  D:00B8H         PUBLIC        IPL0
  D:00D8H         PUBLIC        CCON
  C:3A26H         PUBLIC        long_serial_input
  D:0098H         PUBLIC        SCON
  D:0088H         PUBLIC        TCON
  D:00C8H         PUBLIC        T2CON
  D:00D0H         PUBLIC        PSW
  -------         PROC          LONG_SERIAL_INPUT
  -------         DO            
  D:0057H         SYMBOL        index
  D:0058H         SYMBOL        input
  D:0059H         SYMBOL        input_values
  D:0064H         SYMBOL        output_value
  -------         ENDDO         
  C:3A26H         LINE#         15
  C:3A26H         LINE#         16
  C:3A26H         LINE#         19
  C:3A29H         LINE#         20
  C:3A29H         LINE#         21
  C:3A30H         LINE#         22
BL51 BANKED LINKER/LOCATER V6.22                                                      12/11/2015  14:09:45  PAGE 10


  C:3A37H         LINE#         23
  C:3A41H         LINE#         24
  C:3A44H         LINE#         26
  C:3A44H         LINE#         27
  C:3A49H         LINE#         28
  C:3A57H         LINE#         29
  C:3A57H         LINE#         30
  C:3A5EH         LINE#         31
  C:3A60H         LINE#         32
  C:3A62H         LINE#         33
  C:3A6DH         LINE#         34
  C:3A6DH         LINE#         35
  C:3A6FH         LINE#         36
  C:3A76H         LINE#         37
  C:3A76H         LINE#         38
  C:3A76H         LINE#         39
  C:3A78H         LINE#         40
  C:3A83H         LINE#         41
  C:3A83H         LINE#         42
  C:3A94H         LINE#         43
  C:3A99H         LINE#         44
  C:3A9BH         LINE#         45
  C:3A9DH         LINE#         47
  C:3A9DH         LINE#         48
  C:3AA2H         LINE#         49
  C:3AA7H         LINE#         50
  C:3AACH         LINE#         51
  C:3AACH         LINE#         52
  C:3AB1H         LINE#         53
  C:3AB1H         LINE#         54
  C:3AC2H         LINE#         55
  C:3AC7H         LINE#         56
  C:3ACCH         LINE#         57
  C:3ACCH         LINE#         58
  C:3AE3H         LINE#         60
  C:3AEBH         LINE#         61
  -------         ENDPROC       LONG_SERIAL_INPUT
  -------         ENDMOD        LONG_SERIAL_IN

  -------         MODULE        MAIN
  C:0000H         SYMBOL        _ICE_DUMMY_
  I:00B1H         PUBLIC        sector_offset
  D:0080H         PUBLIC        P0
  D:0090H         PUBLIC        P1
  B:0090H.1       PUBLIC        spi_en
  D:00A0H         PUBLIC        P2
  D:00B0H         PUBLIC        P3
  B:00A8H.7       PUBLIC        EA
  B:00A0H.4       PUBLIC        LED1
  B:00A0H.5       PUBLIC        LED2
  B:00A0H.6       PUBLIC        LED3
  B:00A0H.7       PUBLIC        LED4
  D:00A8H         PUBLIC        IEN0
  I:00B5H         PUBLIC        sector
  I:00B9H         PUBLIC        index1_g
  I:00BBH         PUBLIC        index2_g
  D:00B8H         PUBLIC        IPL0
BL51 BANKED LINKER/LOCATER V6.22                                                      12/11/2015  14:09:45  PAGE 11


  D:00D8H         PUBLIC        CCON
  C:1723H         PUBLIC        timer2_ISR
  C:1B1FH         PUBLIC        main
  D:0087H         PUBLIC        PCON
  D:0098H         PUBLIC        SCON
  D:0089H         PUBLIC        TMOD
  D:0088H         PUBLIC        TCON
  B:00B0H.3       PUBLIC        trig
  I:00BDH         PUBLIC        return_entry
  I:00C1H         PUBLIC        play_status
  B:0088H.5       PUBLIC        TF0
  B:00A8H.5       PUBLIC        ET2
  B:00C8H.7       PUBLIC        TF2
  D:008CH         PUBLIC        TH0
  I:00C5H         PUBLIC        cluster_g
  D:00CDH         PUBLIC        TH2
  D:008AH         PUBLIC        TL0
  D:00CCH         PUBLIC        TL2
  X:0000H         PUBLIC        buff1
  B:0088H.4       PUBLIC        TR0
  X:0200H         PUBLIC        buff2
  I:00C9H         PUBLIC        next_entry
  B:00C8H.2       PUBLIC        TR2
  I:00CDH         PUBLIC        sector_base_g
  B:0090H.0       PUBLIC        DATA_REQ
  D:00C8H         PUBLIC        T2CON
  I:00D1H         PUBLIC        state_g
  I:00D5H         PUBLIC        temp8
  D:00D0H         PUBLIC        PSW
  I:00D6H         PUBLIC        block_number
  -------         PROC          TIMER2_ISR
  C:1723H         LINE#         36
  C:1740H         LINE#         38
  C:1742H         LINE#         39
  C:1744H         LINE#         40
  C:1746H         LINE#         41
  C:1748H         LINE#         44
  C:174AH         LINE#         45
  C:174CH         LINE#         46
  C:174FH         LINE#         47
  C:1752H         LINE#         48
  C:1754H         LINE#         49
  C:1756H         LINE#         52
  C:1767H         LINE#         53
  C:1767H         LINE#         54
  C:1777H         LINE#         55
  C:1777H         LINE#         56
  C:1780H         LINE#         57
  C:1780H         LINE#         58
  C:1780H         LINE#         60
  C:1791H         LINE#         61
  C:1791H         LINE#         62
  C:17A1H         LINE#         63
  C:17A1H         LINE#         64
  C:17AAH         LINE#         65
  C:17AAH         LINE#         66
  C:17AAH         LINE#         69
BL51 BANKED LINKER/LOCATER V6.22                                                      12/11/2015  14:09:45  PAGE 12


  C:17E6H         LINE#         70
  C:17E6H         LINE#         72
  C:17E6H         LINE#         73
  C:17E6H         LINE#         74
  C:17E8H         LINE#         75
  C:17EAH         LINE#         76
  C:17ECH         LINE#         77
  C:17EEH         LINE#         78
  C:17F0H         LINE#         79
  C:17F6H         LINE#         80
  C:17F6H         LINE#         81
  C:1810H         LINE#         82
  C:1818H         LINE#         83
  C:1824H         LINE#         84
  C:1824H         LINE#         85
  C:1830H         LINE#         86
  C:1830H         LINE#         87
  C:1841H         LINE#         88
  C:1841H         LINE#         89
  C:184AH         LINE#         90
  C:184CH         LINE#         92
  C:184CH         LINE#         93
  C:1855H         LINE#         94
  C:1855H         LINE#         95
  C:1857H         LINE#         97
  C:1857H         LINE#         98
  C:1860H         LINE#         99
  C:1860H         LINE#         100
  C:1862H         LINE#         101
  C:1862H         LINE#         102
  C:1864H         LINE#         103
  C:1878H         LINE#         104
  C:1878H         LINE#         105
  C:1881H         LINE#         106
  C:188FH         LINE#         107
  C:188FH         LINE#         108
  C:1896H         LINE#         109
  C:1898H         LINE#         111
  C:1898H         LINE#         112
  C:189FH         LINE#         113
  C:189FH         LINE#         114
  C:189FH         LINE#         115
  C:18A1H         LINE#         116
  C:18A4H         LINE#         117
  C:18A4H         LINE#         120
  C:18A4H         LINE#         121
  C:18A4H         LINE#         122
  C:18A6H         LINE#         123
  C:18A8H         LINE#         124
  C:18AAH         LINE#         125
  C:18ACH         LINE#         127
  C:18C7H         LINE#         128
  C:18D5H         LINE#         129
  C:18ECH         LINE#         130
  C:18F5H         LINE#         131
  C:18F7H         LINE#         132
  C:18FAH         LINE#         133
BL51 BANKED LINKER/LOCATER V6.22                                                      12/11/2015  14:09:45  PAGE 13


  C:18FAH         LINE#         136
  C:18FAH         LINE#         137
  C:18FAH         LINE#         138
  C:18FCH         LINE#         139
  C:18FEH         LINE#         140
  C:1900H         LINE#         141
  C:1902H         LINE#         142
  C:190BH         LINE#         143
  C:191EH         LINE#         144
  C:1930H         LINE#         145
  C:1930H         LINE#         146
  C:1939H         LINE#         147
  C:1942H         LINE#         148
  C:1942H         LINE#         149
  C:1944H         LINE#         151
  C:1944H         LINE#         152
  C:1951H         LINE#         153
  C:195AH         LINE#         154
  C:1963H         LINE#         155
  C:1963H         LINE#         156
  C:1966H         LINE#         157
  C:1966H         LINE#         159
  C:1966H         LINE#         160
  C:1966H         LINE#         161
  C:1968H         LINE#         162
  C:196AH         LINE#         163
  C:196CH         LINE#         164
  C:196EH         LINE#         166
  C:1974H         LINE#         167
  C:1974H         LINE#         168
  C:197DH         LINE#         169
  C:197DH         LINE#         170
  C:1980H         LINE#         171
  C:1980H         LINE#         174
  C:1980H         LINE#         175
  C:1980H         LINE#         176
  C:1982H         LINE#         177
  C:1984H         LINE#         178
  C:1986H         LINE#         179
  C:1988H         LINE#         181
  C:198AH         LINE#         182
  C:1990H         LINE#         183
  C:1990H         LINE#         184
  C:19AAH         LINE#         185
  C:19B2H         LINE#         186
  C:19BEH         LINE#         187
  C:19BEH         LINE#         188
  C:19C9H         LINE#         189
  C:19C9H         LINE#         190
  C:19DAH         LINE#         191
  C:19DAH         LINE#         192
  C:19E3H         LINE#         193
  C:19E5H         LINE#         195
  C:19E5H         LINE#         196
  C:19EEH         LINE#         197
  C:19EEH         LINE#         198
  C:19F0H         LINE#         200
BL51 BANKED LINKER/LOCATER V6.22                                                      12/11/2015  14:09:45  PAGE 14


  C:19F0H         LINE#         201
  C:19F9H         LINE#         202
  C:19F9H         LINE#         203
  C:19FBH         LINE#         204
  C:19FBH         LINE#         205
  C:19FDH         LINE#         206
  C:1A11H         LINE#         207
  C:1A11H         LINE#         208
  C:1A1FH         LINE#         209
  C:1A1FH         LINE#         210
  C:1A26H         LINE#         211
  C:1A28H         LINE#         213
  C:1A28H         LINE#         214
  C:1A2FH         LINE#         215
  C:1A2FH         LINE#         216
  C:1A2FH         LINE#         217
  C:1A31H         LINE#         218
  C:1A34H         LINE#         219
  C:1A34H         LINE#         222
  C:1A34H         LINE#         223
  C:1A34H         LINE#         224
  C:1A36H         LINE#         225
  C:1A38H         LINE#         226
  C:1A3AH         LINE#         227
  C:1A3CH         LINE#         229
  C:1A57H         LINE#         230
  C:1A65H         LINE#         231
  C:1A7CH         LINE#         232
  C:1A85H         LINE#         233
  C:1A8CH         LINE#         234
  C:1A8EH         LINE#         235
  C:1A8EH         LINE#         238
  C:1A8EH         LINE#         239
  C:1A8EH         LINE#         240
  C:1A90H         LINE#         241
  C:1A92H         LINE#         242
  C:1A94H         LINE#         243
  C:1A96H         LINE#         244
  C:1A9FH         LINE#         245
  C:1AB2H         LINE#         246
  C:1AC4H         LINE#         247
  C:1AC4H         LINE#         248
  C:1ACDH         LINE#         249
  C:1ACDH         LINE#         250
  C:1ACFH         LINE#         252
  C:1ACFH         LINE#         253
  C:1ADCH         LINE#         254
  C:1AE5H         LINE#         255
  C:1AEEH         LINE#         256
  C:1AEEH         LINE#         257
  C:1AF0H         LINE#         258
  C:1AF0H         LINE#         260
  C:1AF0H         LINE#         261
  C:1AF0H         LINE#         262
  C:1AF2H         LINE#         263
  C:1AF4H         LINE#         264
  C:1AF6H         LINE#         265
BL51 BANKED LINKER/LOCATER V6.22                                                      12/11/2015  14:09:45  PAGE 15


  C:1AF8H         LINE#         267
  C:1AFBH         LINE#         268
  C:1AFBH         LINE#         269
  C:1B04H         LINE#         270
  C:1B04H         LINE#         271
  C:1B04H         LINE#         272
  C:1B04H         LINE#         273
  C:1B04H         LINE#         274
  -------         ENDPROC       TIMER2_ISR
  -------         PROC          MAIN
  -------         DO            
  D:0041H         SYMBOL        error_flag
  D:0042H         SYMBOL        array_name
  D:0044H         SYMBOL        number_of_entries
  -------         ENDDO         
  C:1B1FH         LINE#         283
  C:1B1FH         LINE#         284
  C:1B1FH         LINE#         290
  C:1B21H         LINE#         291
  C:1B23H         LINE#         292
  C:1B26H         LINE#         293
  C:1B29H         LINE#         294
  C:1B34H         LINE#         295
  C:1B39H         LINE#         296
  C:1B4BH         LINE#         297
  C:1B50H         LINE#         298
  C:1B55H         LINE#         299
  C:1B5EH         LINE#         300
  C:1B70H         LINE#         301
  C:1B73H         LINE#         302
  C:1B7BH         LINE#         304
  C:1B86H         LINE#         305
  C:1B88H         LINE#         306
  C:1B8BH         LINE#         307
  C:1B8EH         LINE#         308
  C:1B99H         LINE#         309
  C:1B9DH         LINE#         310
  C:1B9DH         LINE#         311
  C:1B9FH         LINE#         312
  C:1BB1H         LINE#         313
  C:1BBDH         LINE#         314
  C:1BC2H         LINE#         315
  C:1BC7H         LINE#         316
  C:1BC7H         LINE#         318
  C:1BCCH         LINE#         319
  C:1BD0H         LINE#         320
  C:1BD0H         LINE#         321
  C:1BD2H         LINE#         322
  C:1BE4H         LINE#         323
  C:1BF0H         LINE#         324
  C:1BF5H         LINE#         325
  C:1BFAH         LINE#         326
  C:1BFAH         LINE#         329
  C:1BFCH         LINE#         332
  C:1C00H         LINE#         333
  C:1C00H         LINE#         334
  C:1C02H         LINE#         335
BL51 BANKED LINKER/LOCATER V6.22                                                      12/11/2015  14:09:45  PAGE 16


  C:1C14H         LINE#         336
  C:1C20H         LINE#         337
  C:1C25H         LINE#         338
  C:1C2AH         LINE#         339
  C:1C2AH         LINE#         341
  C:1C2DH         LINE#         342
  C:1C30H         LINE#         343
  C:1C33H         LINE#         344
  C:1C35H         LINE#         345
  C:1C38H         LINE#         346
  C:1C3AH         LINE#         347
  C:1C3CH         LINE#         348
  C:1C3FH         LINE#         350
  C:1C41H         LINE#         351
  C:1C43H         LINE#         369
  C:1C43H         LINE#         370
  C:1C43H         LINE#         371
  C:1C4DH         LINE#         372
  C:1C54H         LINE#         373
  C:1C54H         LINE#         375
  C:1C54H         LINE#         376
  C:1C66H         LINE#         377
  C:1C6EH         LINE#         378
  C:1C90H         LINE#         379
  C:1C90H         LINE#         380
  C:1CA2H         LINE#         381
  C:1CA2H         LINE#         382
  C:1CC4H         LINE#         383
  C:1CE0H         LINE#         384
  C:1CF2H         LINE#         385
  C:1D08H         LINE#         386
  C:1D0DH         LINE#         387
  C:1D12H         LINE#         388
  C:1D20H         LINE#         389
  C:1D2FH         LINE#         390
  C:1D2FH         LINE#         391
  C:1D41H         LINE#         392
  C:1D46H         LINE#         393
  C:1D4BH         LINE#         394
  C:1D58H         LINE#         395
  C:1D6AH         LINE#         396
  C:1D80H         LINE#         397
  C:1D85H         LINE#         398
  C:1D8AH         LINE#         399
  C:1D9CH         LINE#         400
  C:1D9CH         LINE#         401
  C:1DC9H         LINE#         402
  C:1DC9H         LINE#         403
  C:1DDBH         LINE#         404
  C:1DE9H         LINE#         405
  C:1DF6H         LINE#         406
  C:1E11H         LINE#         407
  C:1E1FH         LINE#         408
  C:1E36H         LINE#         409
  C:1E51H         LINE#         410
  C:1E5FH         LINE#         411
  C:1E76H         LINE#         412
BL51 BANKED LINKER/LOCATER V6.22                                                      12/11/2015  14:09:45  PAGE 17


  C:1E7FH         LINE#         416
  C:1E88H         LINE#         417
  C:1E8AH         LINE#         418
  C:1E8CH         LINE#         419
  C:1E92H         LINE#         420
  C:1E96H         LINE#         421
  C:1EA6H         LINE#         422
  C:1EA6H         LINE#         424
  C:1EA9H         LINE#         426
  C:1EABH         LINE#         427
  C:1EADH         LINE#         429
  C:1EBFH         LINE#         430
  C:1EBFH         LINE#         431
  C:1ED0H         LINE#         432
  C:1ED0H         LINE#         433
  C:1ED3H         LINE#         434
  C:1ED3H         LINE#         435
  C:1ED6H         LINE#         436
  C:1EDDH         LINE#         437
  C:1EDDH         LINE#         438
  C:1EDFH         LINE#         439
  C:1EE4H         LINE#         440
  C:1EE9H         LINE#         441
  C:1EFBH         LINE#         442
  C:1F07H         LINE#         443
  C:1F0CH         LINE#         444
  C:1F11H         LINE#         445
  -------         ENDPROC       MAIN
  -------         ENDMOD        MAIN

  -------         MODULE        PRINT_BYTES
  C:0000H         SYMBOL        _ICE_DUMMY_
  D:0080H         PUBLIC        P0
  D:0090H         PUBLIC        P1
  D:00A0H         PUBLIC        P2
  D:00B0H         PUBLIC        P3
  D:00A8H         PUBLIC        IEN0
  D:00B8H         PUBLIC        IPL0
  C:40F8H         PUBLIC        _print_16bytes
  D:00D8H         PUBLIC        CCON
  C:4317H         PUBLIC        _print_memory
  D:0098H         PUBLIC        SCON
  D:0088H         PUBLIC        TCON
  D:00C8H         PUBLIC        T2CON
  D:00D0H         PUBLIC        PSW
  -------         PROC          _PRINT_16BYTES
  D:0001H         SYMBOL        array_in
  -------         DO            
  D:0067H         SYMBOL        input
  D:006AH         SYMBOL        index
  D:006BH         SYMBOL        dat
  -------         ENDDO         
  C:40F8H         LINE#         16
  C:40F8H         LINE#         17
  C:40F8H         LINE#         20
  C:40FEH         LINE#         21
  C:410DH         LINE#         22
BL51 BANKED LINKER/LOCATER V6.22                                                      12/11/2015  14:09:45  PAGE 18


  C:4110H         LINE#         23
  C:4110H         LINE#         24
  C:4121H         LINE#         25
  C:412CH         LINE#         26
  C:4135H         LINE#         27
  C:4138H         LINE#         28
  C:4138H         LINE#         29
  C:4149H         LINE#         30
  C:4158H         LINE#         31
  C:415DH         LINE#         32
  C:4166H         LINE#         33
  C:416BH         LINE#         34
  -------         ENDPROC       _PRINT_16BYTES
  -------         PROC          _PRINT_MEMORY
  D:005FH         SYMBOL        array_in
  D:0062H         SYMBOL        number_of_bytes
  -------         DO            
  D:0064H         SYMBOL        input
  D:0006H         SYMBOL        i
  -------         ENDDO         
  C:4317H         LINE#         44
  C:4321H         LINE#         45
  C:4321H         LINE#         48
  C:4327H         LINE#         49
  C:4329H         LINE#         50
  C:432EH         LINE#         51
  C:433FH         LINE#         52
  C:4348H         LINE#         54
  C:4348H         LINE#         55
  C:4351H         LINE#         56
  C:435CH         LINE#         57
  C:4375H         LINE#         58
  -------         ENDPROC       _PRINT_MEMORY
  -------         ENDMOD        PRINT_BYTES

  -------         MODULE        SDCARD
  C:0000H         SYMBOL        _ICE_DUMMY_
  D:0080H         PUBLIC        P0
  D:0090H         PUBLIC        P1
  D:00A0H         PUBLIC        P2
  D:00B0H         PUBLIC        P3
  C:4000H         PUBLIC        _trans_ACMD41
  B:00A0H.5       PUBLIC        LED2
  B:00A0H.7       PUBLIC        LED4
  C:4170H         PUBLIC        _read_block
  D:00A8H         PUBLIC        IEN0
  C:454EH         PUBLIC        _trans_CMD0
  D:00B8H         PUBLIC        IPL0
  C:3DC6H         PUBLIC        _get_response
  C:450DH         PUBLIC        _trans_CMD8
  D:00D8H         PUBLIC        CCON
  D:0098H         PUBLIC        SCON
  D:0088H         PUBLIC        TCON
  C:437EH         PUBLIC        _get_response_no_end_ISR
  C:3C72H         PUBLIC        _send_command_ISR
  D:008EH         PUBLIC        AUXR
  B:0090H.4       PUBLIC        ncs
BL51 BANKED LINKER/LOCATER V6.22                                                      12/11/2015  14:09:45  PAGE 19


  C:3396H         PUBLIC        SDcard_init
  C:45E5H         PUBLIC        _trans_CMD58
  C:3D19H         PUBLIC        _read_block_ISR
  C:3EF1H         PUBLIC        _read_sector_ISR
  D:00C8H         PUBLIC        T2CON
  C:4481H         PUBLIC        _get_response_no_end
  C:3E5CH         PUBLIC        _send_command
  D:00D0H         PUBLIC        PSW
  -------         PROC          SDCARD_INIT
  -------         DO            
  D:0046H         SYMBOL        return_value
  D:004BH         SYMBOL        error_flag
  D:004CH         SYMBOL        index
  D:004DH         SYMBOL        dat
  -------         ENDDO         
  C:3396H         LINE#         11
  C:3396H         LINE#         12
  C:3396H         LINE#         16
  C:3399H         LINE#         18
  C:339BH         LINE#         19
  C:339EH         LINE#         20
  C:339EH         LINE#         21
  C:33A9H         LINE#         22
  C:33B2H         LINE#         27
  C:33BDH         LINE#         30
  C:33C0H         LINE#         31
  C:33C0H         LINE#         32
  C:33C8H         LINE#         33
  C:33D3H         LINE#         34
  C:33DCH         LINE#         35
  C:33E1H         LINE#         36
  C:33E6H         LINE#         37
  C:33EDH         LINE#         42
  C:33F1H         LINE#         43
  C:33F1H         LINE#         44
  C:33FBH         LINE#         45
  C:33FBH         LINE#         49
  C:33FEH         LINE#         50
  C:33FEH         LINE#         51
  C:3406H         LINE#         52
  C:3411H         LINE#         53
  C:341AH         LINE#         54
  C:341FH         LINE#         55
  C:3424H         LINE#         56
  C:342BH         LINE#         59
  C:342FH         LINE#         60
  C:342FH         LINE#         61
  C:3439H         LINE#         62
  C:343FH         LINE#         63
  C:343FH         LINE#         64
  C:3442H         LINE#         65
  C:3444H         LINE#         66
  C:3444H         LINE#         67
  C:3444H         LINE#         71
  C:3447H         LINE#         72
  C:3447H         LINE#         73
  C:344FH         LINE#         74
BL51 BANKED LINKER/LOCATER V6.22                                                      12/11/2015  14:09:45  PAGE 20


  C:345AH         LINE#         75
  C:3463H         LINE#         76
  C:3468H         LINE#         77
  C:346DH         LINE#         78
  C:3474H         LINE#         81
  C:3478H         LINE#         82
  C:3478H         LINE#         83
  C:3482H         LINE#         84
  C:3482H         LINE#         88
  C:3485H         LINE#         89
  C:3485H         LINE#         90
  C:348DH         LINE#         91
  C:3498H         LINE#         92
  C:34A1H         LINE#         93
  C:34A6H         LINE#         94
  C:34ABH         LINE#         95
  C:34B2H         LINE#         98
  C:34B6H         LINE#         99
  C:34B6H         LINE#         100
  C:34C0H         LINE#         101
  C:34C6H         LINE#         102
  C:34C6H         LINE#         104
  C:34C6H         LINE#         105
  C:34CBH         LINE#         106
  C:34CBH         LINE#         108
  C:34CEH         LINE#         109
  C:34D0H         LINE#         111
  C:34D0H         LINE#         112
  C:34D3H         LINE#         113
  C:34D3H         LINE#         114
  C:34D3H         LINE#         117
  C:34D6H         LINE#         118
  C:34D6H         LINE#         119
  C:34DEH         LINE#         120
  C:34E9H         LINE#         121
  C:34F2H         LINE#         122
  C:34F7H         LINE#         123
  C:34FCH         LINE#         124
  C:3503H         LINE#         126
  C:3507H         LINE#         127
  C:3507H         LINE#         128
  C:3509H         LINE#         129
  C:3509H         LINE#         130
  C:350BH         LINE#         132
  C:350DH         LINE#         133
  -------         ENDPROC       SDCARD_INIT
  -------         PROC          _TRANS_CMD0
  D:004EH         SYMBOL        return_value
  -------         DO            
  D:0007H         SYMBOL        error_flag
  -------         ENDDO         
  C:454EH         LINE#         150
  C:4554H         LINE#         151
  C:4554H         LINE#         155
  C:4556H         LINE#         156
  C:4563H         LINE#         157
  C:4566H         LINE#         158
BL51 BANKED LINKER/LOCATER V6.22                                                      12/11/2015  14:09:45  PAGE 21


  C:4566H         LINE#         159
  C:4571H         LINE#         160
  C:4571H         LINE#         161
  C:4574H         LINE#         162
  C:4574H         LINE#         163
  C:4581H         LINE#         164
  C:4581H         LINE#         165
  C:4583H         LINE#         166
  C:4583H         LINE#         167
  C:4583H         LINE#         168
  C:4585H         LINE#         170
  C:4585H         LINE#         171
  -------         ENDPROC       _TRANS_CMD0
  -------         PROC          _TRANS_CMD8
  D:004EH         SYMBOL        return_value
  -------         DO            
  D:0007H         SYMBOL        error_flag
  -------         ENDDO         
  C:450DH         LINE#         177
  C:4513H         LINE#         178
  C:4513H         LINE#         181
  C:4515H         LINE#         182
  C:4525H         LINE#         183
  C:4528H         LINE#         184
  C:4528H         LINE#         185
  C:4533H         LINE#         186
  C:4533H         LINE#         187
  C:4540H         LINE#         188
  C:4544H         LINE#         189
  C:4549H         LINE#         190
  C:454BH         LINE#         191
  C:454DH         LINE#         192
  C:454DH         LINE#         193
  -------         ENDPROC       _TRANS_CMD8
  -------         PROC          _TRANS_CMD58
  D:004EH         SYMBOL        return_value
  -------         DO            
  D:0007H         SYMBOL        error_flag
  -------         ENDDO         
  C:45E5H         LINE#         199
  C:45EBH         LINE#         200
  C:45EBH         LINE#         203
  C:45EDH         LINE#         204
  C:45FBH         LINE#         205
  C:45FEH         LINE#         206
  C:45FEH         LINE#         207
  C:4609H         LINE#         208
  C:4609H         LINE#         209
  C:4609H         LINE#         210
  -------         ENDPROC       _TRANS_CMD58
  -------         PROC          _TRANS_ACMD41
  D:004EH         SYMBOL        return_value
  -------         DO            
  D:0007H         SYMBOL        error_flag
  D:0051H         SYMBOL        timeout
  D:0052H         SYMBOL        ACMD41_argum
  -------         ENDDO         
BL51 BANKED LINKER/LOCATER V6.22                                                      12/11/2015  14:09:45  PAGE 22


  C:4000H         LINE#         215
  C:4006H         LINE#         216
  C:4006H         LINE#         218
  C:4010H         LINE#         223
  C:4012H         LINE#         226
  C:4014H         LINE#         228
  C:4014H         LINE#         229
  C:4016H         LINE#         230
  C:4024H         LINE#         231
  C:4027H         LINE#         232
  C:402AH         LINE#         233
  C:403AH         LINE#         234
  C:403CH         LINE#         235
  C:403FH         LINE#         236
  C:4050H         LINE#         237
  C:4053H         LINE#         238
  C:4056H         LINE#         239
  C:4066H         LINE#         240
  C:4068H         LINE#         241
  C:406AH         LINE#         242
  C:4074H         LINE#         243
  C:4078H         LINE#         244
  C:4078H         LINE#         245
  C:407AH         LINE#         246
  C:407AH         LINE#         247
  C:407CH         LINE#         249
  C:407CH         LINE#         250
  -------         ENDPROC       _TRANS_ACMD41
  -------         PROC          _SEND_COMMAND
  D:0076H         SYMBOL        cmd
  D:0077H         SYMBOL        argum
  -------         DO            
  D:007BH         SYMBOL        error_flag
  D:007CH         SYMBOL        send_val
  D:007DH         SYMBOL        return_val
  D:007EH         SYMBOL        index
  -------         ENDDO         
  C:3E5CH         LINE#         260
  C:3E5EH         LINE#         261
  C:3E5EH         LINE#         263
  C:3E68H         LINE#         264
  C:3E68H         LINE#         265
  C:3E6EH         LINE#         266
  C:3E7AH         LINE#         267
  C:3E7DH         LINE#         268
  C:3E98H         LINE#         269
  C:3E98H         LINE#         270
  C:3EA9H         LINE#         271
  C:3EB4H         LINE#         272
  C:3EBAH         LINE#         273
  C:3EBCH         LINE#         274
  C:3EC0H         LINE#         275
  C:3EC5H         LINE#         276
  C:3ECAH         LINE#         277
  C:3ECFH         LINE#         279
  C:3ED2H         LINE#         280
  C:3ED6H         LINE#         281
BL51 BANKED LINKER/LOCATER V6.22                                                      12/11/2015  14:09:45  PAGE 23


  C:3EE2H         LINE#         282
  C:3EE6H         LINE#         283
  C:3EE9H         LINE#         284
  C:3EEBH         LINE#         286
  C:3EEEH         LINE#         287
  C:3EF0H         LINE#         288
  -------         ENDPROC       _SEND_COMMAND
  -------         PROC          _SEND_COMMAND_ISR
  D:0053H         SYMBOL        cmd
  D:0054H         SYMBOL        argum
  -------         DO            
  I:0015H         SYMBOL        error_flag
  I:0016H         SYMBOL        send_val
  I:0017H         SYMBOL        return_val
  I:0018H         SYMBOL        index
  -------         ENDDO         
  C:3C72H         LINE#         294
  C:3C74H         LINE#         295
  C:3C74H         LINE#         297
  C:3C7EH         LINE#         298
  C:3C7EH         LINE#         299
  C:3C86H         LINE#         300
  C:3C93H         LINE#         301
  C:3C97H         LINE#         302
  C:3CB5H         LINE#         303
  C:3CB5H         LINE#         304
  C:3CC6H         LINE#         305
  C:3CD3H         LINE#         306
  C:3CD9H         LINE#         307
  C:3CDBH         LINE#         308
  C:3CDFH         LINE#         309
  C:3CE5H         LINE#         310
  C:3CECH         LINE#         311
  C:3CF0H         LINE#         313
  C:3CF2H         LINE#         314
  C:3CF7H         LINE#         315
  C:3D07H         LINE#         316
  C:3D0CH         LINE#         317
  C:3D0EH         LINE#         318
  C:3D10H         LINE#         320
  C:3D14H         LINE#         321
  C:3D18H         LINE#         322
  -------         ENDPROC       _SEND_COMMAND_ISR
  -------         PROC          L?0161
  -------         ENDPROC       L?0161
  -------         PROC          _GET_RESPONSE
  D:0056H         SYMBOL        num_bytes
  D:0057H         SYMBOL        array_out
  -------         DO            
  D:005AH         SYMBOL        timeout
  D:005BH         SYMBOL        error_flag
  D:005CH         SYMBOL        recieve_value
  D:005DH         SYMBOL        index
  -------         ENDDO         
  C:3DC6H         LINE#         326
  C:3DCEH         LINE#         327
  C:3DCEH         LINE#         330
BL51 BANKED LINKER/LOCATER V6.22                                                      12/11/2015  14:09:45  PAGE 24


  C:3DD1H         LINE#         331
  C:3DD3H         LINE#         333
  C:3DD3H         LINE#         334
  C:3DE0H         LINE#         335
  C:3DE2H         LINE#         336
  C:3DEFH         LINE#         337
  C:3DFAH         LINE#         338
  C:3DFEH         LINE#         339
  C:3E03H         LINE#         340
  C:3E07H         LINE#         341
  C:3E09H         LINE#         342
  C:3E13H         LINE#         343
  C:3E18H         LINE#         344
  C:3E1FH         LINE#         345
  C:3E1FH         LINE#         346
  C:3E29H         LINE#         347
  C:3E29H         LINE#         348
  C:3E34H         LINE#         349
  C:3E45H         LINE#         350
  C:3E49H         LINE#         351
  C:3E49H         LINE#         352
  C:3E4DH         LINE#         353
  C:3E59H         LINE#         354
  C:3E5BH         LINE#         355
  -------         ENDPROC       _GET_RESPONSE
  C:447BH         SYMBOL        L?0160
  -------         PROC          L?0159
  -------         ENDPROC       L?0159
  C:447BH         SYMBOL        L?0160
  -------         PROC          _GET_RESPONSE_NO_END
  D:0076H         SYMBOL        num_bytes
  D:0078H         SYMBOL        array_out
  -------         DO            
  D:007BH         SYMBOL        timeout
  D:007CH         SYMBOL        error_flag
  D:007DH         SYMBOL        recieve_value
  D:007EH         SYMBOL        index
  -------         ENDDO         
  C:4481H         LINE#         361
  C:448BH         LINE#         362
  C:448BH         LINE#         365
  C:448EH         LINE#         366
  C:4490H         LINE#         367
  C:449FH         LINE#         368
  C:449FH         LINE#         369
  C:44AAH         LINE#         370
  C:44BBH         LINE#         371
  C:44C5H         LINE#         372
  C:44C7H         LINE#         373
  -------         ENDPROC       _GET_RESPONSE_NO_END
  C:4378H         SYMBOL        L?0158
  -------         PROC          L?0157
  -------         ENDPROC       L?0157
  C:4378H         SYMBOL        L?0158
  -------         PROC          _GET_RESPONSE_NO_END_ISR
  D:0053H         SYMBOL        num_bytes
  D:0055H         SYMBOL        array_out
BL51 BANKED LINKER/LOCATER V6.22                                                      12/11/2015  14:09:45  PAGE 25


  -------         DO            
  I:0015H         SYMBOL        timeout
  I:0016H         SYMBOL        error_flag
  I:0017H         SYMBOL        recieve_value
  I:0018H         SYMBOL        index
  -------         ENDDO         
  C:437EH         LINE#         378
  C:4388H         LINE#         379
  C:4388H         LINE#         382
  C:438CH         LINE#         383
  C:438EH         LINE#         384
  C:439FH         LINE#         385
  C:439FH         LINE#         386
  C:43AAH         LINE#         387
  C:43C1H         LINE#         388
  C:43CBH         LINE#         389
  C:43CFH         LINE#         390
  -------         ENDPROC       _GET_RESPONSE_NO_END_ISR
  -------         PROC          _READ_BLOCK
  D:0069H         SYMBOL        block_number
  D:006DH         SYMBOL        block_info
  -------         DO            
  D:0007H         SYMBOL        error_flag
  D:0070H         SYMBOL        timeout
  D:0071H         SYMBOL        return_value
  -------         ENDDO         
  C:4170H         LINE#         398
  C:417EH         LINE#         399
  C:417EH         LINE#         402
  C:4180H         LINE#         403
  C:4183H         LINE#         404
  C:4190H         LINE#         406
  C:4190H         LINE#         407
  C:4192H         LINE#         408
  C:4195H         LINE#         409
  C:4198H         LINE#         410
  C:41A0H         LINE#         413
  C:41A4H         LINE#         414
  C:41A4H         LINE#         415
  C:41A6H         LINE#         416
  C:41A6H         LINE#         417
  C:41A9H         LINE#         419
  C:41A9H         LINE#         420
  C:41ABH         LINE#         421
  C:41AEH         LINE#         422
  C:41B1H         LINE#         423
  C:41BEH         LINE#         427
  C:41C2H         LINE#         428
  C:41C2H         LINE#         429
  C:41C4H         LINE#         430
  C:41C4H         LINE#         431
  C:41CAH         LINE#         432
  C:41CAH         LINE#         433
  C:41CCH         LINE#         434
  C:41CCH         LINE#         435
  C:41CFH         LINE#         436
  C:41CFH         LINE#         437
BL51 BANKED LINKER/LOCATER V6.22                                                      12/11/2015  14:09:45  PAGE 26


  C:41DBH         LINE#         438
  C:41DBH         LINE#         439
  C:41DEH         LINE#         440
  C:41DEH         LINE#         441
  C:41E3H         LINE#         443
  C:41E3H         LINE#         444
  C:41E5H         LINE#         446
  C:41E5H         LINE#         448
  -------         ENDPROC       _READ_BLOCK
  -------         PROC          _READ_BLOCK_ISR
  D:0035H         SYMBOL        block_number
  D:0039H         SYMBOL        block_info
  -------         DO            
  I:0009H         SYMBOL        error_flag
  I:000AH         SYMBOL        timeout
  I:000BH         SYMBOL        return_value
  -------         ENDDO         
  C:3D19H         LINE#         451
  C:3D27H         LINE#         452
  C:3D27H         LINE#         455
  C:3D29H         LINE#         456
  C:3D2DH         LINE#         457
  C:3D42H         LINE#         459
  C:3D42H         LINE#         460
  C:3D45H         LINE#         461
  C:3D49H         LINE#         462
  C:3D50H         LINE#         463
  C:3D59H         LINE#         466
  C:3D5EH         LINE#         467
  C:3D5EH         LINE#         468
  C:3D61H         LINE#         469
  C:3D61H         LINE#         470
  C:3D65H         LINE#         472
  C:3D65H         LINE#         473
  C:3D68H         LINE#         474
  C:3D6CH         LINE#         475
  C:3D73H         LINE#         476
  C:3D83H         LINE#         480
  C:3D88H         LINE#         481
  C:3D88H         LINE#         482
  C:3D8BH         LINE#         483
  C:3D8BH         LINE#         484
  C:3D90H         LINE#         485
  C:3D90H         LINE#         486
  C:3D94H         LINE#         487
  C:3D94H         LINE#         488
  C:3D99H         LINE#         489
  C:3D99H         LINE#         490
  C:3DA9H         LINE#         491
  C:3DA9H         LINE#         492
  C:3DAEH         LINE#         493
  C:3DAEH         LINE#         494
  C:3DB7H         LINE#         496
  C:3DB7H         LINE#         497
  C:3DB9H         LINE#         499
  C:3DBDH         LINE#         501
  -------         ENDPROC       _READ_BLOCK_ISR
BL51 BANKED LINKER/LOCATER V6.22                                                      12/11/2015  14:09:45  PAGE 27


  -------         PROC          _READ_SECTOR_ISR
  D:0046H         SYMBOL        block_number
  D:004AH         SYMBOL        block_info
  -------         DO            
  D:0007H         SYMBOL        error_flag
  D:004DH         SYMBOL        timeout
  D:004EH         SYMBOL        return_value
  -------         ENDDO         
  C:3EF1H         LINE#         508
  C:3EFFH         LINE#         509
  C:3EFFH         LINE#         512
  C:3F01H         LINE#         513
  C:3F04H         LINE#         514
  C:3F11H         LINE#         516
  C:3F11H         LINE#         517
  C:3F13H         LINE#         518
  C:3F16H         LINE#         519
  C:3F21H         LINE#         520
  C:3F29H         LINE#         523
  C:3F2DH         LINE#         524
  C:3F2DH         LINE#         525
  C:3F2FH         LINE#         526
  C:3F2FH         LINE#         527
  C:3F32H         LINE#         529
  C:3F32H         LINE#         530
  C:3F34H         LINE#         531
  C:3F37H         LINE#         532
  C:3F42H         LINE#         533
  C:3F4FH         LINE#         537
  C:3F53H         LINE#         538
  C:3F53H         LINE#         539
  C:3F55H         LINE#         540
  C:3F55H         LINE#         541
  C:3F5BH         LINE#         542
  C:3F5BH         LINE#         543
  C:3F5DH         LINE#         544
  C:3F5DH         LINE#         545
  C:3F60H         LINE#         546
  C:3F60H         LINE#         547
  C:3F6CH         LINE#         548
  C:3F6CH         LINE#         549
  C:3F6FH         LINE#         550
  C:3F6FH         LINE#         551
  C:3F7AH         LINE#         553
  C:3F7AH         LINE#         554
  C:3F7CH         LINE#         556
  C:3F7CH         LINE#         558
  -------         ENDPROC       _READ_SECTOR_ISR
  -------         ENDMOD        SDCARD

  -------         MODULE        SPI
  C:0000H         SYMBOL        _ICE_DUMMY_
  D:0080H         PUBLIC        P0
  D:0090H         PUBLIC        P1
  D:00A0H         PUBLIC        P2
  D:00B0H         PUBLIC        P3
  D:00C3H         PUBLIC        SPCON
BL51 BANKED LINKER/LOCATER V6.22                                                      12/11/2015  14:09:45  PAGE 28


  C:464DH         PUBLIC        _SPI_transfer_ISR
  D:00C4H         PUBLIC        SPSTA
  D:00A8H         PUBLIC        IEN0
  D:00B8H         PUBLIC        IPL0
  D:00D8H         PUBLIC        CCON
  D:0098H         PUBLIC        SCON
  D:0088H         PUBLIC        TCON
  C:462CH         PUBLIC        _SPI_transfer
  D:00C8H         PUBLIC        T2CON
  C:424FH         PUBLIC        _SPI_master_init
  D:00D0H         PUBLIC        PSW
  D:00C5H         PUBLIC        SPDAT
  -------         PROC          _SPI_MASTER_INIT
  D:0004H         SYMBOL        SCLR_FREQ
  -------         DO            
  D:0007H         SYMBOL        divider
  D:0046H         SYMBOL        return_val
  -------         ENDDO         
  C:424FH         LINE#         6
  C:424FH         LINE#         7
  C:424FH         LINE#         9
  C:4252H         LINE#         10
  C:4263H         LINE#         11
  C:4269H         LINE#         12
  C:426EH         LINE#         13
  C:4274H         LINE#         14
  C:4279H         LINE#         15
  C:427FH         LINE#         16
  C:4284H         LINE#         17
  C:428AH         LINE#         18
  C:428FH         LINE#         19
  C:4295H         LINE#         20
  C:429AH         LINE#         21
  C:42A0H         LINE#         22
  C:42A5H         LINE#         23
  C:42ABH         LINE#         24
  C:42B0H         LINE#         26
  C:42B3H         LINE#         27
  C:42B5H         LINE#         28
  -------         ENDPROC       _SPI_MASTER_INIT
  -------         PROC          _SPI_TRANSFER
  D:0007H         SYMBOL        data_input
  D:0001H         SYMBOL        data_output
  -------         DO            
  D:0007H         SYMBOL        test
  D:0006H         SYMBOL        timeout
  -------         ENDDO         
  C:462CH         LINE#         32
  C:462CH         LINE#         33
  C:462CH         LINE#         35
  C:462EH         LINE#         36
  C:4630H         LINE#         38
  C:4630H         LINE#         39
  C:4632H         LINE#         40
  C:4633H         LINE#         41
  C:463AH         LINE#         42
  C:463DH         LINE#         43
BL51 BANKED LINKER/LOCATER V6.22                                                      12/11/2015  14:09:45  PAGE 29


  C:463DH         LINE#         44
  C:4642H         LINE#         45
  C:4646H         LINE#         46
  C:4648H         LINE#         48
  C:4648H         LINE#         49
  C:464AH         LINE#         50
  C:464AH         LINE#         51
  C:464CH         LINE#         52
  -------         ENDPROC       _SPI_TRANSFER
  -------         PROC          _SPI_TRANSFER_ISR
  D:0007H         SYMBOL        data_input
  D:0001H         SYMBOL        data_output
  -------         DO            
  D:0007H         SYMBOL        test
  D:0006H         SYMBOL        timeout
  -------         ENDDO         
  C:464DH         LINE#         58
  C:464DH         LINE#         59
  C:464DH         LINE#         61
  C:464FH         LINE#         62
  C:4651H         LINE#         64
  C:4651H         LINE#         65
  C:4653H         LINE#         66
  C:4654H         LINE#         67
  C:465BH         LINE#         68
  C:465EH         LINE#         69
  C:465EH         LINE#         70
  C:4663H         LINE#         71
  C:4667H         LINE#         72
  C:4669H         LINE#         74
  C:4669H         LINE#         75
  C:466BH         LINE#         76
  C:466BH         LINE#         77
  C:466DH         LINE#         78
  -------         ENDPROC       _SPI_TRANSFER_ISR
  -------         ENDMOD        SPI

  -------         MODULE        UART
  C:0000H         SYMBOL        _ICE_DUMMY_
  D:0080H         PUBLIC        P0
  D:0090H         PUBLIC        P1
  D:00A0H         PUBLIC        P2
  D:00B0H         PUBLIC        P3
  D:00A8H         PUBLIC        IEN0
  D:00B8H         PUBLIC        IPL0
  B:00A8H.4       PUBLIC        ES
  B:0098H.1       PUBLIC        TI
  D:00D8H         PUBLIC        CCON
  D:0087H         PUBLIC        PCON
  C:468FH         PUBLIC        UART_Init
  D:0098H         PUBLIC        SCON
  D:0088H         PUBLIC        TCON
  D:009BH         PUBLIC        BDRCON
  D:009AH         PUBLIC        BRL
  D:00C8H         PUBLIC        T2CON
  D:00D0H         PUBLIC        PSW
  -------         PROC          UART_INIT
BL51 BANKED LINKER/LOCATER V6.22                                                      12/11/2015  14:09:45  PAGE 30


  C:468FH         LINE#         5
  C:468FH         LINE#         6
  C:468FH         LINE#         12
  C:4692H         LINE#         13
  C:4695H         LINE#         14
  C:4698H         LINE#         15
  C:469BH         LINE#         16
  C:469EH         LINE#         17
  C:46A1H         LINE#         18
  C:46A4H         LINE#         19
  C:46A6H         LINE#         20
  C:46A8H         LINE#         21
  C:46AAH         LINE#         22
  -------         ENDPROC       UART_INIT
  -------         ENDMOD        UART

  -------         MODULE        DIRECTORY_FUNCTIONS
  C:0000H         SYMBOL        _ICE_DUMMY_
  D:0080H         PUBLIC        P0
  D:0090H         PUBLIC        P1
  D:00A0H         PUBLIC        P2
  D:00B0H         PUBLIC        P3
  I:0080H         PUBLIC        MBR_RelSec
  C:3F85H         PUBLIC        _read32
  I:0084H         PUBLIC        BPB_BytesPerSec
  C:43D8H         PUBLIC        _read16
  B:00A0H.5       PUBLIC        LED2
  D:00A8H         PUBLIC        IEN0
  I:0086H         PUBLIC        BPB_SecPerClus
  D:00B8H         PUBLIC        IPL0
  I:0087H         PUBLIC        BPB_RsvdSecCnt
  C:3516H         PUBLIC        _first_sector
  I:0089H         PUBLIC        FATtype
  I:008AH         PUBLIC        BPB_HiddenSec
  D:00D8H         PUBLIC        CCON
  I:008EH         PUBLIC        FirstDataSec
  I:0092H         PUBLIC        BPB_RootEntCnt
  C:2E47H         PUBLIC        _Print_Directory
  C:3AECH         PUBLIC        _find_next_cluster
  C:0FFEH         PUBLIC        _mount_drive
  D:0098H         PUBLIC        SCON
  D:0088H         PUBLIC        TCON
  I:0094H         PUBLIC        BPB_NumFATs
  I:0095H         PUBLIC        StartofFAT
  I:0099H         PUBLIC        BPB_FATSz32
  B:0090H.4       PUBLIC        ncs
  I:009DH         PUBLIC        BPB_FATSz16
  C:407DH         PUBLIC        _read32_ISR
  I:009FH         PUBLIC        BPB_Root_Clus
  C:467DH         PUBLIC        _read8
  I:00A3H         PUBLIC        RootDirSec
  D:00C8H         PUBLIC        T2CON
  C:363BH         PUBLIC        _first_sector_ISR
  I:00A7H         PUBLIC        FirstRootDirSec
  I:00ABH         PUBLIC        BPB_TotSec32
  I:00AFH         PUBLIC        BPB_TotSec16
  C:2C13H         PUBLIC        _Read_Dir_Entry
BL51 BANKED LINKER/LOCATER V6.22                                                      12/11/2015  14:09:45  PAGE 31


  C:3859H         PUBLIC        _Open_File
  D:00D0H         PUBLIC        PSW
  C:3BAFH         PUBLIC        _find_next_cluster_ISR
  -------         PROC          L?0101
  -------         ENDPROC       L?0101
  -------         PROC          _READ32
  D:0069H         SYMBOL        offset_address
  D:006BH         SYMBOL        array_name
  -------         DO            
  D:006EH         SYMBOL        return_value
  D:0072H         SYMBOL        temp
  D:0073H         SYMBOL        index
  -------         ENDDO         
  C:3F85H         LINE#         36
  C:3F8FH         LINE#         37
  C:3F8FH         LINE#         38
  C:3F96H         LINE#         39
  C:3F96H         LINE#         40
  C:3F9FH         LINE#         42
  C:3FA1H         LINE#         43
  C:3FA1H         LINE#         44
  C:3FC2H         LINE#         45
  C:3FD7H         LINE#         46
  C:3FE9H         LINE#         47
  C:3FF0H         LINE#         48
  C:3FF9H         LINE#         49
  C:3FF9H         LINE#         51
  C:3FFFH         LINE#         52
  -------         ENDPROC       _READ32
  -------         PROC          _READ32_ISR
  D:0035H         SYMBOL        offset_address
  D:0037H         SYMBOL        array_name
  -------         DO            
  D:003AH         SYMBOL        return_value
  D:003EH         SYMBOL        temp
  D:003FH         SYMBOL        index
  -------         ENDDO         
  C:407DH         LINE#         54
  C:4087H         LINE#         55
  C:4087H         LINE#         56
  C:408EH         LINE#         57
  C:408EH         LINE#         58
  C:4097H         LINE#         60
  C:4099H         LINE#         61
  C:4099H         LINE#         62
  C:40BAH         LINE#         63
  C:40CFH         LINE#         64
  C:40E1H         LINE#         65
  C:40E8H         LINE#         66
  C:40F1H         LINE#         67
  C:40F1H         LINE#         69
  C:40F7H         LINE#         70
  -------         ENDPROC       _READ32_ISR
  -------         PROC          L?0100
  -------         ENDPROC       L?0100
  -------         PROC          _READ16
  D:005FH         SYMBOL        offset_address
BL51 BANKED LINKER/LOCATER V6.22                                                      12/11/2015  14:09:45  PAGE 32


  D:0061H         SYMBOL        array_name
  -------         DO            
  D:0064H         SYMBOL        return_value
  D:0004H         SYMBOL        temp
  D:0005H         SYMBOL        index
  -------         ENDDO         
  C:43D8H         LINE#         72
  C:43E2H         LINE#         73
  C:43E2H         LINE#         74
  C:43E7H         LINE#         76
  C:43EEH         LINE#         77
  C:43EEH         LINE#         78
  C:43F0H         LINE#         79
  C:43F0H         LINE#         80
  C:4411H         LINE#         81
  C:4418H         LINE#         82
  C:441BH         LINE#         83
  C:441FH         LINE#         84
  C:4424H         LINE#         85
  C:4424H         LINE#         87
  C:4424H         LINE#         88
  C:4428H         LINE#         89
  C:4428H         LINE#         90
  -------         ENDPROC       _READ16
  C:4672H         SYMBOL        L?0099
  -------         PROC          L?0098
  -------         ENDPROC       L?0098
  C:4672H         SYMBOL        L?0099
  -------         PROC          _READ8
  D:0006H         SYMBOL        offset_address
  D:0001H         SYMBOL        array_name
  -------         DO            
  D:0005H         SYMBOL        return_value
  D:0007H         SYMBOL        temp
  -------         ENDDO         
  C:467DH         LINE#         92
  C:467DH         LINE#         93
  C:467DH         LINE#         94
  C:467DH         LINE#         96
  C:4683H         LINE#         97
  C:4683H         LINE#         98
  C:468AH         LINE#         99
  C:468AH         LINE#         100
  C:468AH         LINE#         101
  C:468CH         LINE#         102
  C:468CH         LINE#         104
  C:468CH         LINE#         105
  C:468EH         LINE#         106
  C:468EH         LINE#         107
  -------         ENDPROC       _READ8
  -------         PROC          _MOUNT_DRIVE
  D:0046H         SYMBOL        sector
  -------         DO            
  D:0048H         SYMBOL        error_flag
  D:0049H         SYMBOL        numofFATSectors
  D:004BH         SYMBOL        bpb_sector
  D:004FH         SYMBOL        FATSz
BL51 BANKED LINKER/LOCATER V6.22                                                      12/11/2015  14:09:45  PAGE 33


  D:0053H         SYMBOL        totSec
  D:0057H         SYMBOL        countofClusters
  D:005BH         SYMBOL        DataSec
  -------         ENDDO         
  C:0FFEH         LINE#         109
  C:1002H         LINE#         110
  C:1002H         LINE#         115
  C:1005H         LINE#         117
  C:1012H         LINE#         118
  C:101FH         LINE#         119
  C:103EH         LINE#         120
  C:103EH         LINE#         121
  C:104DH         LINE#         122
  C:105AH         LINE#         123
  C:106CH         LINE#         124
  C:1081H         LINE#         125
  C:1086H         LINE#         126
  C:108BH         LINE#         127
  C:108DH         LINE#         129
  C:108DH         LINE#         130
  C:1090H         LINE#         131
  C:1090H         LINE#         132
  C:1097H         LINE#         133
  C:1097H         LINE#         134
  C:10A8H         LINE#         135
  C:10B5H         LINE#         137
  C:10C7H         LINE#         138
  C:10D3H         LINE#         139
  C:10E4H         LINE#         140
  C:10E9H         LINE#         141
  C:10EEH         LINE#         143
  C:1100H         LINE#         144
  C:1111H         LINE#         145
  C:111DH         LINE#         146
  C:1122H         LINE#         147
  C:1127H         LINE#         149
  C:1139H         LINE#         150
  C:1145H         LINE#         151
  C:1156H         LINE#         152
  C:115BH         LINE#         153
  C:1160H         LINE#         155
  C:1172H         LINE#         156
  C:1183H         LINE#         157
  C:118FH         LINE#         158
  C:1194H         LINE#         159
  C:1199H         LINE#         161
  C:11ABH         LINE#         162
  C:11BFH         LINE#         163
  C:11D0H         LINE#         164
  C:11D5H         LINE#         165
  C:11DAH         LINE#         167
  C:11ECH         LINE#         168
  C:1200H         LINE#         169
  C:1211H         LINE#         170
  C:1216H         LINE#         171
  C:121BH         LINE#         173
  C:122DH         LINE#         174
BL51 BANKED LINKER/LOCATER V6.22                                                      12/11/2015  14:09:45  PAGE 34


  C:1241H         LINE#         175
  C:1252H         LINE#         176
  C:1257H         LINE#         177
  C:125CH         LINE#         179
  C:126EH         LINE#         180
  C:1278H         LINE#         181
  C:128EH         LINE#         182
  C:1293H         LINE#         183
  C:1298H         LINE#         185
  C:12AAH         LINE#         186
  C:12B4H         LINE#         187
  C:12CAH         LINE#         188
  C:12CFH         LINE#         189
  C:12D4H         LINE#         191
  C:12E6H         LINE#         192
  C:12F8H         LINE#         193
  C:130EH         LINE#         194
  C:1313H         LINE#         195
  C:1318H         LINE#         197
  C:132AH         LINE#         198
  C:133CH         LINE#         199
  C:1352H         LINE#         200
  C:1357H         LINE#         201
  C:135CH         LINE#         203
  C:136EH         LINE#         204
  C:139CH         LINE#         205
  C:13B2H         LINE#         206
  C:13B7H         LINE#         207
  C:13BCH         LINE#         211
  C:13C3H         LINE#         212
  C:13C3H         LINE#         213
  C:13D0H         LINE#         214
  C:13E2H         LINE#         215
  C:13F4H         LINE#         216
  C:13F4H         LINE#         217
  C:13F4H         LINE#         218
  C:13F6H         LINE#         220
  C:13F6H         LINE#         221
  C:1406H         LINE#         222
  C:1409H         LINE#         223
  C:141BH         LINE#         224
  C:1420H         LINE#         225
  C:1425H         LINE#         226
  C:1425H         LINE#         228
  C:142CH         LINE#         229
  C:142CH         LINE#         230
  C:1439H         LINE#         231
  C:144BH         LINE#         232
  C:1460H         LINE#         233
  C:1465H         LINE#         234
  C:146AH         LINE#         235
  C:146CH         LINE#         237
  C:146CH         LINE#         238
  C:147CH         LINE#         239
  C:147FH         LINE#         240
  C:147FH         LINE#         242
  C:1496H         LINE#         243
BL51 BANKED LINKER/LOCATER V6.22                                                      12/11/2015  14:09:45  PAGE 35


  C:14A8H         LINE#         244
  C:14B7H         LINE#         245
  C:14BCH         LINE#         246
  C:14C1H         LINE#         248
  C:151AH         LINE#         249
  C:152CH         LINE#         250
  C:1541H         LINE#         251
  C:1546H         LINE#         252
  C:154BH         LINE#         254
  C:1566H         LINE#         255
  C:1578H         LINE#         256
  C:158DH         LINE#         257
  C:1592H         LINE#         258
  C:1597H         LINE#         260
  C:15F1H         LINE#         261
  C:1603H         LINE#         262
  C:1619H         LINE#         263
  C:161EH         LINE#         264
  C:1623H         LINE#         266
  C:1663H         LINE#         267
  C:1675H         LINE#         268
  C:168BH         LINE#         269
  C:1690H         LINE#         270
  C:1695H         LINE#         273
  C:16AAH         LINE#         274
  C:16AAH         LINE#         275
  C:16AEH         LINE#         276
  C:16B1H         LINE#         277
  C:16B3H         LINE#         278
  C:16B6H         LINE#         279
  C:16C5H         LINE#         280
[...]
  C:2036H         LINE#         264
  C:203DH         LINE#         265
  C:203DH         LINE#         266
  C:203FH         LINE#         267
  C:2041H         LINE#         268
  C:2045H         LINE#         269
  C:2045H         LINE#         270
  C:2048H         LINE#         271
  C:2048H         LINE#         272
  C:204CH         LINE#         273
  C:204CH         LINE#         274
  C:2051H         LINE#         275
  C:2059H         LINE#         276
  C:2059H         LINE#         277
  C:205CH         LINE#         278
  C:205CH         LINE#         279
  C:205CH         LINE#         281
  C:2060H         LINE#         284
  C:2064H         LINE#         285
  C:2064H         LINE#         286
  C:2069H         LINE#         287
  C:2069H         LINE#         288
  C:2069H         LINE#         289
  C:206CH         LINE#         290
  C:206EH         LINE#         291
  C:2071H         LINE#         292
  C:2078H         LINE#         293
  C:2078H         LINE#         294
  C:207AH         LINE#         295
  C:207CH         LINE#         296
BL51 BANKED LINKER/LOCATER V6.22                                                      12/11/2015  14:09:45  PAGE 47


  C:2080H         LINE#         297
  C:2080H         LINE#         298
  C:2083H         LINE#         299
  C:2083H         LINE#         300
  C:2083H         LINE#         301
  C:2087H         LINE#         302
  C:2087H         LINE#         303
  C:208AH         LINE#         304
  C:208AH         LINE#         305
  C:208DH         LINE#         306
  C:208DH         LINE#         307
  C:208DH         LINE#         308
  C:2099H         LINE#         312
  C:209EH         LINE#         313
  C:20A0H         LINE#         314
  C:20A2H         LINE#         315
  C:20A5H         LINE#         316
  C:20AAH         LINE#         317
  C:20ACH         LINE#         318
  C:20AFH         LINE#         319
  C:20B6H         LINE#         320
  C:20B6H         LINE#         321
  C:20B8H         LINE#         322
  C:20BAH         LINE#         323
  C:20BEH         LINE#         324
  C:20BEH         LINE#         325
  C:20C1H         LINE#         326
  C:20C1H         LINE#         327
  C:20C5H         LINE#         328
  C:20C5H         LINE#         329
  C:20CCH         LINE#         330
  C:20CCH         LINE#         331
  C:20CFH         LINE#         332
  C:20CFH         LINE#         333
  C:20CFH         LINE#         334
  C:20D1H         LINE#         341
  C:20D7H         LINE#         342
  C:20D7H         LINE#         343
  C:20DAH         LINE#         344
  C:20DAH         LINE#         345
  C:20DDH         LINE#         346
  C:20E5H         LINE#         347
  C:20E7H         LINE#         348
  C:20E9H         LINE#         355
  C:20F7H         LINE#         356
  C:20F7H         LINE#         357
  C:20FCH         LINE#         358
  C:20FEH         LINE#         359
  C:2125H         LINE#         360
  C:212AH         LINE#         361
  C:212FH         LINE#         362
  C:2131H         LINE#         363
  C:2134H         LINE#         364
  C:213BH         LINE#         365
  C:213BH         LINE#         366
  C:213DH         LINE#         367
  C:213FH         LINE#         368
BL51 BANKED LINKER/LOCATER V6.22                                                      12/11/2015  14:09:45  PAGE 48


  C:2143H         LINE#         369
  C:2143H         LINE#         370
  C:2146H         LINE#         371
  C:2146H         LINE#         372
  C:214AH         LINE#         373
  C:214AH         LINE#         374
  C:2151H         LINE#         375
  C:2151H         LINE#         376
  C:2154H         LINE#         377
  C:2154H         LINE#         378
  C:2154H         LINE#         379
  C:2158H         LINE#         382
  C:215CH         LINE#         383
  C:215CH         LINE#         384
  C:2161H         LINE#         385
  C:2161H         LINE#         386
  C:2161H         LINE#         387
  C:2164H         LINE#         388
  C:2166H         LINE#         389
  C:2169H         LINE#         390
  C:2170H         LINE#         391
  C:2170H         LINE#         392
  C:2172H         LINE#         393
  C:2174H         LINE#         394
  C:2178H         LINE#         395
  C:2178H         LINE#         396
  C:217BH         LINE#         397
  C:217BH         LINE#         398
  C:217BH         LINE#         399
  C:217FH         LINE#         400
  C:217FH         LINE#         401
  C:2182H         LINE#         402
  C:2182H         LINE#         403
  C:2185H         LINE#         404
  C:2185H         LINE#         405
  C:2185H         LINE#         411
  C:2199H         LINE#         412
  C:2199H         LINE#         413
  C:21ABH         LINE#         414
  C:21B5H         LINE#         415
  C:21B5H         LINE#         416
  C:21BAH         LINE#         417
  C:21BCH         LINE#         419
  C:21C1H         LINE#         420
  C:21C3H         LINE#         421
  C:21C6H         LINE#         422
  C:21CDH         LINE#         423
  C:21CDH         LINE#         424
  C:21CFH         LINE#         425
  C:21D1H         LINE#         426
  C:21D5H         LINE#         427
  C:21D5H         LINE#         428
  C:21D8H         LINE#         429
  C:21D8H         LINE#         430
  C:21DCH         LINE#         431
  C:21DCH         LINE#         432
  C:21E1H         LINE#         433
BL51 BANKED LINKER/LOCATER V6.22                                                      12/11/2015  14:09:45  PAGE 49


  C:2201H         LINE#         434
  C:2201H         LINE#         435
  C:2205H         LINE#         438
  C:2209H         LINE#         439
  C:2209H         LINE#         440
  C:220EH         LINE#         441
  C:2210H         LINE#         442
  C:2216H         LINE#         443
  C:2216H         LINE#         444
  C:2218H         LINE#         445
  C:221AH         LINE#         447
  C:221AH         LINE#         448
  C:221CH         LINE#         449
  C:221CH         LINE#         450
  C:2221H         LINE#         451
  C:2223H         LINE#         452
  C:2226H         LINE#         453
  C:222DH         LINE#         454
  C:222DH         LINE#         455
  C:222FH         LINE#         456
  C:2231H         LINE#         457
  C:2235H         LINE#         458
  C:2235H         LINE#         459
  C:2238H         LINE#         460
  C:2238H         LINE#         461
  C:2238H         LINE#         462
  C:223DH         LINE#         465
  C:2242H         LINE#         466
  C:2244H         LINE#         467
  C:2246H         LINE#         468
  C:2249H         LINE#         469
  C:224EH         LINE#         470
  C:2250H         LINE#         471
  C:2253H         LINE#         472
  C:225AH         LINE#         473
  C:225AH         LINE#         474
  C:225CH         LINE#         475
  C:225EH         LINE#         476
  C:2262H         LINE#         477
  C:2262H         LINE#         478
  C:2265H         LINE#         479
  C:2265H         LINE#         480
  C:2269H         LINE#         481
  C:2269H         LINE#         482
  C:2270H         LINE#         483
  C:2270H         LINE#         484
  C:2273H         LINE#         485
  C:2273H         LINE#         486
  C:2273H         LINE#         487
  C:2275H         LINE#         490
  C:2277H         LINE#         491
  -------         ENDPROC       _I2C_READ
  C:46ABH         SYMBOL        L?0145
  -------         PROC          L?0144
  -------         ENDPROC       L?0144
  C:46ABH         SYMBOL        L?0145
  -------         PROC          _I2C_CLOCK_DELAY
BL51 BANKED LINKER/LOCATER V6.22                                                      12/11/2015  14:09:45  PAGE 50


  D:0007H         SYMBOL        control
  C:46B1H         LINE#         497
  C:46B1H         LINE#         498
  C:46B1H         LINE#         499
  C:46B4H         LINE#         500
  C:46B4H         LINE#         501
  C:46B7H         LINE#         502
  C:46B7H         LINE#         503
  C:46B9H         LINE#         504
  C:46BCH         LINE#         505
  C:46BCH         LINE#         506
  C:46BFH         LINE#         507
  C:46C2H         LINE#         508
  C:46C4H         LINE#         509
  C:46C6H         LINE#         510
  C:46C6H         LINE#         513
  -------         ENDPROC       _I2C_CLOCK_DELAY
  -------         PROC          I2C_CLOCK_START
  C:46C7H         LINE#         518
  C:46C7H         LINE#         519
  C:46C7H         LINE#         520
  C:46CAH         LINE#         521
  C:46CDH         LINE#         522
  C:46CFH         LINE#         523
  C:46D2H         LINE#         524
  C:46D5H         LINE#         525
  C:46D7H         LINE#         526
  C:46D9H         LINE#         529
  -------         ENDPROC       I2C_CLOCK_START
  -------         ENDMOD        I2C

  -------         MODULE        STA013
  C:0000H         SYMBOL        _ICE_DUMMY_
  D:0080H         PUBLIC        P0
  D:0090H         PUBLIC        P1
  D:00A0H         PUBLIC        P2
  D:00B0H         PUBLIC        P3
  B:00A0H.7       PUBLIC        LED4
  D:00A8H         PUBLIC        IEN0
  D:00B8H         PUBLIC        IPL0
  D:00D8H         PUBLIC        CCON
  D:0098H         PUBLIC        SCON
  D:0088H         PUBLIC        TCON
  B:00B0H.3       PUBLIC        trig
  C:42B6H         PUBLIC        _test_I2C
  D:00C8H         PUBLIC        T2CON
  B:00B0H.2       PUBLIC        gpio_rst
  D:00D0H         PUBLIC        PSW
  C:25D4H         PUBLIC        config_file
  -------         PROC          CONFIG_FILE
  -------         DO            
  D:0046H         SYMBOL        config_p
  D:0049H         SYMBOL        send_array
  D:004BH         SYMBOL        get_array
  D:004CH         SYMBOL        error_flag
  D:004DH         SYMBOL        index
  -------         ENDDO         
BL51 BANKED LINKER/LOCATER V6.22                                                      12/11/2015  14:09:45  PAGE 51


  C:25D4H         LINE#         20
  C:25D4H         LINE#         21
  C:25D4H         LINE#         26
  C:25D6H         LINE#         28
  C:25DFH         LINE#         29
  C:25E8H         LINE#         31
  C:25E8H         LINE#         32
  C:25F9H         LINE#         33
  C:260EH         LINE#         34
  C:2619H         LINE#         35
  C:262EH         LINE#         36
  C:2633H         LINE#         37
  C:2633H         LINE#         38
  C:2642H         LINE#         40
  C:2644H         LINE#         42
  C:2644H         LINE#         43
  C:264DH         LINE#         44
  C:2651H         LINE#         45
  C:2663H         LINE#         46
  C:2678H         LINE#         47
  C:267DH         LINE#         48
  C:2682H         LINE#         49
  C:268BH         LINE#         50
  C:2694H         LINE#         52
  C:2694H         LINE#         53
  C:26A5H         LINE#         54
  C:26BAH         LINE#         55
  C:26C5H         LINE#         56
  C:26DAH         LINE#         57
  C:26DFH         LINE#         58
  C:26DFH         LINE#         59
  C:26EEH         LINE#         61
  C:26F0H         LINE#         62
  C:26F0H         LINE#         63
  C:26F9H         LINE#         64
  C:26FDH         LINE#         65
  C:270FH         LINE#         66
  C:2724H         LINE#         67
  C:2729H         LINE#         68
  C:272EH         LINE#         71
  C:2730H         LINE#         72
  C:2732H         LINE#         75
  C:2735H         LINE#         76
  C:2738H         LINE#         77
  C:273BH         LINE#         78
  C:2748H         LINE#         79
  C:2757H         LINE#         80
  C:2769H         LINE#         81
  C:2775H         LINE#         82
  C:2787H         LINE#         83
  C:2793H         LINE#         84
  C:2798H         LINE#         85
  C:279DH         LINE#         88
  C:27A0H         LINE#         89
  C:27A3H         LINE#         90
  C:27A6H         LINE#         91
  C:27B3H         LINE#         92
BL51 BANKED LINKER/LOCATER V6.22                                                      12/11/2015  14:09:45  PAGE 52


  C:27C0H         LINE#         93
  C:27D2H         LINE#         94
  C:27DEH         LINE#         95
  C:27F0H         LINE#         96
  C:27FCH         LINE#         97
  C:2801H         LINE#         98
  C:2806H         LINE#         101
  C:2809H         LINE#         102
  C:280CH         LINE#         103
  C:2819H         LINE#         104
  C:281CH         LINE#         105
  C:281FH         LINE#         106
  C:282CH         LINE#         107
  C:282FH         LINE#         108
  C:2832H         LINE#         109
  C:283FH         LINE#         110
  C:2842H         LINE#         111
  C:2845H         LINE#         112
  C:2852H         LINE#         113
  C:2855H         LINE#         114
  C:2858H         LINE#         115
  C:2864H         LINE#         116
  C:2867H         LINE#         117
  C:286AH         LINE#         118
  C:2877H         LINE#         119
  C:287AH         LINE#         120
  C:287DH         LINE#         121
  C:2889H         LINE#         122
  C:288CH         LINE#         123
  C:288FH         LINE#         124
  C:289BH         LINE#         125
  C:289EH         LINE#         126
  C:28A1H         LINE#         127
  C:28AEH         LINE#         130
  C:28B1H         LINE#         131
  C:28B4H         LINE#         132
  C:28C0H         LINE#         135
  C:28C3H         LINE#         136
  C:28C6H         LINE#         137
  C:28D3H         LINE#         140
  C:28D6H         LINE#         141
  C:28D9H         LINE#         142
  C:28E6H         LINE#         145
  C:28E9H         LINE#         146
  C:28ECH         LINE#         147
  C:28F9H         LINE#         148
  C:28FCH         LINE#         149
  C:28FFH         LINE#         150
  C:290CH         LINE#         153
  C:290FH         LINE#         154
  C:2912H         LINE#         155
  C:291FH         LINE#         158
  C:2921H         LINE#         159
  -------         ENDPROC       CONFIG_FILE
  -------         PROC          _TEST_I2C
  D:0046H         SYMBOL        array_name
  -------         DO            
BL51 BANKED LINKER/LOCATER V6.22                                                      12/11/2015  14:09:45  PAGE 53


  D:0049H         SYMBOL        i
  D:004AH         SYMBOL        error_flag
  -------         ENDDO         
  C:42B6H         LINE#         162
  C:42BCH         LINE#         163
  C:42BCH         LINE#         166
  C:42BFH         LINE#         167
  C:42C1H         LINE#         168
  C:42C3H         LINE#         169
  C:42C5H         LINE#         171
  C:42C5H         LINE#         172
  C:42D4H         LINE#         173
  C:42D6H         LINE#         174
  C:42DEH         LINE#         175
  C:42E2H         LINE#         176
  C:42E2H         LINE#         177
  C:42F4H         LINE#         178
  C:42F9H         LINE#         179
  C:42FEH         LINE#         180
  C:42FEH         LINE#         181
  C:4312H         LINE#         182
  C:4314H         LINE#         183
  C:4316H         LINE#         184
  -------         ENDPROC       _TEST_I2C
  -------         ENDMOD        STA013

  -------         MODULE        CONFIG
  C:002EH         SEGMENT       STA013_CONFIG
  C:002EH         PUBLIC        CONFIG
  C:0FCCH         PUBLIC        CONFIG2
  -------         ENDMOD        CONFIG

  -------         MODULE        ?C?CLDPTR
  C:2922H         PUBLIC        ?C?CLDPTR
  -------         ENDMOD        ?C?CLDPTR

  -------         MODULE        ?C?CLDOPTR
  C:293BH         PUBLIC        ?C?CLDOPTR
  -------         ENDMOD        ?C?CLDOPTR

  -------         MODULE        ?C?CSTPTR
  C:2968H         PUBLIC        ?C?CSTPTR
  -------         ENDMOD        ?C?CSTPTR

  -------         MODULE        ?C?CSTOPTR
  C:297AH         PUBLIC        ?C?CSTOPTR
  -------         ENDMOD        ?C?CSTOPTR

  -------         MODULE        ?C?IMUL
  C:299CH         PUBLIC        ?C?IMUL
  -------         ENDMOD        ?C?IMUL

  -------         MODULE        ?C?UIDIV
  C:29AEH         PUBLIC        ?C?UIDIV
  -------         ENDMOD        ?C?UIDIV

  -------         MODULE        ?C?LMUL
BL51 BANKED LINKER/LOCATER V6.22                                                      12/11/2015  14:09:45  PAGE 54


  C:2A03H         PUBLIC        ?C?LMUL
  -------         ENDMOD        ?C?LMUL

  -------         MODULE        ?C?ULDIV
  C:2A8EH         PUBLIC        ?C?ULDIV
  -------         ENDMOD        ?C?ULDIV

  -------         MODULE        ?C?ULCMP
  C:2B20H         PUBLIC        ?C?ULCMP
  -------         ENDMOD        ?C?ULCMP

  -------         MODULE        ?C?ULSHR
  C:2B31H         PUBLIC        ?C?ULSHR
  -------         ENDMOD        ?C?ULSHR

  -------         MODULE        ?C?LSHL
  C:2B44H         PUBLIC        ?C?LSHL
  -------         ENDMOD        ?C?LSHL

  -------         MODULE        ?C?LLDIDATA
  C:2B57H         PUBLIC        ?C?LLDIDATA
  -------         ENDMOD        ?C?LLDIDATA

  -------         MODULE        ?C?LLDIDATA0
  C:2B63H         PUBLIC        ?C?LLDIDATA0
  -------         ENDMOD        ?C?LLDIDATA0

  -------         MODULE        ?C?LSTIDATA
  C:2B70H         PUBLIC        ?C?LSTIDATA
  -------         ENDMOD        ?C?LSTIDATA

  -------         MODULE        ?C?LSTKIDATA
  C:2B7CH         PUBLIC        ?C?LSTKIDATA
  -------         ENDMOD        ?C?LSTKIDATA

  -------         MODULE        ?C?LCASE
  C:2B95H         PUBLIC        ?C?LCASE
  -------         ENDMOD        ?C?LCASE

  -------         MODULE        PUTCHAR
  C:0003H         PUBLIC        _PUTCHAR
  -------         ENDMOD        PUTCHAR

  -------         MODULE        PRINTF
  D:006CH         PUBLIC        ?_PRINTF517?BYTE
  D:006CH         PUBLIC        ?_PRINTF?BYTE
  D:006CH         PUBLIC        ?_SPRINTF517?BYTE
  D:006CH         PUBLIC        ?_SPRINTF?BYTE
  C:22DAH         PUBLIC        _PRINTF
  C:22DAH         PUBLIC        _PRINTF517
  C:22D4H         PUBLIC        _SPRINTF
  C:22D4H         PUBLIC        _SPRINTF517
  -------         ENDMOD        PRINTF

  -------         MODULE        GETCHAR
  B:0022H.2       PUBLIC        ?C?CHARLOADED
  D:0008H         PUBLIC        ?_UNGETCHAR?BYTE
BL51 BANKED LINKER/LOCATER V6.22                                                      12/11/2015  14:09:45  PAGE 55


  C:46EDH         PUBLIC        GETCHAR
  -------         ENDMOD        GETCHAR

  -------         MODULE        ATOL
  C:3948H         PUBLIC        _atol
  -------         ENDMOD        ATOL

  -------         MODULE        ?C?LNEG
  C:2BCFH         PUBLIC        ?C?LNEG
  -------         ENDMOD        ?C?LNEG

  -------         MODULE        ?C?PLDIIDATA
  C:2BDDH         PUBLIC        ?C?PLDIIDATA
  -------         ENDMOD        ?C?PLDIIDATA

  -------         MODULE        ?C?CCASE
  C:2BEDH         PUBLIC        ?C?CCASE
  -------         ENDMOD        ?C?CCASE

  -------         MODULE        _GETKEY
  C:4728H         PUBLIC        _GETKEY
  -------         ENDMOD        _GETKEY

  -------         MODULE        ISDIGIT
  C:470DH         PUBLIC        _isdigit
  -------         ENDMOD        ISDIGIT

  -------         MODULE        ISSPACE
  C:46DAH         PUBLIC        _isspace
  -------         ENDMOD        ISSPACE

*** WARNING L15: MULTIPLE CALL TO SEGMENT
    SEGMENT: ?PR?PRINTF?PRINTF
    CALLER1: ?PR?TIMER2_ISR?MAIN
    CALLER2: ?C_C51STARTUP

*** WARNING L15: MULTIPLE CALL TO SEGMENT
    SEGMENT: ?PR?_READ_SECTOR_ISR?SDCARD
    CALLER1: ?PR?TIMER2_ISR?MAIN
    CALLER2: ?C_C51STARTUP

*** WARNING L15: MULTIPLE CALL TO SEGMENT
    SEGMENT: ?PR?_SEND_COMMAND_ISR?SDCARD
    CALLER1: ?PR?TIMER2_ISR?MAIN
    CALLER2: ?C_C51STARTUP

*** WARNING L15: MULTIPLE CALL TO SEGMENT
    SEGMENT: ?PR?_GET_RESPONSE_NO_END_ISR?SDCARD
    CALLER1: ?PR?TIMER2_ISR?MAIN
    CALLER2: ?C_C51STARTUP

Program Size: data=212.3 xdata=1024 code=18233
LINK/LOCATE RUN COMPLETE.  4 WARNING(S),  0 ERROR(S)
