BL51 BANKED LINKER/LOCATER V6.22                                                        12/09/2015  14:19:04  PAGE 1


BL51 BANKED LINKER/LOCATER V6.22, INVOKED BY:
C:\KEIL_V5\C51\BIN\BL51.EXE hardware_delay.obj, lcd.obj, Long_Serial_In.obj, main.obj, print_bytes.obj, SDcard.obj, spi.
>> obj, uart.obj, Directory_Functions.obj, i2c.obj, sta013.obj, config.obj TO part2 RAMSIZE (256)


MEMORY MODEL: SMALL


INPUT MODULES INCLUDED:
  hardware_delay.obj (HARDWARE_DELAY)
  lcd.obj (LCD)
  Long_Serial_In.obj (LONG_SERIAL_IN)
  main.obj (MAIN)
  print_bytes.obj (PRINT_BYTES)
  SDcard.obj (SDCARD)
  spi.obj (SPI)
  uart.obj (UART)
  Directory_Functions.obj (DIRECTORY_FUNCTIONS)
  i2c.obj (I2C)
  sta013.obj (STA013)
  config.obj (CONFIG)
  C:\KEIL_V5\C51\LIB\C51S.LIB (?C_STARTUP)
  C:\KEIL_V5\C51\LIB\C51S.LIB (?C?CLDPTR)
  C:\KEIL_V5\C51\LIB\C51S.LIB (?C?CLDOPTR)
  C:\KEIL_V5\C51\LIB\C51S.LIB (?C?CSTPTR)
  C:\KEIL_V5\C51\LIB\C51S.LIB (?C?CSTOPTR)
  C:\KEIL_V5\C51\LIB\C51S.LIB (?C?IMUL)
  C:\KEIL_V5\C51\LIB\C51S.LIB (?C?UIDIV)
  C:\KEIL_V5\C51\LIB\C51S.LIB (?C?LMUL)
  C:\KEIL_V5\C51\LIB\C51S.LIB (?C?ULDIV)
  C:\KEIL_V5\C51\LIB\C51S.LIB (?C?SLCMP)
  C:\KEIL_V5\C51\LIB\C51S.LIB (?C?ULCMP)
  C:\KEIL_V5\C51\LIB\C51S.LIB (?C?ULSHR)
  C:\KEIL_V5\C51\LIB\C51S.LIB (?C?LSHL)
  C:\KEIL_V5\C51\LIB\C51S.LIB (?C?LLDIDATA)
  C:\KEIL_V5\C51\LIB\C51S.LIB (?C?LLDIDATA0)
  C:\KEIL_V5\C51\LIB\C51S.LIB (?C?LSTIDATA)
  C:\KEIL_V5\C51\LIB\C51S.LIB (PUTCHAR)
  C:\KEIL_V5\C51\LIB\C51S.LIB (PRINTF)
  C:\KEIL_V5\C51\LIB\C51S.LIB (GETCHAR)
  C:\KEIL_V5\C51\LIB\C51S.LIB (ATOL)
  C:\KEIL_V5\C51\LIB\C51S.LIB (?C?LNEG)
  C:\KEIL_V5\C51\LIB\C51S.LIB (?C?PLDIIDATA)
  C:\KEIL_V5\C51\LIB\C51S.LIB (?C?CCASE)
  C:\KEIL_V5\C51\LIB\C51S.LIB (_GETKEY)
  C:\KEIL_V5\C51\LIB\C51S.LIB (ISDIGIT)
  C:\KEIL_V5\C51\LIB\C51S.LIB (ISSPACE)


LINK MAP OF MODULE:  part2 (HARDWARE_DELAY)


            TYPE    BASE      LENGTH    RELOCATION   SEGMENT NAME
            -----------------------------------------------------

            * * * * * * *   D A T A   M E M O R Y   * * * * * * *
            REG     0000H     0008H     ABSOLUTE     "REG BANK 0"
            DATA    0008H     0001H     UNIT         ?DT?GETCHAR
BL51 BANKED LINKER/LOCATER V6.22                                                      12/09/2015  14:19:04  PAGE 2


                    0009H     0017H                  *** GAP ***
            BIT     0020H.0   0001H.1   UNIT         _BIT_GROUP_
            BIT     0021H.1   0000H.1   UNIT         ?BI?GETCHAR
                    0021H.2   0000H.6                *** GAP ***
            DATA    0022H     005CH     UNIT         _DATA_GROUP_
            IDATA   007EH     0031H     UNIT         ?ID?DIRECTORY_FUNCTIONS
            IDATA   00AFH     0001H     UNIT         ?STACK

            * * * * * * *  X D A T A   M E M O R Y  * * * * * * *
            XDATA   0000H     0400H     UNIT         _XDATA_GROUP_

            * * * * * * *   C O D E   M E M O R Y   * * * * * * *
            CODE    0000H     0003H     ABSOLUTE     
                    0003H     07FDH                  *** GAP ***
            CODE    0800H     0FD0H     UNIT         STA013_CONFIG
            CODE    17D0H     0725H     UNIT         ?PR?_MOUNT_DRIVE?DIRECTORY_FUNCTIONS
            CODE    1EF5H     054DH     UNIT         ?PR?MAIN?MAIN
            CODE    2442H     0463H     UNIT         ?PR?_I2C_READ?I2C
            CODE    28A5H     035CH     UNIT         ?PR?PRINTF?PRINTF
            CODE    2C01H     034EH     UNIT         ?PR?CONFIG_FILE?STA013
            CODE    2F4FH     02B4H     UNIT         ?C?LIB_CODE
            CODE    3203H     0234H     UNIT         ?PR?_READ_DIR_ENTRY?DIRECTORY_FUNCTIONS
            CODE    3437H     01F6H     UNIT         ?PR?_I2C_WRITE?I2C
            CODE    362DH     01DDH     UNIT         ?PR?_PRINT_DIRECTORY?DIRECTORY_FUNCTIONS
            CODE    380AH     01B4H     UNIT         ?CO?DIRECTORY_FUNCTIONS
            CODE    39BEH     0178H     UNIT         ?PR?SDCARD_INIT?SDCARD
            CODE    3B36H     012DH     UNIT         ?PR?_FIRST_SECTOR?DIRECTORY_FUNCTIONS
            CODE    3C63H     0125H     UNIT         ?PR?_FIRST_SECTOR_ISR?DIRECTORY_FUNCTIONS
            CODE    3D88H     00EFH     UNIT         ?PR?_OPEN_FILE?DIRECTORY_FUNCTIONS
            CODE    3E77H     00DEH     UNIT         ?PR?_ATOL?ATOL
            CODE    3F55H     00C6H     UNIT         ?PR?LONG_SERIAL_INPUT?LONG_SERIAL_IN
            CODE    401BH     00C6H     UNIT         ?CO?MAIN
            CODE    40E1H     00C3H     UNIT         ?PR?_FIND_NEXT_CLUSTER?DIRECTORY_FUNCTIONS
            CODE    41A4H     00C3H     UNIT         ?PR?_FIND_NEXT_CLUSTER_ISR?DIRECTORY_FUNCTIONS
            CODE    4267H     009FH     UNIT         ?PR?_SEND_COMMAND?SDCARD
            CODE    4306H     009EH     UNIT         ?PR?_GET_RESPONSE?SDCARD
            CODE    43A4H     0083H     UNIT         ?PR?_READ32?DIRECTORY_FUNCTIONS
            CODE    4427H     0082H     UNIT         ?PR?_READ_SECTOR_ISR?SDCARD
            CODE    44A9H     007DH     UNIT         ?PR?_TRANS_ACMD41?SDCARD
            CODE    4526H     0078H     UNIT         ?PR?_PRINT_16BYTES?PRINT_BYTES
            CODE    459EH     006CH     UNIT         ?PR?_READ_BLOCK?SDCARD
            CODE    460AH     0069H     UNIT         ?CO?STA013
            CODE    4673H     0067H     UNIT         ?PR?_SPI_MASTER_INIT?SPI
            CODE    46DAH     0061H     UNIT         ?PR?_TEST_I2C?STA013
            CODE    473BH     005FH     UNIT         ?PR?_PRINT_MEMORY?PRINT_BYTES
            CODE    479AH     0059H     UNIT         ?PR?_READ16?DIRECTORY_FUNCTIONS
            CODE    47F3H     0053H     UNIT         ?CO?I2C
            CODE    4846H     0050H     UNIT         ?PR?_LCD_PRINT?LCD
            CODE    4896H     004FH     UNIT         ?PR?_GET_RESPONSE_NO_END?SDCARD
            CODE    48E5H     0045H     UNIT         ?CO?PRINT_BYTES
            CODE    492AH     0041H     UNIT         ?PR?_TRANS_CMD8?SDCARD
            CODE    496BH     0038H     UNIT         ?PR?_TRANS_CMD0?SDCARD
            CODE    49A3H     0036H     UNIT         ?PR?LCD_INIT?LCD
            CODE    49D9H     0029H     UNIT         ?PR?_DELAY_MS?HARDWARE_DELAY
            CODE    4A02H     0027H     UNIT         ?PR?PUTCHAR?PUTCHAR
            CODE    4A29H     0025H     UNIT         ?PR?_TRANS_CMD58?SDCARD
            CODE    4A4EH     0022H     UNIT         ?PR?LCD_WRITE?LCD
BL51 BANKED LINKER/LOCATER V6.22                                                      12/09/2015  14:19:04  PAGE 3


            CODE    4A70H     0021H     UNIT         ?PR?_SPI_TRANSFER?SPI
            CODE    4A91H     0021H     UNIT         ?PR?_SPI_TRANSFER_ISR?SPI
            CODE    4AB2H     0021H     UNIT         ?PR?_READ8?DIRECTORY_FUNCTIONS
            CODE    4AD3H     001CH     UNIT         ?PR?UART_INIT?UART
            CODE    4AEFH     001CH     UNIT         ?PR?_I2C_CLOCK_DELAY?I2C
            CODE    4B0BH     0013H     UNIT         ?PR?I2C_CLOCK_START?I2C
            CODE    4B1EH     0013H     UNIT         ?PR?_ISSPACE?ISSPACE
            CODE    4B31H     0011H     UNIT         ?PR?GETCHAR?GETCHAR
            CODE    4B42H     000FH     UNIT         ?PR?LCD_CLEAR?LCD
            CODE    4B51H     000FH     UNIT         ?PR?_ISDIGIT?ISDIGIT
            CODE    4B60H     000CH     UNIT         ?C_C51STARTUP
            CODE    4B6CH     000AH     UNIT         ?PR?_GETKEY?_GETKEY
            CODE    4B76H     0008H     UNIT         ?CO?SDCARD



OVERLAY MAP OF MODULE:   part2 (HARDWARE_DELAY)


SEGMENT                                             BIT_GROUP          DATA_GROUP          XDATA_GROUP
  +--> CALLED SEGMENT                            START    LENGTH     START    LENGTH     START    LENGTH
--------------------------------------------------------------------------------------------------------
?C_C51STARTUP                                    -----    -----      -----    -----      -----    -----
  +--> ?PR?MAIN?MAIN

?PR?MAIN?MAIN                                    -----    -----      0022H    0022H      0000H    0400H
  +--> ?PR?UART_INIT?UART
  +--> ?PR?LCD_INIT?LCD
  +--> ?PR?_SPI_MASTER_INIT?SPI
  +--> ?PR?SDCARD_INIT?SDCARD
  +--> ?CO?MAIN
  +--> ?PR?PRINTF?PRINTF
  +--> ?PR?PUTCHAR?PUTCHAR
  +--> ?PR?_MOUNT_DRIVE?DIRECTORY_FUNCTIONS
  +--> ?PR?_PRINT_DIRECTORY?DIRECTORY_FUNCTIONS
  +--> ?PR?LCD_CLEAR?LCD
  +--> ?PR?LCD_WRITE?LCD
  +--> ?PR?_LCD_PRINT?LCD
  +--> ?PR?_TEST_I2C?STA013
  +--> ?PR?CONFIG_FILE?STA013
  +--> ?PR?LONG_SERIAL_INPUT?LONG_SERIAL_IN
  +--> ?PR?_READ_DIR_ENTRY?DIRECTORY_FUNCTIONS
  +--> ?PR?_FIRST_SECTOR?DIRECTORY_FUNCTIONS
  +--> ?PR?_OPEN_FILE?DIRECTORY_FUNCTIONS
  +--> ?PR?_SPI_TRANSFER_ISR?SPI
  +--> ?PR?_READ_SECTOR_ISR?SDCARD
  +--> ?PR?_FIND_NEXT_CLUSTER_ISR?DIRECTORY_...
  +--> ?PR?_FIRST_SECTOR_ISR?DIRECTORY_FUNCT...

?PR?LCD_INIT?LCD                                 -----    -----      -----    -----      -----    -----
  +--> ?PR?_DELAY_MS?HARDWARE_DELAY
  +--> ?PR?LCD_WRITE?LCD

?PR?LCD_WRITE?LCD                                0020H.0  0000H.1    0049H    0001H      -----    -----
  +--> ?PR?_DELAY_MS?HARDWARE_DELAY

?PR?_SPI_MASTER_INIT?SPI                         -----    -----      0044H    0001H      -----    -----
BL51 BANKED LINKER/LOCATER V6.22                                                      12/09/2015  14:19:04  PAGE 4



?PR?SDCARD_INIT?SDCARD                           -----    -----      0044H    0008H      -----    -----
  +--> ?PR?_SPI_TRANSFER?SPI
  +--> ?PR?_TRANS_CMD0?SDCARD
  +--> ?CO?SDCARD
  +--> ?PR?PRINTF?PRINTF
  +--> ?PR?PUTCHAR?PUTCHAR
  +--> ?PR?_DELAY_MS?HARDWARE_DELAY
  +--> ?PR?_TRANS_CMD8?SDCARD
  +--> ?PR?_TRANS_CMD58?SDCARD
  +--> ?PR?_TRANS_ACMD41?SDCARD

?PR?_TRANS_CMD0?SDCARD                           -----    -----      004CH    0003H      -----    -----
  +--> ?PR?_SEND_COMMAND?SDCARD
  +--> ?PR?_GET_RESPONSE?SDCARD

?PR?_SEND_COMMAND?SDCARD                         -----    -----      0074H    0009H      -----    -----
  +--> ?PR?_SPI_TRANSFER?SPI

?PR?_GET_RESPONSE?SDCARD                         -----    -----      0054H    0008H      -----    -----
  +--> ?PR?_SPI_TRANSFER?SPI

?PR?PRINTF?PRINTF                                0020H.0  0001H.1    006AH    0014H      -----    -----
  +--> ?PR?PUTCHAR?PUTCHAR

?PR?_TRANS_CMD8?SDCARD                           -----    -----      004CH    0003H      -----    -----
  +--> ?PR?_SEND_COMMAND?SDCARD
  +--> ?PR?_GET_RESPONSE?SDCARD

?PR?_TRANS_CMD58?SDCARD                          -----    -----      004CH    0003H      -----    -----
  +--> ?PR?_SEND_COMMAND?SDCARD
  +--> ?PR?_GET_RESPONSE?SDCARD

?PR?_TRANS_ACMD41?SDCARD                         -----    -----      004CH    0008H      -----    -----
  +--> ?PR?_SEND_COMMAND?SDCARD
  +--> ?PR?_GET_RESPONSE?SDCARD

?PR?_MOUNT_DRIVE?DIRECTORY_FUNCTIONS             -----    -----      0044H    0019H      -----    -----
  +--> ?PR?_READ_BLOCK?SDCARD
  +--> ?PR?_PRINT_MEMORY?PRINT_BYTES
  +--> ?PR?_READ8?DIRECTORY_FUNCTIONS
  +--> ?PR?_READ32?DIRECTORY_FUNCTIONS
  +--> ?CO?DIRECTORY_FUNCTIONS
  +--> ?PR?PRINTF?PRINTF
  +--> ?PR?PUTCHAR?PUTCHAR
  +--> ?PR?_READ16?DIRECTORY_FUNCTIONS

?PR?_READ_BLOCK?SDCARD                           -----    -----      0067H    000DH      -----    -----
  +--> ?PR?_SEND_COMMAND?SDCARD
  +--> ?PR?_GET_RESPONSE_NO_END?SDCARD

?PR?_GET_RESPONSE_NO_END?SDCARD                  -----    -----      0074H    000AH      -----    -----
  +--> ?PR?_SPI_TRANSFER?SPI

?PR?_PRINT_MEMORY?PRINT_BYTES                    -----    -----      005DH    0008H      -----    -----
  +--> ?CO?PRINT_BYTES
  +--> ?PR?PRINTF?PRINTF
BL51 BANKED LINKER/LOCATER V6.22                                                      12/09/2015  14:19:04  PAGE 5


  +--> ?PR?_PRINT_16BYTES?PRINT_BYTES

?PR?_PRINT_16BYTES?PRINT_BYTES                   -----    -----      0065H    0005H      -----    -----
  +--> ?CO?PRINT_BYTES
  +--> ?PR?PRINTF?PRINTF
  +--> ?PR?PUTCHAR?PUTCHAR

?PR?_READ32?DIRECTORY_FUNCTIONS                  -----    -----      0067H    000BH      -----    -----

?PR?_READ16?DIRECTORY_FUNCTIONS                  -----    -----      005DH    0007H      -----    -----

?PR?_PRINT_DIRECTORY?DIRECTORY_FUNCTIONS         -----    -----      0044H    001AH      -----    -----
  +--> ?PR?_READ_BLOCK?SDCARD
  +--> ?PR?_READ8?DIRECTORY_FUNCTIONS
  +--> ?CO?DIRECTORY_FUNCTIONS
  +--> ?PR?PRINTF?PRINTF
  +--> ?PR?PUTCHAR?PUTCHAR

?PR?LCD_CLEAR?LCD                                -----    -----      -----    -----      -----    -----
  +--> ?PR?LCD_WRITE?LCD
  +--> ?PR?_DELAY_MS?HARDWARE_DELAY

?PR?_LCD_PRINT?LCD                               -----    -----      0044H    0005H      -----    -----
  +--> ?PR?LCD_WRITE?LCD

?PR?_TEST_I2C?STA013                             -----    -----      0044H    0005H      -----    -----
  +--> ?PR?_I2C_READ?I2C
  +--> ?CO?STA013
  +--> ?PR?PRINTF?PRINTF
  +--> ?PR?PUTCHAR?PUTCHAR

?PR?_I2C_READ?I2C                                -----    -----      004FH    000BH      -----    -----
  +--> ?PR?I2C_CLOCK_START?I2C
  +--> ?PR?_I2C_CLOCK_DELAY?I2C
  +--> ?CO?I2C
  +--> ?PR?PRINTF?PRINTF
  +--> ?PR?PUTCHAR?PUTCHAR

?PR?CONFIG_FILE?STA013                           -----    -----      0044H    000BH      -----    -----
  +--> ?PR?_I2C_WRITE?I2C
  +--> ?CO?STA013
  +--> ?PR?PRINTF?PRINTF
  +--> ?PR?PUTCHAR?PUTCHAR
  +--> ?PR?_I2C_READ?I2C

?PR?_I2C_WRITE?I2C                               -----    -----      004FH    000BH      -----    -----
  +--> ?PR?I2C_CLOCK_START?I2C
  +--> ?PR?_I2C_CLOCK_DELAY?I2C
  +--> ?CO?I2C
  +--> ?PR?PRINTF?PRINTF
  +--> ?PR?PUTCHAR?PUTCHAR

?PR?LONG_SERIAL_INPUT?LONG_SERIAL_IN             -----    -----      0055H    0011H      -----    -----
  +--> ?PR?GETCHAR?GETCHAR
  +--> ?PR?_ATOL?ATOL
  +--> ?PR?PUTCHAR?PUTCHAR

BL51 BANKED LINKER/LOCATER V6.22                                                      12/09/2015  14:19:04  PAGE 6


?PR?GETCHAR?GETCHAR                              -----    -----      -----    -----      -----    -----
  +--> ?PR?_GETKEY?_GETKEY
  +--> ?PR?PUTCHAR?PUTCHAR

?PR?_ATOL?ATOL                                   0020H.0  0000H.1    0066H    0007H      -----    -----
  +--> ?PR?_ISSPACE?ISSPACE
  +--> ?PR?_ISDIGIT?ISDIGIT

?PR?_READ_DIR_ENTRY?DIRECTORY_FUNCTIONS          -----    -----      0044H    001EH      -----    -----
  +--> ?PR?_READ_BLOCK?SDCARD
  +--> ?PR?_READ8?DIRECTORY_FUNCTIONS

?PR?_FIRST_SECTOR?DIRECTORY_FUNCTIONS            -----    -----      0055H    0008H      -----    -----
  +--> ?CO?DIRECTORY_FUNCTIONS
  +--> ?PR?PRINTF?PRINTF
  +--> ?PR?PUTCHAR?PUTCHAR

?PR?_OPEN_FILE?DIRECTORY_FUNCTIONS               -----    -----      0044H    0011H      -----    -----
  +--> ?PR?_FIRST_SECTOR?DIRECTORY_FUNCTIONS
  +--> ?CO?DIRECTORY_FUNCTIONS
  +--> ?PR?PRINTF?PRINTF
  +--> ?PR?PUTCHAR?PUTCHAR
  +--> ?PR?_READ_BLOCK?SDCARD
  +--> ?PR?_FIND_NEXT_CLUSTER?DIRECTORY_FUNC...
  +--> ?PR?_PRINT_MEMORY?PRINT_BYTES
  +--> ?PR?LONG_SERIAL_INPUT?LONG_SERIAL_IN

?PR?_FIND_NEXT_CLUSTER?DIRECTORY_FUNC...         -----    -----      0055H    0012H      -----    -----
  +--> ?PR?_SEND_COMMAND?SDCARD
  +--> ?PR?_READ_BLOCK?SDCARD
  +--> ?PR?_READ32?DIRECTORY_FUNCTIONS

?PR?_READ_SECTOR_ISR?SDCARD                      -----    -----      0044H    000DH      -----    -----
  +--> ?PR?_SEND_COMMAND?SDCARD
  +--> ?PR?_GET_RESPONSE_NO_END?SDCARD

?PR?_FIND_NEXT_CLUSTER_ISR?DIRECTORY_...         -----    -----      0044H    0012H      -----    -----
  +--> ?PR?_SEND_COMMAND?SDCARD
  +--> ?PR?_READ_BLOCK?SDCARD
  +--> ?PR?_READ32?DIRECTORY_FUNCTIONS

?PR?_FIRST_SECTOR_ISR?DIRECTORY_FUNCT...         -----    -----      0044H    0008H      -----    -----
  +--> ?CO?DIRECTORY_FUNCTIONS
  +--> ?PR?PRINTF?PRINTF
  +--> ?PR?PUTCHAR?PUTCHAR



SYMBOL TABLE OF MODULE:  part2 (HARDWARE_DELAY)

  VALUE           TYPE          NAME
  ----------------------------------

  -------         MODULE        HARDWARE_DELAY
  C:0000H         SYMBOL        _ICE_DUMMY_
  D:0080H         PUBLIC        P0
  D:0090H         PUBLIC        P1
BL51 BANKED LINKER/LOCATER V6.22                                                      12/09/2015  14:19:04  PAGE 7


  D:00A0H         PUBLIC        P2
  D:00B0H         PUBLIC        P3
  D:00A8H         PUBLIC        IEN0
  D:00B8H         PUBLIC        IPL0
  D:00D8H         PUBLIC        CCON
  D:0098H         PUBLIC        SCON
  D:0089H         PUBLIC        TMOD
  D:0088H         PUBLIC        TCON
  B:00A8H.1       PUBLIC        ET0
  B:0088H.5       PUBLIC        TF0
  D:008CH         PUBLIC        TH0
  D:008AH         PUBLIC        TL0
  C:49D9H         PUBLIC        _delay_ms
  B:0088H.4       PUBLIC        TR0
  D:00C8H         PUBLIC        T2CON
  D:00D0H         PUBLIC        PSW
  -------         PROC          _DELAY_MS
  D:0006H         SYMBOL        timeout_val_ms
  -------         DO            
  D:0004H         SYMBOL        num_ms
  -------         ENDDO         
  C:49D9H         LINE#         9
  C:49D9H         LINE#         10
  C:49D9H         LINE#         12
  C:49DCH         LINE#         13
  C:49DFH         LINE#         14
  C:49E1H         LINE#         15
  C:49EBH         LINE#         16
  C:49EBH         LINE#         17
  C:49EEH         LINE#         18
  C:49F1H         LINE#         19
  C:49F3H         LINE#         20
  C:49F5H         LINE#         21
  C:49F8H         LINE#         22
  C:49FAH         LINE#         23
  C:4A01H         LINE#         24
  -------         ENDPROC       _DELAY_MS
  -------         ENDMOD        HARDWARE_DELAY

  -------         MODULE        LCD
  C:0000H         SYMBOL        _ICE_DUMMY_
  D:0080H         PUBLIC        P0
  D:0090H         PUBLIC        P1
  D:00A0H         PUBLIC        P2
  D:00B0H         PUBLIC        P3
  D:00A8H         PUBLIC        IEN0
  D:00B8H         PUBLIC        IPL0
  C:4B42H         PUBLIC        LCD_Clear
  D:00D8H         PUBLIC        CCON
  B:00B0H.6       PUBLIC        RS
  D:0080H         PUBLIC        LCD_DATA_OUT
  D:0098H         PUBLIC        SCON
  D:0088H         PUBLIC        TCON
  C:4A53H         PUBLIC        LCD_Write
  C:4846H         PUBLIC        _LCD_Print
  B:00B0H.7       PUBLIC        E
  C:49A3H         PUBLIC        LCD_Init
BL51 BANKED LINKER/LOCATER V6.22                                                      12/09/2015  14:19:04  PAGE 8


  D:00C8H         PUBLIC        T2CON
  D:00D0H         PUBLIC        PSW
  C:4A4EH         SYMBOL        L?0013
  -------         PROC          L?0012
  -------         ENDPROC       L?0012
  C:4A4EH         SYMBOL        L?0013
  -------         PROC          LCD_WRITE
  B:0020H.0       SYMBOL        RegSelect
  D:0049H         SYMBOL        LCD_Data
  C:4A53H         LINE#         6
  C:4A53H         LINE#         7
  C:4A53H         LINE#         9
  C:4A57H         LINE#         10
  C:4A59H         LINE#         11
  C:4A60H         LINE#         12
  C:4A63H         LINE#         13
  C:4A65H         LINE#         14
  C:4A6CH         LINE#         15
  C:4A6FH         LINE#         16
  -------         ENDPROC       LCD_WRITE
  -------         PROC          _LCD_PRINT
  D:0044H         SYMBOL        num_bytes
  D:0045H         SYMBOL        array_name
  -------         DO            
  D:0048H         SYMBOL        index
  -------         ENDDO         
  C:4846H         LINE#         18
  C:484EH         LINE#         19
  C:484EH         LINE#         21
  C:4852H         LINE#         22
  C:4852H         LINE#         23
  C:4854H         LINE#         24
  C:4866H         LINE#         25
  C:4866H         LINE#         26
  C:486DH         LINE#         27
  C:486FH         LINE#         28
  C:4871H         LINE#         29
  C:4871H         LINE#         31
  C:4871H         LINE#         32
  C:487BH         LINE#         33
  C:487BH         LINE#         34
  C:4891H         LINE#         35
  C:4895H         LINE#         36
  C:4895H         LINE#         38
  -------         ENDPROC       _LCD_PRINT
  -------         PROC          LCD_INIT
  C:49A3H         LINE#         40
  C:49A3H         LINE#         41
  C:49A3H         LINE#         47
  C:49AAH         LINE#         48
  C:49ADH         LINE#         49
  C:49B4H         LINE#         50
  C:49B7H         LINE#         52
  C:49BAH         LINE#         54
  C:49C2H         LINE#         56
  C:49CAH         LINE#         57
  C:49D1H         LINE#         58
BL51 BANKED LINKER/LOCATER V6.22                                                      12/09/2015  14:19:04  PAGE 9


  -------         ENDPROC       LCD_INIT
  -------         PROC          LCD_CLEAR
  C:4B42H         LINE#         64
  C:4B42H         LINE#         65
  C:4B42H         LINE#         66
  C:4B4AH         LINE#         67
  -------         ENDPROC       LCD_CLEAR
  -------         ENDMOD        LCD

  -------         MODULE        LONG_SERIAL_IN
  C:0000H         SYMBOL        _ICE_DUMMY_
  D:0080H         PUBLIC        P0
  D:0090H         PUBLIC        P1
  D:00A0H         PUBLIC        P2
  D:00B0H         PUBLIC        P3
  D:00A8H         PUBLIC        IEN0
  D:00B8H         PUBLIC        IPL0
  D:00D8H         PUBLIC        CCON
  C:3F55H         PUBLIC        long_serial_input
  D:0098H         PUBLIC        SCON
  D:0088H         PUBLIC        TCON
  D:00C8H         PUBLIC        T2CON
  D:00D0H         PUBLIC        PSW
  -------         PROC          LONG_SERIAL_INPUT
  -------         DO            
  D:0055H         SYMBOL        index
  D:0056H         SYMBOL        input
  D:0057H         SYMBOL        input_values
  D:0062H         SYMBOL        output_value
  -------         ENDDO         
  C:3F55H         LINE#         15
  C:3F55H         LINE#         16
  C:3F55H         LINE#         19
  C:3F58H         LINE#         20
  C:3F58H         LINE#         21
  C:3F5FH         LINE#         22
  C:3F66H         LINE#         23
  C:3F70H         LINE#         24
  C:3F73H         LINE#         26
  C:3F73H         LINE#         27
  C:3F78H         LINE#         28
  C:3F86H         LINE#         29
  C:3F86H         LINE#         30
  C:3F8DH         LINE#         31
  C:3F8FH         LINE#         32
  C:3F91H         LINE#         33
  C:3F9CH         LINE#         34
  C:3F9CH         LINE#         35
  C:3F9EH         LINE#         36
  C:3FA5H         LINE#         37
  C:3FA5H         LINE#         38
  C:3FA5H         LINE#         39
  C:3FA7H         LINE#         40
  C:3FB2H         LINE#         41
  C:3FB2H         LINE#         42
  C:3FC3H         LINE#         43
  C:3FC8H         LINE#         44
BL51 BANKED LINKER/LOCATER V6.22                                                      12/09/2015  14:19:04  PAGE 10


  C:3FCAH         LINE#         45
  C:3FCCH         LINE#         47
  C:3FCCH         LINE#         48
  C:3FD1H         LINE#         49
  C:3FD6H         LINE#         50
  C:3FDBH         LINE#         51
  C:3FDBH         LINE#         52
  C:3FE0H         LINE#         53
  C:3FE0H         LINE#         54
  C:3FF1H         LINE#         55
  C:3FF6H         LINE#         56
  C:3FFBH         LINE#         57
  C:3FFBH         LINE#         58
  C:4012H         LINE#         60
  C:401AH         LINE#         61
  -------         ENDPROC       LONG_SERIAL_INPUT
  -------         ENDMOD        LONG_SERIAL_IN

  -------         MODULE        MAIN
  C:0000H         SYMBOL        _ICE_DUMMY_
  D:0080H         PUBLIC        P0
  D:0090H         PUBLIC        P1
  B:0090H.1       PUBLIC        spi_en
  D:00A0H         PUBLIC        P2
  D:00B0H         PUBLIC        P3
  B:00A0H.4       PUBLIC        LED1
  B:00A0H.5       PUBLIC        LED2
  B:00A0H.6       PUBLIC        LED3
  B:00A0H.7       PUBLIC        LED4
  D:00A8H         PUBLIC        IEN0
  D:00B8H         PUBLIC        IPL0
  D:00D8H         PUBLIC        CCON
  C:1EF5H         PUBLIC        main
  D:0098H         PUBLIC        SCON
  D:0088H         PUBLIC        TCON
  B:00B0H.3       PUBLIC        trig
  B:0088H.5       PUBLIC        TF0
  B:00C8H.7       PUBLIC        TF2
  B:0090H.0       PUBLIC        DATA_REQ
  D:00C8H         PUBLIC        T2CON
  D:00D0H         PUBLIC        PSW
  -------         PROC          MAIN
  -------         DO            
  D:0022H         SYMBOL        error_flag
  D:0023H         SYMBOL        array_name
  D:0025H         SYMBOL        state_g
  D:0026H         SYMBOL        sector
  D:0027H         SYMBOL        sector_offset
  D:0028H         SYMBOL        cluster_g
  D:0029H         SYMBOL        play_status
  D:002AH         SYMBOL        index1_g
  D:002BH         SYMBOL        index2_g
  D:002CH         SYMBOL        sector_base_g
  D:002DH         SYMBOL        temp8
  D:002EH         SYMBOL        current_sector
  D:0032H         SYMBOL        timeout
  D:0036H         SYMBOL        return_entry
BL51 BANKED LINKER/LOCATER V6.22                                                      12/09/2015  14:19:04  PAGE 11


  D:003AH         SYMBOL        next_entry
  D:003EH         SYMBOL        block_number
  D:0042H         SYMBOL        number_of_entries
  X:0000H         SYMBOL        buff1
  X:0200H         SYMBOL        buff2
  -------         ENDDO         
  C:1EF5H         LINE#         24
  C:1EF5H         LINE#         25
  C:1EF5H         LINE#         35
  C:1EF7H         LINE#         36
  C:1EF9H         LINE#         37
  C:1EFCH         LINE#         38
  C:1EFFH         LINE#         39
  C:1F0AH         LINE#         40
  C:1F0FH         LINE#         41
  C:1F21H         LINE#         42
  C:1F26H         LINE#         43
  C:1F2BH         LINE#         44
  C:1F34H         LINE#         45
  C:1F46H         LINE#         46
  C:1F49H         LINE#         47
  C:1F51H         LINE#         49
  C:1F5CH         LINE#         50
  C:1F5EH         LINE#         51
  C:1F61H         LINE#         52
  C:1F64H         LINE#         53
  C:1F6FH         LINE#         54
  C:1F73H         LINE#         55
  C:1F73H         LINE#         56
  C:1F75H         LINE#         57
  C:1F87H         LINE#         58
  C:1F93H         LINE#         59
  C:1F98H         LINE#         60
  C:1F9DH         LINE#         61
  C:1F9DH         LINE#         63
  C:1FA2H         LINE#         64
  C:1FA6H         LINE#         65
  C:1FA6H         LINE#         66
  C:1FA8H         LINE#         67
  C:1FBAH         LINE#         68
  C:1FC6H         LINE#         69
  C:1FCBH         LINE#         70
  C:1FD0H         LINE#         71
  C:1FD0H         LINE#         74
  C:1FD2H         LINE#         77
  C:1FD6H         LINE#         78
  C:1FD6H         LINE#         79
  C:1FD8H         LINE#         80
  C:1FEAH         LINE#         81
  C:1FF6H         LINE#         82
  C:1FFBH         LINE#         83
  C:2000H         LINE#         84
  C:2000H         LINE#         105
  C:2000H         LINE#         106
  C:2000H         LINE#         107
  C:200DH         LINE#         108
  C:2014H         LINE#         109
BL51 BANKED LINKER/LOCATER V6.22                                                      12/09/2015  14:19:04  PAGE 12


  C:2014H         LINE#         111
  C:2014H         LINE#         112
  C:2026H         LINE#         113
  C:2031H         LINE#         114
  C:2053H         LINE#         115
  C:2053H         LINE#         116
  C:2065H         LINE#         117
  C:2065H         LINE#         118
  C:2087H         LINE#         119
  C:20A4H         LINE#         120
  C:20B6H         LINE#         121
  C:20CBH         LINE#         122
  C:20D0H         LINE#         123
  C:20D5H         LINE#         124
  C:20E7H         LINE#         125
  C:20F2H         LINE#         126
  C:20F2H         LINE#         127
  C:2104H         LINE#         128
  C:2109H         LINE#         129
  C:210EH         LINE#         130
  C:2121H         LINE#         131
  C:2133H         LINE#         132
  C:2148H         LINE#         133
  C:214DH         LINE#         134
  C:2152H         LINE#         135
  C:2167H         LINE#         136
  C:2167H         LINE#         137
  C:2193H         LINE#         138
  C:2193H         LINE#         139
  C:21A5H         LINE#         140
  C:21B6H         LINE#         143
  C:21B9H         LINE#         144
  C:21BBH         LINE#         146
  C:21C2H         LINE#         147
  C:21C2H         LINE#         150
  C:21C7H         LINE#         151
  C:21C7H         LINE#         152
  C:21CEH         LINE#         153
  C:21CEH         LINE#         154
  C:21D1H         LINE#         155
  C:21D1H         LINE#         156
  C:21D1H         LINE#         158
  C:21D6H         LINE#         159
  C:21D6H         LINE#         160
  C:21DDH         LINE#         161
  C:21DDH         LINE#         162
  C:21E0H         LINE#         163
  C:21E0H         LINE#         164
  C:21E0H         LINE#         167
  C:2211H         LINE#         168
  C:2211H         LINE#         170
  C:2211H         LINE#         171
  C:2211H         LINE#         172
  C:2213H         LINE#         173
  C:2219H         LINE#         174
  C:2219H         LINE#         175
  C:222FH         LINE#         176
BL51 BANKED LINKER/LOCATER V6.22                                                      12/09/2015  14:19:04  PAGE 13


  C:2231H         LINE#         177
  C:223CH         LINE#         178
  C:223CH         LINE#         179
  C:2241H         LINE#         180
  C:2241H         LINE#         181
  C:2244H         LINE#         183
  C:2246H         LINE#         185
  C:2246H         LINE#         186
  C:2249H         LINE#         187
  C:2249H         LINE#         188
  C:224BH         LINE#         190
  C:224BH         LINE#         191
  C:224EH         LINE#         192
  C:224EH         LINE#         193
  C:2250H         LINE#         194
  C:2252H         LINE#         195
  C:225AH         LINE#         196
  C:225AH         LINE#         197
  C:2265H         LINE#         198
  C:2265H         LINE#         199
  C:2268H         LINE#         200
  C:226AH         LINE#         202
  C:226AH         LINE#         203
  C:226DH         LINE#         204
  C:226DH         LINE#         205
  C:226DH         LINE#         206
  C:226FH         LINE#         207
  C:2272H         LINE#         208
  C:2272H         LINE#         211
  C:2272H         LINE#         212
  C:2272H         LINE#         213
  C:2278H         LINE#         214
  C:2286H         LINE#         215
  C:2288H         LINE#         216
  C:2288H         LINE#         217
  C:228AH         LINE#         218
  C:228AH         LINE#         221
  C:228AH         LINE#         222
  C:228AH         LINE#         223
  C:229BH         LINE#         224
  C:22ACH         LINE#         225
  C:22ACH         LINE#         226
  C:22AFH         LINE#         227
  C:22AFH         LINE#         228
  C:22B1H         LINE#         230
  C:22B1H         LINE#         231
  C:22BCH         LINE#         232
  C:22BFH         LINE#         233
  C:22C2H         LINE#         234
  C:22C2H         LINE#         235
  C:22C5H         LINE#         236
  C:22C5H         LINE#         238
  C:22C5H         LINE#         239
  C:22C5H         LINE#         240
  C:22CBH         LINE#         241
  C:22CBH         LINE#         242
  C:22CEH         LINE#         243
BL51 BANKED LINKER/LOCATER V6.22                                                      12/09/2015  14:19:04  PAGE 14


  C:22CEH         LINE#         244
  C:22D1H         LINE#         245
  C:22D1H         LINE#         248
  C:22D1H         LINE#         249
  C:22D1H         LINE#         250
  C:22D3H         LINE#         251
  C:22D9H         LINE#         252
  C:22D9H         LINE#         253
  C:22EFH         LINE#         254
  C:22F1H         LINE#         255
  C:22FCH         LINE#         256
  C:22FCH         LINE#         257
  C:2301H         LINE#         258
  C:2301H         LINE#         259
  C:2304H         LINE#         260
  C:2306H         LINE#         262
  C:2306H         LINE#         263
  C:2309H         LINE#         264
  C:2309H         LINE#         265
  C:230BH         LINE#         267
  C:230BH         LINE#         268
  C:230EH         LINE#         269
  C:230EH         LINE#         270
  C:2310H         LINE#         271
  C:2312H         LINE#         272
  C:231AH         LINE#         273
  C:231AH         LINE#         274
  C:2325H         LINE#         275
  C:2325H         LINE#         276
  C:2328H         LINE#         277
  C:232AH         LINE#         279
  C:232AH         LINE#         280
  C:232DH         LINE#         281
  C:232DH         LINE#         282
  C:232DH         LINE#         283
  C:232FH         LINE#         284
  C:2331H         LINE#         285
  C:2331H         LINE#         288
  C:2331H         LINE#         289
  C:2331H         LINE#         290
  C:2337H         LINE#         291
  C:2345H         LINE#         292
  C:2347H         LINE#         293
  C:2347H         LINE#         294
  C:2349H         LINE#         295
  C:2349H         LINE#         298
  C:2349H         LINE#         299
  C:2349H         LINE#         300
  C:235AH         LINE#         301
  C:236BH         LINE#         302
  C:236BH         LINE#         303
  C:236EH         LINE#         304
  C:236EH         LINE#         305
  C:2370H         LINE#         307
  C:2370H         LINE#         308
  C:237BH         LINE#         309
  C:237EH         LINE#         310
BL51 BANKED LINKER/LOCATER V6.22                                                      12/09/2015  14:19:04  PAGE 15


  C:2381H         LINE#         311
  C:2381H         LINE#         312
  C:2383H         LINE#         313
  C:2383H         LINE#         315
  C:2383H         LINE#         316
  C:2383H         LINE#         317
  C:2386H         LINE#         318
  C:2386H         LINE#         319
  C:2389H         LINE#         320
  C:2389H         LINE#         321
  C:2389H         LINE#         322
  C:2389H         LINE#         323
  C:2389H         LINE#         325
  C:2393H         LINE#         326
  C:23A9H         LINE#         327
  C:23A9H         LINE#         328
  C:23BEH         LINE#         329
  C:23C0H         LINE#         330
  C:23D3H         LINE#         331
  C:23D3H         LINE#         332
  C:23D6H         LINE#         333
  C:23D6H         LINE#         334
  C:23D8H         LINE#         335
  C:23DBH         LINE#         337
  C:23DDH         LINE#         339
  C:23F2H         LINE#         340
  C:23F2H         LINE#         341
  C:23FFH         LINE#         342
  C:23FFH         LINE#         343
  C:2402H         LINE#         344
  C:2402H         LINE#         345
  C:2405H         LINE#         346
  C:240CH         LINE#         347
  C:240CH         LINE#         348
  C:240EH         LINE#         349
  C:2413H         LINE#         350
  C:2418H         LINE#         351
  C:242AH         LINE#         352
  C:2436H         LINE#         353
  C:243BH         LINE#         354
  C:2440H         LINE#         355
  -------         ENDPROC       MAIN
  -------         ENDMOD        MAIN

  -------         MODULE        PRINT_BYTES
  C:0000H         SYMBOL        _ICE_DUMMY_
  D:0080H         PUBLIC        P0
  D:0090H         PUBLIC        P1
  D:00A0H         PUBLIC        P2
  D:00B0H         PUBLIC        P3
  D:00A8H         PUBLIC        IEN0
  D:00B8H         PUBLIC        IPL0
  C:4526H         PUBLIC        _print_16bytes
  D:00D8H         PUBLIC        CCON
  C:473BH         PUBLIC        _print_memory
  D:0098H         PUBLIC        SCON
  D:0088H         PUBLIC        TCON
BL51 BANKED LINKER/LOCATER V6.22                                                      12/09/2015  14:19:04  PAGE 16


  D:00C8H         PUBLIC        T2CON
  D:00D0H         PUBLIC        PSW
  -------         PROC          _PRINT_16BYTES
  D:0001H         SYMBOL        array_in
  -------         DO            
  D:0065H         SYMBOL        input
  D:0068H         SYMBOL        index
  D:0069H         SYMBOL        dat
  -------         ENDDO         
  C:4526H         LINE#         16
  C:4526H         LINE#         17
  C:4526H         LINE#         20
  C:452CH         LINE#         21
  C:453BH         LINE#         22
  C:453EH         LINE#         23
  C:453EH         LINE#         24
  C:454FH         LINE#         25
  C:455AH         LINE#         26
  C:4563H         LINE#         27
  C:4566H         LINE#         28
  C:4566H         LINE#         29
  C:4577H         LINE#         30
  C:4586H         LINE#         31
  C:458BH         LINE#         32
  C:4594H         LINE#         33
  C:4599H         LINE#         34
  -------         ENDPROC       _PRINT_16BYTES
  -------         PROC          _PRINT_MEMORY
  D:005DH         SYMBOL        array_in
  D:0060H         SYMBOL        number_of_bytes
  -------         DO            
  D:0062H         SYMBOL        input
  D:0006H         SYMBOL        i
  -------         ENDDO         
  C:473BH         LINE#         44
  C:4745H         LINE#         45
  C:4745H         LINE#         48
  C:474BH         LINE#         49
  C:474DH         LINE#         50
  C:4752H         LINE#         51
  C:4763H         LINE#         52
  C:476CH         LINE#         54
  C:476CH         LINE#         55
  C:4775H         LINE#         56
  C:4780H         LINE#         57
  C:4799H         LINE#         58
  -------         ENDPROC       _PRINT_MEMORY
  -------         ENDMOD        PRINT_BYTES

  -------         MODULE        SDCARD
  C:0000H         SYMBOL        _ICE_DUMMY_
  D:0080H         PUBLIC        P0
  D:0090H         PUBLIC        P1
  D:00A0H         PUBLIC        P2
  D:00B0H         PUBLIC        P3
  C:44A9H         PUBLIC        _trans_ACMD41
  B:00A0H.5       PUBLIC        LED2
BL51 BANKED LINKER/LOCATER V6.22                                                      12/09/2015  14:19:04  PAGE 17


  B:00A0H.7       PUBLIC        LED4
  C:459EH         PUBLIC        _read_block
  D:00A8H         PUBLIC        IEN0
  C:496BH         PUBLIC        _trans_CMD0
  D:00B8H         PUBLIC        IPL0
  C:430EH         PUBLIC        _get_response
  C:492AH         PUBLIC        _trans_CMD8
  D:00D8H         PUBLIC        CCON
  D:0098H         PUBLIC        SCON
  D:0088H         PUBLIC        TCON
  D:008EH         PUBLIC        AUXR
  B:0090H.4       PUBLIC        ncs
  C:39BEH         PUBLIC        SDcard_init
  C:4A29H         PUBLIC        _trans_CMD58
  C:4427H         PUBLIC        _read_sector_ISR
  D:00C8H         PUBLIC        T2CON
  C:489EH         PUBLIC        _get_response_no_end
  C:4271H         PUBLIC        _send_command
  D:00D0H         PUBLIC        PSW
  -------         PROC          SDCARD_INIT
  -------         DO            
  D:0044H         SYMBOL        return_value
  D:0049H         SYMBOL        error_flag
  D:004AH         SYMBOL        index
  D:004BH         SYMBOL        dat
  -------         ENDDO         
  C:39BEH         LINE#         11
  C:39BEH         LINE#         12
  C:39BEH         LINE#         16
  C:39C1H         LINE#         18
  C:39C3H         LINE#         19
  C:39C6H         LINE#         20
  C:39C6H         LINE#         21
  C:39D1H         LINE#         22
  C:39DAH         LINE#         27
  C:39E5H         LINE#         30
  C:39E8H         LINE#         31
  C:39E8H         LINE#         32
  C:39F0H         LINE#         33
  C:39FBH         LINE#         34
  C:3A04H         LINE#         35
  C:3A09H         LINE#         36
  C:3A0EH         LINE#         37
  C:3A15H         LINE#         42
  C:3A19H         LINE#         43
  C:3A19H         LINE#         44
  C:3A23H         LINE#         45
  C:3A23H         LINE#         49
  C:3A26H         LINE#         50
  C:3A26H         LINE#         51
  C:3A2EH         LINE#         52
  C:3A39H         LINE#         53
  C:3A42H         LINE#         54
  C:3A47H         LINE#         55
  C:3A4CH         LINE#         56
  C:3A53H         LINE#         59
  C:3A57H         LINE#         60
BL51 BANKED LINKER/LOCATER V6.22                                                      12/09/2015  14:19:04  PAGE 18


  C:3A57H         LINE#         61
  C:3A61H         LINE#         62
  C:3A67H         LINE#         63
  C:3A67H         LINE#         64
  C:3A6AH         LINE#         65
  C:3A6CH         LINE#         66
  C:3A6CH         LINE#         67
  C:3A6CH         LINE#         71
  C:3A6FH         LINE#         72
  C:3A6FH         LINE#         73
  C:3A77H         LINE#         74
  C:3A82H         LINE#         75
  C:3A8BH         LINE#         76
  C:3A90H         LINE#         77
  C:3A95H         LINE#         78
  C:3A9CH         LINE#         81
  C:3AA0H         LINE#         82
  C:3AA0H         LINE#         83
  C:3AAAH         LINE#         84
  C:3AAAH         LINE#         88
  C:3AADH         LINE#         89
  C:3AADH         LINE#         90
  C:3AB5H         LINE#         91
  C:3AC0H         LINE#         92
  C:3AC9H         LINE#         93
  C:3ACEH         LINE#         94
  C:3AD3H         LINE#         95
  C:3ADAH         LINE#         98
  C:3ADEH         LINE#         99
  C:3ADEH         LINE#         100
  C:3AE8H         LINE#         101
  C:3AEEH         LINE#         102
  C:3AEEH         LINE#         104
  C:3AEEH         LINE#         105
  C:3AF3H         LINE#         106
  C:3AF3H         LINE#         108
  C:3AF6H         LINE#         109
  C:3AF8H         LINE#         111
  C:3AF8H         LINE#         112
  C:3AFBH         LINE#         113
  C:3AFBH         LINE#         114
  C:3AFBH         LINE#         117
  C:3AFEH         LINE#         118
  C:3AFEH         LINE#         119
  C:3B06H         LINE#         120
  C:3B11H         LINE#         121
  C:3B1AH         LINE#         122
  C:3B1FH         LINE#         123
  C:3B24H         LINE#         124
  C:3B2BH         LINE#         126
  C:3B2FH         LINE#         127
  C:3B2FH         LINE#         128
  C:3B31H         LINE#         129
  C:3B31H         LINE#         130
  C:3B33H         LINE#         132
  C:3B35H         LINE#         133
  -------         ENDPROC       SDCARD_INIT
BL51 BANKED LINKER/LOCATER V6.22                                                      12/09/2015  14:19:04  PAGE 19


  -------         PROC          _TRANS_CMD0
  D:004CH         SYMBOL        return_value
  -------         DO            
  D:0007H         SYMBOL        error_flag
  -------         ENDDO         
  C:496BH         LINE#         150
  C:4971H         LINE#         151
  C:4971H         LINE#         155
  C:4973H         LINE#         156
  C:4980H         LINE#         157
  C:4983H         LINE#         158
  C:4983H         LINE#         159
  C:498EH         LINE#         160
  C:498EH         LINE#         161
  C:4991H         LINE#         162
  C:4991H         LINE#         163
  C:499EH         LINE#         164
  C:499EH         LINE#         165
  C:49A0H         LINE#         166
  C:49A0H         LINE#         167
  C:49A0H         LINE#         168
  C:49A2H         LINE#         170
  C:49A2H         LINE#         171
  -------         ENDPROC       _TRANS_CMD0
  -------         PROC          _TRANS_CMD8
  D:004CH         SYMBOL        return_value
  -------         DO            
  D:0007H         SYMBOL        error_flag
  -------         ENDDO         
  C:492AH         LINE#         177
  C:4930H         LINE#         178
  C:4930H         LINE#         181
  C:4932H         LINE#         182
  C:4942H         LINE#         183
  C:4945H         LINE#         184
  C:4945H         LINE#         185
  C:4950H         LINE#         186
  C:4950H         LINE#         187
  C:495DH         LINE#         188
  C:4961H         LINE#         189
  C:4966H         LINE#         190
  C:4968H         LINE#         191
  C:496AH         LINE#         192
  C:496AH         LINE#         193
  -------         ENDPROC       _TRANS_CMD8
  -------         PROC          _TRANS_CMD58
  D:004CH         SYMBOL        return_value
  -------         DO            
  D:0007H         SYMBOL        error_flag
  -------         ENDDO         
  C:4A29H         LINE#         199
  C:4A2FH         LINE#         200
  C:4A2FH         LINE#         203
  C:4A31H         LINE#         204
  C:4A3FH         LINE#         205
  C:4A42H         LINE#         206
  C:4A42H         LINE#         207
BL51 BANKED LINKER/LOCATER V6.22                                                      12/09/2015  14:19:04  PAGE 20


  C:4A4DH         LINE#         208
  C:4A4DH         LINE#         209
  C:4A4DH         LINE#         210
  -------         ENDPROC       _TRANS_CMD58
  -------         PROC          _TRANS_ACMD41
  D:004CH         SYMBOL        return_value
  -------         DO            
  D:0007H         SYMBOL        error_flag
  D:004FH         SYMBOL        timeout
  D:0050H         SYMBOL        ACMD41_argum
  -------         ENDDO         
  C:44A9H         LINE#         215
  C:44AFH         LINE#         216
  C:44AFH         LINE#         218
  C:44B9H         LINE#         223
  C:44BBH         LINE#         226
  C:44BDH         LINE#         228
  C:44BDH         LINE#         229
  C:44BFH         LINE#         230
  C:44CDH         LINE#         231
  C:44D0H         LINE#         232
  C:44D3H         LINE#         233
  C:44E3H         LINE#         234
  C:44E5H         LINE#         235
  C:44E8H         LINE#         236
  C:44F9H         LINE#         237
  C:44FCH         LINE#         238
  C:44FFH         LINE#         239
  C:450FH         LINE#         240
  C:4511H         LINE#         241
  C:4513H         LINE#         242
  C:451DH         LINE#         243
  C:4521H         LINE#         244
  C:4521H         LINE#         245
  C:4523H         LINE#         246
  C:4523H         LINE#         247
  C:4525H         LINE#         249
  C:4525H         LINE#         250
  -------         ENDPROC       _TRANS_ACMD41
  -------         PROC          L?0123
  -------         ENDPROC       L?0123
  -------         PROC          _SEND_COMMAND
  D:0074H         SYMBOL        cmd
  D:0075H         SYMBOL        argum
  -------         DO            
  D:0079H         SYMBOL        error_flag
  D:007AH         SYMBOL        send_val
  D:007BH         SYMBOL        return_val
  D:007CH         SYMBOL        index
  -------         ENDDO         
  C:4271H         LINE#         260
  C:4273H         LINE#         261
  C:4273H         LINE#         263
  C:427DH         LINE#         264
  C:427DH         LINE#         265
  C:4283H         LINE#         266
  C:428FH         LINE#         267
BL51 BANKED LINKER/LOCATER V6.22                                                      12/09/2015  14:19:04  PAGE 21


  C:4292H         LINE#         268
  C:42ADH         LINE#         269
  C:42ADH         LINE#         270
  C:42BEH         LINE#         271
  C:42C9H         LINE#         272
  C:42CFH         LINE#         273
  C:42D1H         LINE#         274
  C:42D5H         LINE#         275
  C:42DAH         LINE#         276
  C:42DFH         LINE#         277
  C:42E4H         LINE#         279
  C:42E7H         LINE#         280
  C:42EBH         LINE#         281
  C:42F7H         LINE#         282
  C:42FBH         LINE#         283
  C:42FEH         LINE#         284
  C:4300H         LINE#         286
  C:4303H         LINE#         287
  C:4305H         LINE#         288
  -------         ENDPROC       _SEND_COMMAND
  -------         PROC          L?0124
  -------         ENDPROC       L?0124
  -------         PROC          _GET_RESPONSE
  D:0054H         SYMBOL        num_bytes
  D:0055H         SYMBOL        array_out
  -------         DO            
  D:0058H         SYMBOL        timeout
  D:0059H         SYMBOL        error_flag
  D:005AH         SYMBOL        recieve_value
  D:005BH         SYMBOL        index
  -------         ENDDO         
  C:430EH         LINE#         295
  C:4316H         LINE#         296
  C:4316H         LINE#         299
  C:4319H         LINE#         300
  C:431BH         LINE#         302
  C:431BH         LINE#         303
  C:4328H         LINE#         304
  C:432AH         LINE#         305
  C:4337H         LINE#         306
  C:4342H         LINE#         307
  C:4346H         LINE#         308
  C:434BH         LINE#         309
  C:434FH         LINE#         310
  C:4351H         LINE#         311
  C:435BH         LINE#         312
  C:4360H         LINE#         313
  C:4367H         LINE#         314
  C:4367H         LINE#         315
  C:4371H         LINE#         316
  C:4371H         LINE#         317
  C:437CH         LINE#         318
  C:438DH         LINE#         319
  C:4391H         LINE#         320
  C:4391H         LINE#         321
  C:4395H         LINE#         322
  C:43A1H         LINE#         323
BL51 BANKED LINKER/LOCATER V6.22                                                      12/09/2015  14:19:04  PAGE 22


  C:43A3H         LINE#         324
  -------         ENDPROC       _GET_RESPONSE
  C:4898H         SYMBOL        L?0122
  -------         PROC          L?0121
  -------         ENDPROC       L?0121
  C:4898H         SYMBOL        L?0122
  -------         PROC          _GET_RESPONSE_NO_END
  D:0074H         SYMBOL        num_bytes
  D:0076H         SYMBOL        array_out
  -------         DO            
  D:0079H         SYMBOL        timeout
  D:007AH         SYMBOL        error_flag
  D:007BH         SYMBOL        recieve_value
  D:007CH         SYMBOL        index
  -------         ENDDO         
  C:489EH         LINE#         330
  C:48A8H         LINE#         331
  C:48A8H         LINE#         334
  C:48ABH         LINE#         335
  C:48ADH         LINE#         336
  C:48BCH         LINE#         337
  C:48BCH         LINE#         338
  C:48C7H         LINE#         339
  C:48D8H         LINE#         340
  C:48E2H         LINE#         341
  C:48E4H         LINE#         342
  -------         ENDPROC       _GET_RESPONSE_NO_END
  -------         PROC          _READ_BLOCK
  D:0067H         SYMBOL        block_number
  D:006BH         SYMBOL        block_info
  -------         DO            
  D:0007H         SYMBOL        error_flag
  D:006EH         SYMBOL        timeout
  D:006FH         SYMBOL        return_value
  -------         ENDDO         
  C:459EH         LINE#         350
  C:45ACH         LINE#         351
  C:45ACH         LINE#         354
  C:45AEH         LINE#         355
  C:45B1H         LINE#         356
  C:45B4H         LINE#         358
  C:45B4H         LINE#         359
  C:45B6H         LINE#         360
  C:45B9H         LINE#         361
  C:45BCH         LINE#         362
  C:45C4H         LINE#         365
  C:45C8H         LINE#         366
  C:45C8H         LINE#         367
  C:45CAH         LINE#         368
  C:45CAH         LINE#         369
  C:45CDH         LINE#         371
  C:45CDH         LINE#         372
  C:45CFH         LINE#         373
  C:45D2H         LINE#         374
  C:45D5H         LINE#         375
  C:45E2H         LINE#         379
  C:45E6H         LINE#         380
BL51 BANKED LINKER/LOCATER V6.22                                                      12/09/2015  14:19:04  PAGE 23


  C:45E6H         LINE#         381
  C:45E8H         LINE#         382
  C:45E8H         LINE#         383
  C:45EEH         LINE#         384
  C:45EEH         LINE#         385
  C:45F0H         LINE#         386
  C:45F0H         LINE#         387
  C:45F3H         LINE#         388
  C:45F3H         LINE#         389
  C:45FFH         LINE#         390
  C:45FFH         LINE#         391
  C:4602H         LINE#         392
  C:4602H         LINE#         393
  C:4607H         LINE#         395
  C:4607H         LINE#         396
  C:4609H         LINE#         398
  C:4609H         LINE#         400
  -------         ENDPROC       _READ_BLOCK
  -------         PROC          _READ_SECTOR_ISR
  D:0044H         SYMBOL        block_number
  D:0048H         SYMBOL        block_info
  -------         DO            
  D:0007H         SYMBOL        error_flag
  D:004BH         SYMBOL        timeout
  D:004CH         SYMBOL        return_value
  -------         ENDDO         
  C:4427H         LINE#         407
  C:4435H         LINE#         408
  C:4435H         LINE#         411
  C:4437H         LINE#         412
  C:443AH         LINE#         413
  C:443DH         LINE#         415
  C:443DH         LINE#         416
  C:443FH         LINE#         417
  C:4442H         LINE#         418
  C:444DH         LINE#         419
  C:4455H         LINE#         422
  C:4459H         LINE#         423
  C:4459H         LINE#         424
  C:445BH         LINE#         425
  C:445BH         LINE#         426
  C:445EH         LINE#         428
  C:445EH         LINE#         429
  C:4460H         LINE#         430
  C:4463H         LINE#         431
  C:446EH         LINE#         432
  C:447BH         LINE#         436
  C:447FH         LINE#         437
  C:447FH         LINE#         438
  C:4481H         LINE#         439
  C:4481H         LINE#         440
  C:4487H         LINE#         441
  C:4487H         LINE#         442
  C:4489H         LINE#         443
  C:4489H         LINE#         444
  C:448CH         LINE#         445
  C:448CH         LINE#         446
BL51 BANKED LINKER/LOCATER V6.22                                                      12/09/2015  14:19:04  PAGE 24


  C:4498H         LINE#         447
  C:4498H         LINE#         448
  C:449BH         LINE#         449
  C:449BH         LINE#         450
  C:44A6H         LINE#         452
  C:44A6H         LINE#         453
  C:44A8H         LINE#         455
  C:44A8H         LINE#         457
  -------         ENDPROC       _READ_SECTOR_ISR
  -------         ENDMOD        SDCARD

  -------         MODULE        SPI
  C:0000H         SYMBOL        _ICE_DUMMY_
  D:0080H         PUBLIC        P0
  D:0090H         PUBLIC        P1
  D:00A0H         PUBLIC        P2
  D:00B0H         PUBLIC        P3
  D:00C3H         PUBLIC        SPCON
  C:4A91H         PUBLIC        _SPI_transfer_ISR
  D:00C4H         PUBLIC        SPSTA
  D:00A8H         PUBLIC        IEN0
  D:00B8H         PUBLIC        IPL0
  D:00D8H         PUBLIC        CCON
  D:0098H         PUBLIC        SCON
  D:0088H         PUBLIC        TCON
  C:4A70H         PUBLIC        _SPI_transfer
  D:00C8H         PUBLIC        T2CON
  C:4673H         PUBLIC        _SPI_master_init
  D:00D0H         PUBLIC        PSW
  D:00C5H         PUBLIC        SPDAT
  -------         PROC          _SPI_MASTER_INIT
  D:0004H         SYMBOL        SCLR_FREQ
  -------         DO            
  D:0007H         SYMBOL        divider
  D:0044H         SYMBOL        return_val
  -------         ENDDO         
  C:4673H         LINE#         6
  C:4673H         LINE#         7
  C:4673H         LINE#         9
  C:4676H         LINE#         10
  C:4687H         LINE#         11
  C:468DH         LINE#         12
  C:4692H         LINE#         13
  C:4698H         LINE#         14
  C:469DH         LINE#         15
  C:46A3H         LINE#         16
  C:46A8H         LINE#         17
  C:46AEH         LINE#         18
  C:46B3H         LINE#         19
  C:46B9H         LINE#         20
  C:46BEH         LINE#         21
  C:46C4H         LINE#         22
  C:46C9H         LINE#         23
  C:46CFH         LINE#         24
  C:46D4H         LINE#         26
  C:46D7H         LINE#         27
  C:46D9H         LINE#         28
BL51 BANKED LINKER/LOCATER V6.22                                                      12/09/2015  14:19:04  PAGE 25


  -------         ENDPROC       _SPI_MASTER_INIT
  -------         PROC          _SPI_TRANSFER
  D:0007H         SYMBOL        data_input
  D:0001H         SYMBOL        data_output
  -------         DO            
  D:0007H         SYMBOL        test
  D:0006H         SYMBOL        timeout
  -------         ENDDO         
  C:4A70H         LINE#         32
  C:4A70H         LINE#         33
  C:4A70H         LINE#         35
  C:4A72H         LINE#         36
  C:4A74H         LINE#         38
  C:4A74H         LINE#         39
  C:4A76H         LINE#         40
  C:4A77H         LINE#         41
  C:4A7EH         LINE#         42
  C:4A81H         LINE#         43
  C:4A81H         LINE#         44
  C:4A86H         LINE#         45
  C:4A8AH         LINE#         46
  C:4A8CH         LINE#         48
  C:4A8CH         LINE#         49
  C:4A8EH         LINE#         50
  C:4A8EH         LINE#         51
  C:4A90H         LINE#         52
  -------         ENDPROC       _SPI_TRANSFER
  -------         PROC          _SPI_TRANSFER_ISR
  D:0007H         SYMBOL        data_input
  D:0001H         SYMBOL        data_output
  -------         DO            
  D:0007H         SYMBOL        test
  D:0006H         SYMBOL        timeout
  -------         ENDDO         
  C:4A91H         LINE#         58
  C:4A91H         LINE#         59
  C:4A91H         LINE#         61
  C:4A93H         LINE#         62
  C:4A95H         LINE#         64
  C:4A95H         LINE#         65
  C:4A97H         LINE#         66
  C:4A98H         LINE#         67
  C:4A9FH         LINE#         68
  C:4AA2H         LINE#         69
  C:4AA2H         LINE#         70
  C:4AA7H         LINE#         71
  C:4AABH         LINE#         72
  C:4AADH         LINE#         74
  C:4AADH         LINE#         75
  C:4AAFH         LINE#         76
  C:4AAFH         LINE#         77
  C:4AB1H         LINE#         78
  -------         ENDPROC       _SPI_TRANSFER_ISR
  -------         ENDMOD        SPI

  -------         MODULE        UART
  C:0000H         SYMBOL        _ICE_DUMMY_
BL51 BANKED LINKER/LOCATER V6.22                                                      12/09/2015  14:19:04  PAGE 26


  D:0080H         PUBLIC        P0
  D:0090H         PUBLIC        P1
  D:00A0H         PUBLIC        P2
  D:00B0H         PUBLIC        P3
  D:00A8H         PUBLIC        IEN0
  D:00B8H         PUBLIC        IPL0
  B:00A8H.4       PUBLIC        ES
  B:0098H.1       PUBLIC        TI
  D:00D8H         PUBLIC        CCON
  D:0087H         PUBLIC        PCON
  C:4AD3H         PUBLIC        UART_Init
  D:0098H         PUBLIC        SCON
  D:0088H         PUBLIC        TCON
  D:009BH         PUBLIC        BDRCON
  D:009AH         PUBLIC        BRL
  D:00C8H         PUBLIC        T2CON
  D:00D0H         PUBLIC        PSW
  -------         PROC          UART_INIT
  C:4AD3H         LINE#         5
  C:4AD3H         LINE#         6
  C:4AD3H         LINE#         12
  C:4AD6H         LINE#         13
  C:4AD9H         LINE#         14
  C:4ADCH         LINE#         15
  C:4ADFH         LINE#         16
  C:4AE2H         LINE#         17
  C:4AE5H         LINE#         18
  C:4AE8H         LINE#         19
  C:4AEAH         LINE#         20
  C:4AECH         LINE#         21
  C:4AEEH         LINE#         22
  -------         ENDPROC       UART_INIT
  -------         ENDMOD        UART

  -------         MODULE        DIRECTORY_FUNCTIONS
  C:0000H         SYMBOL        _ICE_DUMMY_
  D:0080H         PUBLIC        P0
  D:0090H         PUBLIC        P1
  D:00A0H         PUBLIC        P2
  D:00B0H         PUBLIC        P3
  I:007EH         PUBLIC        MBR_RelSec
  C:43ACH         PUBLIC        _read32
  I:0082H         PUBLIC        BPB_BytesPerSec
  C:47A2H         PUBLIC        _read16
  B:00A0H.5       PUBLIC        LED2
  D:00A8H         PUBLIC        IEN0
  I:0084H         PUBLIC        BPB_SecPerClus
  D:00B8H         PUBLIC        IPL0
  I:0085H         PUBLIC        BPB_RsvdSecCnt
  C:3B3EH         PUBLIC        _first_sector
  I:0087H         PUBLIC        FATtype
  I:0088H         PUBLIC        BPB_HiddenSec
  D:00D8H         PUBLIC        CCON
  I:008CH         PUBLIC        FirstDataSec
  I:0090H         PUBLIC        BPB_RootEntCnt
  C:362DH         PUBLIC        _Print_Directory
  C:40E1H         PUBLIC        _find_next_cluster
BL51 BANKED LINKER/LOCATER V6.22                                                      12/09/2015  14:19:04  PAGE 27


  C:17D0H         PUBLIC        _mount_drive
  D:0098H         PUBLIC        SCON
  D:0088H         PUBLIC        TCON
  I:0092H         PUBLIC        BPB_NumFATs
  I:0093H         PUBLIC        StartofFAT
  I:0097H         PUBLIC        BPB_FATSz32
  B:0090H.4       PUBLIC        ncs
  I:009BH         PUBLIC        BPB_FATSz16
  I:009DH         PUBLIC        BPB_Root_Clus
  C:4AC1H         PUBLIC        _read8
  I:00A1H         PUBLIC        RootDirSec
  D:00C8H         PUBLIC        T2CON
  C:3C63H         PUBLIC        _first_sector_ISR
  I:00A5H         PUBLIC        FirstRootDirSec
  I:00A9H         PUBLIC        BPB_TotSec32
  I:00ADH         PUBLIC        BPB_TotSec16
  C:3203H         PUBLIC        _Read_Dir_Entry
  C:3D88H         PUBLIC        _Open_File
  D:00D0H         PUBLIC        PSW
  C:41A4H         PUBLIC        _find_next_cluster_ISR
  -------         PROC          L?0095
  -------         ENDPROC       L?0095
  -------         PROC          _READ32
  D:0067H         SYMBOL        offset_address
  D:0069H         SYMBOL        array_name
  -------         DO            
  D:006CH         SYMBOL        return_value
  D:0070H         SYMBOL        temp
  D:0071H         SYMBOL        index
  -------         ENDDO         
  C:43ACH         LINE#         36
  C:43B6H         LINE#         37
  C:43B6H         LINE#         38
  C:43BDH         LINE#         39
  C:43BDH         LINE#         40
  C:43C6H         LINE#         42
  C:43C8H         LINE#         43
  C:43C8H         LINE#         44
  C:43E9H         LINE#         45
  C:43FEH         LINE#         46
  C:4410H         LINE#         47
  C:4417H         LINE#         48
  C:4420H         LINE#         49
  C:4420H         LINE#         51
  C:4426H         LINE#         52
  -------         ENDPROC       _READ32
  -------         PROC          L?0094
  -------         ENDPROC       L?0094
  -------         PROC          _READ16
  D:005DH         SYMBOL        offset_address
  D:005FH         SYMBOL        array_name
  -------         DO            
  D:0062H         SYMBOL        return_value
  D:0004H         SYMBOL        temp
  D:0005H         SYMBOL        index
  -------         ENDDO         
  C:47A2H         LINE#         54
BL51 BANKED LINKER/LOCATER V6.22                                                      12/09/2015  14:19:04  PAGE 28


  C:47ACH         LINE#         55
  C:47ACH         LINE#         56
  C:47B1H         LINE#         58
  C:47B8H         LINE#         59
  C:47B8H         LINE#         60
  C:47BAH         LINE#         61
  C:47BAH         LINE#         62
  C:47DBH         LINE#         63
  C:47E2H         LINE#         64
  C:47E5H         LINE#         65
  C:47E9H         LINE#         66
  C:47EEH         LINE#         67
  C:47EEH         LINE#         69
  C:47EEH         LINE#         70
  C:47F2H         LINE#         71
  C:47F2H         LINE#         72
  -------         ENDPROC       _READ16
  C:4AB6H         SYMBOL        L?0093
  -------         PROC          L?0092
  -------         ENDPROC       L?0092
  C:4AB6H         SYMBOL        L?0093
  -------         PROC          _READ8
  D:0006H         SYMBOL        offset_address
  D:0001H         SYMBOL        array_name
  -------         DO            
  D:0005H         SYMBOL        return_value
  D:0007H         SYMBOL        temp
  -------         ENDDO         
  C:4AC1H         LINE#         74
  C:4AC1H         LINE#         75
  C:4AC1H         LINE#         76
  C:4AC1H         LINE#         78
  C:4AC7H         LINE#         79
  C:4AC7H         LINE#         80
  C:4ACEH         LINE#         81
  C:4ACEH         LINE#         82
  C:4ACEH         LINE#         83
  C:4AD0H         LINE#         84
  C:4AD0H         LINE#         86
  C:4AD0H         LINE#         87
  C:4AD2H         LINE#         88
  C:4AD2H         LINE#         89
  -------         ENDPROC       _READ8
  -------         PROC          _MOUNT_DRIVE
  D:0044H         SYMBOL        sector
  -------         DO            
  D:0046H         SYMBOL        error_flag
  D:0047H         SYMBOL        numofFATSectors
  D:0049H         SYMBOL        bpb_sector
  D:004DH         SYMBOL        FATSz
  D:0051H         SYMBOL        totSec
  D:0055H         SYMBOL        countofClusters
  D:0059H         SYMBOL        DataSec
  -------         ENDDO         
  C:17D0H         LINE#         91
  C:17D4H         LINE#         92
  C:17D4H         LINE#         97
BL51 BANKED LINKER/LOCATER V6.22                                                      12/09/2015  14:19:04  PAGE 29


  C:17D7H         LINE#         99
  C:17E4H         LINE#         100
  C:17F1H         LINE#         101
  C:1810H         LINE#         102
  C:1810H         LINE#         103
  C:181FH         LINE#         104
  C:182CH         LINE#         105
  C:183EH         LINE#         106
  C:1853H         LINE#         107
  C:1858H         LINE#         108
  C:185DH         LINE#         109
  C:185FH         LINE#         111
  C:185FH         LINE#         112
  C:1862H         LINE#         113
  C:1862H         LINE#         114
  C:1869H         LINE#         115
  C:1869H         LINE#         116
  C:187AH         LINE#         117
  C:1887H         LINE#         119
  C:1899H         LINE#         120
  C:18A5H         LINE#         121
  C:18B6H         LINE#         122
  C:18BBH         LINE#         123
  C:18C0H         LINE#         125
  C:18D2H         LINE#         126
  C:18E3H         LINE#         127
  C:18EFH         LINE#         128
  C:18F4H         LINE#         129
  C:18F9H         LINE#         131
  C:190BH         LINE#         132
  C:1917H         LINE#         133
  C:1928H         LINE#         134
  C:192DH         LINE#         135
  C:1932H         LINE#         137
  C:1944H         LINE#         138
  C:1955H         LINE#         139
  C:1961H         LINE#         140
  C:1966H         LINE#         141
  C:196BH         LINE#         143
  C:197DH         LINE#         144
  C:1991H         LINE#         145
  C:19A2H         LINE#         146
  C:19A7H         LINE#         147
  C:19ACH         LINE#         149
  C:19BEH         LINE#         150
  C:19D2H         LINE#         151
  C:19E3H         LINE#         152
  C:19E8H         LINE#         153
  C:19EDH         LINE#         155
  C:19FFH         LINE#         156
  C:1A13H         LINE#         157
  C:1A24H         LINE#         158
  C:1A29H         LINE#         159
  C:1A2EH         LINE#         161
  C:1A40H         LINE#         162
  C:1A4AH         LINE#         163
  C:1A60H         LINE#         164
BL51 BANKED LINKER/LOCATER V6.22                                                      12/09/2015  14:19:04  PAGE 30


  C:1A65H         LINE#         165
  C:1A6AH         LINE#         167
  C:1A7CH         LINE#         168
  C:1A86H         LINE#         169
  C:1A9CH         LINE#         170
  C:1AA1H         LINE#         171
  C:1AA6H         LINE#         173
  C:1AB8H         LINE#         174
  C:1ACAH         LINE#         175
  C:1AE0H         LINE#         176
  C:1AE5H         LINE#         177
  C:1AEAH         LINE#         179
  C:1AFCH         LINE#         180
  C:1B0EH         LINE#         181
  C:1B24H         LINE#         182
  C:1B29H         LINE#         183
  C:1B2EH         LINE#         185
  C:1B40H         LINE#         186
  C:1B6EH         LINE#         187
  C:1B84H         LINE#         188
  C:1B89H         LINE#         189
  C:1B8EH         LINE#         193
  C:1B95H         LINE#         194
  C:1B95H         LINE#         195
  C:1BA2H         LINE#         196
  C:1BB4H         LINE#         197
  C:1BC6H         LINE#         198
  C:1BC6H         LINE#         199
  C:1BC6H         LINE#         200
  C:1BC8H         LINE#         202
  C:1BC8H         LINE#         203
  C:1BD8H         LINE#         204
  C:1BDBH         LINE#         205
  C:1BEDH         LINE#         206
  C:1BF2H         LINE#         207
  C:1BF7H         LINE#         208
  C:1BF7H         LINE#         210
  C:1BFEH         LINE#         211
  C:1BFEH         LINE#         212
  C:1C0BH         LINE#         213
  C:1C1DH         LINE#         214
  C:1C32H         LINE#         215
  C:1C37H         LINE#         216
  C:1C3CH         LINE#         217
  C:1C3EH         LINE#         219
  C:1C3EH         LINE#         220
  C:1C4EH         LINE#         221
  C:1C51H         LINE#         222
  C:1C51H         LINE#         224
  C:1C68H         LINE#         225
  C:1C7AH         LINE#         226
  C:1C89H         LINE#         227
  C:1C8EH         LINE#         228
  C:1C93H         LINE#         230
  C:1CECH         LINE#         231
  C:1CFEH         LINE#         232
  C:1D13H         LINE#         233
BL51 BANKED LINKER/LOCATER V6.22                                                      12/09/2015  14:19:04  PAGE 31


  C:1D18H         LINE#         234
  C:1D1DH         LINE#         236
  C:1D38H         LINE#         237
  C:1D4AH         LINE#         238
  C:1D5FH         LINE#         239
  C:1D64H         LINE#         240
  C:1D69H         LINE#         242
  C:1DC3H         LINE#         243
  C:1DD5H         LINE#         244
  C:1DEBH         LINE#         245
  C:1DF0H         LINE#         246
  C:1DF5H         LINE#         248
  C:1E35H         LINE#         249
  C:1E47H         LINE#         250
  C:1E5DH         LINE#         251
  C:1E62H         LINE#         252
  C:1E67H         LINE#         255
  C:1E7CH         LINE#         256
  C:1E7CH         LINE#         257
  C:1E80H         LINE#         258
  C:1E83H         LINE#         259
  C:1E85H         LINE#         260
  C:1E88H         LINE#         261
  C:1E97H         LINE#         262
  C:1E97H         LINE#         263
  C:1E97H         LINE#         264
  C:1E99H         LINE#         265
  C:1EB0H         LINE#         266
  C:1EB0H         LINE#         267
  C:1EB2H         LINE#         268
  C:1EB5H         LINE#         269
  C:1EC7H         LINE#         270
  C:1ED2H         LINE#         271
  C:1ED2H         LINE#         272
  C:1ED2H         LINE#         273
  C:1ED4H         LINE#         275
  C:1ED4H         LINE#         276
  C:1ED6H         LINE#         277
  C:1EE8H         LINE#         278
  C:1EEDH         LINE#         279
  C:1EF2H         LINE#         280
  C:1EF2H         LINE#         281
  C:1EF2H         LINE#         283
  C:1EF4H         LINE#         284
  -------         ENDPROC       _MOUNT_DRIVE
  -------         PROC          L?0096
  -------         ENDPROC       L?0096
  -------         PROC          _FIRST_SECTOR
  D:0055H         SYMBOL        cluster_num
  -------         DO            
  D:0059H         SYMBOL        first_sector
  -------         ENDDO         
  C:3B3EH         LINE#         287
  C:3B46H         LINE#         288
  C:3B46H         LINE#         290
  C:3B59H         LINE#         291
  C:3B59H         LINE#         292
BL51 BANKED LINKER/LOCATER V6.22                                                      12/09/2015  14:19:04  PAGE 32


  C:3B5EH         LINE#         293
  C:3B5EH         LINE#         295
  C:3B5EH         LINE#         296
  C:3B9CH         LINE#         297
  C:3BAEH         LINE#         298
  C:3BC3H         LINE#         299
  C:3BC8H         LINE#         300
  C:3BCDH         LINE#         302
  C:3BDFH         LINE#         303
  C:3BF4H         LINE#         304
  C:3BF9H         LINE#         305
  C:3BFEH         LINE#         307
  C:3C10H         LINE#         308
  C:3C1EH         LINE#         309
  C:3C23H         LINE#         310
  C:3C28H         LINE#         312
  C:3C3AH         LINE#         313
  C:3C50H         LINE#         314
  C:3C55H         LINE#         315
  C:3C5AH         LINE#         317
  C:3C62H         LINE#         318
  C:3C62H         LINE#         319
  -------         ENDPROC       _FIRST_SECTOR
  -------         PROC          _FIRST_SECTOR_ISR
  D:0044H         SYMBOL        cluster_num
  -------         DO            
  D:0048H         SYMBOL        first_sector
  -------         ENDDO         
  C:3C63H         LINE#         322
  C:3C6BH         LINE#         323
  C:3C6BH         LINE#         325
  C:3C7EH         LINE#         326
  C:3C7EH         LINE#         327
  C:3C83H         LINE#         328
  C:3C83H         LINE#         330
  C:3C83H         LINE#         331
  C:3CC1H         LINE#         332
  C:3CD3H         LINE#         333
  C:3CE8H         LINE#         334
  C:3CEDH         LINE#         335
  C:3CF2H         LINE#         337
  C:3D04H         LINE#         338
  C:3D19H         LINE#         339
  C:3D1EH         LINE#         340
  C:3D23H         LINE#         342
  C:3D35H         LINE#         343
  C:3D43H         LINE#         344
  C:3D48H         LINE#         345
  C:3D4DH         LINE#         347
  C:3D5FH         LINE#         348
  C:3D75H         LINE#         349
  C:3D7AH         LINE#         350
  C:3D7FH         LINE#         352
  C:3D87H         LINE#         353
  C:3D87H         LINE#         354
  -------         ENDPROC       _FIRST_SECTOR_ISR
  -------         PROC          _FIND_NEXT_CLUSTER
BL51 BANKED LINKER/LOCATER V6.22                                                      12/09/2015  14:19:04  PAGE 33


  D:0055H         SYMBOL        Current_Cluster
  D:0059H         SYMBOL        array_name
  -------         DO            
  D:005BH         SYMBOL        FATOffset
  D:005FH         SYMBOL        ThisFATEntOffset
  D:0004H         SYMBOL        Next_Cluster
  D:0063H         SYMBOL        ThisFATSecNum
  -------         ENDDO         
  C:40E1H         LINE#         357
  C:40E9H         LINE#         358
  C:40E9H         LINE#         360
  C:4109H         LINE#         361
  C:4122H         LINE#         362
  C:414AH         LINE#         364
  C:414CH         LINE#         365
  C:415CH         LINE#         366
  C:416DH         LINE#         367
  C:416FH         LINE#         370
  C:4196H         LINE#         372
  C:41A3H         LINE#         373
  C:41A3H         LINE#         374
  -------         ENDPROC       _FIND_NEXT_CLUSTER
  -------         PROC          _FIND_NEXT_CLUSTER_ISR
  D:0044H         SYMBOL        Current_Cluster
  D:0048H         SYMBOL        array_name
  -------         DO            
  D:004AH         SYMBOL        FATOffset
  D:004EH         SYMBOL        ThisFATEntOffset
  D:0004H         SYMBOL        Next_Cluster
  D:0052H         SYMBOL        ThisFATSecNum
  -------         ENDDO         
  C:41A4H         LINE#         379
  C:41ACH         LINE#         380
  C:41ACH         LINE#         382
  C:41CCH         LINE#         383
  C:41E5H         LINE#         384
  C:420DH         LINE#         386
  C:420FH         LINE#         387
  C:421FH         LINE#         388
  C:4230H         LINE#         389
  C:4232H         LINE#         392
  C:4259H         LINE#         394
  C:4266H         LINE#         395
  C:4266H         LINE#         396
  -------         ENDPROC       _FIND_NEXT_CLUSTER_ISR
  -------         PROC          _OPEN_FILE
  D:0044H         SYMBOL        Cluster
  D:0048H         SYMBOL        array_in
  -------         DO            
  D:004AH         SYMBOL        error_flag
  D:004BH         SYMBOL        index
  D:004CH         SYMBOL        input
  D:004DH         SYMBOL        this_cluster
  D:0051H         SYMBOL        next_sector
  -------         ENDDO         
  C:3D88H         LINE#         399
  C:3D90H         LINE#         400
BL51 BANKED LINKER/LOCATER V6.22                                                      12/09/2015  14:19:04  PAGE 34


  C:3D90H         LINE#         402
  C:3D93H         LINE#         403
  C:3D93H         LINE#         404
  C:3D9EH         LINE#         405
  C:3DB0H         LINE#         406
  C:3DC5H         LINE#         407
  C:3DCAH         LINE#         408
  C:3DCFH         LINE#         409
  C:3DE2H         LINE#         410
  C:3DE9H         LINE#         411
  C:3DE9H         LINE#         412
  C:3DE9H         LINE#         413
  C:3DE9H         LINE#         414
  C:3DEBH         LINE#         415
  C:3DF8H         LINE#         416
  C:3DF8H         LINE#         417
  C:3DFAH         LINE#         418
  C:3E02H         LINE#         419
  C:3E02H         LINE#         420
  C:3E05H         LINE#         421
  C:3E16H         LINE#         422
  C:3E21H         LINE#         423
  C:3E21H         LINE#         424
  C:3E4AH         LINE#         425
  C:3E5AH         LINE#         426
  C:3E6CH         LINE#         427
  C:3E71H         LINE#         428
  C:3E74H         LINE#         429
  C:3E74H         LINE#         431
  C:3E76H         LINE#         432
  -------         ENDPROC       _OPEN_FILE
  -------         PROC          _PRINT_DIRECTORY
  D:0044H         SYMBOL        Sector_num
  D:0048H         SYMBOL        array_in
  -------         DO            
  D:004AH         SYMBOL        Sector
  D:004EH         SYMBOL        max_sectors
  D:0052H         SYMBOL        i
  D:0054H         SYMBOL        entries
  D:0056H         SYMBOL        temp8
  D:0057H         SYMBOL        j
  D:0058H         SYMBOL        attr
  D:0059H         SYMBOL        out_val
  D:005AH         SYMBOL        error_flag
  D:005BH         SYMBOL        values
  -------         ENDDO         
  C:362DH         LINE#         445
  C:3635H         LINE#         446
  C:3635H         LINE#         452
  C:363EH         LINE#         453
  C:3643H         LINE#         454
  C:3647H         LINE#         455
  C:365AH         LINE#         456
  C:365AH         LINE#         457
  C:3667H         LINE#         458
  C:3669H         LINE#         460
  C:3669H         LINE#         461
BL51 BANKED LINKER/LOCATER V6.22                                                      12/09/2015  14:19:04  PAGE 35


  C:3676H         LINE#         462
  C:3676H         LINE#         463
  C:3682H         LINE#         464
  C:3695H         LINE#         465
  C:369CH         LINE#         466
  C:369CH         LINE#         468
  C:369CH         LINE#         470
  C:36ABH         LINE#         471
  C:36BBH         LINE#         472
  C:36BBH         LINE#         473
  C:36CFH         LINE#         474
  C:36D1H         LINE#         475
  C:36DAH         LINE#         476
  C:36DAH         LINE#         477
  C:36E2H         LINE#         478
  C:36F0H         LINE#         479
  C:36F3H         LINE#         480
  C:36F3H         LINE#         481
  C:3709H         LINE#         482
  C:370CH         LINE#         483
  C:3715H         LINE#         484
  C:371AH         LINE#         485
  C:371AH         LINE#         486
  C:371DH         LINE#         487
  C:371DH         LINE#         488
  C:3733H         LINE#         489
  C:3736H         LINE#         490
  C:373FH         LINE#         491
  C:3748H         LINE#         492
  C:374AH         LINE#         494
  C:374AH         LINE#         495
  C:374FH         LINE#         496
  C:3752H         LINE#         497
  C:3752H         LINE#         498
  C:3768H         LINE#         499
  C:376BH         LINE#         500
  C:3774H         LINE#         501
  C:3779H         LINE#         502
  C:377EH         LINE#         503
  C:377EH         LINE#         504
  C:377EH         LINE#         505
  C:377EH         LINE#         506
  C:3789H         LINE#         508
[...]
  C:25CAH         LINE#         289
  C:25CDH         LINE#         290
  C:25DFH         LINE#         291
  C:25EBH         LINE#         292
  C:25F0H         LINE#         293
  C:25F5H         LINE#         294
  C:25F5H         LINE#         295
  C:25F5H         LINE#         297
  C:25FAH         LINE#         300
  C:25FEH         LINE#         301
  C:25FEH         LINE#         302
  C:2603H         LINE#         303
BL51 BANKED LINKER/LOCATER V6.22                                                      12/09/2015  14:19:04  PAGE 43


  C:2603H         LINE#         304
  C:2603H         LINE#         305
  C:2606H         LINE#         306
  C:2608H         LINE#         307
  C:260BH         LINE#         308
  C:2612H         LINE#         309
  C:2612H         LINE#         310
  C:2614H         LINE#         311
  C:2616H         LINE#         312
  C:261AH         LINE#         313
  C:261AH         LINE#         314
  C:261DH         LINE#         315
  C:261DH         LINE#         316
  C:261DH         LINE#         317
  C:2621H         LINE#         318
  C:2621H         LINE#         319
  C:2624H         LINE#         320
  C:2624H         LINE#         321
  C:2627H         LINE#         322
  C:2639H         LINE#         323
  C:263EH         LINE#         324
  C:2643H         LINE#         325
  C:2643H         LINE#         326
  C:2643H         LINE#         327
  C:264FH         LINE#         331
  C:2654H         LINE#         332
  C:2656H         LINE#         333
  C:2658H         LINE#         334
  C:265BH         LINE#         335
  C:2660H         LINE#         336
  C:2662H         LINE#         337
  C:2665H         LINE#         338
  C:266CH         LINE#         339
  C:266CH         LINE#         340
  C:266EH         LINE#         341
  C:2670H         LINE#         342
  C:2674H         LINE#         343
  C:2674H         LINE#         344
  C:2677H         LINE#         345
  C:2677H         LINE#         346
  C:267BH         LINE#         347
  C:267BH         LINE#         348
  C:2682H         LINE#         349
  C:2682H         LINE#         350
  C:2685H         LINE#         351
  C:2697H         LINE#         352
  C:269CH         LINE#         353
  C:26A1H         LINE#         354
  C:26A1H         LINE#         355
  C:26A1H         LINE#         356
  C:26A3H         LINE#         363
  C:26A9H         LINE#         364
  C:26A9H         LINE#         365
  C:26ACH         LINE#         366
  C:26ACH         LINE#         367
  C:26AFH         LINE#         368
  C:26B7H         LINE#         369
BL51 BANKED LINKER/LOCATER V6.22                                                      12/09/2015  14:19:04  PAGE 44


  C:26B9H         LINE#         370
  C:26BBH         LINE#         377
  C:26CFH         LINE#         378
  C:26CFH         LINE#         379
  C:26D4H         LINE#         380
  C:26D6H         LINE#         381
  C:26FDH         LINE#         382
  C:2702H         LINE#         383
  C:2707H         LINE#         384
  C:2709H         LINE#         385
  C:270CH         LINE#         386
  C:2713H         LINE#         387
  C:2713H         LINE#         388
  C:2715H         LINE#         389
  C:2717H         LINE#         390
  C:271BH         LINE#         391
  C:271BH         LINE#         392
  C:271EH         LINE#         393
  C:271EH         LINE#         394
  C:2722H         LINE#         395
  C:2722H         LINE#         396
  C:2729H         LINE#         397
  C:2729H         LINE#         398
  C:272CH         LINE#         399
  C:273EH         LINE#         400
  C:2743H         LINE#         401
  C:2748H         LINE#         402
  C:2748H         LINE#         403
  C:2748H         LINE#         404
  C:274DH         LINE#         407
  C:2751H         LINE#         408
  C:2751H         LINE#         409
  C:2756H         LINE#         410
  C:2756H         LINE#         411
  C:2756H         LINE#         412
  C:2759H         LINE#         413
  C:275BH         LINE#         414
  C:275EH         LINE#         415
  C:2765H         LINE#         416
  C:2765H         LINE#         417
  C:2767H         LINE#         418
  C:2769H         LINE#         419
  C:276DH         LINE#         420
  C:276DH         LINE#         421
  C:2770H         LINE#         422
  C:2770H         LINE#         423
  C:2770H         LINE#         424
  C:2774H         LINE#         425
  C:2774H         LINE#         426
  C:2777H         LINE#         427
  C:2777H         LINE#         428
  C:277AH         LINE#         429
  C:278CH         LINE#         430
  C:2791H         LINE#         431
  C:2796H         LINE#         432
  C:2796H         LINE#         433
  C:2796H         LINE#         439
BL51 BANKED LINKER/LOCATER V6.22                                                      12/09/2015  14:19:04  PAGE 45


  C:27AAH         LINE#         440
  C:27AAH         LINE#         441
  C:27BCH         LINE#         442
  C:27C6H         LINE#         443
  C:27C6H         LINE#         444
  C:27CBH         LINE#         445
  C:27CDH         LINE#         447
  C:27D2H         LINE#         448
  C:27D4H         LINE#         449
  C:27D7H         LINE#         450
  C:27DEH         LINE#         451
  C:27DEH         LINE#         452
  C:27E0H         LINE#         453
  C:27E2H         LINE#         454
  C:27E6H         LINE#         455
  C:27E6H         LINE#         456
  C:27E9H         LINE#         457
  C:27E9H         LINE#         458
  C:27EDH         LINE#         459
  C:27EDH         LINE#         460
  C:27F2H         LINE#         461
  C:2812H         LINE#         462
  C:2812H         LINE#         463
  C:2816H         LINE#         466
  C:281AH         LINE#         467
  C:281AH         LINE#         468
  C:281FH         LINE#         469
  C:2821H         LINE#         470
  C:2827H         LINE#         471
  C:2827H         LINE#         472
  C:2829H         LINE#         473
  C:282BH         LINE#         475
  C:282BH         LINE#         476
  C:282DH         LINE#         477
  C:282DH         LINE#         478
  C:2832H         LINE#         479
  C:2834H         LINE#         480
  C:2837H         LINE#         481
  C:283EH         LINE#         482
  C:283EH         LINE#         483
  C:2840H         LINE#         484
  C:2842H         LINE#         485
  C:2846H         LINE#         486
  C:2846H         LINE#         487
  C:2849H         LINE#         488
  C:2849H         LINE#         489
  C:2849H         LINE#         490
  C:284EH         LINE#         493
  C:2853H         LINE#         494
  C:2855H         LINE#         495
  C:2857H         LINE#         496
  C:285AH         LINE#         497
  C:285FH         LINE#         498
  C:2861H         LINE#         499
  C:2864H         LINE#         500
  C:286BH         LINE#         501
  C:286BH         LINE#         502
BL51 BANKED LINKER/LOCATER V6.22                                                      12/09/2015  14:19:04  PAGE 46


  C:286DH         LINE#         503
  C:286FH         LINE#         504
  C:2873H         LINE#         505
  C:2873H         LINE#         506
  C:2876H         LINE#         507
  C:2876H         LINE#         508
  C:287AH         LINE#         509
  C:287AH         LINE#         510
  C:2881H         LINE#         511
  C:2881H         LINE#         512
  C:2884H         LINE#         513
  C:2896H         LINE#         514
  C:289BH         LINE#         515
  C:28A0H         LINE#         516
  C:28A0H         LINE#         517
  C:28A0H         LINE#         518
  C:28A2H         LINE#         521
  C:28A4H         LINE#         522
  -------         ENDPROC       _I2C_READ
  C:4AEFH         SYMBOL        L?0145
  -------         PROC          L?0144
  -------         ENDPROC       L?0144
  C:4AEFH         SYMBOL        L?0145
  -------         PROC          _I2C_CLOCK_DELAY
  D:0007H         SYMBOL        control
  C:4AF5H         LINE#         528
  C:4AF5H         LINE#         529
  C:4AF5H         LINE#         530
  C:4AF8H         LINE#         531
  C:4AF8H         LINE#         532
  C:4AFBH         LINE#         533
  C:4AFBH         LINE#         534
  C:4AFDH         LINE#         535
  C:4B00H         LINE#         536
  C:4B00H         LINE#         537
  C:4B03H         LINE#         538
  C:4B06H         LINE#         539
  C:4B08H         LINE#         540
  C:4B0AH         LINE#         541
  C:4B0AH         LINE#         544
  -------         ENDPROC       _I2C_CLOCK_DELAY
  -------         PROC          I2C_CLOCK_START
  C:4B0BH         LINE#         549
  C:4B0BH         LINE#         550
  C:4B0BH         LINE#         551
  C:4B0EH         LINE#         552
  C:4B11H         LINE#         553
  C:4B13H         LINE#         554
  C:4B16H         LINE#         555
  C:4B19H         LINE#         556
  C:4B1BH         LINE#         557
  C:4B1DH         LINE#         560
  -------         ENDPROC       I2C_CLOCK_START
  -------         ENDMOD        I2C

  -------         MODULE        STA013
  C:0000H         SYMBOL        _ICE_DUMMY_
BL51 BANKED LINKER/LOCATER V6.22                                                      12/09/2015  14:19:04  PAGE 47


  D:0080H         PUBLIC        P0
  D:0090H         PUBLIC        P1
  D:00A0H         PUBLIC        P2
  D:00B0H         PUBLIC        P3
  B:00A0H.7       PUBLIC        LED4
  D:00A8H         PUBLIC        IEN0
  D:00B8H         PUBLIC        IPL0
  D:00D8H         PUBLIC        CCON
  D:0098H         PUBLIC        SCON
  D:0088H         PUBLIC        TCON
  B:00B0H.3       PUBLIC        trig
  C:46DAH         PUBLIC        _test_I2C
  D:00C8H         PUBLIC        T2CON
  B:00B0H.2       PUBLIC        gpio_rst
  D:00D0H         PUBLIC        PSW
  C:2C01H         PUBLIC        config_file
  -------         PROC          CONFIG_FILE
  -------         DO            
  D:0044H         SYMBOL        config_p
  D:0047H         SYMBOL        send_array
  D:0049H         SYMBOL        get_array
  D:004AH         SYMBOL        error_flag
  D:004BH         SYMBOL        index
  -------         ENDDO         
  C:2C01H         LINE#         20
  C:2C01H         LINE#         21
  C:2C01H         LINE#         26
  C:2C03H         LINE#         28
  C:2C0CH         LINE#         29
  C:2C15H         LINE#         31
  C:2C15H         LINE#         32
  C:2C26H         LINE#         33
  C:2C3BH         LINE#         34
  C:2C46H         LINE#         35
  C:2C5BH         LINE#         36
  C:2C60H         LINE#         37
  C:2C60H         LINE#         38
  C:2C6FH         LINE#         40
  C:2C71H         LINE#         42
  C:2C71H         LINE#         43
  C:2C7AH         LINE#         44
  C:2C7EH         LINE#         45
  C:2C90H         LINE#         46
  C:2CA5H         LINE#         47
  C:2CAAH         LINE#         48
  C:2CAFH         LINE#         49
  C:2CB8H         LINE#         50
  C:2CC1H         LINE#         52
  C:2CC1H         LINE#         53
  C:2CD2H         LINE#         54
  C:2CE7H         LINE#         55
  C:2CF2H         LINE#         56
  C:2D07H         LINE#         57
  C:2D0CH         LINE#         58
  C:2D0CH         LINE#         59
  C:2D1BH         LINE#         61
  C:2D1DH         LINE#         62
BL51 BANKED LINKER/LOCATER V6.22                                                      12/09/2015  14:19:04  PAGE 48


  C:2D1DH         LINE#         63
  C:2D26H         LINE#         64
  C:2D2AH         LINE#         65
  C:2D3CH         LINE#         66
  C:2D51H         LINE#         67
  C:2D56H         LINE#         68
  C:2D5BH         LINE#         71
  C:2D5DH         LINE#         72
  C:2D5FH         LINE#         75
  C:2D62H         LINE#         76
  C:2D65H         LINE#         77
  C:2D68H         LINE#         78
  C:2D75H         LINE#         79
  C:2D84H         LINE#         80
  C:2D96H         LINE#         81
  C:2DA2H         LINE#         82
  C:2DB4H         LINE#         83
  C:2DC0H         LINE#         84
  C:2DC5H         LINE#         85
  C:2DCAH         LINE#         88
  C:2DCDH         LINE#         89
  C:2DD0H         LINE#         90
  C:2DD3H         LINE#         91
  C:2DE0H         LINE#         92
  C:2DEDH         LINE#         93
  C:2DFFH         LINE#         94
  C:2E0BH         LINE#         95
  C:2E1DH         LINE#         96
  C:2E29H         LINE#         97
  C:2E2EH         LINE#         98
  C:2E33H         LINE#         101
  C:2E36H         LINE#         102
  C:2E39H         LINE#         103
  C:2E46H         LINE#         104
  C:2E49H         LINE#         105
  C:2E4CH         LINE#         106
  C:2E59H         LINE#         107
  C:2E5CH         LINE#         108
  C:2E5FH         LINE#         109
  C:2E6CH         LINE#         110
  C:2E6FH         LINE#         111
  C:2E72H         LINE#         112
  C:2E7FH         LINE#         113
  C:2E82H         LINE#         114
  C:2E85H         LINE#         115
  C:2E91H         LINE#         116
  C:2E94H         LINE#         117
  C:2E97H         LINE#         118
  C:2EA4H         LINE#         119
  C:2EA7H         LINE#         120
  C:2EAAH         LINE#         121
  C:2EB6H         LINE#         122
  C:2EB9H         LINE#         123
  C:2EBCH         LINE#         124
  C:2EC8H         LINE#         125
  C:2ECBH         LINE#         126
  C:2ECEH         LINE#         127
BL51 BANKED LINKER/LOCATER V6.22                                                      12/09/2015  14:19:04  PAGE 49


  C:2EDBH         LINE#         130
  C:2EDEH         LINE#         131
  C:2EE1H         LINE#         132
  C:2EEDH         LINE#         135
  C:2EF0H         LINE#         136
  C:2EF3H         LINE#         137
  C:2F00H         LINE#         140
  C:2F03H         LINE#         141
  C:2F06H         LINE#         142
  C:2F13H         LINE#         145
  C:2F16H         LINE#         146
  C:2F19H         LINE#         147
  C:2F26H         LINE#         148
  C:2F29H         LINE#         149
  C:2F2CH         LINE#         150
  C:2F39H         LINE#         153
  C:2F3CH         LINE#         154
  C:2F3FH         LINE#         155
  C:2F4CH         LINE#         158
  C:2F4EH         LINE#         159
  -------         ENDPROC       CONFIG_FILE
  -------         PROC          _TEST_I2C
  D:0044H         SYMBOL        array_name
  -------         DO            
  D:0047H         SYMBOL        i
  D:0048H         SYMBOL        error_flag
  -------         ENDDO         
  C:46DAH         LINE#         162
  C:46E0H         LINE#         163
  C:46E0H         LINE#         166
  C:46E3H         LINE#         167
  C:46E5H         LINE#         168
  C:46E7H         LINE#         169
  C:46E9H         LINE#         171
  C:46E9H         LINE#         172
  C:46F8H         LINE#         173
  C:46FAH         LINE#         174
  C:4702H         LINE#         175
  C:4706H         LINE#         176
  C:4706H         LINE#         177
  C:4718H         LINE#         178
  C:471DH         LINE#         179
  C:4722H         LINE#         180
  C:4722H         LINE#         181
  C:4736H         LINE#         182
  C:4738H         LINE#         183
  C:473AH         LINE#         184
  -------         ENDPROC       _TEST_I2C
  -------         ENDMOD        STA013

  -------         MODULE        CONFIG
  C:0800H         SEGMENT       STA013_CONFIG
  C:0800H         PUBLIC        CONFIG
  C:179EH         PUBLIC        CONFIG2
  -------         ENDMOD        CONFIG

  -------         MODULE        ?C?CLDPTR
BL51 BANKED LINKER/LOCATER V6.22                                                      12/09/2015  14:19:04  PAGE 50


  C:2F4FH         PUBLIC        ?C?CLDPTR
  -------         ENDMOD        ?C?CLDPTR

  -------         MODULE        ?C?CLDOPTR
  C:2F68H         PUBLIC        ?C?CLDOPTR
  -------         ENDMOD        ?C?CLDOPTR

  -------         MODULE        ?C?CSTPTR
  C:2F95H         PUBLIC        ?C?CSTPTR
  -------         ENDMOD        ?C?CSTPTR

  -------         MODULE        ?C?CSTOPTR
  C:2FA7H         PUBLIC        ?C?CSTOPTR
  -------         ENDMOD        ?C?CSTOPTR

  -------         MODULE        ?C?IMUL
  C:2FC9H         PUBLIC        ?C?IMUL
  -------         ENDMOD        ?C?IMUL

  -------         MODULE        ?C?UIDIV
  C:2FDBH         PUBLIC        ?C?UIDIV
  -------         ENDMOD        ?C?UIDIV

  -------         MODULE        ?C?LMUL
  C:3030H         PUBLIC        ?C?LMUL
  -------         ENDMOD        ?C?LMUL

  -------         MODULE        ?C?ULDIV
  C:30BBH         PUBLIC        ?C?ULDIV
  -------         ENDMOD        ?C?ULDIV

  -------         MODULE        ?C?SLCMP
  C:314DH         PUBLIC        ?C?SLCMP
  -------         ENDMOD        ?C?SLCMP

  -------         MODULE        ?C?ULCMP
  C:3163H         PUBLIC        ?C?ULCMP
  -------         ENDMOD        ?C?ULCMP

  -------         MODULE        ?C?ULSHR
  C:3174H         PUBLIC        ?C?ULSHR
  -------         ENDMOD        ?C?ULSHR

  -------         MODULE        ?C?LSHL
  C:3187H         PUBLIC        ?C?LSHL
  -------         ENDMOD        ?C?LSHL

  -------         MODULE        ?C?LLDIDATA
  C:319AH         PUBLIC        ?C?LLDIDATA
  -------         ENDMOD        ?C?LLDIDATA

  -------         MODULE        ?C?LLDIDATA0
  C:31A6H         PUBLIC        ?C?LLDIDATA0
  -------         ENDMOD        ?C?LLDIDATA0

  -------         MODULE        ?C?LSTIDATA
  C:31B3H         PUBLIC        ?C?LSTIDATA
BL51 BANKED LINKER/LOCATER V6.22                                                      12/09/2015  14:19:04  PAGE 51


  -------         ENDMOD        ?C?LSTIDATA

  -------         MODULE        PUTCHAR
  C:4A02H         PUBLIC        _PUTCHAR
  -------         ENDMOD        PUTCHAR

  -------         MODULE        PRINTF
  D:006AH         PUBLIC        ?_PRINTF517?BYTE
  D:006AH         PUBLIC        ?_PRINTF?BYTE
  D:006AH         PUBLIC        ?_SPRINTF517?BYTE
  D:006AH         PUBLIC        ?_SPRINTF?BYTE
  C:2907H         PUBLIC        _PRINTF
  C:2907H         PUBLIC        _PRINTF517
  C:2901H         PUBLIC        _SPRINTF
  C:2901H         PUBLIC        _SPRINTF517
  -------         ENDMOD        PRINTF

  -------         MODULE        GETCHAR
  B:0021H.1       PUBLIC        ?C?CHARLOADED
  D:0008H         PUBLIC        ?_UNGETCHAR?BYTE
  C:4B31H         PUBLIC        GETCHAR
  -------         ENDMOD        GETCHAR

  -------         MODULE        ATOL
  C:3E77H         PUBLIC        _atol
  -------         ENDMOD        ATOL

  -------         MODULE        ?C?LNEG
  C:31BFH         PUBLIC        ?C?LNEG
  -------         ENDMOD        ?C?LNEG

  -------         MODULE        ?C?PLDIIDATA
  C:31CDH         PUBLIC        ?C?PLDIIDATA
  -------         ENDMOD        ?C?PLDIIDATA

  -------         MODULE        ?C?CCASE
  C:31DDH         PUBLIC        ?C?CCASE
  -------         ENDMOD        ?C?CCASE

  -------         MODULE        _GETKEY
  C:4B6CH         PUBLIC        _GETKEY
  -------         ENDMOD        _GETKEY

  -------         MODULE        ISDIGIT
  C:4B51H         PUBLIC        _isdigit
  -------         ENDMOD        ISDIGIT

  -------         MODULE        ISSPACE
  C:4B1EH         PUBLIC        _isspace
  -------         ENDMOD        ISSPACE

******************************************************************************
* RESTRICTED VERSION WITH 0800H BYTE CODE SIZE LIMIT; USED: 3C20H BYTE (751%) *
******************************************************************************

Program Size: data=152.2 xdata=1024 code=17281
LINK/LOCATE RUN COMPLETE.  0 WARNING(S),  0 ERROR(S)
BL51 BANKED LINKER/LOCATER V6.22                                                      12/09/2015  14:19:04  PAGE 52



*** FATAL ERROR L250: CODE SIZE LIMIT IN RESTRICTED VERSION EXCEEDED
    MODULE:  C:\KEIL_V5\C51\LIB\C51S.LIB (-----)
    LIMIT:   0800H BYTES