BL51 BANKED LINKER/LOCATER V6.22                                                        12/15/2015  12:35:43  PAGE 1


BL51 BANKED LINKER/LOCATER V6.22, INVOKED BY:
C:\KEIL_V5\C51\BIN\BL51.EXE hardware_delay.obj, lcd.obj, Long_Serial_In.obj, main.obj, print_bytes.obj, SDcard.obj, spi.
>> obj, uart.obj, Directory_Functions.obj, i2c.obj, sta013.obj, config.obj TO part2 RAMSIZE (256)


MEMORY MODEL: SMALL


INPUT MODULES INCLUDED:
  hardware_delay.obj (HARDWARE_DELAY)
  lcd.obj (LCD)
  Long_Serial_In.obj (LONG_SERIAL_IN)
  main.obj (MAIN)
  print_bytes.obj (PRINT_BYTES)
  SDcard.obj (SDCARD)
  spi.obj (SPI)
  uart.obj (UART)
  Directory_Functions.obj (DIRECTORY_FUNCTIONS)
  i2c.obj (I2C)
  sta013.obj (STA013)
  config.obj (CONFIG)
  C:\KEIL_V5\C51\LIB\C51S.LIB (?C_STARTUP)
  C:\KEIL_V5\C51\LIB\C51S.LIB (?C?CLDPTR)
  C:\KEIL_V5\C51\LIB\C51S.LIB (?C?CLDOPTR)
  C:\KEIL_V5\C51\LIB\C51S.LIB (?C?CSTPTR)
  C:\KEIL_V5\C51\LIB\C51S.LIB (?C?CSTOPTR)
  C:\KEIL_V5\C51\LIB\C51S.LIB (?C?UIDIV)
  C:\KEIL_V5\C51\LIB\C51S.LIB (?C?LMUL)
  C:\KEIL_V5\C51\LIB\C51S.LIB (?C?ULDIV)
  C:\KEIL_V5\C51\LIB\C51S.LIB (?C?ULCMP)
  C:\KEIL_V5\C51\LIB\C51S.LIB (?C?ULSHR)
  C:\KEIL_V5\C51\LIB\C51S.LIB (?C?LSHL)
  C:\KEIL_V5\C51\LIB\C51S.LIB (?C?LLDIDATA)
  C:\KEIL_V5\C51\LIB\C51S.LIB (?C?LLDIDATA0)
  C:\KEIL_V5\C51\LIB\C51S.LIB (?C?LSTIDATA)
  C:\KEIL_V5\C51\LIB\C51S.LIB (?C?LSTKIDATA)
  C:\KEIL_V5\C51\LIB\C51S.LIB (?C?LCASE)
  C:\KEIL_V5\C51\LIB\C51S.LIB (PUTCHAR)
  C:\KEIL_V5\C51\LIB\C51S.LIB (PRINTF)
  C:\KEIL_V5\C51\LIB\C51S.LIB (GETCHAR)
  C:\KEIL_V5\C51\LIB\C51S.LIB (ATOL)
  C:\KEIL_V5\C51\LIB\C51S.LIB (?C?LNEG)
  C:\KEIL_V5\C51\LIB\C51S.LIB (?C?PLDIIDATA)
  C:\KEIL_V5\C51\LIB\C51S.LIB (?C?CCASE)
  C:\KEIL_V5\C51\LIB\C51S.LIB (_GETKEY)
  C:\KEIL_V5\C51\LIB\C51S.LIB (ISDIGIT)
  C:\KEIL_V5\C51\LIB\C51S.LIB (ISSPACE)


LINK MAP OF MODULE:  part2 (HARDWARE_DELAY)


            TYPE    BASE      LENGTH    RELOCATION   SEGMENT NAME
            -----------------------------------------------------

            * * * * * * *   D A T A   M E M O R Y   * * * * * * *
            REG     0000H     0008H     ABSOLUTE     "REG BANK 0"
            DATA    0008H     0012H     UNIT         ?DT?_FIND_NEXT_CLUSTER?DIRECTORY_FUNCTIONS
BL51 BANKED LINKER/LOCATER V6.22                                                      12/15/2015  12:35:43  PAGE 2


            DATA    001AH     0001H     UNIT         ?DT?GETCHAR
                    001BH     0005H                  *** GAP ***
            BIT     0020H.0   0002H.2   UNIT         _BIT_GROUP_
            BIT     0022H.2   0000H.1   UNIT         ?BI?GETCHAR
                    0022H.3   0000H.5                *** GAP ***
            DATA    0023H     005DH     UNIT         _DATA_GROUP_
            IDATA   0080H     0031H     UNIT         ?ID?DIRECTORY_FUNCTIONS
            IDATA   00B1H     0029H     UNIT         ?ID?MAIN
            IDATA   00DAH     000CH     UNIT         _IDATA_GROUP_
            IDATA   00E6H     0001H     UNIT         ?STACK

            * * * * * * *  X D A T A   M E M O R Y  * * * * * * *
            XDATA   0000H     0400H     UNIT         ?XD?MAIN

            * * * * * * *   C O D E   M E M O R Y   * * * * * * *
            CODE    0000H     0003H     ABSOLUTE     
            CODE    0003H     0027H     UNIT         ?PR?_TRANS_CMD58?SDCARD
                    002AH     0001H                  *** GAP ***
            CODE    002BH     0003H     ABSOLUTE     
            CODE    002EH     0FD0H     UNIT         STA013_CONFIG
            CODE    0FFEH     0725H     UNIT         ?PR?_MOUNT_DRIVE?DIRECTORY_FUNCTIONS
            CODE    1723H     03FBH     UNIT         ?PR?TIMER2_ISR?MAIN
            CODE    1B1EH     03F6H     UNIT         ?PR?MAIN?MAIN
            CODE    1F14H     0365H     UNIT         ?PR?_I2C_READ?I2C
            CODE    2279H     035CH     UNIT         ?PR?PRINTF?PRINTF
            CODE    25D5H     0357H     UNIT         ?PR?CONFIG_FILE?STA013
            CODE    292CH     02DFH     UNIT         ?C?LIB_CODE
            CODE    2C0BH     0234H     UNIT         ?PR?_READ_DIR_ENTRY?DIRECTORY_FUNCTIONS
            CODE    2E3FH     01DDH     UNIT         ?PR?_PRINT_DIRECTORY?DIRECTORY_FUNCTIONS
            CODE    301CH     01BEH     UNIT         ?PR?_I2C_WRITE?I2C
            CODE    31DAH     018BH     UNIT         ?CO?DIRECTORY_FUNCTIONS
            CODE    3365H     0178H     UNIT         ?PR?SDCARD_INIT?SDCARD
            CODE    34DDH     0125H     UNIT         ?PR?_FIRST_SECTOR?DIRECTORY_FUNCTIONS
            CODE    3602H     00E6H     UNIT         ?CO?MAIN
            CODE    36E8H     00DEH     UNIT         ?PR?_ATOL?ATOL
            CODE    37C6H     00C6H     UNIT         ?PR?LONG_SERIAL_INPUT?LONG_SERIAL_IN
            CODE    388CH     00C3H     UNIT         ?PR?_FIND_NEXT_CLUSTER?DIRECTORY_FUNCTIONS
            CODE    394FH     00C3H     UNIT         ?PR?_FIND_NEXT_CLUSTER_ISR?DIRECTORY_FUNCTIONS
            CODE    3A12H     00A7H     UNIT         ?PR?_SEND_COMMAND_ISR?SDCARD
            CODE    3AB9H     00A5H     UNIT         ?PR?_READ_BLOCK_ISR?SDCARD
            CODE    3B5EH     009FH     UNIT         ?PR?_SEND_COMMAND?SDCARD
            CODE    3BFDH     009EH     UNIT         ?PR?_GET_RESPONSE?SDCARD
            CODE    3C9BH     008CH     UNIT         ?PR?_READ_SECTOR_ISR?SDCARD
            CODE    3D27H     0083H     UNIT         ?PR?_READ32?DIRECTORY_FUNCTIONS
            CODE    3DAAH     0082H     UNIT         ?PR?_READ_SECTOR?SDCARD
            CODE    3E2CH     007DH     UNIT         ?PR?_TRANS_ACMD41?SDCARD
            CODE    3EA9H     007BH     UNIT         ?PR?_READ32_ISR?DIRECTORY_FUNCTIONS
            CODE    3F24H     0078H     UNIT         ?PR?_PRINT_16BYTES?PRINT_BYTES
            CODE    3F9CH     0071H     UNIT         ?CO?STA013
            CODE    400DH     006CH     UNIT         ?PR?_READ_BLOCK?SDCARD
            CODE    4079H     0068H     UNIT         ?PR?_SPI_MASTER_INIT?SPI
            CODE    40E1H     005FH     UNIT         ?PR?_PRINT_MEMORY?PRINT_BYTES
            CODE    4140H     005BH     UNIT         ?PR?_FIRST_SECTOR_ISR?DIRECTORY_FUNCTIONS
            CODE    419BH     005BH     UNIT         ?PR?_TEST_I2C?STA013
            CODE    41F6H     005AH     UNIT         ?PR?_GET_RESPONSE_NO_END_ISR?SDCARD
            CODE    4250H     0059H     UNIT         ?PR?_READ16?DIRECTORY_FUNCTIONS
            CODE    42A9H     0050H     UNIT         ?PR?_LCD_PRINT?LCD
BL51 BANKED LINKER/LOCATER V6.22                                                      12/15/2015  12:35:43  PAGE 3


            CODE    42F9H     004FH     UNIT         ?PR?_GET_RESPONSE_NO_END?SDCARD
            CODE    4348H     0045H     UNIT         ?CO?PRINT_BYTES
            CODE    438DH     0041H     UNIT         ?PR?_TRANS_CMD8?SDCARD
            CODE    43CEH     0038H     UNIT         ?PR?_TRANS_CMD0?SDCARD
            CODE    4406H     0036H     UNIT         ?PR?LCD_INIT?LCD
            CODE    443CH     002BH     UNIT         ?PR?_SPI_TRANSFER_ISR?SPI
            CODE    4467H     0029H     UNIT         ?PR?_DELAY_MS?HARDWARE_DELAY
            CODE    4490H     0027H     UNIT         ?PR?PUTCHAR?PUTCHAR
            CODE    44B7H     0022H     UNIT         ?PR?LCD_WRITE?LCD
            CODE    44D9H     0021H     UNIT         ?PR?_SPI_TRANSFER?SPI
            CODE    44FAH     0021H     UNIT         ?PR?_READ8?DIRECTORY_FUNCTIONS
            CODE    451BH     001CH     UNIT         ?PR?UART_INIT?UART
            CODE    4537H     001CH     UNIT         ?PR?_I2C_CLOCK_DELAY?I2C
            CODE    4553H     0013H     UNIT         ?PR?I2C_CLOCK_START?I2C
            CODE    4566H     0013H     UNIT         ?PR?_ISSPACE?ISSPACE
            CODE    4579H     0011H     UNIT         ?PR?GETCHAR?GETCHAR
            CODE    458AH     000FH     UNIT         ?PR?LCD_CLEAR?LCD
            CODE    4599H     000FH     UNIT         ?PR?_ISDIGIT?ISDIGIT
            CODE    45A8H     000CH     UNIT         ?C_C51STARTUP
            CODE    45B4H     000AH     UNIT         ?PR?_GETKEY?_GETKEY
            CODE    45BEH     0008H     UNIT         ?CO?SDCARD



OVERLAY MAP OF MODULE:   part2 (HARDWARE_DELAY)


SEGMENT                                             BIT_GROUP          DATA_GROUP          IDATA_GROUP
  +--> CALLED SEGMENT                            START    LENGTH     START    LENGTH     START    LENGTH
--------------------------------------------------------------------------------------------------------
?PR?TIMER2_ISR?MAIN                              -----    -----      -----    -----      -----    -----
  +--> ?PR?_SPI_TRANSFER_ISR?SPI
  +--> ?CO?MAIN
  +--> ?PR?PRINTF?PRINTF
  +--> ?PR?_READ_SECTOR_ISR?SDCARD
  +--> ?PR?_FIND_NEXT_CLUSTER_ISR?DIRECTORY_...
  +--> ?PR?_FIRST_SECTOR_ISR?DIRECTORY_FUNCT...

?PR?PRINTF?PRINTF                                0021H.1  0001H.1    006CH    0014H      -----    -----
  +--> ?PR?PUTCHAR?PUTCHAR

?PR?_READ_SECTOR_ISR?SDCARD                      -----    -----      0023H    000DH      -----    -----
  +--> ?PR?_SEND_COMMAND_ISR?SDCARD
  +--> ?PR?_GET_RESPONSE_NO_END_ISR?SDCARD

?PR?_SEND_COMMAND_ISR?SDCARD                     -----    -----      003CH    0005H      00E1H    0004H
  +--> ?PR?_SPI_TRANSFER_ISR?SPI

?PR?_GET_RESPONSE_NO_END_ISR?SDCARD              -----    -----      003CH    0005H      00E1H    0005H
  +--> ?PR?_SPI_TRANSFER_ISR?SPI

?PR?_FIND_NEXT_CLUSTER_ISR?DIRECTORY_...         -----    -----      0023H    0012H      -----    -----
  +--> ?PR?_SEND_COMMAND_ISR?SDCARD
  +--> ?PR?_READ_BLOCK_ISR?SDCARD
  +--> ?PR?_READ32_ISR?DIRECTORY_FUNCTIONS

?PR?_READ_BLOCK_ISR?SDCARD                       -----    -----      0035H    0007H      00DAH    0007H
BL51 BANKED LINKER/LOCATER V6.22                                                      12/15/2015  12:35:43  PAGE 4


  +--> ?PR?_SEND_COMMAND_ISR?SDCARD
  +--> ?PR?_GET_RESPONSE_NO_END_ISR?SDCARD

?PR?_READ32_ISR?DIRECTORY_FUNCTIONS              -----    -----      0035H    000BH      -----    -----

?PR?_FIRST_SECTOR_ISR?DIRECTORY_FUNCT...         -----    -----      0023H    0004H      -----    -----

*** NEW ROOT ***************************************************

?C_C51STARTUP                                    -----    -----      -----    -----      -----    -----
  +--> ?PR?MAIN?MAIN

?PR?MAIN?MAIN                                    -----    -----      0041H    0005H      -----    -----
  +--> ?PR?UART_INIT?UART
  +--> ?PR?LCD_INIT?LCD
  +--> ?PR?_SPI_MASTER_INIT?SPI
  +--> ?PR?SDCARD_INIT?SDCARD
  +--> ?CO?MAIN
  +--> ?PR?PRINTF?PRINTF
  +--> ?PR?PUTCHAR?PUTCHAR
  +--> ?PR?_MOUNT_DRIVE?DIRECTORY_FUNCTIONS
  +--> ?PR?LCD_CLEAR?LCD
  +--> ?PR?LCD_WRITE?LCD
  +--> ?PR?_LCD_PRINT?LCD
  +--> ?PR?CONFIG_FILE?STA013
  +--> ?PR?_TEST_I2C?STA013
  +--> ?PR?_PRINT_DIRECTORY?DIRECTORY_FUNCTIONS
  +--> ?PR?LONG_SERIAL_INPUT?LONG_SERIAL_IN
  +--> ?PR?_READ_DIR_ENTRY?DIRECTORY_FUNCTIONS
  +--> ?PR?_FIRST_SECTOR?DIRECTORY_FUNCTIONS
  +--> ?PR?_READ_SECTOR?SDCARD

?PR?LCD_INIT?LCD                                 -----    -----      -----    -----      -----    -----
  +--> ?PR?_DELAY_MS?HARDWARE_DELAY
  +--> ?PR?LCD_WRITE?LCD

?PR?LCD_WRITE?LCD                                0021H.1  0000H.1    004BH    0001H      -----    -----
  +--> ?PR?_DELAY_MS?HARDWARE_DELAY

?PR?_SPI_MASTER_INIT?SPI                         -----    -----      0046H    0001H      -----    -----

?PR?SDCARD_INIT?SDCARD                           -----    -----      0046H    0008H      -----    -----
  +--> ?PR?_SPI_TRANSFER?SPI
  +--> ?PR?_TRANS_CMD0?SDCARD
  +--> ?CO?SDCARD
  +--> ?PR?PRINTF?PRINTF
  +--> ?PR?PUTCHAR?PUTCHAR
  +--> ?PR?_DELAY_MS?HARDWARE_DELAY
  +--> ?PR?_TRANS_CMD8?SDCARD
  +--> ?PR?_TRANS_CMD58?SDCARD
  +--> ?PR?_TRANS_ACMD41?SDCARD

?PR?_TRANS_CMD0?SDCARD                           -----    -----      004EH    0003H      -----    -----
  +--> ?PR?_SEND_COMMAND?SDCARD
  +--> ?PR?_GET_RESPONSE?SDCARD

?PR?_SEND_COMMAND?SDCARD                         -----    -----      0071H    0009H      -----    -----
BL51 BANKED LINKER/LOCATER V6.22                                                      12/15/2015  12:35:43  PAGE 5


  +--> ?PR?_SPI_TRANSFER?SPI

?PR?_GET_RESPONSE?SDCARD                         -----    -----      0056H    0008H      -----    -----
  +--> ?PR?_SPI_TRANSFER?SPI

?PR?_TRANS_CMD8?SDCARD                           -----    -----      004EH    0003H      -----    -----
  +--> ?PR?_SEND_COMMAND?SDCARD
  +--> ?PR?_GET_RESPONSE?SDCARD

?PR?_TRANS_CMD58?SDCARD                          -----    -----      004EH    0003H      -----    -----
  +--> ?PR?_SEND_COMMAND?SDCARD
  +--> ?PR?_GET_RESPONSE?SDCARD

?PR?_TRANS_ACMD41?SDCARD                         -----    -----      004EH    0008H      -----    -----
  +--> ?PR?_SEND_COMMAND?SDCARD
  +--> ?PR?_GET_RESPONSE?SDCARD

?PR?_MOUNT_DRIVE?DIRECTORY_FUNCTIONS             -----    -----      0046H    0019H      -----    -----
  +--> ?PR?_READ_BLOCK?SDCARD
  +--> ?PR?_PRINT_MEMORY?PRINT_BYTES
  +--> ?PR?_READ8?DIRECTORY_FUNCTIONS
  +--> ?PR?_READ32?DIRECTORY_FUNCTIONS
  +--> ?CO?DIRECTORY_FUNCTIONS
  +--> ?PR?PRINTF?PRINTF
  +--> ?PR?PUTCHAR?PUTCHAR
  +--> ?PR?_READ16?DIRECTORY_FUNCTIONS

?PR?_READ_BLOCK?SDCARD                           -----    -----      0064H    000DH      -----    -----
  +--> ?PR?_SEND_COMMAND?SDCARD
  +--> ?PR?_GET_RESPONSE_NO_END?SDCARD

?PR?_GET_RESPONSE_NO_END?SDCARD                  -----    -----      0071H    000AH      -----    -----
  +--> ?PR?_SPI_TRANSFER?SPI

?PR?_PRINT_MEMORY?PRINT_BYTES                    -----    -----      005FH    0008H      -----    -----
  +--> ?CO?PRINT_BYTES
  +--> ?PR?PRINTF?PRINTF
  +--> ?PR?_PRINT_16BYTES?PRINT_BYTES

?PR?_PRINT_16BYTES?PRINT_BYTES                   -----    -----      0067H    0005H      -----    -----
  +--> ?CO?PRINT_BYTES
  +--> ?PR?PRINTF?PRINTF
  +--> ?PR?PUTCHAR?PUTCHAR

?PR?_READ32?DIRECTORY_FUNCTIONS                  -----    -----      005FH    000BH      -----    -----

?PR?_READ16?DIRECTORY_FUNCTIONS                  -----    -----      005FH    0007H      -----    -----

?PR?LCD_CLEAR?LCD                                -----    -----      -----    -----      -----    -----
  +--> ?PR?LCD_WRITE?LCD
  +--> ?PR?_DELAY_MS?HARDWARE_DELAY

?PR?_LCD_PRINT?LCD                               -----    -----      0046H    0005H      -----    -----
  +--> ?PR?LCD_WRITE?LCD

?PR?CONFIG_FILE?STA013                           -----    -----      0046H    000BH      -----    -----
  +--> ?CO?STA013
BL51 BANKED LINKER/LOCATER V6.22                                                      12/15/2015  12:35:43  PAGE 6


  +--> ?PR?PRINTF?PRINTF
  +--> ?PR?_I2C_WRITE?I2C
  +--> ?PR?PUTCHAR?PUTCHAR
  +--> ?PR?_I2C_READ?I2C

?PR?_I2C_WRITE?I2C                               -----    -----      0051H    000BH      -----    -----
  +--> ?PR?I2C_CLOCK_START?I2C
  +--> ?PR?_I2C_CLOCK_DELAY?I2C

?PR?_I2C_READ?I2C                                -----    -----      0051H    000BH      -----    -----
  +--> ?PR?I2C_CLOCK_START?I2C
  +--> ?PR?_I2C_CLOCK_DELAY?I2C

?PR?_TEST_I2C?STA013                             -----    -----      0046H    0005H      -----    -----
  +--> ?PR?_I2C_READ?I2C
  +--> ?CO?STA013
  +--> ?PR?PRINTF?PRINTF
  +--> ?PR?PUTCHAR?PUTCHAR

?PR?_PRINT_DIRECTORY?DIRECTORY_FUNCTIONS         -----    -----      0046H    001AH      -----    -----
  +--> ?PR?_READ_BLOCK?SDCARD
  +--> ?PR?_READ8?DIRECTORY_FUNCTIONS
  +--> ?CO?DIRECTORY_FUNCTIONS
  +--> ?PR?PRINTF?PRINTF
  +--> ?PR?PUTCHAR?PUTCHAR

?PR?LONG_SERIAL_INPUT?LONG_SERIAL_IN             -----    -----      0046H    0011H      -----    -----
  +--> ?PR?GETCHAR?GETCHAR
  +--> ?PR?_ATOL?ATOL
  +--> ?PR?PUTCHAR?PUTCHAR

?PR?GETCHAR?GETCHAR                              -----    -----      -----    -----      -----    -----
  +--> ?PR?_GETKEY?_GETKEY
  +--> ?PR?PUTCHAR?PUTCHAR

?PR?_ATOL?ATOL                                   0021H.1  0000H.1    0057H    0007H      -----    -----
  +--> ?PR?_ISSPACE?ISSPACE
  +--> ?PR?_ISDIGIT?ISDIGIT

?PR?_READ_DIR_ENTRY?DIRECTORY_FUNCTIONS          -----    -----      0046H    001EH      -----    -----
  +--> ?PR?_READ_BLOCK?SDCARD
  +--> ?PR?_READ8?DIRECTORY_FUNCTIONS

?PR?_FIRST_SECTOR?DIRECTORY_FUNCTIONS            -----    -----      0046H    0008H      -----    -----
  +--> ?CO?DIRECTORY_FUNCTIONS
  +--> ?PR?PRINTF?PRINTF
  +--> ?PR?PUTCHAR?PUTCHAR

?PR?_READ_SECTOR?SDCARD                          -----    -----      0046H    000DH      -----    -----
  +--> ?PR?_SEND_COMMAND?SDCARD
  +--> ?PR?_GET_RESPONSE_NO_END?SDCARD



SYMBOL TABLE OF MODULE:  part2 (HARDWARE_DELAY)

  VALUE           TYPE          NAME
BL51 BANKED LINKER/LOCATER V6.22                                                      12/15/2015  12:35:43  PAGE 7


  ----------------------------------

  -------         MODULE        HARDWARE_DELAY
  C:0000H         SYMBOL        _ICE_DUMMY_
  D:0080H         PUBLIC        P0
  D:0090H         PUBLIC        P1
  D:00A0H         PUBLIC        P2
  D:00B0H         PUBLIC        P3
  D:00A8H         PUBLIC        IEN0
  D:00B8H         PUBLIC        IPL0
  D:00D8H         PUBLIC        CCON
  D:0098H         PUBLIC        SCON
  D:0089H         PUBLIC        TMOD
  D:0088H         PUBLIC        TCON
  B:00A8H.1       PUBLIC        ET0
  B:0088H.5       PUBLIC        TF0
  D:008CH         PUBLIC        TH0
  D:008AH         PUBLIC        TL0
  C:4467H         PUBLIC        _delay_ms
  B:0088H.4       PUBLIC        TR0
  D:00C8H         PUBLIC        T2CON
  D:00D0H         PUBLIC        PSW
  -------         PROC          _DELAY_MS
  D:0006H         SYMBOL        timeout_val_ms
  -------         DO            
  D:0004H         SYMBOL        num_ms
  -------         ENDDO         
  C:4467H         LINE#         9
  C:4467H         LINE#         10
  C:4467H         LINE#         12
  C:446AH         LINE#         13
  C:446DH         LINE#         14
  C:446FH         LINE#         15
  C:4479H         LINE#         16
  C:4479H         LINE#         17
  C:447CH         LINE#         18
  C:447FH         LINE#         19
  C:4481H         LINE#         20
  C:4483H         LINE#         21
  C:4486H         LINE#         22
  C:4488H         LINE#         23
  C:448FH         LINE#         24
  -------         ENDPROC       _DELAY_MS
  -------         ENDMOD        HARDWARE_DELAY

  -------         MODULE        LCD
  C:0000H         SYMBOL        _ICE_DUMMY_
  D:0080H         PUBLIC        P0
  D:0090H         PUBLIC        P1
  D:00A0H         PUBLIC        P2
  D:00B0H         PUBLIC        P3
  D:00A8H         PUBLIC        IEN0
  D:00B8H         PUBLIC        IPL0
  C:458AH         PUBLIC        LCD_Clear
  D:00D8H         PUBLIC        CCON
  B:00B0H.6       PUBLIC        RS
  D:0080H         PUBLIC        LCD_DATA_OUT
BL51 BANKED LINKER/LOCATER V6.22                                                      12/15/2015  12:35:43  PAGE 8


  D:0098H         PUBLIC        SCON
  D:0088H         PUBLIC        TCON
  C:44BCH         PUBLIC        LCD_Write
  C:42A9H         PUBLIC        _LCD_Print
  B:00B0H.7       PUBLIC        E
  C:4406H         PUBLIC        LCD_Init
  D:00C8H         PUBLIC        T2CON
  D:00D0H         PUBLIC        PSW
  C:44B7H         SYMBOL        L?0013
  -------         PROC          L?0012
  -------         ENDPROC       L?0012
  C:44B7H         SYMBOL        L?0013
  -------         PROC          LCD_WRITE
  B:0021H.1       SYMBOL        RegSelect
  D:004BH         SYMBOL        LCD_Data
  C:44BCH         LINE#         6
  C:44BCH         LINE#         7
  C:44BCH         LINE#         9
  C:44C0H         LINE#         10
  C:44C2H         LINE#         11
  C:44C9H         LINE#         12
  C:44CCH         LINE#         13
  C:44CEH         LINE#         14
  C:44D5H         LINE#         15
  C:44D8H         LINE#         16
  -------         ENDPROC       LCD_WRITE
  -------         PROC          _LCD_PRINT
  D:0046H         SYMBOL        num_bytes
  D:0047H         SYMBOL        array_name
  -------         DO            
  D:004AH         SYMBOL        index
  -------         ENDDO         
  C:42A9H         LINE#         18
  C:42B1H         LINE#         19
  C:42B1H         LINE#         21
  C:42B5H         LINE#         22
  C:42B5H         LINE#         23
  C:42B7H         LINE#         24
  C:42C9H         LINE#         25
  C:42C9H         LINE#         26
  C:42D0H         LINE#         27
  C:42D2H         LINE#         28
  C:42D4H         LINE#         29
  C:42D4H         LINE#         31
  C:42D4H         LINE#         32
  C:42DEH         LINE#         33
  C:42DEH         LINE#         34
  C:42F4H         LINE#         35
  C:42F8H         LINE#         36
  C:42F8H         LINE#         38
  -------         ENDPROC       _LCD_PRINT
  -------         PROC          LCD_INIT
  C:4406H         LINE#         40
  C:4406H         LINE#         41
  C:4406H         LINE#         47
  C:440DH         LINE#         48
  C:4410H         LINE#         49
BL51 BANKED LINKER/LOCATER V6.22                                                      12/15/2015  12:35:43  PAGE 9


  C:4417H         LINE#         50
  C:441AH         LINE#         52
  C:441DH         LINE#         54
  C:4425H         LINE#         56
  C:442DH         LINE#         57
  C:4434H         LINE#         58
  -------         ENDPROC       LCD_INIT
  -------         PROC          LCD_CLEAR
  C:458AH         LINE#         64
  C:458AH         LINE#         65
  C:458AH         LINE#         66
  C:4592H         LINE#         67
  -------         ENDPROC       LCD_CLEAR
  -------         ENDMOD        LCD

  -------         MODULE        LONG_SERIAL_IN
  C:0000H         SYMBOL        _ICE_DUMMY_
  D:0080H         PUBLIC        P0
  D:0090H         PUBLIC        P1
  D:00A0H         PUBLIC        P2
  D:00B0H         PUBLIC        P3
  D:00A8H         PUBLIC        IEN0
  D:00B8H         PUBLIC        IPL0
  D:00D8H         PUBLIC        CCON
  C:37C6H         PUBLIC        long_serial_input
  D:0098H         PUBLIC        SCON
  D:0088H         PUBLIC        TCON
  D:00C8H         PUBLIC        T2CON
  D:00D0H         PUBLIC        PSW
  -------         PROC          LONG_SERIAL_INPUT
  -------         DO            
  D:0046H         SYMBOL        index
  D:0047H         SYMBOL        input
  D:0048H         SYMBOL        input_values
  D:0053H         SYMBOL        output_value
  -------         ENDDO         
  C:37C6H         LINE#         15
  C:37C6H         LINE#         16
  C:37C6H         LINE#         19
  C:37C9H         LINE#         20
  C:37C9H         LINE#         21
  C:37D0H         LINE#         22
  C:37D7H         LINE#         23
  C:37E1H         LINE#         24
  C:37E4H         LINE#         26
  C:37E4H         LINE#         27
  C:37E9H         LINE#         28
  C:37F7H         LINE#         29
  C:37F7H         LINE#         30
  C:37FEH         LINE#         31
  C:3800H         LINE#         32
  C:3802H         LINE#         33
  C:380DH         LINE#         34
  C:380DH         LINE#         35
  C:380FH         LINE#         36
  C:3816H         LINE#         37
  C:3816H         LINE#         38
BL51 BANKED LINKER/LOCATER V6.22                                                      12/15/2015  12:35:43  PAGE 10


  C:3816H         LINE#         39
  C:3818H         LINE#         40
  C:3823H         LINE#         41
  C:3823H         LINE#         42
  C:3834H         LINE#         43
  C:3839H         LINE#         44
  C:383BH         LINE#         45
  C:383DH         LINE#         47
  C:383DH         LINE#         48
  C:3842H         LINE#         49
  C:3847H         LINE#         50
  C:384CH         LINE#         51
  C:384CH         LINE#         52
  C:3851H         LINE#         53
  C:3851H         LINE#         54
  C:3862H         LINE#         55
  C:3867H         LINE#         56
  C:386CH         LINE#         57
  C:386CH         LINE#         58
  C:3883H         LINE#         60
  C:388BH         LINE#         61
  -------         ENDPROC       LONG_SERIAL_INPUT
  -------         ENDMOD        LONG_SERIAL_IN

  -------         MODULE        MAIN
  C:0000H         SYMBOL        _ICE_DUMMY_
  I:00B1H         PUBLIC        sector_offset
  D:0080H         PUBLIC        P0
  D:0090H         PUBLIC        P1
  B:0090H.1       PUBLIC        spi_en
  D:00A0H         PUBLIC        P2
  D:00B0H         PUBLIC        P3
  B:00A8H.7       PUBLIC        EA
  B:00A0H.4       PUBLIC        LED1
  B:00A0H.5       PUBLIC        LED2
  B:00A0H.6       PUBLIC        LED3
  B:00A0H.7       PUBLIC        LED4
  D:00A8H         PUBLIC        IEN0
  I:00B5H         PUBLIC        sector
  I:00B9H         PUBLIC        index1_g
  I:00BBH         PUBLIC        index2_g
  D:00B8H         PUBLIC        IPL0
  D:008FH         PUBLIC        CKCON0
  D:00CBH         PUBLIC        RCAP2H
  D:00D8H         PUBLIC        CCON
  C:1723H         PUBLIC        timer2_ISR
  D:00CAH         PUBLIC        RCAP2L
  C:1B1EH         PUBLIC        main
  D:0098H         PUBLIC        SCON
  D:0088H         PUBLIC        TCON
  B:00B0H.3       PUBLIC        trig
  I:00BDH         PUBLIC        return_entry
  I:00C1H         PUBLIC        play_status
  B:0088H.5       PUBLIC        TF0
  B:00A8H.5       PUBLIC        ET2
  B:00C8H.7       PUBLIC        TF2
  I:00C5H         PUBLIC        cluster_g
BL51 BANKED LINKER/LOCATER V6.22                                                      12/15/2015  12:35:43  PAGE 11


  D:00CDH         PUBLIC        TH2
  D:00CCH         PUBLIC        TL2
  X:0000H         PUBLIC        buff1
  X:0200H         PUBLIC        buff2
  I:00C9H         PUBLIC        next_entry
  B:00C8H.2       PUBLIC        TR2
  I:00CDH         PUBLIC        sector_base_g
  B:0090H.0       PUBLIC        DATA_REQ
  D:00C8H         PUBLIC        T2CON
  I:00D1H         PUBLIC        state_g
  I:00D5H         PUBLIC        temp8
  D:00D0H         PUBLIC        PSW
  I:00D6H         PUBLIC        block_number
  -------         PROC          TIMER2_ISR
  C:1723H         LINE#         36
  C:1740H         LINE#         47
  C:1751H         LINE#         48
  C:1751H         LINE#         49
  C:1761H         LINE#         50
  C:1761H         LINE#         51
  C:176AH         LINE#         52
  C:176AH         LINE#         53
  C:176AH         LINE#         55
  C:177BH         LINE#         56
  C:177BH         LINE#         57
  C:178BH         LINE#         58
  C:178BH         LINE#         59
  C:1794H         LINE#         60
  C:1794H         LINE#         61
  C:1794H         LINE#         64
  C:17D0H         LINE#         65
  C:17D0H         LINE#         67
  C:17D0H         LINE#         68
  C:17D0H         LINE#         69
  C:17D2H         LINE#         70
  C:17D4H         LINE#         71
  C:17D6H         LINE#         72
  C:17D8H         LINE#         73
  C:17DAH         LINE#         74
  C:17DCH         LINE#         75
  C:17E2H         LINE#         76
  C:17E2H         LINE#         77
  C:17FCH         LINE#         78
  C:1804H         LINE#         79
  C:1810H         LINE#         80
  C:1810H         LINE#         81
  C:181CH         LINE#         82
  C:181CH         LINE#         83
  C:182DH         LINE#         84
  C:182DH         LINE#         85
  C:1836H         LINE#         86
  C:1838H         LINE#         88
  C:1838H         LINE#         89
  C:1841H         LINE#         90
  C:1841H         LINE#         91
  C:1843H         LINE#         93
  C:1843H         LINE#         94
BL51 BANKED LINKER/LOCATER V6.22                                                      12/15/2015  12:35:43  PAGE 12


  C:184CH         LINE#         95
  C:184CH         LINE#         96
  C:184EH         LINE#         97
  C:184EH         LINE#         98
  C:1850H         LINE#         99
  C:1864H         LINE#         100
  C:1864H         LINE#         101
  C:186DH         LINE#         102
  C:187BH         LINE#         103
  C:187BH         LINE#         104
  C:1882H         LINE#         105
  C:1884H         LINE#         107
  C:1884H         LINE#         108
  C:188BH         LINE#         109
  C:188BH         LINE#         110
  C:188BH         LINE#         111
  C:188EH         LINE#         112
  C:188EH         LINE#         113
  C:1897H         LINE#         114
  C:1897H         LINE#         115
  C:1899H         LINE#         116
  C:189CH         LINE#         117
  C:189CH         LINE#         120
  C:189CH         LINE#         121
  C:189CH         LINE#         122
  C:189EH         LINE#         123
  C:18A0H         LINE#         124
  C:18A2H         LINE#         125
  C:18A4H         LINE#         127
  C:18BFH         LINE#         128
  C:18CDH         LINE#         130
  C:18E4H         LINE#         131
  C:18EDH         LINE#         132
  C:18EFH         LINE#         134
  C:18F2H         LINE#         135
  C:18F2H         LINE#         138
  C:18F2H         LINE#         139
  C:18F2H         LINE#         140
  C:18F4H         LINE#         141
  C:18F6H         LINE#         142
  C:18F8H         LINE#         143
  C:18FAH         LINE#         145
  C:190DH         LINE#         146
  C:191FH         LINE#         147
  C:191FH         LINE#         148
  C:1928H         LINE#         149
  C:1931H         LINE#         150
  C:1931H         LINE#         151
  C:1933H         LINE#         153
  C:1933H         LINE#         154
  C:1940H         LINE#         155
  C:1949H         LINE#         156
  C:1952H         LINE#         157
  C:1952H         LINE#         158
  C:1955H         LINE#         159
  C:1955H         LINE#         161
  C:1955H         LINE#         162
BL51 BANKED LINKER/LOCATER V6.22                                                      12/15/2015  12:35:43  PAGE 13


  C:1955H         LINE#         163
  C:1957H         LINE#         164
  C:1959H         LINE#         165
  C:195BH         LINE#         166
  C:195DH         LINE#         168
  C:1963H         LINE#         169
  C:1963H         LINE#         170
  C:196CH         LINE#         171
  C:196CH         LINE#         172
  C:196FH         LINE#         173
  C:196FH         LINE#         176
  C:196FH         LINE#         177
  C:196FH         LINE#         178
  C:1971H         LINE#         179
  C:1973H         LINE#         180
  C:1975H         LINE#         181
  C:1977H         LINE#         183
  C:1979H         LINE#         184
  C:197FH         LINE#         185
  C:197FH         LINE#         186
  C:1999H         LINE#         187
  C:19A1H         LINE#         188
  C:19ADH         LINE#         189
  C:19ADH         LINE#         190
  C:19B8H         LINE#         191
  C:19B8H         LINE#         192
  C:19C9H         LINE#         193
  C:19C9H         LINE#         194
  C:19D2H         LINE#         195
  C:19D4H         LINE#         197
  C:19D4H         LINE#         198
  C:19DDH         LINE#         199
  C:19DDH         LINE#         200
  C:19DFH         LINE#         202
  C:19DFH         LINE#         203
  C:19E8H         LINE#         204
  C:19E8H         LINE#         205
  C:19EAH         LINE#         206
  C:19EAH         LINE#         207
  C:19ECH         LINE#         208
  C:1A00H         LINE#         209
  C:1A00H         LINE#         210
  C:1A09H         LINE#         211
  C:1A17H         LINE#         212
  C:1A17H         LINE#         213
  C:1A1EH         LINE#         214
  C:1A20H         LINE#         216
  C:1A20H         LINE#         217
  C:1A27H         LINE#         218
  C:1A27H         LINE#         219
  C:1A27H         LINE#         220
  C:1A2AH         LINE#         221
  C:1A2AH         LINE#         222
  C:1A33H         LINE#         223
  C:1A33H         LINE#         225
  C:1A35H         LINE#         226
  C:1A38H         LINE#         227
BL51 BANKED LINKER/LOCATER V6.22                                                      12/15/2015  12:35:43  PAGE 14


  C:1A38H         LINE#         230
  C:1A38H         LINE#         231
  C:1A38H         LINE#         232
  C:1A3AH         LINE#         233
  C:1A3CH         LINE#         234
  C:1A3EH         LINE#         235
  C:1A40H         LINE#         237
  C:1A5BH         LINE#         238
  C:1A69H         LINE#         239
  C:1A80H         LINE#         240
  C:1A89H         LINE#         241
  C:1A90H         LINE#         242
  C:1A92H         LINE#         243
  C:1A92H         LINE#         246
  C:1A92H         LINE#         247
  C:1A92H         LINE#         248
  C:1A94H         LINE#         249
  C:1A96H         LINE#         250
  C:1A98H         LINE#         251
  C:1A9AH         LINE#         253
  C:1AADH         LINE#         254
  C:1ABFH         LINE#         255
  C:1ABFH         LINE#         256
  C:1AC8H         LINE#         257
  C:1AC8H         LINE#         258
  C:1ACAH         LINE#         260
  C:1ACAH         LINE#         261
  C:1AD7H         LINE#         262
  C:1AE0H         LINE#         263
  C:1AE9H         LINE#         264
  C:1AE9H         LINE#         265
  C:1AEBH         LINE#         266
  C:1AEBH         LINE#         268
  C:1AEBH         LINE#         269
  C:1AEBH         LINE#         270
  C:1AEDH         LINE#         271
  C:1AEFH         LINE#         272
  C:1AF1H         LINE#         273
  C:1AF3H         LINE#         275
  C:1AF6H         LINE#         276
  C:1AF6H         LINE#         277
  C:1AFFH         LINE#         278
  C:1AFFH         LINE#         279
  C:1AFFH         LINE#         280
  C:1AFFH         LINE#         281
  C:1AFFH         LINE#         282
  C:1B01H         LINE#         283
  C:1B03H         LINE#         284
  -------         ENDPROC       TIMER2_ISR
  -------         PROC          MAIN
  -------         DO            
  D:0041H         SYMBOL        error_flag
  D:0042H         SYMBOL        array_name
  D:0044H         SYMBOL        number_of_entries
  -------         ENDDO         
  C:1B1EH         LINE#         293
  C:1B1EH         LINE#         294
BL51 BANKED LINKER/LOCATER V6.22                                                      12/15/2015  12:35:43  PAGE 15


  C:1B1EH         LINE#         300
  C:1B21H         LINE#         302
  C:1B23H         LINE#         303
  C:1B25H         LINE#         304
  C:1B28H         LINE#         305
  C:1B2BH         LINE#         306
  C:1B36H         LINE#         307
  C:1B3BH         LINE#         309
  C:1B4DH         LINE#         310
  C:1B52H         LINE#         311
  C:1B57H         LINE#         312
  C:1B60H         LINE#         314
  C:1B63H         LINE#         315
  C:1B6BH         LINE#         316
  C:1B76H         LINE#         318
  C:1B78H         LINE#         319
  C:1B7DH         LINE#         320
  C:1B81H         LINE#         321
  C:1B81H         LINE#         322
  C:1B83H         LINE#         323
  C:1B95H         LINE#         324
  C:1BA1H         LINE#         325
  C:1BA6H         LINE#         326
  C:1BABH         LINE#         327
  C:1BABH         LINE#         329
  C:1BAEH         LINE#         330
  C:1BB1H         LINE#         331
  C:1BBCH         LINE#         332
  C:1BC0H         LINE#         333
  C:1BC0H         LINE#         334
  C:1BC2H         LINE#         335
  C:1BD4H         LINE#         336
  C:1BE0H         LINE#         337
  C:1BE5H         LINE#         338
  C:1BEAH         LINE#         339
  C:1BEAH         LINE#         342
  C:1BF5H         LINE#         345
  C:1BF7H         LINE#         348
  C:1BFBH         LINE#         349
  C:1BFBH         LINE#         350
  C:1BFDH         LINE#         351
  C:1C0FH         LINE#         352
  C:1C1BH         LINE#         353
  C:1C20H         LINE#         354
  C:1C25H         LINE#         355
  C:1C25H         LINE#         357
  C:1C28H         LINE#         358
  C:1C2AH         LINE#         359
  C:1C2CH         LINE#         360
  C:1C2EH         LINE#         361
  C:1C30H         LINE#         362
  C:1C33H         LINE#         363
  C:1C35H         LINE#         369
  C:1C37H         LINE#         370
  C:1C39H         LINE#         379
  C:1C3CH         LINE#         381
  C:1C4EH         LINE#         388
BL51 BANKED LINKER/LOCATER V6.22                                                      12/15/2015  12:35:43  PAGE 16


  C:1C4EH         LINE#         389
  C:1C4EH         LINE#         390
  C:1C58H         LINE#         391
  C:1C5FH         LINE#         392
  C:1C5FH         LINE#         394
  C:1C5FH         LINE#         395
  C:1C71H         LINE#         396
  C:1C79H         LINE#         397
  C:1C9BH         LINE#         398
  C:1C9BH         LINE#         399
  C:1CADH         LINE#         400
  C:1CADH         LINE#         401
  C:1CCFH         LINE#         402
  C:1CEBH         LINE#         403
  C:1CFDH         LINE#         404
  C:1D13H         LINE#         405
  C:1D18H         LINE#         406
  C:1D1DH         LINE#         407
  C:1D2BH         LINE#         408
  C:1D3AH         LINE#         409
  C:1D3AH         LINE#         410
  C:1D4CH         LINE#         411
  C:1D51H         LINE#         412
  C:1D56H         LINE#         413
  C:1D63H         LINE#         414
  C:1D75H         LINE#         415
  C:1D8BH         LINE#         416
  C:1D90H         LINE#         417
  C:1D95H         LINE#         418
  C:1DA7H         LINE#         419
  C:1DA7H         LINE#         420
  C:1DD4H         LINE#         421
  C:1DD4H         LINE#         422
  C:1DDDH         LINE#         423
  C:1DEFH         LINE#         425
  C:1DFCH         LINE#         426
  C:1E17H         LINE#         427
  C:1E25H         LINE#         428
  C:1E3CH         LINE#         429
  C:1E57H         LINE#         430
  C:1E65H         LINE#         431
  C:1E7CH         LINE#         432
  C:1E85H         LINE#         436
  C:1E8EH         LINE#         437
  C:1E94H         LINE#         438
  C:1E98H         LINE#         439
  C:1E9AH         LINE#         440
  C:1E9CH         LINE#         441
  C:1EACH         LINE#         442
  C:1EACH         LINE#         446
  C:1EACH         LINE#         447
  C:1EAEH         LINE#         449
  C:1EC0H         LINE#         450
  C:1EC0H         LINE#         451
  C:1ED1H         LINE#         452
  C:1ED1H         LINE#         453
  C:1ED4H         LINE#         454
BL51 BANKED LINKER/LOCATER V6.22                                                      12/15/2015  12:35:43  PAGE 17


  C:1ED4H         LINE#         455
  C:1ED7H         LINE#         456
  C:1EDEH         LINE#         457
  C:1EDEH         LINE#         458
  C:1EE0H         LINE#         459
  C:1EE5H         LINE#         460
  C:1EEAH         LINE#         461
  C:1EFCH         LINE#         462
  C:1F08H         LINE#         463
  C:1F0DH         LINE#         464
  C:1F12H         LINE#         465
  -------         ENDPROC       MAIN
  -------         ENDMOD        MAIN

  -------         MODULE        PRINT_BYTES
  C:0000H         SYMBOL        _ICE_DUMMY_
  D:0080H         PUBLIC        P0
  D:0090H         PUBLIC        P1
  D:00A0H         PUBLIC        P2
  D:00B0H         PUBLIC        P3
  D:00A8H         PUBLIC        IEN0
  D:00B8H         PUBLIC        IPL0
  C:3F24H         PUBLIC        _print_16bytes
  D:00D8H         PUBLIC        CCON
  C:40E1H         PUBLIC        _print_memory
  D:0098H         PUBLIC        SCON
  D:0088H         PUBLIC        TCON
  D:00C8H         PUBLIC        T2CON
  D:00D0H         PUBLIC        PSW
  -------         PROC          _PRINT_16BYTES
  D:0001H         SYMBOL        array_in
  -------         DO            
  D:0067H         SYMBOL        input
  D:006AH         SYMBOL        index
  D:006BH         SYMBOL        dat
  -------         ENDDO         
  C:3F24H         LINE#         16
  C:3F24H         LINE#         17
  C:3F24H         LINE#         20
  C:3F2AH         LINE#         21
  C:3F39H         LINE#         22
  C:3F3CH         LINE#         23
  C:3F3CH         LINE#         24
  C:3F4DH         LINE#         25
  C:3F58H         LINE#         26
  C:3F61H         LINE#         27
  C:3F64H         LINE#         28
  C:3F64H         LINE#         29
  C:3F75H         LINE#         30
  C:3F84H         LINE#         31
  C:3F89H         LINE#         32
  C:3F92H         LINE#         33
  C:3F97H         LINE#         34
  -------         ENDPROC       _PRINT_16BYTES
  -------         PROC          _PRINT_MEMORY
  D:005FH         SYMBOL        array_in
  D:0062H         SYMBOL        number_of_bytes
BL51 BANKED LINKER/LOCATER V6.22                                                      12/15/2015  12:35:43  PAGE 18


  -------         DO            
  D:0064H         SYMBOL        input
  D:0006H         SYMBOL        i
  -------         ENDDO         
  C:40E1H         LINE#         44
  C:40EBH         LINE#         45
  C:40EBH         LINE#         48
  C:40F1H         LINE#         49
  C:40F3H         LINE#         50
  C:40F8H         LINE#         51
  C:4109H         LINE#         52
  C:4112H         LINE#         54
  C:4112H         LINE#         55
  C:411BH         LINE#         56
  C:4126H         LINE#         57
  C:413FH         LINE#         58
  -------         ENDPROC       _PRINT_MEMORY
  -------         ENDMOD        PRINT_BYTES

  -------         MODULE        SDCARD
  C:0000H         SYMBOL        _ICE_DUMMY_
  D:0080H         PUBLIC        P0
  D:0090H         PUBLIC        P1
  D:00A0H         PUBLIC        P2
  D:00B0H         PUBLIC        P3
  C:3E2CH         PUBLIC        _trans_ACMD41
  B:00A0H.5       PUBLIC        LED2
  B:00A0H.7       PUBLIC        LED4
  C:400DH         PUBLIC        _read_block
  D:00A8H         PUBLIC        IEN0
  C:43CEH         PUBLIC        _trans_CMD0
  C:3DAAH         PUBLIC        _read_sector
  D:00B8H         PUBLIC        IPL0
  C:3C05H         PUBLIC        _get_response
  C:438DH         PUBLIC        _trans_CMD8
  D:00D8H         PUBLIC        CCON
  D:0098H         PUBLIC        SCON
  D:0088H         PUBLIC        TCON
  C:41FEH         PUBLIC        _get_response_no_end_ISR
  C:3A12H         PUBLIC        _send_command_ISR
  D:008EH         PUBLIC        AUXR
  B:0090H.4       PUBLIC        ncs
  C:3365H         PUBLIC        SDcard_init
  C:0003H         PUBLIC        _trans_CMD58
  C:3AB9H         PUBLIC        _read_block_ISR
  C:3C9BH         PUBLIC        _read_sector_ISR
  D:00C8H         PUBLIC        T2CON
  C:4301H         PUBLIC        _get_response_no_end
  C:3B68H         PUBLIC        _send_command
  D:00D0H         PUBLIC        PSW
  -------         PROC          SDCARD_INIT
  -------         DO            
  D:0046H         SYMBOL        return_value
  D:004BH         SYMBOL        error_flag
  D:004CH         SYMBOL        index
  D:004DH         SYMBOL        dat
  -------         ENDDO         
BL51 BANKED LINKER/LOCATER V6.22                                                      12/15/2015  12:35:43  PAGE 19


  C:3365H         LINE#         11
  C:3365H         LINE#         12
  C:3365H         LINE#         16
  C:3368H         LINE#         18
  C:336AH         LINE#         19
  C:336DH         LINE#         20
  C:336DH         LINE#         21
  C:3378H         LINE#         22
  C:3381H         LINE#         27
  C:338CH         LINE#         30
  C:338FH         LINE#         31
  C:338FH         LINE#         32
  C:3397H         LINE#         33
  C:33A2H         LINE#         34
  C:33ABH         LINE#         35
  C:33B0H         LINE#         36
  C:33B5H         LINE#         37
  C:33BCH         LINE#         42
  C:33C0H         LINE#         43
  C:33C0H         LINE#         44
  C:33CAH         LINE#         45
  C:33CAH         LINE#         49
  C:33CDH         LINE#         50
  C:33CDH         LINE#         51
  C:33D5H         LINE#         52
  C:33E0H         LINE#         53
  C:33E9H         LINE#         54
  C:33EEH         LINE#         55
  C:33F3H         LINE#         56
  C:33FAH         LINE#         59
  C:33FEH         LINE#         60
  C:33FEH         LINE#         61
  C:3408H         LINE#         62
  C:340EH         LINE#         63
  C:340EH         LINE#         64
  C:3411H         LINE#         65
  C:3413H         LINE#         66
  C:3413H         LINE#         67
  C:3413H         LINE#         71
  C:3416H         LINE#         72
  C:3416H         LINE#         73
  C:341EH         LINE#         74
  C:3429H         LINE#         75
  C:3432H         LINE#         76
  C:3437H         LINE#         77
  C:343CH         LINE#         78
  C:3443H         LINE#         81
  C:3447H         LINE#         82
  C:3447H         LINE#         83
  C:3451H         LINE#         84
  C:3451H         LINE#         88
  C:3454H         LINE#         89
  C:3454H         LINE#         90
  C:345CH         LINE#         91
  C:3467H         LINE#         92
  C:3470H         LINE#         93
  C:3475H         LINE#         94
BL51 BANKED LINKER/LOCATER V6.22                                                      12/15/2015  12:35:43  PAGE 20


  C:347AH         LINE#         95
  C:3481H         LINE#         98
  C:3485H         LINE#         99
  C:3485H         LINE#         100
  C:348FH         LINE#         101
  C:3495H         LINE#         102
  C:3495H         LINE#         104
  C:3495H         LINE#         105
  C:349AH         LINE#         106
  C:349AH         LINE#         108
  C:349DH         LINE#         109
  C:349FH         LINE#         111
  C:349FH         LINE#         112
  C:34A2H         LINE#         113
  C:34A2H         LINE#         114
  C:34A2H         LINE#         117
  C:34A5H         LINE#         118
  C:34A5H         LINE#         119
  C:34ADH         LINE#         120
  C:34B8H         LINE#         121
  C:34C1H         LINE#         122
  C:34C6H         LINE#         123
  C:34CBH         LINE#         124
  C:34D2H         LINE#         126
  C:34D6H         LINE#         127
  C:34D6H         LINE#         128
  C:34D8H         LINE#         129
  C:34D8H         LINE#         130
  C:34DAH         LINE#         132
  C:34DCH         LINE#         133
  -------         ENDPROC       SDCARD_INIT
  -------         PROC          _TRANS_CMD0
  D:004EH         SYMBOL        return_value
  -------         DO            
  D:0007H         SYMBOL        error_flag
  -------         ENDDO         
  C:43CEH         LINE#         150
  C:43D4H         LINE#         151
  C:43D4H         LINE#         155
  C:43D6H         LINE#         156
  C:43E3H         LINE#         157
  C:43E6H         LINE#         158
  C:43E6H         LINE#         159
  C:43F1H         LINE#         160
  C:43F1H         LINE#         161
  C:43F4H         LINE#         162
  C:43F4H         LINE#         163
  C:4401H         LINE#         164
  C:4401H         LINE#         165
  C:4403H         LINE#         166
  C:4403H         LINE#         167
  C:4403H         LINE#         168
  C:4405H         LINE#         170
  C:4405H         LINE#         171
  -------         ENDPROC       _TRANS_CMD0
  -------         PROC          _TRANS_CMD8
  D:004EH         SYMBOL        return_value
BL51 BANKED LINKER/LOCATER V6.22                                                      12/15/2015  12:35:43  PAGE 21


  -------         DO            
  D:0007H         SYMBOL        error_flag
  -------         ENDDO         
  C:438DH         LINE#         177
  C:4393H         LINE#         178
  C:4393H         LINE#         181
  C:4395H         LINE#         182
  C:43A5H         LINE#         183
  C:43A8H         LINE#         184
  C:43A8H         LINE#         185
  C:43B3H         LINE#         186
  C:43B3H         LINE#         187
  C:43C0H         LINE#         188
  C:43C4H         LINE#         189
  C:43C9H         LINE#         190
  C:43CBH         LINE#         191
  C:43CDH         LINE#         192
  C:43CDH         LINE#         193
  -------         ENDPROC       _TRANS_CMD8
  -------         PROC          _TRANS_CMD58
  D:004EH         SYMBOL        return_value
  -------         DO            
  D:0007H         SYMBOL        error_flag
  -------         ENDDO         
  C:0003H         LINE#         199
  C:0009H         LINE#         200
  C:0009H         LINE#         203
  C:000BH         LINE#         204
  C:0019H         LINE#         205
  C:001CH         LINE#         206
  C:001CH         LINE#         207
  C:0027H         LINE#         208
  C:0027H         LINE#         209
  C:0029H         LINE#         210
  C:0029H         LINE#         211
  -------         ENDPROC       _TRANS_CMD58
  -------         PROC          _TRANS_ACMD41
  D:004EH         SYMBOL        return_value
  -------         DO            
  D:0007H         SYMBOL        error_flag
  D:0051H         SYMBOL        timeout
  D:0052H         SYMBOL        ACMD41_argum
  -------         ENDDO         
  C:3E2CH         LINE#         216
  C:3E32H         LINE#         217
  C:3E32H         LINE#         219
  C:3E3CH         LINE#         224
  C:3E3EH         LINE#         227
  C:3E40H         LINE#         229
  C:3E40H         LINE#         230
  C:3E42H         LINE#         231
  C:3E50H         LINE#         232
  C:3E53H         LINE#         233
  C:3E56H         LINE#         234
  C:3E66H         LINE#         235
  C:3E68H         LINE#         236
  C:3E6BH         LINE#         237
BL51 BANKED LINKER/LOCATER V6.22                                                      12/15/2015  12:35:43  PAGE 22


  C:3E7CH         LINE#         238
  C:3E7FH         LINE#         239
  C:3E82H         LINE#         240
  C:3E92H         LINE#         241
  C:3E94H         LINE#         242
  C:3E96H         LINE#         243
  C:3EA0H         LINE#         244
  C:3EA4H         LINE#         245
  C:3EA4H         LINE#         246
  C:3EA6H         LINE#         247
  C:3EA6H         LINE#         248
  C:3EA8H         LINE#         250
  C:3EA8H         LINE#         251
  -------         ENDPROC       _TRANS_ACMD41
  -------         PROC          L?0177
  -------         ENDPROC       L?0177
  -------         PROC          _SEND_COMMAND
  D:0071H         SYMBOL        cmd
  D:0072H         SYMBOL        argum
  -------         DO            
  D:0076H         SYMBOL        error_flag
  D:0077H         SYMBOL        send_val
  D:0078H         SYMBOL        return_val
  D:0079H         SYMBOL        index
  -------         ENDDO         
  C:3B68H         LINE#         261
  C:3B6AH         LINE#         262
  C:3B6AH         LINE#         264
  C:3B74H         LINE#         265
  C:3B74H         LINE#         266
  C:3B7AH         LINE#         267
  C:3B86H         LINE#         268
  C:3B89H         LINE#         269
  C:3BA4H         LINE#         270
  C:3BA4H         LINE#         271
  C:3BB5H         LINE#         272
  C:3BC0H         LINE#         273
  C:3BC6H         LINE#         274
  C:3BC8H         LINE#         275
  C:3BCCH         LINE#         276
  C:3BD1H         LINE#         277
  C:3BD6H         LINE#         278
  C:3BDBH         LINE#         280
  C:3BDEH         LINE#         281
  C:3BE2H         LINE#         282
  C:3BEEH         LINE#         283
  C:3BF2H         LINE#         284
  C:3BF5H         LINE#         285
  C:3BF7H         LINE#         287
  C:3BFAH         LINE#         288
  C:3BFCH         LINE#         289
  -------         ENDPROC       _SEND_COMMAND
  -------         PROC          _SEND_COMMAND_ISR
  D:003CH         SYMBOL        cmd
  D:003DH         SYMBOL        argum
  -------         DO            
  I:00E1H         SYMBOL        error_flag
BL51 BANKED LINKER/LOCATER V6.22                                                      12/15/2015  12:35:43  PAGE 23


  I:00E2H         SYMBOL        send_val
  I:00E3H         SYMBOL        return_val
  I:00E4H         SYMBOL        index
  -------         ENDDO         
  C:3A12H         LINE#         295
  C:3A14H         LINE#         296
  C:3A14H         LINE#         298
  C:3A1EH         LINE#         299
  C:3A1EH         LINE#         300
  C:3A26H         LINE#         301
  C:3A33H         LINE#         302
  C:3A37H         LINE#         303
  C:3A55H         LINE#         304
  C:3A55H         LINE#         305
  C:3A66H         LINE#         306
  C:3A73H         LINE#         307
  C:3A79H         LINE#         308
  C:3A7BH         LINE#         309
  C:3A7FH         LINE#         310
  C:3A85H         LINE#         311
  C:3A8CH         LINE#         312
  C:3A90H         LINE#         314
  C:3A92H         LINE#         315
  C:3A97H         LINE#         316
  C:3AA7H         LINE#         317
  C:3AACH         LINE#         318
  C:3AAEH         LINE#         319
  C:3AB0H         LINE#         321
  C:3AB4H         LINE#         322
  C:3AB8H         LINE#         323
  -------         ENDPROC       _SEND_COMMAND_ISR
  -------         PROC          L?0178
  -------         ENDPROC       L?0178
  -------         PROC          _GET_RESPONSE
  D:0056H         SYMBOL        num_bytes
  D:0057H         SYMBOL        array_out
  -------         DO            
  D:005AH         SYMBOL        timeout
  D:005BH         SYMBOL        error_flag
  D:005CH         SYMBOL        recieve_value
  D:005DH         SYMBOL        index
  -------         ENDDO         
  C:3C05H         LINE#         327
  C:3C0DH         LINE#         328
  C:3C0DH         LINE#         331
  C:3C10H         LINE#         332
  C:3C12H         LINE#         334
  C:3C12H         LINE#         335
  C:3C1FH         LINE#         336
  C:3C21H         LINE#         337
  C:3C2EH         LINE#         338
  C:3C39H         LINE#         339
  C:3C3DH         LINE#         340
  C:3C42H         LINE#         341
  C:3C46H         LINE#         342
  C:3C48H         LINE#         343
  C:3C52H         LINE#         344
BL51 BANKED LINKER/LOCATER V6.22                                                      12/15/2015  12:35:43  PAGE 24


  C:3C57H         LINE#         345
  C:3C5EH         LINE#         346
  C:3C5EH         LINE#         347
  C:3C68H         LINE#         348
  C:3C68H         LINE#         349
  C:3C73H         LINE#         350
  C:3C84H         LINE#         351
  C:3C88H         LINE#         352
  C:3C88H         LINE#         353
  C:3C8CH         LINE#         354
  C:3C98H         LINE#         355
  C:3C9AH         LINE#         356
  -------         ENDPROC       _GET_RESPONSE
  C:42FBH         SYMBOL        L?0174
  -------         PROC          L?0173
  -------         ENDPROC       L?0173
  C:42FBH         SYMBOL        L?0174
  -------         PROC          _GET_RESPONSE_NO_END
  D:0071H         SYMBOL        num_bytes
  D:0073H         SYMBOL        array_out
  -------         DO            
  D:0076H         SYMBOL        timeout
  D:0077H         SYMBOL        error_flag
  D:0078H         SYMBOL        recieve_value
  D:0079H         SYMBOL        index
  -------         ENDDO         
  C:4301H         LINE#         362
  C:430BH         LINE#         363
  C:430BH         LINE#         366
  C:430EH         LINE#         367
  C:4310H         LINE#         368
  C:431FH         LINE#         369
  C:431FH         LINE#         370
  C:432AH         LINE#         371
  C:433BH         LINE#         372
  C:4345H         LINE#         373
  C:4347H         LINE#         374
  -------         ENDPROC       _GET_RESPONSE_NO_END
  C:41F8H         SYMBOL        L?0176
  -------         PROC          L?0175
  -------         ENDPROC       L?0175
  C:41F8H         SYMBOL        L?0176
  -------         PROC          _GET_RESPONSE_NO_END_ISR
  D:003CH         SYMBOL        num_bytes
  D:003EH         SYMBOL        array_out
  -------         DO            
  I:00E1H         SYMBOL        timeout
  I:00E2H         SYMBOL        error_flag
  I:00E3H         SYMBOL        recieve_value
  I:00E4H         SYMBOL        index
  -------         ENDDO         
  C:41FEH         LINE#         379
  C:4208H         LINE#         380
  C:4208H         LINE#         383
  C:420CH         LINE#         384
  C:420EH         LINE#         385
  C:421FH         LINE#         386
BL51 BANKED LINKER/LOCATER V6.22                                                      12/15/2015  12:35:43  PAGE 25


  C:421FH         LINE#         387
  C:422AH         LINE#         388
  C:4241H         LINE#         389
  C:424BH         LINE#         390
  C:424FH         LINE#         391
  -------         ENDPROC       _GET_RESPONSE_NO_END_ISR
  -------         PROC          _READ_BLOCK
  D:0064H         SYMBOL        block_number
  D:0068H         SYMBOL        block_info
  -------         DO            
  D:0007H         SYMBOL        error_flag
  D:006BH         SYMBOL        timeout
  D:006CH         SYMBOL        return_value
  -------         ENDDO         
  C:400DH         LINE#         399
  C:401BH         LINE#         400
  C:401BH         LINE#         403
  C:401DH         LINE#         404
  C:4020H         LINE#         405
  C:4023H         LINE#         407
  C:4023H         LINE#         408
  C:4025H         LINE#         409
  C:4028H         LINE#         410
  C:402BH         LINE#         411
  C:4033H         LINE#         414
  C:4037H         LINE#         415
  C:4037H         LINE#         416
  C:4039H         LINE#         417
  C:4039H         LINE#         418
  C:403CH         LINE#         420
  C:403CH         LINE#         421
  C:403EH         LINE#         422
  C:4041H         LINE#         423
  C:4044H         LINE#         424
  C:4051H         LINE#         428
  C:4055H         LINE#         429
  C:4055H         LINE#         430
  C:4057H         LINE#         431
  C:4057H         LINE#         432
  C:405DH         LINE#         433
  C:405DH         LINE#         434
  C:405FH         LINE#         435
  C:405FH         LINE#         436
  C:4062H         LINE#         437
  C:4062H         LINE#         438
  C:406EH         LINE#         439
  C:406EH         LINE#         440
  C:4071H         LINE#         441
  C:4071H         LINE#         442
  C:4076H         LINE#         444
  C:4076H         LINE#         445
  C:4078H         LINE#         447
  C:4078H         LINE#         449
  -------         ENDPROC       _READ_BLOCK
  -------         PROC          _READ_BLOCK_ISR
  D:0035H         SYMBOL        block_number
  D:0039H         SYMBOL        block_info
BL51 BANKED LINKER/LOCATER V6.22                                                      12/15/2015  12:35:43  PAGE 26


  -------         DO            
  I:00DAH         SYMBOL        error_flag
  I:00DBH         SYMBOL        timeout
  I:00DCH         SYMBOL        return_value
  -------         ENDDO         
  C:3AB9H         LINE#         452
  C:3AC7H         LINE#         453
  C:3AC7H         LINE#         456
  C:3AC9H         LINE#         457
  C:3ACDH         LINE#         458
  C:3AE2H         LINE#         460
  C:3AE2H         LINE#         461
  C:3AE5H         LINE#         462
  C:3AE9H         LINE#         463
  C:3AF0H         LINE#         464
  C:3AF9H         LINE#         467
  C:3AFEH         LINE#         468
  C:3AFEH         LINE#         469
  C:3B01H         LINE#         470
  C:3B01H         LINE#         471
  C:3B05H         LINE#         473
  C:3B05H         LINE#         474
  C:3B08H         LINE#         475
  C:3B0CH         LINE#         476
  C:3B13H         LINE#         477
  C:3B23H         LINE#         481
  C:3B28H         LINE#         482
  C:3B28H         LINE#         483
  C:3B2BH         LINE#         484
  C:3B2BH         LINE#         485
  C:3B30H         LINE#         486
  C:3B30H         LINE#         487
  C:3B34H         LINE#         488
  C:3B34H         LINE#         489
  C:3B39H         LINE#         490
  C:3B39H         LINE#         491
  C:3B49H         LINE#         492
  C:3B49H         LINE#         493
  C:3B4EH         LINE#         494
  C:3B4EH         LINE#         495
  C:3B57H         LINE#         497
  C:3B57H         LINE#         498
  C:3B59H         LINE#         500
  C:3B5DH         LINE#         502
  -------         ENDPROC       _READ_BLOCK_ISR
  -------         PROC          _READ_SECTOR
  D:0046H         SYMBOL        block_number
  D:004AH         SYMBOL        block_info
  -------         DO            
  D:0007H         SYMBOL        error_flag
  D:004DH         SYMBOL        timeout
  D:004EH         SYMBOL        return_value
  -------         ENDDO         
  C:3DAAH         LINE#         506
  C:3DB8H         LINE#         507
  C:3DB8H         LINE#         510
  C:3DBAH         LINE#         511
BL51 BANKED LINKER/LOCATER V6.22                                                      12/15/2015  12:35:43  PAGE 27


  C:3DBDH         LINE#         512
  C:3DC0H         LINE#         514
  C:3DC0H         LINE#         515
  C:3DC2H         LINE#         516
  C:3DC5H         LINE#         517
  C:3DD0H         LINE#         518
  C:3DD8H         LINE#         521
  C:3DDCH         LINE#         522
  C:3DDCH         LINE#         523
  C:3DDEH         LINE#         524
  C:3DDEH         LINE#         525
  C:3DE1H         LINE#         527
  C:3DE1H         LINE#         528
  C:3DE3H         LINE#         529
  C:3DE6H         LINE#         530
  C:3DF1H         LINE#         531
  C:3DFEH         LINE#         535
  C:3E02H         LINE#         536
  C:3E02H         LINE#         537
  C:3E04H         LINE#         538
  C:3E04H         LINE#         539
  C:3E0AH         LINE#         540
  C:3E0AH         LINE#         541
  C:3E0CH         LINE#         542
  C:3E0CH         LINE#         543
  C:3E0FH         LINE#         544
  C:3E0FH         LINE#         545
  C:3E1BH         LINE#         546
  C:3E1BH         LINE#         547
  C:3E1EH         LINE#         548
  C:3E1EH         LINE#         549
  C:3E29H         LINE#         551
  C:3E29H         LINE#         552
  C:3E2BH         LINE#         554
  C:3E2BH         LINE#         556
  -------         ENDPROC       _READ_SECTOR
  -------         PROC          _READ_SECTOR_ISR
  D:0023H         SYMBOL        block_number
  D:0027H         SYMBOL        block_info
  -------         DO            
  D:0007H         SYMBOL        error_flag
  D:002AH         SYMBOL        timeout
  D:002BH         SYMBOL        return_value
  -------         ENDDO         
  C:3C9BH         LINE#         562
  C:3CA9H         LINE#         563
  C:3CA9H         LINE#         566
  C:3CABH         LINE#         567
  C:3CAEH         LINE#         568
  C:3CBBH         LINE#         570
  C:3CBBH         LINE#         571
  C:3CBDH         LINE#         572
  C:3CC0H         LINE#         573
  C:3CCBH         LINE#         574
  C:3CD3H         LINE#         577
  C:3CD7H         LINE#         578
  C:3CD7H         LINE#         579
BL51 BANKED LINKER/LOCATER V6.22                                                      12/15/2015  12:35:43  PAGE 28


  C:3CD9H         LINE#         580
  C:3CD9H         LINE#         581
  C:3CDCH         LINE#         583
  C:3CDCH         LINE#         584
  C:3CDEH         LINE#         585
  C:3CE1H         LINE#         586
  C:3CECH         LINE#         587
  C:3CF9H         LINE#         591
  C:3CFDH         LINE#         592
  C:3CFDH         LINE#         593
  C:3CFFH         LINE#         594
  C:3CFFH         LINE#         595
  C:3D05H         LINE#         596
  C:3D05H         LINE#         597
  C:3D07H         LINE#         598
  C:3D07H         LINE#         599
  C:3D0AH         LINE#         600
  C:3D0AH         LINE#         601
  C:3D16H         LINE#         602
  C:3D16H         LINE#         603
  C:3D19H         LINE#         604
  C:3D19H         LINE#         605
  C:3D24H         LINE#         607
  C:3D24H         LINE#         608
  C:3D26H         LINE#         610
  C:3D26H         LINE#         612
  -------         ENDPROC       _READ_SECTOR_ISR
  -------         ENDMOD        SDCARD

  -------         MODULE        SPI
  C:0000H         SYMBOL        _ICE_DUMMY_
  D:0080H         PUBLIC        P0
  D:0090H         PUBLIC        P1
  D:00A0H         PUBLIC        P2
  D:00B0H         PUBLIC        P3
  D:00C3H         PUBLIC        SPCON
  C:443CH         PUBLIC        _SPI_transfer_ISR
  D:00C4H         PUBLIC        SPSTA
  D:00A8H         PUBLIC        IEN0
  D:00B8H         PUBLIC        IPL0
  D:00D8H         PUBLIC        CCON
  D:0098H         PUBLIC        SCON
  D:0088H         PUBLIC        TCON
  C:44D9H         PUBLIC        _SPI_transfer
  D:00C8H         PUBLIC        T2CON
  C:4079H         PUBLIC        _SPI_master_init
  D:00D0H         PUBLIC        PSW
  D:00C5H         PUBLIC        SPDAT
  -------         PROC          _SPI_MASTER_INIT
  D:0004H         SYMBOL        SCLR_FREQ
  -------         DO            
  D:0007H         SYMBOL        divider
  D:0046H         SYMBOL        return_val
  -------         ENDDO         
  C:4079H         LINE#         6
  C:4079H         LINE#         7
  C:4079H         LINE#         9
BL51 BANKED LINKER/LOCATER V6.22                                                      12/15/2015  12:35:43  PAGE 29


  C:407CH         LINE#         10
  C:408EH         LINE#         11
  C:4094H         LINE#         12
  C:4099H         LINE#         13
  C:409FH         LINE#         14
  C:40A4H         LINE#         15
  C:40AAH         LINE#         16
  C:40AFH         LINE#         17
  C:40B5H         LINE#         18
  C:40BAH         LINE#         19
  C:40C0H         LINE#         20
  C:40C5H         LINE#         21
  C:40CBH         LINE#         22
  C:40D0H         LINE#         23
  C:40D6H         LINE#         24
  C:40DBH         LINE#         26
  C:40DEH         LINE#         27
  C:40E0H         LINE#         28
  -------         ENDPROC       _SPI_MASTER_INIT
  -------         PROC          _SPI_TRANSFER
  D:0007H         SYMBOL        data_input
  D:0001H         SYMBOL        data_output
  -------         DO            
  D:0007H         SYMBOL        test
  D:0006H         SYMBOL        timeout
  -------         ENDDO         
  C:44D9H         LINE#         32
  C:44D9H         LINE#         33
  C:44D9H         LINE#         35
  C:44DBH         LINE#         36
  C:44DDH         LINE#         38
  C:44DDH         LINE#         39
  C:44DFH         LINE#         40
  C:44E0H         LINE#         41
  C:44E7H         LINE#         42
  C:44EAH         LINE#         43
  C:44EAH         LINE#         44
  C:44EFH         LINE#         45
  C:44F3H         LINE#         46
  C:44F5H         LINE#         48
  C:44F5H         LINE#         49
  C:44F7H         LINE#         50
  C:44F7H         LINE#         51
  C:44F9H         LINE#         52
  -------         ENDPROC       _SPI_TRANSFER
  -------         PROC          _SPI_TRANSFER_ISR
  D:0007H         SYMBOL        data_input
  D:0001H         SYMBOL        data_output
  -------         DO            
  D:0007H         SYMBOL        test
  D:0006H         SYMBOL        timeout
  -------         ENDDO         
  C:443CH         LINE#         58
  C:443CH         LINE#         59
  C:443CH         LINE#         61
  C:443EH         LINE#         62
  C:4440H         LINE#         64
BL51 BANKED LINKER/LOCATER V6.22                                                      12/15/2015  12:35:43  PAGE 30


  C:4440H         LINE#         65
  C:4442H         LINE#         66
  C:4443H         LINE#         67
  C:444BH         LINE#         68
  C:444EH         LINE#         69
  C:444EH         LINE#         70
  C:4453H         LINE#         71
  C:4453H         LINE#         72
  C:4458H         LINE#         73
  C:445CH         LINE#         74
  C:445EH         LINE#         76
  C:445EH         LINE#         77
  C:4460H         LINE#         78
  C:4460H         LINE#         79
  C:4462H         LINE#         81
  C:4462H         LINE#         82
  C:4464H         LINE#         83
  C:4464H         LINE#         84
  C:4466H         LINE#         85
  -------         ENDPROC       _SPI_TRANSFER_ISR
  -------         ENDMOD        SPI

  -------         MODULE        UART
  C:0000H         SYMBOL        _ICE_DUMMY_
  D:0080H         PUBLIC        P0
  D:0090H         PUBLIC        P1
  D:00A0H         PUBLIC        P2
  D:00B0H         PUBLIC        P3
  D:00A8H         PUBLIC        IEN0
  D:00B8H         PUBLIC        IPL0
  B:00A8H.4       PUBLIC        ES
  B:0098H.1       PUBLIC        TI
  D:00D8H         PUBLIC        CCON
  D:0087H         PUBLIC        PCON
  C:451BH         PUBLIC        UART_Init
  D:0098H         PUBLIC        SCON
  D:0088H         PUBLIC        TCON
  D:009BH         PUBLIC        BDRCON
  D:009AH         PUBLIC        BRL
  D:00C8H         PUBLIC        T2CON
  D:00D0H         PUBLIC        PSW
  -------         PROC          UART_INIT
  C:451BH         LINE#         5
  C:451BH         LINE#         6
  C:451BH         LINE#         12
  C:451EH         LINE#         13
  C:4521H         LINE#         14
  C:4524H         LINE#         15
  C:4527H         LINE#         16
  C:452AH         LINE#         17
  C:452DH         LINE#         18
  C:4530H         LINE#         19
  C:4532H         LINE#         20
  C:4534H         LINE#         21
  C:4536H         LINE#         22
  -------         ENDPROC       UART_INIT
  -------         ENDMOD        UART
BL51 BANKED LINKER/LOCATER V6.22                                                      12/15/2015  12:35:43  PAGE 31



  -------         MODULE        DIRECTORY_FUNCTIONS
  C:0000H         SYMBOL        _ICE_DUMMY_
  D:0080H         PUBLIC        P0
  D:0090H         PUBLIC        P1
  D:00A0H         PUBLIC        P2
  D:00B0H         PUBLIC        P3
  I:0080H         PUBLIC        MBR_RelSec
  C:3D2FH         PUBLIC        _read32
  I:0084H         PUBLIC        BPB_BytesPerSec
  C:4258H         PUBLIC        _read16
  B:00A0H.5       PUBLIC        LED2
  D:00A8H         PUBLIC        IEN0
  I:0086H         PUBLIC        BPB_SecPerClus
  D:00B8H         PUBLIC        IPL0
  I:0087H         PUBLIC        BPB_RsvdSecCnt
  C:34DDH         PUBLIC        _first_sector
  I:0089H         PUBLIC        FATtype
  I:008AH         PUBLIC        BPB_HiddenSec
  D:00D8H         PUBLIC        CCON
  I:008EH         PUBLIC        FirstDataSec
  I:0092H         PUBLIC        BPB_RootEntCnt
  C:2E3FH         PUBLIC        _Print_Directory
  C:388CH         PUBLIC        _find_next_cluster
  C:0FFEH         PUBLIC        _mount_drive
  D:0098H         PUBLIC        SCON
  D:0088H         PUBLIC        TCON
  I:0094H         PUBLIC        BPB_NumFATs
  I:0095H         PUBLIC        StartofFAT
  I:0099H         PUBLIC        BPB_FATSz32
  B:0090H.4       PUBLIC        ncs
  I:009DH         PUBLIC        BPB_FATSz16
  C:3EA9H         PUBLIC        _read32_ISR
  I:009FH         PUBLIC        BPB_Root_Clus
  C:4509H         PUBLIC        _read8
  I:00A3H         PUBLIC        RootDirSec
  D:00C8H         PUBLIC        T2CON
  C:4140H         PUBLIC        _first_sector_ISR
  I:00A7H         PUBLIC        FirstRootDirSec
  I:00ABH         PUBLIC        BPB_TotSec32
  I:00AFH         PUBLIC        BPB_TotSec16
  C:2C0BH         PUBLIC        _Read_Dir_Entry
  D:00D0H         PUBLIC        PSW
  C:394FH         PUBLIC        _find_next_cluster_ISR
  -------         PROC          L?0095
  -------         ENDPROC       L?0095
  -------         PROC          _READ32
  D:005FH         SYMBOL        offset_address
  D:0061H         SYMBOL        array_name
  -------         DO            
  D:0064H         SYMBOL        return_value
  D:0068H         SYMBOL        temp
  D:0069H         SYMBOL        index
  -------         ENDDO         
  C:3D2FH         LINE#         36
  C:3D39H         LINE#         37
  C:3D39H         LINE#         38
BL51 BANKED LINKER/LOCATER V6.22                                                      12/15/2015  12:35:43  PAGE 32


  C:3D40H         LINE#         39
  C:3D40H         LINE#         40
  C:3D49H         LINE#         42
  C:3D4BH         LINE#         43
  C:3D4BH         LINE#         44
  C:3D6CH         LINE#         45
  C:3D81H         LINE#         46
  C:3D93H         LINE#         47
  C:3D9AH         LINE#         48
  C:3DA3H         LINE#         49
  C:3DA3H         LINE#         51
  C:3DA9H         LINE#         52
  -------         ENDPROC       _READ32
  -------         PROC          _READ32_ISR
  D:0035H         SYMBOL        offset_address
  D:0037H         SYMBOL        array_name
  -------         DO            
  D:003AH         SYMBOL        return_value
  D:003EH         SYMBOL        temp
  D:003FH         SYMBOL        index
  -------         ENDDO         
  C:3EA9H         LINE#         54
  C:3EB3H         LINE#         55
  C:3EB3H         LINE#         56
  C:3EBAH         LINE#         57
  C:3EBAH         LINE#         58
  C:3EC3H         LINE#         60
  C:3EC5H         LINE#         61
  C:3EC5H         LINE#         62
  C:3EE6H         LINE#         63
  C:3EFBH         LINE#         64
  C:3F0DH         LINE#         65
  C:3F14H         LINE#         66
  C:3F1DH         LINE#         67
  C:3F1DH         LINE#         69
  C:3F23H         LINE#         70
  -------         ENDPROC       _READ32_ISR
  -------         PROC          L?0094
  -------         ENDPROC       L?0094
  -------         PROC          _READ16
  D:005FH         SYMBOL        offset_address
  D:0061H         SYMBOL        array_name
  -------         DO            
  D:0064H         SYMBOL        return_value
  D:0004H         SYMBOL        temp
  D:0005H         SYMBOL        index
  -------         ENDDO         
  C:4258H         LINE#         72
  C:4262H         LINE#         73
  C:4262H         LINE#         74
  C:4267H         LINE#         76
  C:426EH         LINE#         77
  C:426EH         LINE#         78
  C:4270H         LINE#         79
  C:4270H         LINE#         80
  C:4291H         LINE#         81
  C:4298H         LINE#         82
BL51 BANKED LINKER/LOCATER V6.22                                                      12/15/2015  12:35:43  PAGE 33


  C:429BH         LINE#         83
  C:429FH         LINE#         84
  C:42A4H         LINE#         85
  C:42A4H         LINE#         87
  C:42A4H         LINE#         88
  C:42A8H         LINE#         89
  C:42A8H         LINE#         90
  -------         ENDPROC       _READ16
  C:44FEH         SYMBOL        L?0093
  -------         PROC          L?0092
  -------         ENDPROC       L?0092
  C:44FEH         SYMBOL        L?0093
  -------         PROC          _READ8
  D:0006H         SYMBOL        offset_address
  D:0001H         SYMBOL        array_name
  -------         DO            
  D:0005H         SYMBOL        return_value
  D:0007H         SYMBOL        temp
  -------         ENDDO         
  C:4509H         LINE#         92
  C:4509H         LINE#         93
  C:4509H         LINE#         94
  C:4509H         LINE#         96
  C:450FH         LINE#         97
  C:450FH         LINE#         98
  C:4516H         LINE#         99
  C:4516H         LINE#         100
  C:4516H         LINE#         101
  C:4518H         LINE#         102
  C:4518H         LINE#         104
  C:4518H         LINE#         105
  C:451AH         LINE#         106
  C:451AH         LINE#         107
  -------         ENDPROC       _READ8
  -------         PROC          _MOUNT_DRIVE
  D:0046H         SYMBOL        sector
  -------         DO            
  D:0048H         SYMBOL        error_flag
  D:0049H         SYMBOL        numofFATSectors
  D:004BH         SYMBOL        bpb_sector
  D:004FH         SYMBOL        FATSz
  D:0053H         SYMBOL        totSec
  D:0057H         SYMBOL        countofClusters
  D:005BH         SYMBOL        DataSec
  -------         ENDDO         
  C:0FFEH         LINE#         109
  C:1002H         LINE#         110
  C:1002H         LINE#         115
  C:1005H         LINE#         117
  C:1012H         LINE#         118
  C:101FH         LINE#         119
  C:103EH         LINE#         120
  C:103EH         LINE#         121
  C:104DH         LINE#         122
  C:105AH         LINE#         123
  C:106CH         LINE#         124
  C:1081H         LINE#         125
BL51 BANKED LINKER/LOCATER V6.22                                                      12/15/2015  12:35:43  PAGE 34


  C:1086H         LINE#         126
  C:108BH         LINE#         127
  C:108DH         LINE#         129
  C:108DH         LINE#         130
  C:1090H         LINE#         131
  C:1090H         LINE#         132
  C:1097H         LINE#         133
  C:1097H         LINE#         134
  C:10A8H         LINE#         135
  C:10B5H         LINE#         137
  C:10C7H         LINE#         138
  C:10D3H         LINE#         139
  C:10E4H         LINE#         140
  C:10E9H         LINE#         141
  C:10EEH         LINE#         143
  C:1100H         LINE#         144
  C:1111H         LINE#         145
  C:111DH         LINE#         146
  C:1122H         LINE#         147
  C:1127H         LINE#         149
  C:1139H         LINE#         150
  C:1145H         LINE#         151
  C:1156H         LINE#         152
  C:115BH         LINE#         153
  C:1160H         LINE#         155
  C:1172H         LINE#         156
  C:1183H         LINE#         157
  C:118FH         LINE#         158
  C:1194H         LINE#         159
  C:1199H         LINE#         161
  C:11ABH         LINE#         162
  C:11BFH         LINE#         163
  C:11D0H         LINE#         164
  C:11D5H         LINE#         165
  C:11DAH         LINE#         167
  C:11ECH         LINE#         168
  C:1200H         LINE#         169
  C:1211H         LINE#         170
  C:1216H         LINE#         171
  C:121BH         LINE#         173
  C:122DH         LINE#         174
  C:1241H         LINE#         175
  C:1252H         LINE#         176
  C:1257H         LINE#         177
  C:125CH         LINE#         179
  C:126EH         LINE#         180
  C:1278H         LINE#         181
  C:128EH         LINE#         182
  C:1293H         LINE#         183
  C:1298H         LINE#         185
  C:12AAH         LINE#         186
  C:12B4H         LINE#         187
  C:12CAH         LINE#         188
  C:12CFH         LINE#         189
  C:12D4H         LINE#         191
  C:12E6H         LINE#         192
  C:12F8H         LINE#         193
BL51 BANKED LINKER/LOCATER V6.22                                                      12/15/2015  12:35:43  PAGE 35


  C:130EH         LINE#         194
  C:1313H         LINE#         195
  C:1318H         LINE#         197
  C:132AH         LINE#         198
  C:133CH         LINE#         199
  C:1352H         LINE#         200
  C:1357H         LINE#         201
  C:135CH         LINE#         203
  C:136EH         LINE#         204
  C:139CH         LINE#         205
  C:13B2H         LINE#         206
  C:13B7H         LINE#         207
  C:13BCH         LINE#         211
  C:13C3H         LINE#         212
  C:13C3H         LINE#         213
  C:13D0H         LINE#         214
  C:13E2H         LINE#         215
  C:13F4H         LINE#         216
  C:13F4H         LINE#         217
  C:13F4H         LINE#         218
  C:13F6H         LINE#         220
  C:13F6H         LINE#         221
  C:1406H         LINE#         222
  C:1409H         LINE#         223
  C:141BH         LINE#         224
  C:1420H         LINE#         225
  C:1425H         LINE#         226
  C:1425H         LINE#         228
[...]
  C:1FD5H         LINE#         252
  C:1FDFH         LINE#         253
  C:1FDFH         LINE#         254
  C:1FE9H         LINE#         255
  C:1FE9H         LINE#         256
BL51 BANKED LINKER/LOCATER V6.22                                                      12/15/2015  12:35:43  PAGE 46


  C:1FEEH         LINE#         257
  C:1FF0H         LINE#         258
  C:2000H         LINE#         259
  C:2028H         LINE#         260
  C:202DH         LINE#         261
  C:2032H         LINE#         262
  C:2034H         LINE#         263
  C:2037H         LINE#         264
  C:203EH         LINE#         265
  C:203EH         LINE#         266
  C:2040H         LINE#         267
  C:2042H         LINE#         268
  C:2046H         LINE#         269
  C:2046H         LINE#         270
  C:2049H         LINE#         271
  C:2049H         LINE#         272
  C:204DH         LINE#         273
  C:204DH         LINE#         274
  C:2052H         LINE#         275
  C:205AH         LINE#         276
  C:205AH         LINE#         277
  C:205DH         LINE#         278
  C:205DH         LINE#         279
  C:205DH         LINE#         281
  C:2061H         LINE#         284
  C:2065H         LINE#         285
  C:2065H         LINE#         286
  C:206AH         LINE#         287
  C:206AH         LINE#         288
  C:206AH         LINE#         289
  C:206DH         LINE#         290
  C:206FH         LINE#         291
  C:2072H         LINE#         292
  C:2079H         LINE#         293
  C:2079H         LINE#         294
  C:207BH         LINE#         295
  C:207DH         LINE#         296
  C:2081H         LINE#         297
  C:2081H         LINE#         298
  C:2084H         LINE#         299
  C:2084H         LINE#         300
  C:2084H         LINE#         301
  C:2088H         LINE#         302
  C:2088H         LINE#         303
  C:208BH         LINE#         304
  C:208BH         LINE#         305
  C:208EH         LINE#         306
  C:208EH         LINE#         307
  C:208EH         LINE#         308
  C:209AH         LINE#         312
  C:209FH         LINE#         313
  C:20A1H         LINE#         314
  C:20A3H         LINE#         315
  C:20A6H         LINE#         316
  C:20ABH         LINE#         317
  C:20ADH         LINE#         318
  C:20B0H         LINE#         319
BL51 BANKED LINKER/LOCATER V6.22                                                      12/15/2015  12:35:43  PAGE 47


  C:20B7H         LINE#         320
  C:20B7H         LINE#         321
  C:20B9H         LINE#         322
  C:20BBH         LINE#         323
  C:20BFH         LINE#         324
  C:20BFH         LINE#         325
  C:20C2H         LINE#         326
  C:20C2H         LINE#         327
  C:20C6H         LINE#         328
  C:20C6H         LINE#         329
  C:20CDH         LINE#         330
  C:20CDH         LINE#         331
  C:20D0H         LINE#         332
  C:20D0H         LINE#         333
  C:20D0H         LINE#         334
  C:20D2H         LINE#         341
  C:20D8H         LINE#         342
  C:20D8H         LINE#         343
  C:20DBH         LINE#         344
  C:20DBH         LINE#         345
  C:20DEH         LINE#         346
  C:20E6H         LINE#         347
  C:20E8H         LINE#         348
  C:20EAH         LINE#         355
  C:20F8H         LINE#         356
  C:20F8H         LINE#         357
  C:20FDH         LINE#         358
  C:20FFH         LINE#         359
  C:2126H         LINE#         360
  C:212BH         LINE#         361
  C:2130H         LINE#         362
  C:2132H         LINE#         363
  C:2135H         LINE#         364
  C:213CH         LINE#         365
  C:213CH         LINE#         366
  C:213EH         LINE#         367
  C:2140H         LINE#         368
  C:2144H         LINE#         369
  C:2144H         LINE#         370
  C:2147H         LINE#         371
  C:2147H         LINE#         372
  C:214BH         LINE#         373
  C:214BH         LINE#         374
  C:2152H         LINE#         375
  C:2152H         LINE#         376
  C:2155H         LINE#         377
  C:2155H         LINE#         378
  C:2155H         LINE#         379
  C:2159H         LINE#         382
  C:215DH         LINE#         383
  C:215DH         LINE#         384
  C:2162H         LINE#         385
  C:2162H         LINE#         386
  C:2162H         LINE#         387
  C:2165H         LINE#         388
  C:2167H         LINE#         389
  C:216AH         LINE#         390
BL51 BANKED LINKER/LOCATER V6.22                                                      12/15/2015  12:35:43  PAGE 48


  C:2171H         LINE#         391
  C:2171H         LINE#         392
  C:2173H         LINE#         393
  C:2175H         LINE#         394
  C:2179H         LINE#         395
  C:2179H         LINE#         396
  C:217CH         LINE#         397
  C:217CH         LINE#         398
  C:217CH         LINE#         399
  C:2180H         LINE#         400
  C:2180H         LINE#         401
  C:2183H         LINE#         402
  C:2183H         LINE#         403
  C:2186H         LINE#         404
  C:2186H         LINE#         405
  C:2186H         LINE#         411
  C:219AH         LINE#         412
  C:219AH         LINE#         413
  C:21ACH         LINE#         414
  C:21B6H         LINE#         415
  C:21B6H         LINE#         416
  C:21BBH         LINE#         417
  C:21BDH         LINE#         419
  C:21C2H         LINE#         420
  C:21C4H         LINE#         421
  C:21C7H         LINE#         422
  C:21CEH         LINE#         423
  C:21CEH         LINE#         424
  C:21D0H         LINE#         425
  C:21D2H         LINE#         426
  C:21D6H         LINE#         427
  C:21D6H         LINE#         428
  C:21D9H         LINE#         429
  C:21D9H         LINE#         430
  C:21DDH         LINE#         431
  C:21DDH         LINE#         432
  C:21E2H         LINE#         433
  C:2202H         LINE#         434
  C:2202H         LINE#         435
  C:2206H         LINE#         438
  C:220AH         LINE#         439
  C:220AH         LINE#         440
  C:220FH         LINE#         441
  C:2211H         LINE#         442
  C:2217H         LINE#         443
  C:2217H         LINE#         444
  C:2219H         LINE#         445
  C:221BH         LINE#         447
  C:221BH         LINE#         448
  C:221DH         LINE#         449
  C:221DH         LINE#         450
  C:2222H         LINE#         451
  C:2224H         LINE#         452
  C:2227H         LINE#         453
  C:222EH         LINE#         454
  C:222EH         LINE#         455
  C:2230H         LINE#         456
BL51 BANKED LINKER/LOCATER V6.22                                                      12/15/2015  12:35:43  PAGE 49


  C:2232H         LINE#         457
  C:2236H         LINE#         458
  C:2236H         LINE#         459
  C:2239H         LINE#         460
  C:2239H         LINE#         461
  C:2239H         LINE#         462
  C:223EH         LINE#         465
  C:2243H         LINE#         466
  C:2245H         LINE#         467
  C:2247H         LINE#         468
  C:224AH         LINE#         469
  C:224FH         LINE#         470
  C:2251H         LINE#         471
  C:2254H         LINE#         472
  C:225BH         LINE#         473
  C:225BH         LINE#         474
  C:225DH         LINE#         475
  C:225FH         LINE#         476
  C:2263H         LINE#         477
  C:2263H         LINE#         478
  C:2266H         LINE#         479
  C:2266H         LINE#         480
  C:226AH         LINE#         481
  C:226AH         LINE#         482
  C:2271H         LINE#         483
  C:2271H         LINE#         484
  C:2274H         LINE#         485
  C:2274H         LINE#         486
  C:2274H         LINE#         487
  C:2276H         LINE#         490
  C:2278H         LINE#         491
  -------         ENDPROC       _I2C_READ
  C:4537H         SYMBOL        L?0145
  -------         PROC          L?0144
  -------         ENDPROC       L?0144
  C:4537H         SYMBOL        L?0145
  -------         PROC          _I2C_CLOCK_DELAY
  D:0007H         SYMBOL        control
  C:453DH         LINE#         497
  C:453DH         LINE#         498
  C:453DH         LINE#         499
  C:4540H         LINE#         500
  C:4540H         LINE#         501
  C:4543H         LINE#         502
  C:4543H         LINE#         503
  C:4545H         LINE#         504
  C:4548H         LINE#         505
  C:4548H         LINE#         506
  C:454BH         LINE#         507
  C:454EH         LINE#         508
  C:4550H         LINE#         509
  C:4552H         LINE#         510
  C:4552H         LINE#         513
  -------         ENDPROC       _I2C_CLOCK_DELAY
  -------         PROC          I2C_CLOCK_START
  C:4553H         LINE#         518
  C:4553H         LINE#         519
BL51 BANKED LINKER/LOCATER V6.22                                                      12/15/2015  12:35:43  PAGE 50


  C:4553H         LINE#         520
  C:4556H         LINE#         521
  C:4559H         LINE#         522
  C:455BH         LINE#         523
  C:455EH         LINE#         524
  C:4561H         LINE#         525
  C:4563H         LINE#         526
  C:4565H         LINE#         529
  -------         ENDPROC       I2C_CLOCK_START
  -------         ENDMOD        I2C

  -------         MODULE        STA013
  C:0000H         SYMBOL        _ICE_DUMMY_
  D:0080H         PUBLIC        P0
  D:0090H         PUBLIC        P1
  D:00A0H         PUBLIC        P2
  D:00B0H         PUBLIC        P3
  B:00A0H.7       PUBLIC        LED4
  D:00A8H         PUBLIC        IEN0
  D:00B8H         PUBLIC        IPL0
  D:00D8H         PUBLIC        CCON
  D:0098H         PUBLIC        SCON
  D:0088H         PUBLIC        TCON
  C:419BH         PUBLIC        _test_I2C
  D:00C8H         PUBLIC        T2CON
  B:00B0H.2       PUBLIC        gpio_rst
  D:00D0H         PUBLIC        PSW
  C:25D5H         PUBLIC        config_file
  -------         PROC          CONFIG_FILE
  -------         DO            
  D:0046H         SYMBOL        config_p
  D:0049H         SYMBOL        send_array
  D:004BH         SYMBOL        get_array
  D:004CH         SYMBOL        error_flag
  D:004DH         SYMBOL        index
  -------         ENDDO         
  C:25D5H         LINE#         20
  C:25D5H         LINE#         21
  C:25D5H         LINE#         26
  C:25D7H         LINE#         29
  C:25D9H         LINE#         30
  C:25E2H         LINE#         31
  C:25E4H         LINE#         32
  C:25EDH         LINE#         33
  C:25F6H         LINE#         35
  C:25F6H         LINE#         36
  C:2607H         LINE#         37
  C:261CH         LINE#         38
  C:2627H         LINE#         39
  C:263CH         LINE#         40
  C:2641H         LINE#         41
  C:2641H         LINE#         42
  C:2650H         LINE#         44
  C:2652H         LINE#         46
  C:2652H         LINE#         47
  C:265BH         LINE#         48
  C:265FH         LINE#         49
BL51 BANKED LINKER/LOCATER V6.22                                                      12/15/2015  12:35:43  PAGE 51


  C:2671H         LINE#         50
  C:2686H         LINE#         51
  C:268BH         LINE#         52
  C:2690H         LINE#         53
  C:2699H         LINE#         54
  C:26A2H         LINE#         56
  C:26A2H         LINE#         57
  C:26B3H         LINE#         58
  C:26C8H         LINE#         59
  C:26D3H         LINE#         60
  C:26E8H         LINE#         61
  C:26EDH         LINE#         62
  C:26EDH         LINE#         63
  C:26FCH         LINE#         65
  C:26FEH         LINE#         66
  C:26FEH         LINE#         67
  C:2707H         LINE#         70
  C:270BH         LINE#         71
  C:271DH         LINE#         72
  C:2732H         LINE#         73
  C:2737H         LINE#         74
  C:273CH         LINE#         79
  C:273FH         LINE#         80
  C:2742H         LINE#         81
  C:2745H         LINE#         82
  C:2752H         LINE#         83
  C:2761H         LINE#         84
  C:2773H         LINE#         85
  C:277FH         LINE#         86
  C:2791H         LINE#         87
  C:279DH         LINE#         88
  C:27A2H         LINE#         89
  C:27A7H         LINE#         92
  C:27AAH         LINE#         93
  C:27ADH         LINE#         94
  C:27B0H         LINE#         95
  C:27BDH         LINE#         96
  C:27CAH         LINE#         97
  C:27DCH         LINE#         98
  C:27E8H         LINE#         99
  C:27FAH         LINE#         100
  C:2806H         LINE#         101
  C:280BH         LINE#         102
  C:2810H         LINE#         105
  C:2813H         LINE#         106
  C:2816H         LINE#         107
  C:2823H         LINE#         108
  C:2826H         LINE#         109
  C:2829H         LINE#         110
  C:2836H         LINE#         111
  C:2839H         LINE#         112
  C:283CH         LINE#         113
  C:2849H         LINE#         114
  C:284CH         LINE#         115
  C:284FH         LINE#         116
  C:285CH         LINE#         117
  C:285FH         LINE#         118
BL51 BANKED LINKER/LOCATER V6.22                                                      12/15/2015  12:35:43  PAGE 52


  C:2862H         LINE#         119
  C:286EH         LINE#         120
  C:2871H         LINE#         121
  C:2874H         LINE#         122
  C:2881H         LINE#         123
  C:2884H         LINE#         124
  C:2887H         LINE#         125
  C:2893H         LINE#         126
  C:2896H         LINE#         127
  C:2899H         LINE#         128
  C:28A5H         LINE#         129
  C:28A8H         LINE#         130
  C:28ABH         LINE#         131
  C:28B8H         LINE#         134
  C:28BBH         LINE#         135
  C:28BEH         LINE#         136
  C:28CAH         LINE#         139
  C:28CDH         LINE#         140
  C:28D0H         LINE#         141
  C:28DDH         LINE#         144
  C:28E0H         LINE#         145
  C:28E3H         LINE#         146
  C:28F0H         LINE#         149
  C:28F3H         LINE#         150
  C:28F6H         LINE#         151
  C:2903H         LINE#         152
  C:2906H         LINE#         153
  C:2909H         LINE#         154
  C:2916H         LINE#         157
  C:2919H         LINE#         158
  C:291CH         LINE#         159
  C:2929H         LINE#         162
  C:292BH         LINE#         163
  -------         ENDPROC       CONFIG_FILE
  -------         PROC          _TEST_I2C
  D:0046H         SYMBOL        array_name
  -------         DO            
  D:0049H         SYMBOL        i
  D:004AH         SYMBOL        error_flag
  -------         ENDDO         
  C:419BH         LINE#         166
  C:41A1H         LINE#         167
  C:41A1H         LINE#         170
  C:41A4H         LINE#         171
  C:41A6H         LINE#         173
  C:41A6H         LINE#         174
  C:41B5H         LINE#         175
  C:41B7H         LINE#         176
  C:41BFH         LINE#         177
  C:41C3H         LINE#         178
  C:41C3H         LINE#         179
  C:41D5H         LINE#         180
  C:41DAH         LINE#         181
  C:41DFH         LINE#         182
  C:41DFH         LINE#         183
  C:41F3H         LINE#         184
  C:41F5H         LINE#         185
BL51 BANKED LINKER/LOCATER V6.22                                                      12/15/2015  12:35:43  PAGE 53


  -------         ENDPROC       _TEST_I2C
  -------         ENDMOD        STA013

  -------         MODULE        CONFIG
  C:002EH         SEGMENT       STA013_CONFIG
  C:002EH         PUBLIC        CONFIG
  C:0FCCH         PUBLIC        CONFIG2
  -------         ENDMOD        CONFIG

  -------         MODULE        ?C?CLDPTR
  C:292CH         PUBLIC        ?C?CLDPTR
  -------         ENDMOD        ?C?CLDPTR

  -------         MODULE        ?C?CLDOPTR
  C:2945H         PUBLIC        ?C?CLDOPTR
  -------         ENDMOD        ?C?CLDOPTR

  -------         MODULE        ?C?CSTPTR
  C:2972H         PUBLIC        ?C?CSTPTR
  -------         ENDMOD        ?C?CSTPTR

  -------         MODULE        ?C?CSTOPTR
  C:2984H         PUBLIC        ?C?CSTOPTR
  -------         ENDMOD        ?C?CSTOPTR

  -------         MODULE        ?C?UIDIV
  C:29A6H         PUBLIC        ?C?UIDIV
  -------         ENDMOD        ?C?UIDIV

  -------         MODULE        ?C?LMUL
  C:29FBH         PUBLIC        ?C?LMUL
  -------         ENDMOD        ?C?LMUL

  -------         MODULE        ?C?ULDIV
  C:2A86H         PUBLIC        ?C?ULDIV
  -------         ENDMOD        ?C?ULDIV

  -------         MODULE        ?C?ULCMP
  C:2B18H         PUBLIC        ?C?ULCMP
  -------         ENDMOD        ?C?ULCMP

  -------         MODULE        ?C?ULSHR
  C:2B29H         PUBLIC        ?C?ULSHR
  -------         ENDMOD        ?C?ULSHR

  -------         MODULE        ?C?LSHL
  C:2B3CH         PUBLIC        ?C?LSHL
  -------         ENDMOD        ?C?LSHL

  -------         MODULE        ?C?LLDIDATA
  C:2B4FH         PUBLIC        ?C?LLDIDATA
  -------         ENDMOD        ?C?LLDIDATA

  -------         MODULE        ?C?LLDIDATA0
  C:2B5BH         PUBLIC        ?C?LLDIDATA0
  -------         ENDMOD        ?C?LLDIDATA0

BL51 BANKED LINKER/LOCATER V6.22                                                      12/15/2015  12:35:43  PAGE 54


  -------         MODULE        ?C?LSTIDATA
  C:2B68H         PUBLIC        ?C?LSTIDATA
  -------         ENDMOD        ?C?LSTIDATA

  -------         MODULE        ?C?LSTKIDATA
  C:2B74H         PUBLIC        ?C?LSTKIDATA
  -------         ENDMOD        ?C?LSTKIDATA

  -------         MODULE        ?C?LCASE
  C:2B8DH         PUBLIC        ?C?LCASE
  -------         ENDMOD        ?C?LCASE

  -------         MODULE        PUTCHAR
  C:4490H         PUBLIC        _PUTCHAR
  -------         ENDMOD        PUTCHAR

  -------         MODULE        PRINTF
  D:006CH         PUBLIC        ?_PRINTF517?BYTE
  D:006CH         PUBLIC        ?_PRINTF?BYTE
  D:006CH         PUBLIC        ?_SPRINTF517?BYTE
  D:006CH         PUBLIC        ?_SPRINTF?BYTE
  C:22DBH         PUBLIC        _PRINTF
  C:22DBH         PUBLIC        _PRINTF517
  C:22D5H         PUBLIC        _SPRINTF
  C:22D5H         PUBLIC        _SPRINTF517
  -------         ENDMOD        PRINTF

  -------         MODULE        GETCHAR
  B:0022H.2       PUBLIC        ?C?CHARLOADED
  D:001AH         PUBLIC        ?_UNGETCHAR?BYTE
  C:4579H         PUBLIC        GETCHAR
  -------         ENDMOD        GETCHAR

  -------         MODULE        ATOL
  C:36E8H         PUBLIC        _atol
  -------         ENDMOD        ATOL

  -------         MODULE        ?C?LNEG
  C:2BC7H         PUBLIC        ?C?LNEG
  -------         ENDMOD        ?C?LNEG

  -------         MODULE        ?C?PLDIIDATA
  C:2BD5H         PUBLIC        ?C?PLDIIDATA
  -------         ENDMOD        ?C?PLDIIDATA

  -------         MODULE        ?C?CCASE
  C:2BE5H         PUBLIC        ?C?CCASE
  -------         ENDMOD        ?C?CCASE

  -------         MODULE        _GETKEY
  C:45B4H         PUBLIC        _GETKEY
  -------         ENDMOD        _GETKEY

  -------         MODULE        ISDIGIT
  C:4599H         PUBLIC        _isdigit
  -------         ENDMOD        ISDIGIT

BL51 BANKED LINKER/LOCATER V6.22                                                      12/15/2015  12:35:43  PAGE 55


  -------         MODULE        ISSPACE
  C:4566H         PUBLIC        _isspace
  -------         ENDMOD        ISSPACE

*** WARNING L16: UNCALLED SEGMENT, IGNORED FOR OVERLAY PROCESS
    SEGMENT: ?PR?_FIND_NEXT_CLUSTER?DIRECTORY_FUNCTIONS

*** WARNING L15: MULTIPLE CALL TO SEGMENT
    SEGMENT: ?PR?PRINTF?PRINTF
    CALLER1: ?PR?TIMER2_ISR?MAIN
    CALLER2: ?C_C51STARTUP

Program Size: data=225.3 xdata=1024 code=17861
LINK/LOCATE RUN COMPLETE.  2 WARNING(S),  0 ERROR(S)
