BL51 BANKED LINKER/LOCATER V6.22                                                        12/11/2015  10:40:32  PAGE 1


BL51 BANKED LINKER/LOCATER V6.22, INVOKED BY:
\\MINERFILES.MST.EDU\DFS\USERS\MRWPP5\DESKTOP\C51\BIN\BL51.EXE hardware_delay.obj, lcd.obj, Long_Serial_In.obj, main.obj
>> , print_bytes.obj, SDcard.obj, spi.obj, uart.obj, Directory_Functions.obj, i2c.obj, sta013.obj, config.obj TO part2 R
>> AMSIZE (256)


MEMORY MODEL: SMALL


INPUT MODULES INCLUDED:
  hardware_delay.obj (HARDWARE_DELAY)
  lcd.obj (LCD)
  Long_Serial_In.obj (LONG_SERIAL_IN)
  main.obj (MAIN)
  print_bytes.obj (PRINT_BYTES)
  SDcard.obj (SDCARD)
  spi.obj (SPI)
  uart.obj (UART)
  Directory_Functions.obj (DIRECTORY_FUNCTIONS)
  i2c.obj (I2C)
  sta013.obj (STA013)
  config.obj (CONFIG)
  \\MINERFILES.MST.EDU\DFS\USERS\MRWPP5\DESKTOP\C51\LIB\C51S.LIB (?C_STARTUP)
  \\MINERFILES.MST.EDU\DFS\USERS\MRWPP5\DESKTOP\C51\LIB\C51S.LIB (?C?CLDPTR)
  \\MINERFILES.MST.EDU\DFS\USERS\MRWPP5\DESKTOP\C51\LIB\C51S.LIB (?C?CLDOPTR)
  \\MINERFILES.MST.EDU\DFS\USERS\MRWPP5\DESKTOP\C51\LIB\C51S.LIB (?C?CSTPTR)
  \\MINERFILES.MST.EDU\DFS\USERS\MRWPP5\DESKTOP\C51\LIB\C51S.LIB (?C?CSTOPTR)
  \\MINERFILES.MST.EDU\DFS\USERS\MRWPP5\DESKTOP\C51\LIB\C51S.LIB (?C?IMUL)
  \\MINERFILES.MST.EDU\DFS\USERS\MRWPP5\DESKTOP\C51\LIB\C51S.LIB (?C?UIDIV)
  \\MINERFILES.MST.EDU\DFS\USERS\MRWPP5\DESKTOP\C51\LIB\C51S.LIB (?C?LMUL)
  \\MINERFILES.MST.EDU\DFS\USERS\MRWPP5\DESKTOP\C51\LIB\C51S.LIB (?C?ULDIV)
  \\MINERFILES.MST.EDU\DFS\USERS\MRWPP5\DESKTOP\C51\LIB\C51S.LIB (?C?SLCMP)
  \\MINERFILES.MST.EDU\DFS\USERS\MRWPP5\DESKTOP\C51\LIB\C51S.LIB (?C?ULCMP)
  \\MINERFILES.MST.EDU\DFS\USERS\MRWPP5\DESKTOP\C51\LIB\C51S.LIB (?C?ULSHR)
  \\MINERFILES.MST.EDU\DFS\USERS\MRWPP5\DESKTOP\C51\LIB\C51S.LIB (?C?LSHL)
  \\MINERFILES.MST.EDU\DFS\USERS\MRWPP5\DESKTOP\C51\LIB\C51S.LIB (?C?LLDIDATA)
  \\MINERFILES.MST.EDU\DFS\USERS\MRWPP5\DESKTOP\C51\LIB\C51S.LIB (?C?LLDIDATA0)
  \\MINERFILES.MST.EDU\DFS\USERS\MRWPP5\DESKTOP\C51\LIB\C51S.LIB (?C?LSTIDATA)
  \\MINERFILES.MST.EDU\DFS\USERS\MRWPP5\DESKTOP\C51\LIB\C51S.LIB (PUTCHAR)
  \\MINERFILES.MST.EDU\DFS\USERS\MRWPP5\DESKTOP\C51\LIB\C51S.LIB (PRINTF)
  \\MINERFILES.MST.EDU\DFS\USERS\MRWPP5\DESKTOP\C51\LIB\C51S.LIB (GETCHAR)
  \\MINERFILES.MST.EDU\DFS\USERS\MRWPP5\DESKTOP\C51\LIB\C51S.LIB (ATOL)
  \\MINERFILES.MST.EDU\DFS\USERS\MRWPP5\DESKTOP\C51\LIB\C51S.LIB (?C?LNEG)
  \\MINERFILES.MST.EDU\DFS\USERS\MRWPP5\DESKTOP\C51\LIB\C51S.LIB (?C?PLDIIDATA)
  \\MINERFILES.MST.EDU\DFS\USERS\MRWPP5\DESKTOP\C51\LIB\C51S.LIB (?C?CCASE)
  \\MINERFILES.MST.EDU\DFS\USERS\MRWPP5\DESKTOP\C51\LIB\C51S.LIB (_GETKEY)
  \\MINERFILES.MST.EDU\DFS\USERS\MRWPP5\DESKTOP\C51\LIB\C51S.LIB (ISDIGIT)
  \\MINERFILES.MST.EDU\DFS\USERS\MRWPP5\DESKTOP\C51\LIB\C51S.LIB (ISSPACE)


LINK MAP OF MODULE:  part2 (HARDWARE_DELAY)


            TYPE    BASE      LENGTH    RELOCATION   SEGMENT NAME
            -----------------------------------------------------

            * * * * * * *   D A T A   M E M O R Y   * * * * * * *
            REG     0000H     0008H     ABSOLUTE     "REG BANK 0"
BL51 BANKED LINKER/LOCATER V6.22                                                      12/11/2015  10:40:32  PAGE 2


            DATA    0008H     0001H     UNIT         ?DT?GETCHAR
                    0009H     0017H                  *** GAP ***
            BIT     0020H.0   0002H.2   UNIT         _BIT_GROUP_
            BIT     0022H.2   0000H.1   UNIT         ?BI?GETCHAR
                    0022H.3   0000H.5                *** GAP ***
            DATA    0023H     0019H     UNIT         ?DT?MAIN
            IDATA   003CH     0031H     UNIT         ?ID?DIRECTORY_FUNCTIONS
            IDATA   006DH     0001H     UNIT         ?STACK

            * * * * * * *  X D A T A   M E M O R Y  * * * * * * *
            XDATA   0000H     0400H     UNIT         ?XD?MAIN

            * * * * * * *   C O D E   M E M O R Y   * * * * * * *
            CODE    0000H     0003H     ABSOLUTE     
                    0003H     0028H                  *** GAP ***
            CODE    002BH     0003H     ABSOLUTE     
                    002EH     07D2H                  *** GAP ***
            CODE    0800H     0FD0H     UNIT         STA013_CONFIG
            CODE    17D0H     0725H     UNIT         ?PR?_MOUNT_DRIVE?DIRECTORY_FUNCTIONS
            CODE    1EF5H     0463H     UNIT         ?PR?_I2C_READ?I2C
            CODE    2358H     035CH     UNIT         ?PR?PRINTF?PRINTF
            CODE    26B4H     034EH     UNIT         ?PR?CONFIG_FILE?STA013
            CODE    2A02H     033BH     UNIT         ?PR?MAIN?MAIN
            CODE    2D3DH     02B4H     UNIT         ?C?LIB_CODE
            CODE    2FF1H     0234H     UNIT         ?PR?_READ_DIR_ENTRY?DIRECTORY_FUNCTIONS
            CODE    3225H     0201H     UNIT         ?PR?TIMER2_ISR?MAIN
            CODE    3426H     01F6H     UNIT         ?PR?_I2C_WRITE?I2C
            CODE    361CH     01DDH     UNIT         ?PR?_PRINT_DIRECTORY?DIRECTORY_FUNCTIONS
            CODE    37F9H     01B4H     UNIT         ?CO?DIRECTORY_FUNCTIONS
            CODE    39ADH     0178H     UNIT         ?PR?SDCARD_INIT?SDCARD
            CODE    3B25H     012DH     UNIT         ?PR?_FIRST_SECTOR?DIRECTORY_FUNCTIONS
            CODE    3C52H     0125H     UNIT         ?PR?_FIRST_SECTOR_ISR?DIRECTORY_FUNCTIONS
            CODE    3D77H     00EFH     UNIT         ?PR?_OPEN_FILE?DIRECTORY_FUNCTIONS
            CODE    3E66H     00DEH     UNIT         ?PR?_ATOL?ATOL
            CODE    3F44H     00C6H     UNIT         ?PR?LONG_SERIAL_INPUT?LONG_SERIAL_IN
            CODE    400AH     00C6H     UNIT         ?CO?MAIN
            CODE    40D0H     00C3H     UNIT         ?PR?_FIND_NEXT_CLUSTER?DIRECTORY_FUNCTIONS
            CODE    4193H     00C3H     UNIT         ?PR?_FIND_NEXT_CLUSTER_ISR?DIRECTORY_FUNCTIONS
            CODE    4256H     009FH     UNIT         ?PR?_SEND_COMMAND?SDCARD
            CODE    42F5H     009EH     UNIT         ?PR?_GET_RESPONSE?SDCARD
            CODE    4393H     0083H     UNIT         ?PR?_READ32?DIRECTORY_FUNCTIONS
            CODE    4416H     0082H     UNIT         ?PR?_READ_SECTOR_ISR?SDCARD
            CODE    4498H     007DH     UNIT         ?PR?_TRANS_ACMD41?SDCARD
            CODE    4515H     0078H     UNIT         ?PR?_PRINT_16BYTES?PRINT_BYTES
            CODE    458DH     006CH     UNIT         ?PR?_READ_BLOCK?SDCARD
            CODE    45F9H     0069H     UNIT         ?CO?STA013
            CODE    4662H     0067H     UNIT         ?PR?_SPI_MASTER_INIT?SPI
            CODE    46C9H     0061H     UNIT         ?PR?_TEST_I2C?STA013
            CODE    472AH     005FH     UNIT         ?PR?_PRINT_MEMORY?PRINT_BYTES
            CODE    4789H     0059H     UNIT         ?PR?_READ16?DIRECTORY_FUNCTIONS
            CODE    47E2H     0053H     UNIT         ?CO?I2C
            CODE    4835H     0050H     UNIT         ?PR?_LCD_PRINT?LCD
            CODE    4885H     004FH     UNIT         ?PR?_GET_RESPONSE_NO_END?SDCARD
            CODE    48D4H     0045H     UNIT         ?CO?PRINT_BYTES
            CODE    4919H     0041H     UNIT         ?PR?_TRANS_CMD8?SDCARD
            CODE    495AH     0038H     UNIT         ?PR?_TRANS_CMD0?SDCARD
            CODE    4992H     0036H     UNIT         ?PR?LCD_INIT?LCD
BL51 BANKED LINKER/LOCATER V6.22                                                      12/11/2015  10:40:32  PAGE 3


            CODE    49C8H     0029H     UNIT         ?PR?_DELAY_MS?HARDWARE_DELAY
            CODE    49F1H     0027H     UNIT         ?PR?PUTCHAR?PUTCHAR
            CODE    4A18H     0025H     UNIT         ?PR?_TRANS_CMD58?SDCARD
            CODE    4A3DH     0022H     UNIT         ?PR?LCD_WRITE?LCD
            CODE    4A5FH     0021H     UNIT         ?PR?_SPI_TRANSFER?SPI
            CODE    4A80H     0021H     UNIT         ?PR?_SPI_TRANSFER_ISR?SPI
            CODE    4AA1H     0021H     UNIT         ?PR?_READ8?DIRECTORY_FUNCTIONS
            CODE    4AC2H     001CH     UNIT         ?PR?UART_INIT?UART
            CODE    4ADEH     001CH     UNIT         ?PR?_I2C_CLOCK_DELAY?I2C
            CODE    4AFAH     0013H     UNIT         ?PR?I2C_CLOCK_START?I2C
            CODE    4B0DH     0013H     UNIT         ?PR?_ISSPACE?ISSPACE
            CODE    4B20H     0011H     UNIT         ?PR?GETCHAR?GETCHAR
            CODE    4B31H     000FH     UNIT         ?PR?LCD_CLEAR?LCD
            CODE    4B40H     000FH     UNIT         ?PR?_ISDIGIT?ISDIGIT
            CODE    4B4FH     000CH     UNIT         ?C_C51STARTUP
            CODE    4B5BH     000AH     UNIT         ?PR?_GETKEY?_GETKEY
            CODE    4B65H     0008H     UNIT         ?CO?SDCARD



OVERLAY MAP OF MODULE:   part2 (HARDWARE_DELAY)


SEGMENT                                             BIT_GROUP          DATA_GROUP 
  +--> CALLED SEGMENT                            START    LENGTH     START    LENGTH
------------------------------------------------------------------------------------
?PR?TIMER2_ISR?MAIN                              -----    -----      -----    -----
  +--> ?PR?_SPI_TRANSFER_ISR?SPI
  +--> ?PR?_READ_SECTOR_ISR?SDCARD
  +--> ?PR?_FIND_NEXT_CLUSTER_ISR?DIRECTORY_...
  +--> ?PR?_FIRST_SECTOR_ISR?DIRECTORY_FUNCT...

?PR?_READ_SECTOR_ISR?SDCARD                      -----    -----      0000H    000DH
  +--> ?PR?_SEND_COMMAND?SDCARD
  +--> ?PR?_GET_RESPONSE_NO_END?SDCARD

?PR?_SEND_COMMAND?SDCARD                         -----    -----      005EH    0009H
  +--> ?PR?_SPI_TRANSFER?SPI

?PR?_GET_RESPONSE_NO_END?SDCARD                  -----    -----      005EH    000AH
  +--> ?PR?_SPI_TRANSFER?SPI

?PR?_FIND_NEXT_CLUSTER_ISR?DIRECTORY_...         -----    -----      0000H    0012H
  +--> ?PR?_SEND_COMMAND?SDCARD
  +--> ?PR?_READ_BLOCK?SDCARD
  +--> ?PR?_READ32?DIRECTORY_FUNCTIONS

?PR?_READ_BLOCK?SDCARD                           -----    -----      0051H    000DH
  +--> ?PR?_SEND_COMMAND?SDCARD
  +--> ?PR?_GET_RESPONSE_NO_END?SDCARD

?PR?_READ32?DIRECTORY_FUNCTIONS                  -----    -----      0051H    000BH

?PR?_FIRST_SECTOR_ISR?DIRECTORY_FUNCT...         -----    -----      0000H    0008H
  +--> ?CO?DIRECTORY_FUNCTIONS
  +--> ?PR?PRINTF?PRINTF
  +--> ?PR?PUTCHAR?PUTCHAR
BL51 BANKED LINKER/LOCATER V6.22                                                      12/11/2015  10:40:32  PAGE 4



?PR?PRINTF?PRINTF                                0021H.1  0001H.1    0054H    0014H
  +--> ?PR?PUTCHAR?PUTCHAR

*** NEW ROOT ***************************************************

?C_C51STARTUP                                    -----    -----      -----    -----
  +--> ?PR?MAIN?MAIN

?PR?MAIN?MAIN                                    -----    -----      0029H    0005H
  +--> ?PR?UART_INIT?UART
  +--> ?PR?LCD_INIT?LCD
  +--> ?PR?_SPI_MASTER_INIT?SPI
  +--> ?PR?SDCARD_INIT?SDCARD
  +--> ?CO?MAIN
  +--> ?PR?PRINTF?PRINTF
  +--> ?PR?PUTCHAR?PUTCHAR
  +--> ?PR?_MOUNT_DRIVE?DIRECTORY_FUNCTIONS
  +--> ?PR?_PRINT_DIRECTORY?DIRECTORY_FUNCTIONS
  +--> ?PR?LCD_CLEAR?LCD
  +--> ?PR?LCD_WRITE?LCD
  +--> ?PR?_LCD_PRINT?LCD
  +--> ?PR?_TEST_I2C?STA013
  +--> ?PR?CONFIG_FILE?STA013
  +--> ?PR?LONG_SERIAL_INPUT?LONG_SERIAL_IN
  +--> ?PR?_READ_DIR_ENTRY?DIRECTORY_FUNCTIONS
  +--> ?PR?_FIRST_SECTOR?DIRECTORY_FUNCTIONS
  +--> ?PR?_OPEN_FILE?DIRECTORY_FUNCTIONS

?PR?LCD_INIT?LCD                                 -----    -----      -----    -----
  +--> ?PR?_DELAY_MS?HARDWARE_DELAY
  +--> ?PR?LCD_WRITE?LCD

?PR?LCD_WRITE?LCD                                0021H.1  0000H.1    0033H    0001H
  +--> ?PR?_DELAY_MS?HARDWARE_DELAY

?PR?_SPI_MASTER_INIT?SPI                         -----    -----      002EH    0001H

?PR?SDCARD_INIT?SDCARD                           -----    -----      002EH    0008H
  +--> ?PR?_SPI_TRANSFER?SPI
  +--> ?PR?_TRANS_CMD0?SDCARD
  +--> ?CO?SDCARD
  +--> ?PR?PRINTF?PRINTF
  +--> ?PR?PUTCHAR?PUTCHAR
  +--> ?PR?_DELAY_MS?HARDWARE_DELAY
  +--> ?PR?_TRANS_CMD8?SDCARD
  +--> ?PR?_TRANS_CMD58?SDCARD
  +--> ?PR?_TRANS_ACMD41?SDCARD

?PR?_TRANS_CMD0?SDCARD                           -----    -----      0036H    0003H
  +--> ?PR?_SEND_COMMAND?SDCARD
  +--> ?PR?_GET_RESPONSE?SDCARD

?PR?_GET_RESPONSE?SDCARD                         -----    -----      003EH    0008H
  +--> ?PR?_SPI_TRANSFER?SPI

?PR?_TRANS_CMD8?SDCARD                           -----    -----      0036H    0003H
BL51 BANKED LINKER/LOCATER V6.22                                                      12/11/2015  10:40:32  PAGE 5


  +--> ?PR?_SEND_COMMAND?SDCARD
  +--> ?PR?_GET_RESPONSE?SDCARD

?PR?_TRANS_CMD58?SDCARD                          -----    -----      0036H    0003H
  +--> ?PR?_SEND_COMMAND?SDCARD
  +--> ?PR?_GET_RESPONSE?SDCARD

?PR?_TRANS_ACMD41?SDCARD                         -----    -----      0036H    0008H
  +--> ?PR?_SEND_COMMAND?SDCARD
  +--> ?PR?_GET_RESPONSE?SDCARD

?PR?_MOUNT_DRIVE?DIRECTORY_FUNCTIONS             -----    -----      002EH    0019H
  +--> ?PR?_READ_BLOCK?SDCARD
  +--> ?PR?_PRINT_MEMORY?PRINT_BYTES
  +--> ?PR?_READ8?DIRECTORY_FUNCTIONS
  +--> ?PR?_READ32?DIRECTORY_FUNCTIONS
  +--> ?CO?DIRECTORY_FUNCTIONS
  +--> ?PR?PRINTF?PRINTF
  +--> ?PR?PUTCHAR?PUTCHAR
  +--> ?PR?_READ16?DIRECTORY_FUNCTIONS

?PR?_PRINT_MEMORY?PRINT_BYTES                    -----    -----      0047H    0008H
  +--> ?CO?PRINT_BYTES
  +--> ?PR?PRINTF?PRINTF
  +--> ?PR?_PRINT_16BYTES?PRINT_BYTES

?PR?_PRINT_16BYTES?PRINT_BYTES                   -----    -----      004FH    0005H
  +--> ?CO?PRINT_BYTES
  +--> ?PR?PRINTF?PRINTF
  +--> ?PR?PUTCHAR?PUTCHAR

?PR?_READ16?DIRECTORY_FUNCTIONS                  -----    -----      0047H    0007H

?PR?_PRINT_DIRECTORY?DIRECTORY_FUNCTIONS         -----    -----      002EH    001AH
  +--> ?PR?_READ_BLOCK?SDCARD
  +--> ?PR?_READ8?DIRECTORY_FUNCTIONS
  +--> ?CO?DIRECTORY_FUNCTIONS
  +--> ?PR?PRINTF?PRINTF
  +--> ?PR?PUTCHAR?PUTCHAR

?PR?LCD_CLEAR?LCD                                -----    -----      -----    -----
  +--> ?PR?LCD_WRITE?LCD
  +--> ?PR?_DELAY_MS?HARDWARE_DELAY

?PR?_LCD_PRINT?LCD                               -----    -----      002EH    0005H
  +--> ?PR?LCD_WRITE?LCD

?PR?_TEST_I2C?STA013                             -----    -----      002EH    0005H
  +--> ?PR?_I2C_READ?I2C
  +--> ?CO?STA013
  +--> ?PR?PRINTF?PRINTF
  +--> ?PR?PUTCHAR?PUTCHAR

?PR?_I2C_READ?I2C                                -----    -----      0039H    000BH
  +--> ?PR?I2C_CLOCK_START?I2C
  +--> ?PR?_I2C_CLOCK_DELAY?I2C
  +--> ?CO?I2C
BL51 BANKED LINKER/LOCATER V6.22                                                      12/11/2015  10:40:32  PAGE 6


  +--> ?PR?PRINTF?PRINTF
  +--> ?PR?PUTCHAR?PUTCHAR

?PR?CONFIG_FILE?STA013                           -----    -----      002EH    000BH
  +--> ?PR?_I2C_WRITE?I2C
  +--> ?CO?STA013
  +--> ?PR?PRINTF?PRINTF
  +--> ?PR?PUTCHAR?PUTCHAR
  +--> ?PR?_I2C_READ?I2C

?PR?_I2C_WRITE?I2C                               -----    -----      0039H    000BH
  +--> ?PR?I2C_CLOCK_START?I2C
  +--> ?PR?_I2C_CLOCK_DELAY?I2C
  +--> ?CO?I2C
  +--> ?PR?PRINTF?PRINTF
  +--> ?PR?PUTCHAR?PUTCHAR

?PR?LONG_SERIAL_INPUT?LONG_SERIAL_IN             -----    -----      003FH    0011H
  +--> ?PR?GETCHAR?GETCHAR
  +--> ?PR?_ATOL?ATOL
  +--> ?PR?PUTCHAR?PUTCHAR

?PR?GETCHAR?GETCHAR                              -----    -----      -----    -----
  +--> ?PR?_GETKEY?_GETKEY
  +--> ?PR?PUTCHAR?PUTCHAR

?PR?_ATOL?ATOL                                   0021H.1  0000H.1    0050H    0007H
  +--> ?PR?_ISSPACE?ISSPACE
  +--> ?PR?_ISDIGIT?ISDIGIT

?PR?_READ_DIR_ENTRY?DIRECTORY_FUNCTIONS          -----    -----      002EH    001EH
  +--> ?PR?_READ_BLOCK?SDCARD
  +--> ?PR?_READ8?DIRECTORY_FUNCTIONS

?PR?_FIRST_SECTOR?DIRECTORY_FUNCTIONS            -----    -----      003FH    0008H
  +--> ?CO?DIRECTORY_FUNCTIONS
  +--> ?PR?PRINTF?PRINTF
  +--> ?PR?PUTCHAR?PUTCHAR

?PR?_OPEN_FILE?DIRECTORY_FUNCTIONS               -----    -----      002EH    0011H
  +--> ?PR?_FIRST_SECTOR?DIRECTORY_FUNCTIONS
  +--> ?CO?DIRECTORY_FUNCTIONS
  +--> ?PR?PRINTF?PRINTF
  +--> ?PR?PUTCHAR?PUTCHAR
  +--> ?PR?_READ_BLOCK?SDCARD
  +--> ?PR?_FIND_NEXT_CLUSTER?DIRECTORY_FUNC...
  +--> ?PR?_PRINT_MEMORY?PRINT_BYTES
  +--> ?PR?LONG_SERIAL_INPUT?LONG_SERIAL_IN

?PR?_FIND_NEXT_CLUSTER?DIRECTORY_FUNC...         -----    -----      003FH    0012H
  +--> ?PR?_SEND_COMMAND?SDCARD
  +--> ?PR?_READ_BLOCK?SDCARD
  +--> ?PR?_READ32?DIRECTORY_FUNCTIONS



IGNORED SEGMENTS:
BL51 BANKED LINKER/LOCATER V6.22                                                      12/11/2015  10:40:32  PAGE 7


   _DATA_GROUP_



SYMBOL TABLE OF MODULE:  part2 (HARDWARE_DELAY)

  VALUE           TYPE          NAME
  ----------------------------------

  -------         MODULE        HARDWARE_DELAY
  C:0000H         SYMBOL        _ICE_DUMMY_
  D:0080H         PUBLIC        P0
  D:0090H         PUBLIC        P1
  D:00A0H         PUBLIC        P2
  D:00B0H         PUBLIC        P3
  D:00A8H         PUBLIC        IEN0
  D:00B8H         PUBLIC        IPL0
  D:00D8H         PUBLIC        CCON
  D:0098H         PUBLIC        SCON
  D:0089H         PUBLIC        TMOD
  D:0088H         PUBLIC        TCON
  B:00A8H.1       PUBLIC        ET0
  B:0088H.5       PUBLIC        TF0
  D:008CH         PUBLIC        TH0
  D:008AH         PUBLIC        TL0
  C:49C8H         PUBLIC        _delay_ms
  B:0088H.4       PUBLIC        TR0
  D:00C8H         PUBLIC        T2CON
  D:00D0H         PUBLIC        PSW
  -------         PROC          _DELAY_MS
  D:0006H         SYMBOL        timeout_val_ms
  -------         DO            
  D:0004H         SYMBOL        num_ms
  -------         ENDDO         
  C:49C8H         LINE#         9
  C:49C8H         LINE#         10
  C:49C8H         LINE#         12
  C:49CBH         LINE#         13
  C:49CEH         LINE#         14
  C:49D0H         LINE#         15
  C:49DAH         LINE#         16
  C:49DAH         LINE#         17
  C:49DDH         LINE#         18
  C:49E0H         LINE#         19
  C:49E2H         LINE#         20
  C:49E4H         LINE#         21
  C:49E7H         LINE#         22
  C:49E9H         LINE#         23
  C:49F0H         LINE#         24
  -------         ENDPROC       _DELAY_MS
  -------         ENDMOD        HARDWARE_DELAY

  -------         MODULE        LCD
  C:0000H         SYMBOL        _ICE_DUMMY_
  D:0080H         PUBLIC        P0
  D:0090H         PUBLIC        P1
  D:00A0H         PUBLIC        P2
BL51 BANKED LINKER/LOCATER V6.22                                                      12/11/2015  10:40:32  PAGE 8


  D:00B0H         PUBLIC        P3
  D:00A8H         PUBLIC        IEN0
  D:00B8H         PUBLIC        IPL0
  C:4B31H         PUBLIC        LCD_Clear
  D:00D8H         PUBLIC        CCON
  B:00B0H.6       PUBLIC        RS
  D:0080H         PUBLIC        LCD_DATA_OUT
  D:0098H         PUBLIC        SCON
  D:0088H         PUBLIC        TCON
  C:4A42H         PUBLIC        LCD_Write
  C:4835H         PUBLIC        _LCD_Print
  B:00B0H.7       PUBLIC        E
  C:4992H         PUBLIC        LCD_Init
  D:00C8H         PUBLIC        T2CON
  D:00D0H         PUBLIC        PSW
  C:4A3DH         SYMBOL        L?0013
  -------         PROC          L?0012
  -------         ENDPROC       L?0012
  C:4A3DH         SYMBOL        L?0013
  -------         PROC          LCD_WRITE
  B:0021H.1       SYMBOL        RegSelect
  D:0033H         SYMBOL        LCD_Data
  C:4A42H         LINE#         6
  C:4A42H         LINE#         7
  C:4A42H         LINE#         9
  C:4A46H         LINE#         10
  C:4A48H         LINE#         11
  C:4A4FH         LINE#         12
  C:4A52H         LINE#         13
  C:4A54H         LINE#         14
  C:4A5BH         LINE#         15
  C:4A5EH         LINE#         16
  -------         ENDPROC       LCD_WRITE
  -------         PROC          _LCD_PRINT
  D:002EH         SYMBOL        num_bytes
  D:002FH         SYMBOL        array_name
  -------         DO            
  D:0032H         SYMBOL        index
  -------         ENDDO         
  C:4835H         LINE#         18
  C:483DH         LINE#         19
  C:483DH         LINE#         21
  C:4841H         LINE#         22
  C:4841H         LINE#         23
  C:4843H         LINE#         24
  C:4855H         LINE#         25
  C:4855H         LINE#         26
  C:485CH         LINE#         27
  C:485EH         LINE#         28
  C:4860H         LINE#         29
  C:4860H         LINE#         31
  C:4860H         LINE#         32
  C:486AH         LINE#         33
  C:486AH         LINE#         34
  C:4880H         LINE#         35
  C:4884H         LINE#         36
  C:4884H         LINE#         38
BL51 BANKED LINKER/LOCATER V6.22                                                      12/11/2015  10:40:32  PAGE 9


  -------         ENDPROC       _LCD_PRINT
  -------         PROC          LCD_INIT
  C:4992H         LINE#         40
  C:4992H         LINE#         41
  C:4992H         LINE#         47
  C:4999H         LINE#         48
  C:499CH         LINE#         49
  C:49A3H         LINE#         50
  C:49A6H         LINE#         52
  C:49A9H         LINE#         54
  C:49B1H         LINE#         56
  C:49B9H         LINE#         57
  C:49C0H         LINE#         58
  -------         ENDPROC       LCD_INIT
  -------         PROC          LCD_CLEAR
  C:4B31H         LINE#         64
  C:4B31H         LINE#         65
  C:4B31H         LINE#         66
  C:4B39H         LINE#         67
  -------         ENDPROC       LCD_CLEAR
  -------         ENDMOD        LCD

  -------         MODULE        LONG_SERIAL_IN
  C:0000H         SYMBOL        _ICE_DUMMY_
  D:0080H         PUBLIC        P0
  D:0090H         PUBLIC        P1
  D:00A0H         PUBLIC        P2
  D:00B0H         PUBLIC        P3
  D:00A8H         PUBLIC        IEN0
  D:00B8H         PUBLIC        IPL0
  D:00D8H         PUBLIC        CCON
  C:3F44H         PUBLIC        long_serial_input
  D:0098H         PUBLIC        SCON
  D:0088H         PUBLIC        TCON
  D:00C8H         PUBLIC        T2CON
  D:00D0H         PUBLIC        PSW
  -------         PROC          LONG_SERIAL_INPUT
  -------         DO            
  D:003FH         SYMBOL        index
  D:0040H         SYMBOL        input
  D:0041H         SYMBOL        input_values
  D:004CH         SYMBOL        output_value
  -------         ENDDO         
  C:3F44H         LINE#         15
  C:3F44H         LINE#         16
  C:3F44H         LINE#         19
  C:3F47H         LINE#         20
  C:3F47H         LINE#         21
  C:3F4EH         LINE#         22
  C:3F55H         LINE#         23
  C:3F5FH         LINE#         24
  C:3F62H         LINE#         26
  C:3F62H         LINE#         27
  C:3F67H         LINE#         28
  C:3F75H         LINE#         29
  C:3F75H         LINE#         30
  C:3F7CH         LINE#         31
BL51 BANKED LINKER/LOCATER V6.22                                                      12/11/2015  10:40:32  PAGE 10


  C:3F7EH         LINE#         32
  C:3F80H         LINE#         33
  C:3F8BH         LINE#         34
  C:3F8BH         LINE#         35
  C:3F8DH         LINE#         36
  C:3F94H         LINE#         37
  C:3F94H         LINE#         38
  C:3F94H         LINE#         39
  C:3F96H         LINE#         40
  C:3FA1H         LINE#         41
  C:3FA1H         LINE#         42
  C:3FB2H         LINE#         43
  C:3FB7H         LINE#         44
  C:3FB9H         LINE#         45
  C:3FBBH         LINE#         47
  C:3FBBH         LINE#         48
  C:3FC0H         LINE#         49
  C:3FC5H         LINE#         50
  C:3FCAH         LINE#         51
  C:3FCAH         LINE#         52
  C:3FCFH         LINE#         53
  C:3FCFH         LINE#         54
  C:3FE0H         LINE#         55
  C:3FE5H         LINE#         56
  C:3FEAH         LINE#         57
  C:3FEAH         LINE#         58
  C:4001H         LINE#         60
  C:4009H         LINE#         61
  -------         ENDPROC       LONG_SERIAL_INPUT
  -------         ENDMOD        LONG_SERIAL_IN

  -------         MODULE        MAIN
  C:0000H         SYMBOL        _ICE_DUMMY_
  D:0023H         PUBLIC        sector_offset
  D:0080H         PUBLIC        P0
  D:0090H         PUBLIC        P1
  B:0090H.1       PUBLIC        spi_en
  D:00A0H         PUBLIC        P2
  D:00B0H         PUBLIC        P3
  B:00A8H.7       PUBLIC        EA
  B:00A0H.4       PUBLIC        LED1
  B:00A0H.5       PUBLIC        LED2
  B:00A0H.6       PUBLIC        LED3
  B:00A0H.7       PUBLIC        LED4
  D:00A8H         PUBLIC        IEN0
  D:0024H         PUBLIC        index1_g
  D:0025H         PUBLIC        sector
  D:0026H         PUBLIC        index2_g
  D:00B8H         PUBLIC        IPL0
  D:00D8H         PUBLIC        CCON
  C:3225H         PUBLIC        timer2_ISR
  C:2A02H         PUBLIC        main
  D:0087H         PUBLIC        PCON
  D:0098H         PUBLIC        SCON
  D:0088H         PUBLIC        TCON
  B:00B0H.3       PUBLIC        trig
  D:0027H         PUBLIC        return_entry
BL51 BANKED LINKER/LOCATER V6.22                                                      12/11/2015  10:40:32  PAGE 11


  D:002BH         PUBLIC        play_status
  B:0088H.5       PUBLIC        TF0
  B:00A8H.5       PUBLIC        ET2
  B:00C8H.7       PUBLIC        TF2
  D:002CH         PUBLIC        cluster_g
  D:00CDH         PUBLIC        TH2
  D:00CCH         PUBLIC        TL2
  X:0000H         PUBLIC        buff1
  X:0200H         PUBLIC        buff2
  D:002DH         PUBLIC        next_entry
  D:0031H         PUBLIC        sector_base_g
  B:0090H.0       PUBLIC        DATA_REQ
  D:00C8H         PUBLIC        T2CON
  D:0032H         PUBLIC        state_g
  D:0033H         PUBLIC        temp8
  D:00D0H         PUBLIC        PSW
  D:0034H         PUBLIC        block_number
  D:0038H         PUBLIC        current_sector
  -------         PROC          TIMER2_ISR
  C:3225H         LINE#         33
  C:3242H         LINE#         36
  C:3244H         LINE#         40
  C:3249H         LINE#         41
  C:3249H         LINE#         42
  C:3250H         LINE#         43
  C:3250H         LINE#         44
  C:3253H         LINE#         45
  C:3253H         LINE#         46
  C:3253H         LINE#         48
  C:3258H         LINE#         49
  C:3258H         LINE#         50
  C:325FH         LINE#         51
  C:325FH         LINE#         52
  C:3262H         LINE#         53
  C:3262H         LINE#         54
  C:3262H         LINE#         57
  C:3293H         LINE#         58
  C:3293H         LINE#         60
  C:3293H         LINE#         61
  C:3293H         LINE#         62
  C:3295H         LINE#         63
  C:329BH         LINE#         64
  C:329BH         LINE#         65
  C:32B1H         LINE#         66
  C:32B3H         LINE#         67
  C:32BEH         LINE#         68
  C:32BEH         LINE#         69
  C:32C3H         LINE#         70
  C:32C3H         LINE#         71
  C:32C6H         LINE#         73
  C:32C8H         LINE#         75
  C:32C8H         LINE#         76
  C:32CBH         LINE#         77
  C:32CBH         LINE#         78
  C:32CDH         LINE#         80
  C:32CDH         LINE#         81
  C:32D0H         LINE#         82
BL51 BANKED LINKER/LOCATER V6.22                                                      12/11/2015  10:40:32  PAGE 12


  C:32D0H         LINE#         83
  C:32D2H         LINE#         84
  C:32D4H         LINE#         85
  C:32DCH         LINE#         86
  C:32DCH         LINE#         87
  C:32E7H         LINE#         88
  C:32E7H         LINE#         89
  C:32EAH         LINE#         90
  C:32ECH         LINE#         92
  C:32ECH         LINE#         93
  C:32EFH         LINE#         94
  C:32EFH         LINE#         95
  C:32EFH         LINE#         96
  C:32F1H         LINE#         97
  C:32F4H         LINE#         98
  C:32F4H         LINE#         101
  C:32F4H         LINE#         102
  C:32F4H         LINE#         103
  C:32FAH         LINE#         104
  C:3308H         LINE#         105
  C:330AH         LINE#         106
  C:330AH         LINE#         107
  C:330CH         LINE#         108
  C:330CH         LINE#         111
  C:330CH         LINE#         112
  C:330CH         LINE#         113
  C:331DH         LINE#         114
  C:332EH         LINE#         115
  C:332EH         LINE#         116
  C:3331H         LINE#         117
  C:3331H         LINE#         118
  C:3333H         LINE#         120
  C:3333H         LINE#         121
  C:333EH         LINE#         122
  C:3341H         LINE#         123
  C:3344H         LINE#         124
  C:3344H         LINE#         125
  C:3347H         LINE#         126
  C:3347H         LINE#         128
  C:3347H         LINE#         129
  C:3347H         LINE#         130
  C:334DH         LINE#         131
  C:334DH         LINE#         132
  C:3350H         LINE#         133
  C:3350H         LINE#         134
  C:3353H         LINE#         135
  C:3353H         LINE#         138
  C:3353H         LINE#         139
  C:3353H         LINE#         140
  C:3355H         LINE#         141
  C:335BH         LINE#         142
  C:335BH         LINE#         143
  C:3371H         LINE#         144
  C:3373H         LINE#         145
  C:337EH         LINE#         146
  C:337EH         LINE#         147
  C:3383H         LINE#         148
BL51 BANKED LINKER/LOCATER V6.22                                                      12/11/2015  10:40:32  PAGE 13


  C:3383H         LINE#         149
  C:3386H         LINE#         150
  C:3388H         LINE#         152
  C:3388H         LINE#         153
  C:338BH         LINE#         154
  C:338BH         LINE#         155
  C:338DH         LINE#         157
  C:338DH         LINE#         158
  C:3390H         LINE#         159
  C:3390H         LINE#         160
  C:3392H         LINE#         161
  C:3394H         LINE#         162
  C:339CH         LINE#         163
  C:339CH         LINE#         164
  C:33A7H         LINE#         165
  C:33A7H         LINE#         166
  C:33AAH         LINE#         167
  C:33ACH         LINE#         169
  C:33ACH         LINE#         170
  C:33AFH         LINE#         171
  C:33AFH         LINE#         172
  C:33AFH         LINE#         173
  C:33B1H         LINE#         174
  C:33B3H         LINE#         175
  C:33B3H         LINE#         178
  C:33B3H         LINE#         179
  C:33B3H         LINE#         180
  C:33B9H         LINE#         181
  C:33C7H         LINE#         182
  C:33C9H         LINE#         183
  C:33C9H         LINE#         184
  C:33CBH         LINE#         185
  C:33CBH         LINE#         188
  C:33CBH         LINE#         189
  C:33CBH         LINE#         190
  C:33DCH         LINE#         191
  C:33EDH         LINE#         192
  C:33EDH         LINE#         193
  C:33F0H         LINE#         194
  C:33F0H         LINE#         195
  C:33F2H         LINE#         197
  C:33F2H         LINE#         198
  C:33FDH         LINE#         199
  C:3400H         LINE#         200
  C:3403H         LINE#         201
  C:3403H         LINE#         202
  C:3405H         LINE#         203
  C:3405H         LINE#         205
  C:3405H         LINE#         206
  C:3405H         LINE#         207
  C:3408H         LINE#         208
  C:3408H         LINE#         209
  C:340BH         LINE#         210
  C:340BH         LINE#         211
  C:340BH         LINE#         212
  C:340BH         LINE#         213
  C:340BH         LINE#         214
BL51 BANKED LINKER/LOCATER V6.22                                                      12/11/2015  10:40:32  PAGE 14


  -------         ENDPROC       TIMER2_ISR
  -------         PROC          MAIN
  -------         DO            
  D:0029H         SYMBOL        error_flag
  D:002AH         SYMBOL        array_name
  D:002CH         SYMBOL        number_of_entries
  -------         ENDDO         
  C:2A02H         LINE#         223
  C:2A02H         LINE#         224
  C:2A02H         LINE#         230
  C:2A04H         LINE#         231
  C:2A06H         LINE#         232
  C:2A09H         LINE#         233
  C:2A0CH         LINE#         234
  C:2A17H         LINE#         235
  C:2A1CH         LINE#         236
  C:2A2EH         LINE#         237
  C:2A33H         LINE#         238
  C:2A38H         LINE#         239
  C:2A41H         LINE#         240
  C:2A53H         LINE#         241
  C:2A56H         LINE#         242
  C:2A5EH         LINE#         244
  C:2A69H         LINE#         245
  C:2A6BH         LINE#         246
  C:2A6EH         LINE#         247
  C:2A71H         LINE#         248
  C:2A7CH         LINE#         249
  C:2A80H         LINE#         250
  C:2A80H         LINE#         251
  C:2A82H         LINE#         252
  C:2A94H         LINE#         253
  C:2AA0H         LINE#         254
  C:2AA5H         LINE#         255
  C:2AAAH         LINE#         256
  C:2AAAH         LINE#         258
  C:2AAFH         LINE#         259
  C:2AB3H         LINE#         260
  C:2AB3H         LINE#         261
  C:2AB5H         LINE#         262
  C:2AC7H         LINE#         263
  C:2AD3H         LINE#         264
  C:2AD8H         LINE#         265
  C:2ADDH         LINE#         266
  C:2ADDH         LINE#         269
  C:2ADFH         LINE#         272
  C:2AE3H         LINE#         273
  C:2AE3H         LINE#         274
  C:2AE5H         LINE#         275
  C:2AF7H         LINE#         276
  C:2B03H         LINE#         277
  C:2B08H         LINE#         278
  C:2B0DH         LINE#         279
  C:2B0DH         LINE#         281
  C:2B10H         LINE#         282
  C:2B13H         LINE#         283
  C:2B16H         LINE#         286
BL51 BANKED LINKER/LOCATER V6.22                                                      12/11/2015  10:40:32  PAGE 15


  C:2B18H         LINE#         287
  C:2B1AH         LINE#         305
  C:2B1AH         LINE#         306
  C:2B1AH         LINE#         307
  C:2B27H         LINE#         308
  C:2B2EH         LINE#         309
  C:2B2EH         LINE#         311
  C:2B2EH         LINE#         312
  C:2B40H         LINE#         313
  C:2B4BH         LINE#         314
  C:2B6DH         LINE#         315
  C:2B6DH         LINE#         316
  C:2B7FH         LINE#         317
  C:2B7FH         LINE#         318
  C:2BA1H         LINE#         319
  C:2BBEH         LINE#         320
  C:2BD0H         LINE#         321
  C:2BE5H         LINE#         322
  C:2BEAH         LINE#         323
  C:2BEFH         LINE#         324
  C:2C01H         LINE#         325
  C:2C0CH         LINE#         326
  C:2C0CH         LINE#         327
  C:2C1EH         LINE#         328
  C:2C23H         LINE#         329
  C:2C28H         LINE#         330
  C:2C3BH         LINE#         331
  C:2C4DH         LINE#         332
  C:2C62H         LINE#         333
  C:2C67H         LINE#         334
  C:2C6CH         LINE#         335
  C:2C81H         LINE#         336
  C:2C81H         LINE#         337
  C:2CA7H         LINE#         338
  C:2CA7H         LINE#         339
  C:2CB9H         LINE#         340
  C:2CCAH         LINE#         343
  C:2CCDH         LINE#         344
  C:2CCFH         LINE#         346
  C:2CD3H         LINE#         347
  C:2CD3H         LINE#         349
  C:2CD6H         LINE#         351
  C:2CD8H         LINE#         354
  C:2CEDH         LINE#         355
  C:2CEDH         LINE#         356
  C:2CFAH         LINE#         357
  C:2CFAH         LINE#         358
  C:2CFDH         LINE#         359
  C:2CFDH         LINE#         360
  C:2D00H         LINE#         361
  C:2D07H         LINE#         362
  C:2D07H         LINE#         363
  C:2D09H         LINE#         364
  C:2D0EH         LINE#         365
  C:2D13H         LINE#         366
  C:2D25H         LINE#         367
  C:2D31H         LINE#         368
BL51 BANKED LINKER/LOCATER V6.22                                                      12/11/2015  10:40:32  PAGE 16


  C:2D36H         LINE#         369
  C:2D3BH         LINE#         370
  -------         ENDPROC       MAIN
  -------         ENDMOD        MAIN

  -------         MODULE        PRINT_BYTES
  C:0000H         SYMBOL        _ICE_DUMMY_
  D:0080H         PUBLIC        P0
  D:0090H         PUBLIC        P1
  D:00A0H         PUBLIC        P2
  D:00B0H         PUBLIC        P3
  D:00A8H         PUBLIC        IEN0
  D:00B8H         PUBLIC        IPL0
  C:4515H         PUBLIC        _print_16bytes
  D:00D8H         PUBLIC        CCON
  C:472AH         PUBLIC        _print_memory
  D:0098H         PUBLIC        SCON
  D:0088H         PUBLIC        TCON
  D:00C8H         PUBLIC        T2CON
  D:00D0H         PUBLIC        PSW
  -------         PROC          _PRINT_16BYTES
  D:0001H         SYMBOL        array_in
  -------         DO            
  D:004FH         SYMBOL        input
  D:0052H         SYMBOL        index
  D:0053H         SYMBOL        dat
  -------         ENDDO         
  C:4515H         LINE#         16
  C:4515H         LINE#         17
  C:4515H         LINE#         20
  C:451BH         LINE#         21
  C:452AH         LINE#         22
  C:452DH         LINE#         23
  C:452DH         LINE#         24
  C:453EH         LINE#         25
  C:4549H         LINE#         26
  C:4552H         LINE#         27
  C:4555H         LINE#         28
  C:4555H         LINE#         29
  C:4566H         LINE#         30
  C:4575H         LINE#         31
  C:457AH         LINE#         32
  C:4583H         LINE#         33
  C:4588H         LINE#         34
  -------         ENDPROC       _PRINT_16BYTES
  -------         PROC          _PRINT_MEMORY
  D:0047H         SYMBOL        array_in
  D:004AH         SYMBOL        number_of_bytes
  -------         DO            
  D:004CH         SYMBOL        input
  D:0006H         SYMBOL        i
  -------         ENDDO         
  C:472AH         LINE#         44
  C:4734H         LINE#         45
  C:4734H         LINE#         48
  C:473AH         LINE#         49
  C:473CH         LINE#         50
BL51 BANKED LINKER/LOCATER V6.22                                                      12/11/2015  10:40:32  PAGE 17


  C:4741H         LINE#         51
  C:4752H         LINE#         52
  C:475BH         LINE#         54
  C:475BH         LINE#         55
  C:4764H         LINE#         56
  C:476FH         LINE#         57
  C:4788H         LINE#         58
  -------         ENDPROC       _PRINT_MEMORY
  -------         ENDMOD        PRINT_BYTES

  -------         MODULE        SDCARD
  C:0000H         SYMBOL        _ICE_DUMMY_
  D:0080H         PUBLIC        P0
  D:0090H         PUBLIC        P1
  D:00A0H         PUBLIC        P2
  D:00B0H         PUBLIC        P3
  C:4498H         PUBLIC        _trans_ACMD41
  B:00A0H.5       PUBLIC        LED2
  B:00A0H.7       PUBLIC        LED4
  C:458DH         PUBLIC        _read_block
  D:00A8H         PUBLIC        IEN0
  C:495AH         PUBLIC        _trans_CMD0
  D:00B8H         PUBLIC        IPL0
  C:42FDH         PUBLIC        _get_response
  C:4919H         PUBLIC        _trans_CMD8
  D:00D8H         PUBLIC        CCON
  D:0098H         PUBLIC        SCON
  D:0088H         PUBLIC        TCON
  D:008EH         PUBLIC        AUXR
  B:0090H.4       PUBLIC        ncs
  C:39ADH         PUBLIC        SDcard_init
  C:4A18H         PUBLIC        _trans_CMD58
  C:4416H         PUBLIC        _read_sector_ISR
  D:00C8H         PUBLIC        T2CON
  C:488DH         PUBLIC        _get_response_no_end
  C:4260H         PUBLIC        _send_command
  D:00D0H         PUBLIC        PSW
  -------         PROC          SDCARD_INIT
  -------         DO            
  D:002EH         SYMBOL        return_value
  D:0033H         SYMBOL        error_flag
  D:0034H         SYMBOL        index
  D:0035H         SYMBOL        dat
  -------         ENDDO         
  C:39ADH         LINE#         11
  C:39ADH         LINE#         12
  C:39ADH         LINE#         16
  C:39B0H         LINE#         18
  C:39B2H         LINE#         19
  C:39B5H         LINE#         20
  C:39B5H         LINE#         21
  C:39C0H         LINE#         22
  C:39C9H         LINE#         27
  C:39D4H         LINE#         30
  C:39D7H         LINE#         31
  C:39D7H         LINE#         32
  C:39DFH         LINE#         33
BL51 BANKED LINKER/LOCATER V6.22                                                      12/11/2015  10:40:32  PAGE 18


  C:39EAH         LINE#         34
  C:39F3H         LINE#         35
  C:39F8H         LINE#         36
  C:39FDH         LINE#         37
  C:3A04H         LINE#         42
  C:3A08H         LINE#         43
  C:3A08H         LINE#         44
  C:3A12H         LINE#         45
  C:3A12H         LINE#         49
  C:3A15H         LINE#         50
  C:3A15H         LINE#         51
  C:3A1DH         LINE#         52
  C:3A28H         LINE#         53
  C:3A31H         LINE#         54
  C:3A36H         LINE#         55
  C:3A3BH         LINE#         56
  C:3A42H         LINE#         59
  C:3A46H         LINE#         60
  C:3A46H         LINE#         61
  C:3A50H         LINE#         62
  C:3A56H         LINE#         63
  C:3A56H         LINE#         64
  C:3A59H         LINE#         65
  C:3A5BH         LINE#         66
  C:3A5BH         LINE#         67
  C:3A5BH         LINE#         71
  C:3A5EH         LINE#         72
  C:3A5EH         LINE#         73
  C:3A66H         LINE#         74
  C:3A71H         LINE#         75
  C:3A7AH         LINE#         76
  C:3A7FH         LINE#         77
  C:3A84H         LINE#         78
  C:3A8BH         LINE#         81
  C:3A8FH         LINE#         82
  C:3A8FH         LINE#         83
  C:3A99H         LINE#         84
  C:3A99H         LINE#         88
  C:3A9CH         LINE#         89
  C:3A9CH         LINE#         90
  C:3AA4H         LINE#         91
  C:3AAFH         LINE#         92
  C:3AB8H         LINE#         93
  C:3ABDH         LINE#         94
  C:3AC2H         LINE#         95
  C:3AC9H         LINE#         98
  C:3ACDH         LINE#         99
  C:3ACDH         LINE#         100
  C:3AD7H         LINE#         101
  C:3ADDH         LINE#         102
  C:3ADDH         LINE#         104
  C:3ADDH         LINE#         105
  C:3AE2H         LINE#         106
  C:3AE2H         LINE#         108
  C:3AE5H         LINE#         109
  C:3AE7H         LINE#         111
  C:3AE7H         LINE#         112
BL51 BANKED LINKER/LOCATER V6.22                                                      12/11/2015  10:40:32  PAGE 19


  C:3AEAH         LINE#         113
  C:3AEAH         LINE#         114
  C:3AEAH         LINE#         117
  C:3AEDH         LINE#         118
  C:3AEDH         LINE#         119
  C:3AF5H         LINE#         120
  C:3B00H         LINE#         121
  C:3B09H         LINE#         122
  C:3B0EH         LINE#         123
  C:3B13H         LINE#         124
  C:3B1AH         LINE#         126
  C:3B1EH         LINE#         127
  C:3B1EH         LINE#         128
  C:3B20H         LINE#         129
  C:3B20H         LINE#         130
  C:3B22H         LINE#         132
  C:3B24H         LINE#         133
  -------         ENDPROC       SDCARD_INIT
  -------         PROC          _TRANS_CMD0
  D:0036H         SYMBOL        return_value
  -------         DO            
  D:0007H         SYMBOL        error_flag
  -------         ENDDO         
  C:495AH         LINE#         150
  C:4960H         LINE#         151
  C:4960H         LINE#         155
  C:4962H         LINE#         156
  C:496FH         LINE#         157
  C:4972H         LINE#         158
  C:4972H         LINE#         159
  C:497DH         LINE#         160
  C:497DH         LINE#         161
  C:4980H         LINE#         162
  C:4980H         LINE#         163
  C:498DH         LINE#         164
  C:498DH         LINE#         165
  C:498FH         LINE#         166
  C:498FH         LINE#         167
  C:498FH         LINE#         168
  C:4991H         LINE#         170
  C:4991H         LINE#         171
  -------         ENDPROC       _TRANS_CMD0
  -------         PROC          _TRANS_CMD8
  D:0036H         SYMBOL        return_value
  -------         DO            
  D:0007H         SYMBOL        error_flag
  -------         ENDDO         
  C:4919H         LINE#         177
  C:491FH         LINE#         178
  C:491FH         LINE#         181
  C:4921H         LINE#         182
  C:4931H         LINE#         183
  C:4934H         LINE#         184
  C:4934H         LINE#         185
  C:493FH         LINE#         186
  C:493FH         LINE#         187
  C:494CH         LINE#         188
BL51 BANKED LINKER/LOCATER V6.22                                                      12/11/2015  10:40:32  PAGE 20


  C:4950H         LINE#         189
  C:4955H         LINE#         190
  C:4957H         LINE#         191
  C:4959H         LINE#         192
  C:4959H         LINE#         193
  -------         ENDPROC       _TRANS_CMD8
  -------         PROC          _TRANS_CMD58
  D:0036H         SYMBOL        return_value
  -------         DO            
  D:0007H         SYMBOL        error_flag
  -------         ENDDO         
  C:4A18H         LINE#         199
  C:4A1EH         LINE#         200
  C:4A1EH         LINE#         203
  C:4A20H         LINE#         204
  C:4A2EH         LINE#         205
  C:4A31H         LINE#         206
  C:4A31H         LINE#         207
  C:4A3CH         LINE#         208
  C:4A3CH         LINE#         209
  C:4A3CH         LINE#         210
  -------         ENDPROC       _TRANS_CMD58
  -------         PROC          _TRANS_ACMD41
  D:0036H         SYMBOL        return_value
  -------         DO            
  D:0007H         SYMBOL        error_flag
  D:0039H         SYMBOL        timeout
  D:003AH         SYMBOL        ACMD41_argum
  -------         ENDDO         
  C:4498H         LINE#         215
  C:449EH         LINE#         216
  C:449EH         LINE#         218
  C:44A8H         LINE#         223
  C:44AAH         LINE#         226
  C:44ACH         LINE#         228
  C:44ACH         LINE#         229
  C:44AEH         LINE#         230
  C:44BCH         LINE#         231
  C:44BFH         LINE#         232
  C:44C2H         LINE#         233
  C:44D2H         LINE#         234
  C:44D4H         LINE#         235
  C:44D7H         LINE#         236
  C:44E8H         LINE#         237
  C:44EBH         LINE#         238
  C:44EEH         LINE#         239
  C:44FEH         LINE#         240
  C:4500H         LINE#         241
  C:4502H         LINE#         242
  C:450CH         LINE#         243
  C:4510H         LINE#         244
  C:4510H         LINE#         245
  C:4512H         LINE#         246
  C:4512H         LINE#         247
  C:4514H         LINE#         249
  C:4514H         LINE#         250
  -------         ENDPROC       _TRANS_ACMD41
BL51 BANKED LINKER/LOCATER V6.22                                                      12/11/2015  10:40:32  PAGE 21


  -------         PROC          L?0123
  -------         ENDPROC       L?0123
  -------         PROC          _SEND_COMMAND
  D:005EH         SYMBOL        cmd
  D:005FH         SYMBOL        argum
  -------         DO            
  D:0063H         SYMBOL        error_flag
  D:0064H         SYMBOL        send_val
  D:0065H         SYMBOL        return_val
  D:0066H         SYMBOL        index
  -------         ENDDO         
  C:4260H         LINE#         260
  C:4262H         LINE#         261
  C:4262H         LINE#         263
  C:426CH         LINE#         264
  C:426CH         LINE#         265
  C:4272H         LINE#         266
  C:427EH         LINE#         267
  C:4281H         LINE#         268
  C:429CH         LINE#         269
  C:429CH         LINE#         270
  C:42ADH         LINE#         271
  C:42B8H         LINE#         272
  C:42BEH         LINE#         273
  C:42C0H         LINE#         274
  C:42C4H         LINE#         275
  C:42C9H         LINE#         276
  C:42CEH         LINE#         277
  C:42D3H         LINE#         279
  C:42D6H         LINE#         280
  C:42DAH         LINE#         281
  C:42E6H         LINE#         282
  C:42EAH         LINE#         283
  C:42EDH         LINE#         284
  C:42EFH         LINE#         286
  C:42F2H         LINE#         287
  C:42F4H         LINE#         288
  -------         ENDPROC       _SEND_COMMAND
  -------         PROC          L?0124
  -------         ENDPROC       L?0124
  -------         PROC          _GET_RESPONSE
  D:003EH         SYMBOL        num_bytes
  D:003FH         SYMBOL        array_out
  -------         DO            
  D:0042H         SYMBOL        timeout
  D:0043H         SYMBOL        error_flag
  D:0044H         SYMBOL        recieve_value
  D:0045H         SYMBOL        index
  -------         ENDDO         
  C:42FDH         LINE#         295
  C:4305H         LINE#         296
  C:4305H         LINE#         299
  C:4308H         LINE#         300
  C:430AH         LINE#         302
  C:430AH         LINE#         303
  C:4317H         LINE#         304
  C:4319H         LINE#         305
BL51 BANKED LINKER/LOCATER V6.22                                                      12/11/2015  10:40:32  PAGE 22


  C:4326H         LINE#         306
  C:4331H         LINE#         307
  C:4335H         LINE#         308
  C:433AH         LINE#         309
  C:433EH         LINE#         310
  C:4340H         LINE#         311
  C:434AH         LINE#         312
  C:434FH         LINE#         313
  C:4356H         LINE#         314
  C:4356H         LINE#         315
  C:4360H         LINE#         316
  C:4360H         LINE#         317
  C:436BH         LINE#         318
  C:437CH         LINE#         319
  C:4380H         LINE#         320
  C:4380H         LINE#         321
  C:4384H         LINE#         322
  C:4390H         LINE#         323
  C:4392H         LINE#         324
  -------         ENDPROC       _GET_RESPONSE
  C:4887H         SYMBOL        L?0122
  -------         PROC          L?0121
  -------         ENDPROC       L?0121
  C:4887H         SYMBOL        L?0122
  -------         PROC          _GET_RESPONSE_NO_END
  D:005EH         SYMBOL        num_bytes
  D:0060H         SYMBOL        array_out
  -------         DO            
  D:0063H         SYMBOL        timeout
  D:0064H         SYMBOL        error_flag
  D:0065H         SYMBOL        recieve_value
  D:0066H         SYMBOL        index
  -------         ENDDO         
  C:488DH         LINE#         330
  C:4897H         LINE#         331
  C:4897H         LINE#         334
  C:489AH         LINE#         335
  C:489CH         LINE#         336
  C:48ABH         LINE#         337
  C:48ABH         LINE#         338
  C:48B6H         LINE#         339
  C:48C7H         LINE#         340
  C:48D1H         LINE#         341
  C:48D3H         LINE#         342
  -------         ENDPROC       _GET_RESPONSE_NO_END
  -------         PROC          _READ_BLOCK
  D:0051H         SYMBOL        block_number
  D:0055H         SYMBOL        block_info
  -------         DO            
  D:0007H         SYMBOL        error_flag
  D:0058H         SYMBOL        timeout
  D:0059H         SYMBOL        return_value
  -------         ENDDO         
  C:458DH         LINE#         350
  C:459BH         LINE#         351
  C:459BH         LINE#         354
  C:459DH         LINE#         355
BL51 BANKED LINKER/LOCATER V6.22                                                      12/11/2015  10:40:32  PAGE 23


  C:45A0H         LINE#         356
  C:45A3H         LINE#         358
  C:45A3H         LINE#         359
  C:45A5H         LINE#         360
  C:45A8H         LINE#         361
  C:45ABH         LINE#         362
  C:45B3H         LINE#         365
  C:45B7H         LINE#         366
  C:45B7H         LINE#         367
  C:45B9H         LINE#         368
  C:45B9H         LINE#         369
  C:45BCH         LINE#         371
  C:45BCH         LINE#         372
  C:45BEH         LINE#         373
  C:45C1H         LINE#         374
  C:45C4H         LINE#         375
  C:45D1H         LINE#         379
  C:45D5H         LINE#         380
  C:45D5H         LINE#         381
  C:45D7H         LINE#         382
  C:45D7H         LINE#         383
  C:45DDH         LINE#         384
  C:45DDH         LINE#         385
  C:45DFH         LINE#         386
  C:45DFH         LINE#         387
  C:45E2H         LINE#         388
  C:45E2H         LINE#         389
  C:45EEH         LINE#         390
  C:45EEH         LINE#         391
  C:45F1H         LINE#         392
  C:45F1H         LINE#         393
  C:45F6H         LINE#         395
  C:45F6H         LINE#         396
  C:45F8H         LINE#         398
  C:45F8H         LINE#         400
  -------         ENDPROC       _READ_BLOCK
  -------         PROC          _READ_SECTOR_ISR
  D:0000H         SYMBOL        block_number
  D:0004H         SYMBOL        block_info
  -------         DO            
  D:0007H         SYMBOL        error_flag
  D:0007H         SYMBOL        timeout
  D:0008H         SYMBOL        return_value
  -------         ENDDO         
  C:4416H         LINE#         407
  C:4424H         LINE#         408
  C:4424H         LINE#         411
  C:4426H         LINE#         412
  C:4429H         LINE#         413
  C:442CH         LINE#         415
  C:442CH         LINE#         416
  C:442EH         LINE#         417
  C:4431H         LINE#         418
  C:443CH         LINE#         419
  C:4444H         LINE#         422
  C:4448H         LINE#         423
  C:4448H         LINE#         424
BL51 BANKED LINKER/LOCATER V6.22                                                      12/11/2015  10:40:32  PAGE 24


  C:444AH         LINE#         425
  C:444AH         LINE#         426
  C:444DH         LINE#         428
  C:444DH         LINE#         429
  C:444FH         LINE#         430
  C:4452H         LINE#         431
  C:445DH         LINE#         432
  C:446AH         LINE#         436
  C:446EH         LINE#         437
  C:446EH         LINE#         438
  C:4470H         LINE#         439
  C:4470H         LINE#         440
  C:4476H         LINE#         441
  C:4476H         LINE#         442
  C:4478H         LINE#         443
  C:4478H         LINE#         444
  C:447BH         LINE#         445
  C:447BH         LINE#         446
  C:4487H         LINE#         447
  C:4487H         LINE#         448
  C:448AH         LINE#         449
  C:448AH         LINE#         450
  C:4495H         LINE#         452
  C:4495H         LINE#         453
  C:4497H         LINE#         455
  C:4497H         LINE#         457
  -------         ENDPROC       _READ_SECTOR_ISR
  -------         ENDMOD        SDCARD

  -------         MODULE        SPI
  C:0000H         SYMBOL        _ICE_DUMMY_
  D:0080H         PUBLIC        P0
  D:0090H         PUBLIC        P1
  D:00A0H         PUBLIC        P2
  D:00B0H         PUBLIC        P3
  D:00C3H         PUBLIC        SPCON
  C:4A80H         PUBLIC        _SPI_transfer_ISR
  D:00C4H         PUBLIC        SPSTA
  D:00A8H         PUBLIC        IEN0
  D:00B8H         PUBLIC        IPL0
  D:00D8H         PUBLIC        CCON
  D:0098H         PUBLIC        SCON
  D:0088H         PUBLIC        TCON
  C:4A5FH         PUBLIC        _SPI_transfer
  D:00C8H         PUBLIC        T2CON
  C:4662H         PUBLIC        _SPI_master_init
  D:00D0H         PUBLIC        PSW
  D:00C5H         PUBLIC        SPDAT
  -------         PROC          _SPI_MASTER_INIT
  D:0004H         SYMBOL        SCLR_FREQ
  -------         DO            
  D:0007H         SYMBOL        divider
  D:002EH         SYMBOL        return_val
  -------         ENDDO         
  C:4662H         LINE#         6
  C:4662H         LINE#         7
  C:4662H         LINE#         9
BL51 BANKED LINKER/LOCATER V6.22                                                      12/11/2015  10:40:32  PAGE 25


  C:4665H         LINE#         10
  C:4676H         LINE#         11
  C:467CH         LINE#         12
  C:4681H         LINE#         13
  C:4687H         LINE#         14
  C:468CH         LINE#         15
  C:4692H         LINE#         16
  C:4697H         LINE#         17
  C:469DH         LINE#         18
  C:46A2H         LINE#         19
  C:46A8H         LINE#         20
  C:46ADH         LINE#         21
  C:46B3H         LINE#         22
  C:46B8H         LINE#         23
  C:46BEH         LINE#         24
  C:46C3H         LINE#         26
  C:46C6H         LINE#         27
  C:46C8H         LINE#         28
  -------         ENDPROC       _SPI_MASTER_INIT
  -------         PROC          _SPI_TRANSFER
  D:0007H         SYMBOL        data_input
  D:0001H         SYMBOL        data_output
  -------         DO            
  D:0007H         SYMBOL        test
  D:0006H         SYMBOL        timeout
  -------         ENDDO         
  C:4A5FH         LINE#         32
  C:4A5FH         LINE#         33
  C:4A5FH         LINE#         35
  C:4A61H         LINE#         36
  C:4A63H         LINE#         38
  C:4A63H         LINE#         39
  C:4A65H         LINE#         40
  C:4A66H         LINE#         41
  C:4A6DH         LINE#         42
  C:4A70H         LINE#         43
  C:4A70H         LINE#         44
  C:4A75H         LINE#         45
  C:4A79H         LINE#         46
  C:4A7BH         LINE#         48
  C:4A7BH         LINE#         49
  C:4A7DH         LINE#         50
  C:4A7DH         LINE#         51
  C:4A7FH         LINE#         52
  -------         ENDPROC       _SPI_TRANSFER
  -------         PROC          _SPI_TRANSFER_ISR
  D:0007H         SYMBOL        data_input
  D:0001H         SYMBOL        data_output
  -------         DO            
  D:0007H         SYMBOL        test
  D:0006H         SYMBOL        timeout
  -------         ENDDO         
  C:4A80H         LINE#         58
  C:4A80H         LINE#         59
  C:4A80H         LINE#         61
  C:4A82H         LINE#         62
  C:4A84H         LINE#         64
BL51 BANKED LINKER/LOCATER V6.22                                                      12/11/2015  10:40:32  PAGE 26


  C:4A84H         LINE#         65
  C:4A86H         LINE#         66
  C:4A87H         LINE#         67
  C:4A8EH         LINE#         68
  C:4A91H         LINE#         69
  C:4A91H         LINE#         70
  C:4A96H         LINE#         71
  C:4A9AH         LINE#         72
  C:4A9CH         LINE#         74
  C:4A9CH         LINE#         75
  C:4A9EH         LINE#         76
  C:4A9EH         LINE#         77
  C:4AA0H         LINE#         78
  -------         ENDPROC       _SPI_TRANSFER_ISR
  -------         ENDMOD        SPI

  -------         MODULE        UART
  C:0000H         SYMBOL        _ICE_DUMMY_
  D:0080H         PUBLIC        P0
  D:0090H         PUBLIC        P1
  D:00A0H         PUBLIC        P2
  D:00B0H         PUBLIC        P3
  D:00A8H         PUBLIC        IEN0
  D:00B8H         PUBLIC        IPL0
  B:00A8H.4       PUBLIC        ES
  B:0098H.1       PUBLIC        TI
  D:00D8H         PUBLIC        CCON
  D:0087H         PUBLIC        PCON
  C:4AC2H         PUBLIC        UART_Init
  D:0098H         PUBLIC        SCON
  D:0088H         PUBLIC        TCON
  D:009BH         PUBLIC        BDRCON
  D:009AH         PUBLIC        BRL
  D:00C8H         PUBLIC        T2CON
  D:00D0H         PUBLIC        PSW
  -------         PROC          UART_INIT
  C:4AC2H         LINE#         5
  C:4AC2H         LINE#         6
  C:4AC2H         LINE#         12
  C:4AC5H         LINE#         13
  C:4AC8H         LINE#         14
  C:4ACBH         LINE#         15
  C:4ACEH         LINE#         16
  C:4AD1H         LINE#         17
  C:4AD4H         LINE#         18
  C:4AD7H         LINE#         19
  C:4AD9H         LINE#         20
  C:4ADBH         LINE#         21
  C:4ADDH         LINE#         22
  -------         ENDPROC       UART_INIT
  -------         ENDMOD        UART

  -------         MODULE        DIRECTORY_FUNCTIONS
  C:0000H         SYMBOL        _ICE_DUMMY_
  D:0080H         PUBLIC        P0
  D:0090H         PUBLIC        P1
  D:00A0H         PUBLIC        P2
BL51 BANKED LINKER/LOCATER V6.22                                                      12/11/2015  10:40:32  PAGE 27


  D:00B0H         PUBLIC        P3
  I:003CH         PUBLIC        MBR_RelSec
  C:439BH         PUBLIC        _read32
  I:0040H         PUBLIC        BPB_BytesPerSec
  C:4791H         PUBLIC        _read16
  B:00A0H.5       PUBLIC        LED2
  D:00A8H         PUBLIC        IEN0
  I:0042H         PUBLIC        BPB_SecPerClus
  D:00B8H         PUBLIC        IPL0
  I:0043H         PUBLIC        BPB_RsvdSecCnt
  C:3B2DH         PUBLIC        _first_sector
  I:0045H         PUBLIC        FATtype
  I:0046H         PUBLIC        BPB_HiddenSec
  D:00D8H         PUBLIC        CCON
  I:004AH         PUBLIC        FirstDataSec
  I:004EH         PUBLIC        BPB_RootEntCnt
  C:361CH         PUBLIC        _Print_Directory
  C:40D0H         PUBLIC        _find_next_cluster
  C:17D0H         PUBLIC        _mount_drive
  D:0098H         PUBLIC        SCON
  D:0088H         PUBLIC        TCON
  I:0050H         PUBLIC        BPB_NumFATs
  I:0051H         PUBLIC        StartofFAT
  I:0055H         PUBLIC        BPB_FATSz32
  B:0090H.4       PUBLIC        ncs
  I:0059H         PUBLIC        BPB_FATSz16
  I:005BH         PUBLIC        BPB_Root_Clus
  C:4AB0H         PUBLIC        _read8
  I:005FH         PUBLIC        RootDirSec
  D:00C8H         PUBLIC        T2CON
  C:3C52H         PUBLIC        _first_sector_ISR
  I:0063H         PUBLIC        FirstRootDirSec
  I:0067H         PUBLIC        BPB_TotSec32
  I:006BH         PUBLIC        BPB_TotSec16
  C:2FF1H         PUBLIC        _Read_Dir_Entry
  C:3D77H         PUBLIC        _Open_File
  D:00D0H         PUBLIC        PSW
  C:4193H         PUBLIC        _find_next_cluster_ISR
  -------         PROC          L?0095
  -------         ENDPROC       L?0095
  -------         PROC          _READ32
  D:0051H         SYMBOL        offset_address
  D:0053H         SYMBOL        array_name
  -------         DO            
  D:0056H         SYMBOL        return_value
  D:005AH         SYMBOL        temp
  D:005BH         SYMBOL        index
  -------         ENDDO         
  C:439BH         LINE#         36
  C:43A5H         LINE#         37
  C:43A5H         LINE#         38
  C:43ACH         LINE#         39
  C:43ACH         LINE#         40
  C:43B5H         LINE#         42
  C:43B7H         LINE#         43
  C:43B7H         LINE#         44
  C:43D8H         LINE#         45
BL51 BANKED LINKER/LOCATER V6.22                                                      12/11/2015  10:40:32  PAGE 28


  C:43EDH         LINE#         46
  C:43FFH         LINE#         47
  C:4406H         LINE#         48
  C:440FH         LINE#         49
  C:440FH         LINE#         51
  C:4415H         LINE#         52
  -------         ENDPROC       _READ32
  -------         PROC          L?0094
  -------         ENDPROC       L?0094
  -------         PROC          _READ16
  D:0047H         SYMBOL        offset_address
  D:0049H         SYMBOL        array_name
  -------         DO            
  D:004CH         SYMBOL        return_value
  D:0004H         SYMBOL        temp
  D:0005H         SYMBOL        index
  -------         ENDDO         
  C:4791H         LINE#         54
  C:479BH         LINE#         55
  C:479BH         LINE#         56
  C:47A0H         LINE#         58
  C:47A7H         LINE#         59
  C:47A7H         LINE#         60
  C:47A9H         LINE#         61
  C:47A9H         LINE#         62
  C:47CAH         LINE#         63
  C:47D1H         LINE#         64
  C:47D4H         LINE#         65
  C:47D8H         LINE#         66
  C:47DDH         LINE#         67
  C:47DDH         LINE#         69
  C:47DDH         LINE#         70
  C:47E1H         LINE#         71
  C:47E1H         LINE#         72
  -------         ENDPROC       _READ16
  C:4AA5H         SYMBOL        L?0093
  -------         PROC          L?0092
  -------         ENDPROC       L?0092
  C:4AA5H         SYMBOL        L?0093
  -------         PROC          _READ8
  D:0006H         SYMBOL        offset_address
  D:0001H         SYMBOL        array_name
  -------         DO            
  D:0005H         SYMBOL        return_value
  D:0007H         SYMBOL        temp
  -------         ENDDO         
  C:4AB0H         LINE#         74
  C:4AB0H         LINE#         75
  C:4AB0H         LINE#         76
  C:4AB0H         LINE#         78
  C:4AB6H         LINE#         79
  C:4AB6H         LINE#         80
  C:4ABDH         LINE#         81
  C:4ABDH         LINE#         82
  C:4ABDH         LINE#         83
  C:4ABFH         LINE#         84
  C:4ABFH         LINE#         86
BL51 BANKED LINKER/LOCATER V6.22                                                      12/11/2015  10:40:32  PAGE 29


  C:4ABFH         LINE#         87
  C:4AC1H         LINE#         88
  C:4AC1H         LINE#         89
  -------         ENDPROC       _READ8
  -------         PROC          _MOUNT_DRIVE
  D:002EH         SYMBOL        sector
  -------         DO            
  D:0030H         SYMBOL        error_flag
  D:0031H         SYMBOL        numofFATSectors
  D:0033H         SYMBOL        bpb_sector
  D:0037H         SYMBOL        FATSz
  D:003BH         SYMBOL        totSec
  D:003FH         SYMBOL        countofClusters
  D:0043H         SYMBOL        DataSec
  -------         ENDDO         
  C:17D0H         LINE#         91
  C:17D4H         LINE#         92
  C:17D4H         LINE#         97
  C:17D7H         LINE#         99
  C:17E4H         LINE#         100
  C:17F1H         LINE#         101
  C:1810H         LINE#         102
  C:1810H         LINE#         103
  C:181FH         LINE#         104
  C:182CH         LINE#         105
  C:183EH         LINE#         106
  C:1853H         LINE#         107
  C:1858H         LINE#         108
  C:185DH         LINE#         109
  C:185FH         LINE#         111
  C:185FH         LINE#         112
  C:1862H         LINE#         113
  C:1862H         LINE#         114
  C:1869H         LINE#         115
  C:1869H         LINE#         116
  C:187AH         LINE#         117
  C:1887H         LINE#         119
  C:1899H         LINE#         120
  C:18A5H         LINE#         121
  C:18B6H         LINE#         122
  C:18BBH         LINE#         123
  C:18C0H         LINE#         125
  C:18D2H         LINE#         126
  C:18E3H         LINE#         127
  C:18EFH         LINE#         128
  C:18F4H         LINE#         129
  C:18F9H         LINE#         131
  C:190BH         LINE#         132
  C:1917H         LINE#         133
  C:1928H         LINE#         134
  C:192DH         LINE#         135
  C:1932H         LINE#         137
  C:1944H         LINE#         138
  C:1955H         LINE#         139
  C:1961H         LINE#         140
  C:1966H         LINE#         141
  C:196BH         LINE#         143
BL51 BANKED LINKER/LOCATER V6.22                                                      12/11/2015  10:40:32  PAGE 30


  C:197DH         LINE#         144
  C:1991H         LINE#         145
  C:19A2H         LINE#         146
  C:19A7H         LINE#         147
  C:19ACH         LINE#         149
  C:19BEH         LINE#         150
  C:19D2H         LINE#         151
  C:19E3H         LINE#         152
  C:19E8H         LINE#         153
  C:19EDH         LINE#         155
  C:19FFH         LINE#         156
  C:1A13H         LINE#         157
  C:1A24H         LINE#         158
  C:1A29H         LINE#         159
  C:1A2EH         LINE#         161
  C:1A40H         LINE#         162
  C:1A4AH         LINE#         163
  C:1A60H         LINE#         164
  C:1A65H         LINE#         165
  C:1A6AH         LINE#         167
  C:1A7CH         LINE#         168
  C:1A86H         LINE#         169
  C:1A9CH         LINE#         170
  C:1AA1H         LINE#         171
  C:1AA6H         LINE#         173
  C:1AB8H         LINE#         174
  C:1ACAH         LINE#         175
  C:1AE0H         LINE#         176
  C:1AE5H         LINE#         177
  C:1AEAH         LINE#         179
  C:1AFCH         LINE#         180
  C:1B0EH         LINE#         181
  C:1B24H         LINE#         182
  C:1B29H         LINE#         183
  C:1B2EH         LINE#         185
  C:1B40H         LINE#         186
  C:1B6EH         LINE#         187
  C:1B84H         LINE#         188
  C:1B89H         LINE#         189
  C:1B8EH         LINE#         193
  C:1B95H         LINE#         194
  C:1B95H         LINE#         195
  C:1BA2H         LINE#         196
  C:1BB4H         LINE#         197
  C:1BC6H         LINE#         198
  C:1BC6H         LINE#         199
  C:1BC6H         LINE#         200
  C:1BC8H         LINE#         202
  C:1BC8H         LINE#         203
  C:1BD8H         LINE#         204
  C:1BDBH         LINE#         205
  C:1BEDH         LINE#         206
  C:1BF2H         LINE#         207
  C:1BF7H         LINE#         208
  C:1BF7H         LINE#         210
  C:1BFEH         LINE#         211
  C:1BFEH         LINE#         212
BL51 BANKED LINKER/LOCATER V6.22                                                      12/11/2015  10:40:32  PAGE 31


  C:1C0BH         LINE#         213
  C:1C1DH         LINE#         214
  C:1C32H         LINE#         215
  C:1C37H         LINE#         216
  C:1C3CH         LINE#         217
  C:1C3EH         LINE#         219
  C:1C3EH         LINE#         220
  C:1C4EH         LINE#         221
  C:1C51H         LINE#         222
  C:1C51H         LINE#         224
  C:1C68H         LINE#         225
  C:1C7AH         LINE#         226
  C:1C89H         LINE#         227
  C:1C8EH         LINE#         228
  C:1C93H         LINE#         230
  C:1CECH         LINE#         231
  C:1CFEH         LINE#         232
  C:1D13H         LINE#         233
  C:1D18H         LINE#         234
  C:1D1DH         LINE#         236
  C:1D38H         LINE#         237
  C:1D4AH         LINE#         238
  C:1D5FH         LINE#         239
  C:1D64H         LINE#         240
  C:1D69H         LINE#         242
  C:1DC3H         LINE#         243
  C:1DD5H         LINE#         244
  C:1DEBH         LINE#         245
  C:1DF0H         LINE#         246
  C:1DF5H         LINE#         248
  C:1E35H         LINE#         249
  C:1E47H         LINE#         250
  C:1E5DH         LINE#         251
  C:1E62H         LINE#         252
  C:1E67H         LINE#         255
  C:1E7CH         LINE#         256
  C:1E7CH         LINE#         257
  C:1E80H         LINE#         258
  C:1E83H         LINE#         259
  C:1E85H         LINE#         260
  C:1E88H         LINE#         261
  C:1E97H         LINE#         262
  C:1E97H         LINE#         263
  C:1E97H         LINE#         264
  C:1E99H         LINE#         265
  C:1EB0H         LINE#         266
  C:1EB0H         LINE#         267
  C:1EB2H         LINE#         268
  C:1EB5H         LINE#         269
  C:1EC7H         LINE#         270
  C:1ED2H         LINE#         271
  C:1ED2H         LINE#         272
  C:1ED2H         LINE#         273
  C:1ED4H         LINE#         275
  C:1ED4H         LINE#         276
  C:1ED6H         LINE#         277
  C:1EE8H         LINE#         278
BL51 BANKED LINKER/LOCATER V6.22                                                      12/11/2015  10:40:32  PAGE 32


  C:1EEDH         LINE#         279
  C:1EF2H         LINE#         280
  C:1EF2H         LINE#         281
  C:1EF2H         LINE#         283
  C:1EF4H         LINE#         284
  -------         ENDPROC       _MOUNT_DRIVE
  -------         PROC          L?0096
  -------         ENDPROC       L?0096
  -------         PROC          _FIRST_SECTOR
  D:003FH         SYMBOL        cluster_num
  -------         DO            
  D:0043H         SYMBOL        first_sector
  -------         ENDDO         
  C:3B2DH         LINE#         287
  C:3B35H         LINE#         288
  C:3B35H         LINE#         290
  C:3B48H         LINE#         291
  C:3B48H         LINE#         292
  C:3B4DH         LINE#         293
  C:3B4DH         LINE#         295
  C:3B4DH         LINE#         296
  C:3B8BH         LINE#         297
  C:3B9DH         LINE#         298
  C:3BB2H         LINE#         299
  C:3BB7H         LINE#         300
  C:3BBCH         LINE#         302
  C:3BCEH         LINE#         303
  C:3BE3H         LINE#         304
  C:3BE8H         LINE#         305
  C:3BEDH         LINE#         307
  C:3BFFH         LINE#         308
  C:3C0DH         LINE#         309
  C:3C12H         LINE#         310
  C:3C17H         LINE#         312
  C:3C29H         LINE#         313
  C:3C3FH         LINE#         314
  C:3C44H         LINE#         315
  C:3C49H         LINE#         317
  C:3C51H         LINE#         318
  C:3C51H         LINE#         319
  -------         ENDPROC       _FIRST_SECTOR
  -------         PROC          _FIRST_SECTOR_ISR
  D:0000H         SYMBOL        cluster_num
  -------         DO            
  D:0004H         SYMBOL        first_sector
  -------         ENDDO         
  C:3C52H         LINE#         322
  C:3C5AH         LINE#         323
  C:3C5AH         LINE#         325
  C:3C6DH         LINE#         326
  C:3C6DH         LINE#         327
  C:3C72H         LINE#         328
  C:3C72H         LINE#         330
  C:3C72H         LINE#         331
  C:3CB0H         LINE#         332
  C:3CC2H         LINE#         333
  C:3CD7H         LINE#         334
BL51 BANKED LINKER/LOCATER V6.22                                                      12/11/2015  10:40:32  PAGE 33


  C:3CDCH         LINE#         335
  C:3CE1H         LINE#         337
  C:3CF3H         LINE#         338
  C:3D08H         LINE#         339
  C:3D0DH         LINE#         340
  C:3D12H         LINE#         342
  C:3D24H         LINE#         343
  C:3D32H         LINE#         344
  C:3D37H         LINE#         345
  C:3D3CH         LINE#         347
  C:3D4EH         LINE#         348
  C:3D64H         LINE#         349
  C:3D69H         LINE#         350
  C:3D6EH         LINE#         352
  C:3D76H         LINE#         353
  C:3D76H         LINE#         354
  -------         ENDPROC       _FIRST_SECTOR_ISR
  -------         PROC          _FIND_NEXT_CLUSTER
  D:003FH         SYMBOL        Current_Cluster
  D:0043H         SYMBOL        array_name
  -------         DO            
  D:0045H         SYMBOL        FATOffset
  D:0049H         SYMBOL        ThisFATEntOffset
  D:0004H         SYMBOL        Next_Cluster
  D:004DH         SYMBOL        ThisFATSecNum
  -------         ENDDO         
  C:40D0H         LINE#         357
  C:40D8H         LINE#         358
  C:40D8H         LINE#         360
  C:40F8H         LINE#         361
  C:4111H         LINE#         362
  C:4139H         LINE#         364
  C:413BH         LINE#         365
  C:414BH         LINE#         366
  C:415CH         LINE#         367
  C:415EH         LINE#         370
  C:4185H         LINE#         372
  C:4192H         LINE#         373
  C:4192H         LINE#         374
  -------         ENDPROC       _FIND_NEXT_CLUSTER
  -------         PROC          _FIND_NEXT_CLUSTER_ISR
  D:0000H         SYMBOL        Current_Cluster
  D:0004H         SYMBOL        array_name
  -------         DO            
  D:0006H         SYMBOL        FATOffset
  D:000AH         SYMBOL        ThisFATEntOffset
  D:0004H         SYMBOL        Next_Cluster
  D:000EH         SYMBOL        ThisFATSecNum
  -------         ENDDO         
  C:4193H         LINE#         379
  C:419BH         LINE#         380
  C:419BH         LINE#         382
  C:41BBH         LINE#         383
  C:41D4H         LINE#         384
  C:41FCH         LINE#         386
  C:41FEH         LINE#         387
  C:420EH         LINE#         388
BL51 BANKED LINKER/LOCATER V6.22                                                      12/11/2015  10:40:32  PAGE 34


  C:421FH         LINE#         389
  C:4221H         LINE#         392
  C:4248H         LINE#         394
  C:4255H         LINE#         395
  C:4255H         LINE#         396
  -------         ENDPROC       _FIND_NEXT_CLUSTER_ISR
  -------         PROC          _OPEN_FILE
  D:002EH         SYMBOL        Cluster
  D:0032H         SYMBOL        array_in
  -------         DO            
  D:0034H         SYMBOL        error_flag
  D:0035H         SYMBOL        index
  D:0036H         SYMBOL        input
  D:0037H         SYMBOL        this_cluster
  D:003BH         SYMBOL        next_sector
  -------         ENDDO         
  C:3D77H         LINE#         399
  C:3D7FH         LINE#         400
  C:3D7FH         LINE#         402
  C:3D82H         LINE#         403
  C:3D82H         LINE#         404
  C:3D8DH         LINE#         405
  C:3D9FH         LINE#         406
  C:3DB4H         LINE#         407
  C:3DB9H         LINE#         408
  C:3DBEH         LINE#         409
  C:3DD1H         LINE#         410
  C:3DD8H         LINE#         411
  C:3DD8H         LINE#         412
  C:3DD8H         LINE#         413
  C:3DD8H         LINE#         414
  C:3DDAH         LINE#         415
  C:3DE7H         LINE#         416
  C:3DE7H         LINE#         417
  C:3DE9H         LINE#         418
  C:3DF1H         LINE#         419
  C:3DF1H         LINE#         420
  C:3DF4H         LINE#         421
  C:3E05H         LINE#         422
  C:3E10H         LINE#         423
  C:3E10H         LINE#         424
  C:3E39H         LINE#         425
  C:3E49H         LINE#         426
  C:3E5BH         LINE#         427
  C:3E60H         LINE#         428
  C:3E63H         LINE#         429
  C:3E63H         LINE#         431
  C:3E65H         LINE#         432
  -------         ENDPROC       _OPEN_FILE
  -------         PROC          _PRINT_DIRECTORY
  D:002EH         SYMBOL        Sector_num
  D:0032H         SYMBOL        array_in
  -------         DO            
  D:0034H         SYMBOL        Sector
  D:0038H         SYMBOL        max_sectors
  D:003CH         SYMBOL        i
  D:003EH         SYMBOL        entries
BL51 BANKED LINKER/LOCATER V6.22                                                      12/11/2015  10:40:32  PAGE 35


  D:0040H         SYMBOL        temp8
  D:0041H         SYMBOL        j
  D:0042H         SYMBOL        attr
  D:0043H         SYMBOL        out_val
  D:0044H         SYMBOL        error_flag
  D:0045H         SYMBOL        values
  -------         ENDDO         
  C:361CH         LINE#         445
  C:3624H         LINE#         446
  C:3624H         LINE#         452
  C:362DH         LINE#         453
  C:3632H         LINE#         454
  C:3636H         LINE#         455
  C:3649H         LINE#         456
  C:3649H         LINE#         457
  C:3656H         LINE#         458
  C:3658H         LINE#         460
  C:3658H         LINE#         461
  C:3665H         LINE#         462
  C:3665H         LINE#         463
  C:3671H         LINE#         464
  C:3684H         LINE#         465
  C:368BH         LINE#         466
  C:368BH         LINE#         468
  C:368BH         LINE#         470
  C:369AH         LINE#         471
  C:36AAH         LINE#         472
  C:36AAH         LINE#         473
  C:36BEH         LINE#         474
  C:36C0H         LINE#         475
  C:36C9H         LINE#         476
  C:36C9H         LINE#         477
  C:36D1H         LINE#         478
  C:36DFH         LINE#         479
  C:36E2H         LINE#         480
  C:36E2H         LINE#         481
  C:36F8H         LINE#         482
  C:36FBH         LINE#         483
  C:3704H         LINE#         484
  C:3709H         LINE#         485
  C:3709H         LINE#         486
[...]
  C:2123H         LINE#         342
  C:2127H         LINE#         343
  C:2127H         LINE#         344
  C:212AH         LINE#         345
BL51 BANKED LINKER/LOCATER V6.22                                                      12/11/2015  10:40:32  PAGE 44


  C:212AH         LINE#         346
  C:212EH         LINE#         347
  C:212EH         LINE#         348
  C:2135H         LINE#         349
  C:2135H         LINE#         350
  C:2138H         LINE#         351
  C:214AH         LINE#         352
  C:214FH         LINE#         353
  C:2154H         LINE#         354
  C:2154H         LINE#         355
  C:2154H         LINE#         356
  C:2156H         LINE#         363
  C:215CH         LINE#         364
  C:215CH         LINE#         365
  C:215FH         LINE#         366
  C:215FH         LINE#         367
  C:2162H         LINE#         368
  C:216AH         LINE#         369
  C:216CH         LINE#         370
  C:216EH         LINE#         377
  C:2182H         LINE#         378
  C:2182H         LINE#         379
  C:2187H         LINE#         380
  C:2189H         LINE#         381
  C:21B0H         LINE#         382
  C:21B5H         LINE#         383
  C:21BAH         LINE#         384
  C:21BCH         LINE#         385
  C:21BFH         LINE#         386
  C:21C6H         LINE#         387
  C:21C6H         LINE#         388
  C:21C8H         LINE#         389
  C:21CAH         LINE#         390
  C:21CEH         LINE#         391
  C:21CEH         LINE#         392
  C:21D1H         LINE#         393
  C:21D1H         LINE#         394
  C:21D5H         LINE#         395
  C:21D5H         LINE#         396
  C:21DCH         LINE#         397
  C:21DCH         LINE#         398
  C:21DFH         LINE#         399
  C:21F1H         LINE#         400
  C:21F6H         LINE#         401
  C:21FBH         LINE#         402
  C:21FBH         LINE#         403
  C:21FBH         LINE#         404
  C:2200H         LINE#         407
  C:2204H         LINE#         408
  C:2204H         LINE#         409
  C:2209H         LINE#         410
  C:2209H         LINE#         411
  C:2209H         LINE#         412
  C:220CH         LINE#         413
  C:220EH         LINE#         414
  C:2211H         LINE#         415
  C:2218H         LINE#         416
BL51 BANKED LINKER/LOCATER V6.22                                                      12/11/2015  10:40:32  PAGE 45


  C:2218H         LINE#         417
  C:221AH         LINE#         418
  C:221CH         LINE#         419
  C:2220H         LINE#         420
  C:2220H         LINE#         421
  C:2223H         LINE#         422
  C:2223H         LINE#         423
  C:2223H         LINE#         424
  C:2227H         LINE#         425
  C:2227H         LINE#         426
  C:222AH         LINE#         427
  C:222AH         LINE#         428
  C:222DH         LINE#         429
  C:223FH         LINE#         430
  C:2244H         LINE#         431
  C:2249H         LINE#         432
  C:2249H         LINE#         433
  C:2249H         LINE#         439
  C:225DH         LINE#         440
  C:225DH         LINE#         441
  C:226FH         LINE#         442
  C:2279H         LINE#         443
  C:2279H         LINE#         444
  C:227EH         LINE#         445
  C:2280H         LINE#         447
  C:2285H         LINE#         448
  C:2287H         LINE#         449
  C:228AH         LINE#         450
  C:2291H         LINE#         451
  C:2291H         LINE#         452
  C:2293H         LINE#         453
  C:2295H         LINE#         454
  C:2299H         LINE#         455
  C:2299H         LINE#         456
  C:229CH         LINE#         457
  C:229CH         LINE#         458
  C:22A0H         LINE#         459
  C:22A0H         LINE#         460
  C:22A5H         LINE#         461
  C:22C5H         LINE#         462
  C:22C5H         LINE#         463
  C:22C9H         LINE#         466
  C:22CDH         LINE#         467
  C:22CDH         LINE#         468
  C:22D2H         LINE#         469
  C:22D4H         LINE#         470
  C:22DAH         LINE#         471
  C:22DAH         LINE#         472
  C:22DCH         LINE#         473
  C:22DEH         LINE#         475
  C:22DEH         LINE#         476
  C:22E0H         LINE#         477
  C:22E0H         LINE#         478
  C:22E5H         LINE#         479
  C:22E7H         LINE#         480
  C:22EAH         LINE#         481
  C:22F1H         LINE#         482
BL51 BANKED LINKER/LOCATER V6.22                                                      12/11/2015  10:40:32  PAGE 46


  C:22F1H         LINE#         483
  C:22F3H         LINE#         484
  C:22F5H         LINE#         485
  C:22F9H         LINE#         486
  C:22F9H         LINE#         487
  C:22FCH         LINE#         488
  C:22FCH         LINE#         489
  C:22FCH         LINE#         490
  C:2301H         LINE#         493
  C:2306H         LINE#         494
  C:2308H         LINE#         495
  C:230AH         LINE#         496
  C:230DH         LINE#         497
  C:2312H         LINE#         498
  C:2314H         LINE#         499
  C:2317H         LINE#         500
  C:231EH         LINE#         501
  C:231EH         LINE#         502
  C:2320H         LINE#         503
  C:2322H         LINE#         504
  C:2326H         LINE#         505
  C:2326H         LINE#         506
  C:2329H         LINE#         507
  C:2329H         LINE#         508
  C:232DH         LINE#         509
  C:232DH         LINE#         510
  C:2334H         LINE#         511
  C:2334H         LINE#         512
  C:2337H         LINE#         513
  C:2349H         LINE#         514
  C:234EH         LINE#         515
  C:2353H         LINE#         516
  C:2353H         LINE#         517
  C:2353H         LINE#         518
  C:2355H         LINE#         521
  C:2357H         LINE#         522
  -------         ENDPROC       _I2C_READ
  C:4ADEH         SYMBOL        L?0145
  -------         PROC          L?0144
  -------         ENDPROC       L?0144
  C:4ADEH         SYMBOL        L?0145
  -------         PROC          _I2C_CLOCK_DELAY
  D:0007H         SYMBOL        control
  C:4AE4H         LINE#         528
  C:4AE4H         LINE#         529
  C:4AE4H         LINE#         530
  C:4AE7H         LINE#         531
  C:4AE7H         LINE#         532
  C:4AEAH         LINE#         533
  C:4AEAH         LINE#         534
  C:4AECH         LINE#         535
  C:4AEFH         LINE#         536
  C:4AEFH         LINE#         537
  C:4AF2H         LINE#         538
  C:4AF5H         LINE#         539
  C:4AF7H         LINE#         540
  C:4AF9H         LINE#         541
BL51 BANKED LINKER/LOCATER V6.22                                                      12/11/2015  10:40:32  PAGE 47


  C:4AF9H         LINE#         544
  -------         ENDPROC       _I2C_CLOCK_DELAY
  -------         PROC          I2C_CLOCK_START
  C:4AFAH         LINE#         549
  C:4AFAH         LINE#         550
  C:4AFAH         LINE#         551
  C:4AFDH         LINE#         552
  C:4B00H         LINE#         553
  C:4B02H         LINE#         554
  C:4B05H         LINE#         555
  C:4B08H         LINE#         556
  C:4B0AH         LINE#         557
  C:4B0CH         LINE#         560
  -------         ENDPROC       I2C_CLOCK_START
  -------         ENDMOD        I2C

  -------         MODULE        STA013
  C:0000H         SYMBOL        _ICE_DUMMY_
  D:0080H         PUBLIC        P0
  D:0090H         PUBLIC        P1
  D:00A0H         PUBLIC        P2
  D:00B0H         PUBLIC        P3
  B:00A0H.7       PUBLIC        LED4
  D:00A8H         PUBLIC        IEN0
  D:00B8H         PUBLIC        IPL0
  D:00D8H         PUBLIC        CCON
  D:0098H         PUBLIC        SCON
  D:0088H         PUBLIC        TCON
  B:00B0H.3       PUBLIC        trig
  C:46C9H         PUBLIC        _test_I2C
  D:00C8H         PUBLIC        T2CON
  B:00B0H.2       PUBLIC        gpio_rst
  D:00D0H         PUBLIC        PSW
  C:26B4H         PUBLIC        config_file
  -------         PROC          CONFIG_FILE
  -------         DO            
  D:002EH         SYMBOL        config_p
  D:0031H         SYMBOL        send_array
  D:0033H         SYMBOL        get_array
  D:0034H         SYMBOL        error_flag
  D:0035H         SYMBOL        index
  -------         ENDDO         
  C:26B4H         LINE#         20
  C:26B4H         LINE#         21
  C:26B4H         LINE#         26
  C:26B6H         LINE#         28
  C:26BFH         LINE#         29
  C:26C8H         LINE#         31
  C:26C8H         LINE#         32
  C:26D9H         LINE#         33
  C:26EEH         LINE#         34
  C:26F9H         LINE#         35
  C:270EH         LINE#         36
  C:2713H         LINE#         37
  C:2713H         LINE#         38
  C:2722H         LINE#         40
  C:2724H         LINE#         42
BL51 BANKED LINKER/LOCATER V6.22                                                      12/11/2015  10:40:32  PAGE 48


  C:2724H         LINE#         43
  C:272DH         LINE#         44
  C:2731H         LINE#         45
  C:2743H         LINE#         46
  C:2758H         LINE#         47
  C:275DH         LINE#         48
  C:2762H         LINE#         49
  C:276BH         LINE#         50
  C:2774H         LINE#         52
  C:2774H         LINE#         53
  C:2785H         LINE#         54
  C:279AH         LINE#         55
  C:27A5H         LINE#         56
  C:27BAH         LINE#         57
  C:27BFH         LINE#         58
  C:27BFH         LINE#         59
  C:27CEH         LINE#         61
  C:27D0H         LINE#         62
  C:27D0H         LINE#         63
  C:27D9H         LINE#         64
  C:27DDH         LINE#         65
  C:27EFH         LINE#         66
  C:2804H         LINE#         67
  C:2809H         LINE#         68
  C:280EH         LINE#         71
  C:2810H         LINE#         72
  C:2812H         LINE#         75
  C:2815H         LINE#         76
  C:2818H         LINE#         77
  C:281BH         LINE#         78
  C:2828H         LINE#         79
  C:2837H         LINE#         80
  C:2849H         LINE#         81
  C:2855H         LINE#         82
  C:2867H         LINE#         83
  C:2873H         LINE#         84
  C:2878H         LINE#         85
  C:287DH         LINE#         88
  C:2880H         LINE#         89
  C:2883H         LINE#         90
  C:2886H         LINE#         91
  C:2893H         LINE#         92
  C:28A0H         LINE#         93
  C:28B2H         LINE#         94
  C:28BEH         LINE#         95
  C:28D0H         LINE#         96
  C:28DCH         LINE#         97
  C:28E1H         LINE#         98
  C:28E6H         LINE#         101
  C:28E9H         LINE#         102
  C:28ECH         LINE#         103
  C:28F9H         LINE#         104
  C:28FCH         LINE#         105
  C:28FFH         LINE#         106
  C:290CH         LINE#         107
  C:290FH         LINE#         108
  C:2912H         LINE#         109
BL51 BANKED LINKER/LOCATER V6.22                                                      12/11/2015  10:40:32  PAGE 49


  C:291FH         LINE#         110
  C:2922H         LINE#         111
  C:2925H         LINE#         112
  C:2932H         LINE#         113
  C:2935H         LINE#         114
  C:2938H         LINE#         115
  C:2944H         LINE#         116
  C:2947H         LINE#         117
  C:294AH         LINE#         118
  C:2957H         LINE#         119
  C:295AH         LINE#         120
  C:295DH         LINE#         121
  C:2969H         LINE#         122
  C:296CH         LINE#         123
  C:296FH         LINE#         124
  C:297BH         LINE#         125
  C:297EH         LINE#         126
  C:2981H         LINE#         127
  C:298EH         LINE#         130
  C:2991H         LINE#         131
  C:2994H         LINE#         132
  C:29A0H         LINE#         135
  C:29A3H         LINE#         136
  C:29A6H         LINE#         137
  C:29B3H         LINE#         140
  C:29B6H         LINE#         141
  C:29B9H         LINE#         142
  C:29C6H         LINE#         145
  C:29C9H         LINE#         146
  C:29CCH         LINE#         147
  C:29D9H         LINE#         148
  C:29DCH         LINE#         149
  C:29DFH         LINE#         150
  C:29ECH         LINE#         153
  C:29EFH         LINE#         154
  C:29F2H         LINE#         155
  C:29FFH         LINE#         158
  C:2A01H         LINE#         159
  -------         ENDPROC       CONFIG_FILE
  -------         PROC          _TEST_I2C
  D:002EH         SYMBOL        array_name
  -------         DO            
  D:0031H         SYMBOL        i
  D:0032H         SYMBOL        error_flag
  -------         ENDDO         
  C:46C9H         LINE#         162
  C:46CFH         LINE#         163
  C:46CFH         LINE#         166
  C:46D2H         LINE#         167
  C:46D4H         LINE#         168
  C:46D6H         LINE#         169
  C:46D8H         LINE#         171
  C:46D8H         LINE#         172
  C:46E7H         LINE#         173
  C:46E9H         LINE#         174
  C:46F1H         LINE#         175
  C:46F5H         LINE#         176
BL51 BANKED LINKER/LOCATER V6.22                                                      12/11/2015  10:40:32  PAGE 50


  C:46F5H         LINE#         177
  C:4707H         LINE#         178
  C:470CH         LINE#         179
  C:4711H         LINE#         180
  C:4711H         LINE#         181
  C:4725H         LINE#         182
  C:4727H         LINE#         183
  C:4729H         LINE#         184
  -------         ENDPROC       _TEST_I2C
  -------         ENDMOD        STA013

  -------         MODULE        CONFIG
  C:0800H         SEGMENT       STA013_CONFIG
  C:0800H         PUBLIC        CONFIG
  C:179EH         PUBLIC        CONFIG2
  -------         ENDMOD        CONFIG

  -------         MODULE        ?C?CLDPTR
  C:2D3DH         PUBLIC        ?C?CLDPTR
  -------         ENDMOD        ?C?CLDPTR

  -------         MODULE        ?C?CLDOPTR
  C:2D56H         PUBLIC        ?C?CLDOPTR
  -------         ENDMOD        ?C?CLDOPTR

  -------         MODULE        ?C?CSTPTR
  C:2D83H         PUBLIC        ?C?CSTPTR
  -------         ENDMOD        ?C?CSTPTR

  -------         MODULE        ?C?CSTOPTR
  C:2D95H         PUBLIC        ?C?CSTOPTR
  -------         ENDMOD        ?C?CSTOPTR

  -------         MODULE        ?C?IMUL
  C:2DB7H         PUBLIC        ?C?IMUL
  -------         ENDMOD        ?C?IMUL

  -------         MODULE        ?C?UIDIV
  C:2DC9H         PUBLIC        ?C?UIDIV
  -------         ENDMOD        ?C?UIDIV

  -------         MODULE        ?C?LMUL
  C:2E1EH         PUBLIC        ?C?LMUL
  -------         ENDMOD        ?C?LMUL

  -------         MODULE        ?C?ULDIV
  C:2EA9H         PUBLIC        ?C?ULDIV
  -------         ENDMOD        ?C?ULDIV

  -------         MODULE        ?C?SLCMP
  C:2F3BH         PUBLIC        ?C?SLCMP
  -------         ENDMOD        ?C?SLCMP

  -------         MODULE        ?C?ULCMP
  C:2F51H         PUBLIC        ?C?ULCMP
  -------         ENDMOD        ?C?ULCMP

BL51 BANKED LINKER/LOCATER V6.22                                                      12/11/2015  10:40:32  PAGE 51


  -------         MODULE        ?C?ULSHR
  C:2F62H         PUBLIC        ?C?ULSHR
  -------         ENDMOD        ?C?ULSHR

  -------         MODULE        ?C?LSHL
  C:2F75H         PUBLIC        ?C?LSHL
  -------         ENDMOD        ?C?LSHL

  -------         MODULE        ?C?LLDIDATA
  C:2F88H         PUBLIC        ?C?LLDIDATA
  -------         ENDMOD        ?C?LLDIDATA

  -------         MODULE        ?C?LLDIDATA0
  C:2F94H         PUBLIC        ?C?LLDIDATA0
  -------         ENDMOD        ?C?LLDIDATA0

  -------         MODULE        ?C?LSTIDATA
  C:2FA1H         PUBLIC        ?C?LSTIDATA
  -------         ENDMOD        ?C?LSTIDATA

  -------         MODULE        PUTCHAR
  C:49F1H         PUBLIC        _PUTCHAR
  -------         ENDMOD        PUTCHAR

  -------         MODULE        PRINTF
  D:0054H         PUBLIC        ?_PRINTF517?BYTE
  D:0054H         PUBLIC        ?_PRINTF?BYTE
  D:0054H         PUBLIC        ?_SPRINTF517?BYTE
  D:0054H         PUBLIC        ?_SPRINTF?BYTE
  C:23BAH         PUBLIC        _PRINTF
  C:23BAH         PUBLIC        _PRINTF517
  C:23B4H         PUBLIC        _SPRINTF
  C:23B4H         PUBLIC        _SPRINTF517
  -------         ENDMOD        PRINTF

  -------         MODULE        GETCHAR
  B:0022H.2       PUBLIC        ?C?CHARLOADED
  D:0008H         PUBLIC        ?_UNGETCHAR?BYTE
  C:4B20H         PUBLIC        GETCHAR
  -------         ENDMOD        GETCHAR

  -------         MODULE        ATOL
  C:3E66H         PUBLIC        _atol
  -------         ENDMOD        ATOL

  -------         MODULE        ?C?LNEG
  C:2FADH         PUBLIC        ?C?LNEG
  -------         ENDMOD        ?C?LNEG

  -------         MODULE        ?C?PLDIIDATA
  C:2FBBH         PUBLIC        ?C?PLDIIDATA
  -------         ENDMOD        ?C?PLDIIDATA

  -------         MODULE        ?C?CCASE
  C:2FCBH         PUBLIC        ?C?CCASE
  -------         ENDMOD        ?C?CCASE

BL51 BANKED LINKER/LOCATER V6.22                                                      12/11/2015  10:40:32  PAGE 52


  -------         MODULE        _GETKEY
  C:4B5BH         PUBLIC        _GETKEY
  -------         ENDMOD        _GETKEY

  -------         MODULE        ISDIGIT
  C:4B40H         PUBLIC        _isdigit
  -------         ENDMOD        ISDIGIT

  -------         MODULE        ISSPACE
  C:4B0DH         PUBLIC        _isspace
  -------         ENDMOD        ISSPACE

*** WARNING L15: MULTIPLE CALL TO SEGMENT
    SEGMENT: ?PR?_SEND_COMMAND?SDCARD
    CALLER1: ?PR?TIMER2_ISR?MAIN
    CALLER2: ?C_C51STARTUP

*** WARNING L15: MULTIPLE CALL TO SEGMENT
    SEGMENT: ?PR?PRINTF?PRINTF
    CALLER1: ?PR?TIMER2_ISR?MAIN
    CALLER2: ?C_C51STARTUP

*** WARNING L15: MULTIPLE CALL TO SEGMENT
    SEGMENT: ?PR?_READ_BLOCK?SDCARD
    CALLER1: ?PR?TIMER2_ISR?MAIN
    CALLER2: ?C_C51STARTUP

*** WARNING L15: MULTIPLE CALL TO SEGMENT
    SEGMENT: ?PR?_GET_RESPONSE_NO_END?SDCARD
    CALLER1: ?PR?TIMER2_ISR?MAIN
    CALLER2: ?C_C51STARTUP

*** WARNING L15: MULTIPLE CALL TO SEGMENT
    SEGMENT: ?PR?_READ32?DIRECTORY_FUNCTIONS
    CALLER1: ?PR?TIMER2_ISR?MAIN
    CALLER2: ?C_C51STARTUP

*** ERROR L107: ADDRESS SPACE OVERFLOW
    SPACE:   DATA    
    SEGMENT: _DATA_GROUP_
    LENGTH:  0068H

******************************************************************************
* RESTRICTED VERSION WITH 0800H BYTE CODE SIZE LIMIT; USED: 3C12H BYTE (750%) *
******************************************************************************

Program Size: data=190.3 xdata=1024 code=17267
LINK/LOCATE RUN COMPLETE.  5 WARNING(S),  1 ERROR(S)

*** WARNING L15: MULTIPLE CALL TO SEGMENT
    SEGMENT: ?PR?_SEND_COMMAND?SDCARD
    CALLER1: ?PR?TIMER2_ISR?MAIN
    CALLER2: ?C_C51STARTUP

*** WARNING L15: MULTIPLE CALL TO SEGMENT
    SEGMENT: ?PR?PRINTF?PRINTF
    CALLER1: ?PR?TIMER2_ISR?MAIN
BL51 BANKED LINKER/LOCATER V6.22                                                      12/11/2015  10:40:32  PAGE 53


    CALLER2: ?C_C51STARTUP

*** WARNING L15: MULTIPLE CALL TO SEGMENT
    SEGMENT: ?PR?_READ_BLOCK?SDCARD
    CALLER1: ?PR?TIMER2_ISR?MAIN
    CALLER2: ?C_C51STARTUP

*** WARNING L15: MULTIPLE CALL TO SEGMENT
    SEGMENT: ?PR?_GET_RESPONSE_NO_END?SDCARD
    CALLER1: ?PR?TIMER2_ISR?MAIN
    CALLER2: ?C_C51STARTUP

*** WARNING L15: MULTIPLE CALL TO SEGMENT
    SEGMENT: ?PR?_READ32?DIRECTORY_FUNCTIONS
    CALLER1: ?PR?TIMER2_ISR?MAIN
    CALLER2: ?C_C51STARTUP

*** ERROR L107: ADDRESS SPACE OVERFLOW
    SPACE:   DATA    
    SEGMENT: _DATA_GROUP_
    LENGTH:  0068H

*** FATAL ERROR L250: CODE SIZE LIMIT IN RESTRICTED VERSION EXCEEDED
    MODULE:  \\MINERFILES.MST.EDU\DFS\USERS\MRWPP5\DESKTOP\C51\LIB\C51S.LIB (-----)
    LIMIT:   0800H BYTES