BL51 BANKED LINKER/LOCATER V6.22                                                        12/15/2015  12:23:27  PAGE 1


BL51 BANKED LINKER/LOCATER V6.22, INVOKED BY:
C:\KEIL_V5\C51\BIN\BL51.EXE hardware_delay.obj, lcd.obj, Long_Serial_In.obj, main.obj, print_bytes.obj, SDcard.obj, spi.
>> obj, uart.obj, Directory_Functions.obj, i2c.obj, sta013.obj, config.obj TO part2 RAMSIZE (256)


MEMORY MODEL: SMALL


INPUT MODULES INCLUDED:
  hardware_delay.obj (HARDWARE_DELAY)
  lcd.obj (LCD)
  Long_Serial_In.obj (LONG_SERIAL_IN)
  main.obj (MAIN)
  print_bytes.obj (PRINT_BYTES)
  SDcard.obj (SDCARD)
  spi.obj (SPI)
  uart.obj (UART)
  Directory_Functions.obj (DIRECTORY_FUNCTIONS)
  i2c.obj (I2C)
  sta013.obj (STA013)
  config.obj (CONFIG)
  C:\KEIL_V5\C51\LIB\C51S.LIB (?C_STARTUP)
  C:\KEIL_V5\C51\LIB\C51S.LIB (?C?CLDPTR)
  C:\KEIL_V5\C51\LIB\C51S.LIB (?C?CLDOPTR)
  C:\KEIL_V5\C51\LIB\C51S.LIB (?C?CSTPTR)
  C:\KEIL_V5\C51\LIB\C51S.LIB (?C?CSTOPTR)
  C:\KEIL_V5\C51\LIB\C51S.LIB (?C?UIDIV)
  C:\KEIL_V5\C51\LIB\C51S.LIB (?C?LMUL)
  C:\KEIL_V5\C51\LIB\C51S.LIB (?C?ULDIV)
  C:\KEIL_V5\C51\LIB\C51S.LIB (?C?ULCMP)
  C:\KEIL_V5\C51\LIB\C51S.LIB (?C?ULSHR)
  C:\KEIL_V5\C51\LIB\C51S.LIB (?C?LSHL)
  C:\KEIL_V5\C51\LIB\C51S.LIB (?C?LLDIDATA)
  C:\KEIL_V5\C51\LIB\C51S.LIB (?C?LLDIDATA0)
  C:\KEIL_V5\C51\LIB\C51S.LIB (?C?LSTIDATA)
  C:\KEIL_V5\C51\LIB\C51S.LIB (?C?LSTKIDATA)
  C:\KEIL_V5\C51\LIB\C51S.LIB (?C?LCASE)
  C:\KEIL_V5\C51\LIB\C51S.LIB (PUTCHAR)
  C:\KEIL_V5\C51\LIB\C51S.LIB (PRINTF)
  C:\KEIL_V5\C51\LIB\C51S.LIB (GETCHAR)
  C:\KEIL_V5\C51\LIB\C51S.LIB (ATOL)
  C:\KEIL_V5\C51\LIB\C51S.LIB (?C?LNEG)
  C:\KEIL_V5\C51\LIB\C51S.LIB (?C?PLDIIDATA)
  C:\KEIL_V5\C51\LIB\C51S.LIB (?C?CCASE)
  C:\KEIL_V5\C51\LIB\C51S.LIB (_GETKEY)
  C:\KEIL_V5\C51\LIB\C51S.LIB (ISDIGIT)
  C:\KEIL_V5\C51\LIB\C51S.LIB (ISSPACE)


LINK MAP OF MODULE:  part2 (HARDWARE_DELAY)


            TYPE    BASE      LENGTH    RELOCATION   SEGMENT NAME
            -----------------------------------------------------

            * * * * * * *   D A T A   M E M O R Y   * * * * * * *
            REG     0000H     0008H     ABSOLUTE     "REG BANK 0"
            DATA    0008H     0012H     UNIT         ?DT?_FIND_NEXT_CLUSTER?DIRECTORY_FUNCTIONS
BL51 BANKED LINKER/LOCATER V6.22                                                      12/15/2015  12:23:27  PAGE 2


            DATA    001AH     0001H     UNIT         ?DT?GETCHAR
                    001BH     0005H                  *** GAP ***
            BIT     0020H.0   0002H.2   UNIT         _BIT_GROUP_
            BIT     0022H.2   0000H.1   UNIT         ?BI?GETCHAR
                    0022H.3   0000H.5                *** GAP ***
            DATA    0023H     005DH     UNIT         _DATA_GROUP_
            IDATA   0080H     0031H     UNIT         ?ID?DIRECTORY_FUNCTIONS
            IDATA   00B1H     0029H     UNIT         ?ID?MAIN
            IDATA   00DAH     000CH     UNIT         _IDATA_GROUP_
            IDATA   00E6H     0001H     UNIT         ?STACK

            * * * * * * *  X D A T A   M E M O R Y  * * * * * * *
            XDATA   0000H     0400H     UNIT         ?XD?MAIN

            * * * * * * *   C O D E   M E M O R Y   * * * * * * *
            CODE    0000H     0003H     ABSOLUTE     
            CODE    0003H     0027H     UNIT         ?PR?_TRANS_CMD58?SDCARD
                    002AH     0001H                  *** GAP ***
            CODE    002BH     0003H     ABSOLUTE     
            CODE    002EH     0FD0H     UNIT         STA013_CONFIG
            CODE    0FFEH     0725H     UNIT         ?PR?_MOUNT_DRIVE?DIRECTORY_FUNCTIONS
            CODE    1723H     0407H     UNIT         ?PR?TIMER2_ISR?MAIN
            CODE    1B2AH     03F6H     UNIT         ?PR?MAIN?MAIN
            CODE    1F20H     0365H     UNIT         ?PR?_I2C_READ?I2C
            CODE    2285H     035CH     UNIT         ?PR?PRINTF?PRINTF
            CODE    25E1H     0357H     UNIT         ?PR?CONFIG_FILE?STA013
            CODE    2938H     02DFH     UNIT         ?C?LIB_CODE
            CODE    2C17H     0234H     UNIT         ?PR?_READ_DIR_ENTRY?DIRECTORY_FUNCTIONS
            CODE    2E4BH     01DDH     UNIT         ?PR?_PRINT_DIRECTORY?DIRECTORY_FUNCTIONS
            CODE    3028H     01BEH     UNIT         ?PR?_I2C_WRITE?I2C
            CODE    31E6H     018BH     UNIT         ?CO?DIRECTORY_FUNCTIONS
            CODE    3371H     0178H     UNIT         ?PR?SDCARD_INIT?SDCARD
            CODE    34E9H     0125H     UNIT         ?PR?_FIRST_SECTOR?DIRECTORY_FUNCTIONS
            CODE    360EH     00E6H     UNIT         ?CO?MAIN
            CODE    36F4H     00DEH     UNIT         ?PR?_ATOL?ATOL
            CODE    37D2H     00C6H     UNIT         ?PR?LONG_SERIAL_INPUT?LONG_SERIAL_IN
            CODE    3898H     00C3H     UNIT         ?PR?_FIND_NEXT_CLUSTER?DIRECTORY_FUNCTIONS
            CODE    395BH     00C3H     UNIT         ?PR?_FIND_NEXT_CLUSTER_ISR?DIRECTORY_FUNCTIONS
            CODE    3A1EH     00A7H     UNIT         ?PR?_SEND_COMMAND_ISR?SDCARD
            CODE    3AC5H     00A5H     UNIT         ?PR?_READ_BLOCK_ISR?SDCARD
            CODE    3B6AH     009FH     UNIT         ?PR?_SEND_COMMAND?SDCARD
            CODE    3C09H     009EH     UNIT         ?PR?_GET_RESPONSE?SDCARD
            CODE    3CA7H     008CH     UNIT         ?PR?_READ_SECTOR_ISR?SDCARD
            CODE    3D33H     0083H     UNIT         ?PR?_READ32?DIRECTORY_FUNCTIONS
            CODE    3DB6H     0082H     UNIT         ?PR?_READ_SECTOR?SDCARD
            CODE    3E38H     007DH     UNIT         ?PR?_TRANS_ACMD41?SDCARD
            CODE    3EB5H     007BH     UNIT         ?PR?_READ32_ISR?DIRECTORY_FUNCTIONS
            CODE    3F30H     0078H     UNIT         ?PR?_PRINT_16BYTES?PRINT_BYTES
            CODE    3FA8H     0071H     UNIT         ?CO?STA013
            CODE    4019H     006CH     UNIT         ?PR?_READ_BLOCK?SDCARD
            CODE    4085H     0068H     UNIT         ?PR?_SPI_MASTER_INIT?SPI
            CODE    40EDH     005FH     UNIT         ?PR?_PRINT_MEMORY?PRINT_BYTES
            CODE    414CH     005BH     UNIT         ?PR?_FIRST_SECTOR_ISR?DIRECTORY_FUNCTIONS
            CODE    41A7H     005BH     UNIT         ?PR?_TEST_I2C?STA013
            CODE    4202H     005AH     UNIT         ?PR?_GET_RESPONSE_NO_END_ISR?SDCARD
            CODE    425CH     0059H     UNIT         ?PR?_READ16?DIRECTORY_FUNCTIONS
            CODE    42B5H     0050H     UNIT         ?PR?_LCD_PRINT?LCD
BL51 BANKED LINKER/LOCATER V6.22                                                      12/15/2015  12:23:27  PAGE 3


            CODE    4305H     004FH     UNIT         ?PR?_GET_RESPONSE_NO_END?SDCARD
            CODE    4354H     0045H     UNIT         ?CO?PRINT_BYTES
            CODE    4399H     0041H     UNIT         ?PR?_TRANS_CMD8?SDCARD
            CODE    43DAH     0038H     UNIT         ?PR?_TRANS_CMD0?SDCARD
            CODE    4412H     0036H     UNIT         ?PR?LCD_INIT?LCD
            CODE    4448H     002BH     UNIT         ?PR?_SPI_TRANSFER_ISR?SPI
            CODE    4473H     0029H     UNIT         ?PR?_DELAY_MS?HARDWARE_DELAY
            CODE    449CH     0027H     UNIT         ?PR?PUTCHAR?PUTCHAR
            CODE    44C3H     0022H     UNIT         ?PR?LCD_WRITE?LCD
            CODE    44E5H     0021H     UNIT         ?PR?_SPI_TRANSFER?SPI
            CODE    4506H     0021H     UNIT         ?PR?_READ8?DIRECTORY_FUNCTIONS
            CODE    4527H     001CH     UNIT         ?PR?UART_INIT?UART
            CODE    4543H     001CH     UNIT         ?PR?_I2C_CLOCK_DELAY?I2C
            CODE    455FH     0013H     UNIT         ?PR?I2C_CLOCK_START?I2C
            CODE    4572H     0013H     UNIT         ?PR?_ISSPACE?ISSPACE
            CODE    4585H     0011H     UNIT         ?PR?GETCHAR?GETCHAR
            CODE    4596H     000FH     UNIT         ?PR?LCD_CLEAR?LCD
            CODE    45A5H     000FH     UNIT         ?PR?_ISDIGIT?ISDIGIT
            CODE    45B4H     000CH     UNIT         ?C_C51STARTUP
            CODE    45C0H     000AH     UNIT         ?PR?_GETKEY?_GETKEY
            CODE    45CAH     0008H     UNIT         ?CO?SDCARD



OVERLAY MAP OF MODULE:   part2 (HARDWARE_DELAY)


SEGMENT                                             BIT_GROUP          DATA_GROUP          IDATA_GROUP
  +--> CALLED SEGMENT                            START    LENGTH     START    LENGTH     START    LENGTH
--------------------------------------------------------------------------------------------------------
?PR?TIMER2_ISR?MAIN                              -----    -----      -----    -----      -----    -----
  +--> ?PR?_SPI_TRANSFER_ISR?SPI
  +--> ?CO?MAIN
  +--> ?PR?PRINTF?PRINTF
  +--> ?PR?_READ_SECTOR_ISR?SDCARD
  +--> ?PR?_FIND_NEXT_CLUSTER_ISR?DIRECTORY_...
  +--> ?PR?_FIRST_SECTOR_ISR?DIRECTORY_FUNCT...

?PR?PRINTF?PRINTF                                0021H.1  0001H.1    006CH    0014H      -----    -----
  +--> ?PR?PUTCHAR?PUTCHAR

?PR?_READ_SECTOR_ISR?SDCARD                      -----    -----      0023H    000DH      -----    -----
  +--> ?PR?_SEND_COMMAND_ISR?SDCARD
  +--> ?PR?_GET_RESPONSE_NO_END_ISR?SDCARD

?PR?_SEND_COMMAND_ISR?SDCARD                     -----    -----      003CH    0005H      00E1H    0004H
  +--> ?PR?_SPI_TRANSFER_ISR?SPI

?PR?_GET_RESPONSE_NO_END_ISR?SDCARD              -----    -----      003CH    0005H      00E1H    0005H
  +--> ?PR?_SPI_TRANSFER_ISR?SPI

?PR?_FIND_NEXT_CLUSTER_ISR?DIRECTORY_...         -----    -----      0023H    0012H      -----    -----
  +--> ?PR?_SEND_COMMAND_ISR?SDCARD
  +--> ?PR?_READ_BLOCK_ISR?SDCARD
  +--> ?PR?_READ32_ISR?DIRECTORY_FUNCTIONS

?PR?_READ_BLOCK_ISR?SDCARD                       -----    -----      0035H    0007H      00DAH    0007H
BL51 BANKED LINKER/LOCATER V6.22                                                      12/15/2015  12:23:27  PAGE 4


  +--> ?PR?_SEND_COMMAND_ISR?SDCARD
  +--> ?PR?_GET_RESPONSE_NO_END_ISR?SDCARD

?PR?_READ32_ISR?DIRECTORY_FUNCTIONS              -----    -----      0035H    000BH      -----    -----

?PR?_FIRST_SECTOR_ISR?DIRECTORY_FUNCT...         -----    -----      0023H    0004H      -----    -----

*** NEW ROOT ***************************************************

?C_C51STARTUP                                    -----    -----      -----    -----      -----    -----
  +--> ?PR?MAIN?MAIN

?PR?MAIN?MAIN                                    -----    -----      0041H    0005H      -----    -----
  +--> ?PR?UART_INIT?UART
  +--> ?PR?LCD_INIT?LCD
  +--> ?PR?_SPI_MASTER_INIT?SPI
  +--> ?PR?SDCARD_INIT?SDCARD
  +--> ?CO?MAIN
  +--> ?PR?PRINTF?PRINTF
  +--> ?PR?PUTCHAR?PUTCHAR
  +--> ?PR?_MOUNT_DRIVE?DIRECTORY_FUNCTIONS
  +--> ?PR?LCD_CLEAR?LCD
  +--> ?PR?LCD_WRITE?LCD
  +--> ?PR?_LCD_PRINT?LCD
  +--> ?PR?CONFIG_FILE?STA013
  +--> ?PR?_TEST_I2C?STA013
  +--> ?PR?_PRINT_DIRECTORY?DIRECTORY_FUNCTIONS
  +--> ?PR?LONG_SERIAL_INPUT?LONG_SERIAL_IN
  +--> ?PR?_READ_DIR_ENTRY?DIRECTORY_FUNCTIONS
  +--> ?PR?_FIRST_SECTOR?DIRECTORY_FUNCTIONS
  +--> ?PR?_READ_SECTOR?SDCARD

?PR?LCD_INIT?LCD                                 -----    -----      -----    -----      -----    -----
  +--> ?PR?_DELAY_MS?HARDWARE_DELAY
  +--> ?PR?LCD_WRITE?LCD

?PR?LCD_WRITE?LCD                                0021H.1  0000H.1    004BH    0001H      -----    -----
  +--> ?PR?_DELAY_MS?HARDWARE_DELAY

?PR?_SPI_MASTER_INIT?SPI                         -----    -----      0046H    0001H      -----    -----

?PR?SDCARD_INIT?SDCARD                           -----    -----      0046H    0008H      -----    -----
  +--> ?PR?_SPI_TRANSFER?SPI
  +--> ?PR?_TRANS_CMD0?SDCARD
  +--> ?CO?SDCARD
  +--> ?PR?PRINTF?PRINTF
  +--> ?PR?PUTCHAR?PUTCHAR
  +--> ?PR?_DELAY_MS?HARDWARE_DELAY
  +--> ?PR?_TRANS_CMD8?SDCARD
  +--> ?PR?_TRANS_CMD58?SDCARD
  +--> ?PR?_TRANS_ACMD41?SDCARD

?PR?_TRANS_CMD0?SDCARD                           -----    -----      004EH    0003H      -----    -----
  +--> ?PR?_SEND_COMMAND?SDCARD
  +--> ?PR?_GET_RESPONSE?SDCARD

?PR?_SEND_COMMAND?SDCARD                         -----    -----      0071H    0009H      -----    -----
BL51 BANKED LINKER/LOCATER V6.22                                                      12/15/2015  12:23:27  PAGE 5


  +--> ?PR?_SPI_TRANSFER?SPI

?PR?_GET_RESPONSE?SDCARD                         -----    -----      0056H    0008H      -----    -----
  +--> ?PR?_SPI_TRANSFER?SPI

?PR?_TRANS_CMD8?SDCARD                           -----    -----      004EH    0003H      -----    -----
  +--> ?PR?_SEND_COMMAND?SDCARD
  +--> ?PR?_GET_RESPONSE?SDCARD

?PR?_TRANS_CMD58?SDCARD                          -----    -----      004EH    0003H      -----    -----
  +--> ?PR?_SEND_COMMAND?SDCARD
  +--> ?PR?_GET_RESPONSE?SDCARD

?PR?_TRANS_ACMD41?SDCARD                         -----    -----      004EH    0008H      -----    -----
  +--> ?PR?_SEND_COMMAND?SDCARD
  +--> ?PR?_GET_RESPONSE?SDCARD

?PR?_MOUNT_DRIVE?DIRECTORY_FUNCTIONS             -----    -----      0046H    0019H      -----    -----
  +--> ?PR?_READ_BLOCK?SDCARD
  +--> ?PR?_PRINT_MEMORY?PRINT_BYTES
  +--> ?PR?_READ8?DIRECTORY_FUNCTIONS
  +--> ?PR?_READ32?DIRECTORY_FUNCTIONS
  +--> ?CO?DIRECTORY_FUNCTIONS
  +--> ?PR?PRINTF?PRINTF
  +--> ?PR?PUTCHAR?PUTCHAR
  +--> ?PR?_READ16?DIRECTORY_FUNCTIONS

?PR?_READ_BLOCK?SDCARD                           -----    -----      0064H    000DH      -----    -----
  +--> ?PR?_SEND_COMMAND?SDCARD
  +--> ?PR?_GET_RESPONSE_NO_END?SDCARD

?PR?_GET_RESPONSE_NO_END?SDCARD                  -----    -----      0071H    000AH      -----    -----
  +--> ?PR?_SPI_TRANSFER?SPI

?PR?_PRINT_MEMORY?PRINT_BYTES                    -----    -----      005FH    0008H      -----    -----
  +--> ?CO?PRINT_BYTES
  +--> ?PR?PRINTF?PRINTF
  +--> ?PR?_PRINT_16BYTES?PRINT_BYTES

?PR?_PRINT_16BYTES?PRINT_BYTES                   -----    -----      0067H    0005H      -----    -----
  +--> ?CO?PRINT_BYTES
  +--> ?PR?PRINTF?PRINTF
  +--> ?PR?PUTCHAR?PUTCHAR

?PR?_READ32?DIRECTORY_FUNCTIONS                  -----    -----      005FH    000BH      -----    -----

?PR?_READ16?DIRECTORY_FUNCTIONS                  -----    -----      005FH    0007H      -----    -----

?PR?LCD_CLEAR?LCD                                -----    -----      -----    -----      -----    -----
  +--> ?PR?LCD_WRITE?LCD
  +--> ?PR?_DELAY_MS?HARDWARE_DELAY

?PR?_LCD_PRINT?LCD                               -----    -----      0046H    0005H      -----    -----
  +--> ?PR?LCD_WRITE?LCD

?PR?CONFIG_FILE?STA013                           -----    -----      0046H    000BH      -----    -----
  +--> ?CO?STA013
BL51 BANKED LINKER/LOCATER V6.22                                                      12/15/2015  12:23:27  PAGE 6


  +--> ?PR?PRINTF?PRINTF
  +--> ?PR?_I2C_WRITE?I2C
  +--> ?PR?PUTCHAR?PUTCHAR
  +--> ?PR?_I2C_READ?I2C

?PR?_I2C_WRITE?I2C                               -----    -----      0051H    000BH      -----    -----
  +--> ?PR?I2C_CLOCK_START?I2C
  +--> ?PR?_I2C_CLOCK_DELAY?I2C

?PR?_I2C_READ?I2C                                -----    -----      0051H    000BH      -----    -----
  +--> ?PR?I2C_CLOCK_START?I2C
  +--> ?PR?_I2C_CLOCK_DELAY?I2C

?PR?_TEST_I2C?STA013                             -----    -----      0046H    0005H      -----    -----
  +--> ?PR?_I2C_READ?I2C
  +--> ?CO?STA013
  +--> ?PR?PRINTF?PRINTF
  +--> ?PR?PUTCHAR?PUTCHAR

?PR?_PRINT_DIRECTORY?DIRECTORY_FUNCTIONS         -----    -----      0046H    001AH      -----    -----
  +--> ?PR?_READ_BLOCK?SDCARD
  +--> ?PR?_READ8?DIRECTORY_FUNCTIONS
  +--> ?CO?DIRECTORY_FUNCTIONS
  +--> ?PR?PRINTF?PRINTF
  +--> ?PR?PUTCHAR?PUTCHAR

?PR?LONG_SERIAL_INPUT?LONG_SERIAL_IN             -----    -----      0046H    0011H      -----    -----
  +--> ?PR?GETCHAR?GETCHAR
  +--> ?PR?_ATOL?ATOL
  +--> ?PR?PUTCHAR?PUTCHAR

?PR?GETCHAR?GETCHAR                              -----    -----      -----    -----      -----    -----
  +--> ?PR?_GETKEY?_GETKEY
  +--> ?PR?PUTCHAR?PUTCHAR

?PR?_ATOL?ATOL                                   0021H.1  0000H.1    0057H    0007H      -----    -----
  +--> ?PR?_ISSPACE?ISSPACE
  +--> ?PR?_ISDIGIT?ISDIGIT

?PR?_READ_DIR_ENTRY?DIRECTORY_FUNCTIONS          -----    -----      0046H    001EH      -----    -----
  +--> ?PR?_READ_BLOCK?SDCARD
  +--> ?PR?_READ8?DIRECTORY_FUNCTIONS

?PR?_FIRST_SECTOR?DIRECTORY_FUNCTIONS            -----    -----      0046H    0008H      -----    -----
  +--> ?CO?DIRECTORY_FUNCTIONS
  +--> ?PR?PRINTF?PRINTF
  +--> ?PR?PUTCHAR?PUTCHAR

?PR?_READ_SECTOR?SDCARD                          -----    -----      0046H    000DH      -----    -----
  +--> ?PR?_SEND_COMMAND?SDCARD
  +--> ?PR?_GET_RESPONSE_NO_END?SDCARD



SYMBOL TABLE OF MODULE:  part2 (HARDWARE_DELAY)

  VALUE           TYPE          NAME
BL51 BANKED LINKER/LOCATER V6.22                                                      12/15/2015  12:23:27  PAGE 7


  ----------------------------------

  -------         MODULE        HARDWARE_DELAY
  C:0000H         SYMBOL        _ICE_DUMMY_
  D:0080H         PUBLIC        P0
  D:0090H         PUBLIC        P1
  D:00A0H         PUBLIC        P2
  D:00B0H         PUBLIC        P3
  D:00A8H         PUBLIC        IEN0
  D:00B8H         PUBLIC        IPL0
  D:00D8H         PUBLIC        CCON
  D:0098H         PUBLIC        SCON
  D:0089H         PUBLIC        TMOD
  D:0088H         PUBLIC        TCON
  B:00A8H.1       PUBLIC        ET0
  B:0088H.5       PUBLIC        TF0
  D:008CH         PUBLIC        TH0
  D:008AH         PUBLIC        TL0
  C:4473H         PUBLIC        _delay_ms
  B:0088H.4       PUBLIC        TR0
  D:00C8H         PUBLIC        T2CON
  D:00D0H         PUBLIC        PSW
  -------         PROC          _DELAY_MS
  D:0006H         SYMBOL        timeout_val_ms
  -------         DO            
  D:0004H         SYMBOL        num_ms
  -------         ENDDO         
  C:4473H         LINE#         9
  C:4473H         LINE#         10
  C:4473H         LINE#         12
  C:4476H         LINE#         13
  C:4479H         LINE#         14
  C:447BH         LINE#         15
  C:4485H         LINE#         16
  C:4485H         LINE#         17
  C:4488H         LINE#         18
  C:448BH         LINE#         19
  C:448DH         LINE#         20
  C:448FH         LINE#         21
  C:4492H         LINE#         22
  C:4494H         LINE#         23
  C:449BH         LINE#         24
  -------         ENDPROC       _DELAY_MS
  -------         ENDMOD        HARDWARE_DELAY

  -------         MODULE        LCD
  C:0000H         SYMBOL        _ICE_DUMMY_
  D:0080H         PUBLIC        P0
  D:0090H         PUBLIC        P1
  D:00A0H         PUBLIC        P2
  D:00B0H         PUBLIC        P3
  D:00A8H         PUBLIC        IEN0
  D:00B8H         PUBLIC        IPL0
  C:4596H         PUBLIC        LCD_Clear
  D:00D8H         PUBLIC        CCON
  B:00B0H.6       PUBLIC        RS
  D:0080H         PUBLIC        LCD_DATA_OUT
BL51 BANKED LINKER/LOCATER V6.22                                                      12/15/2015  12:23:27  PAGE 8


  D:0098H         PUBLIC        SCON
  D:0088H         PUBLIC        TCON
  C:44C8H         PUBLIC        LCD_Write
  C:42B5H         PUBLIC        _LCD_Print
  B:00B0H.7       PUBLIC        E
  C:4412H         PUBLIC        LCD_Init
  D:00C8H         PUBLIC        T2CON
  D:00D0H         PUBLIC        PSW
  C:44C3H         SYMBOL        L?0013
  -------         PROC          L?0012
  -------         ENDPROC       L?0012
  C:44C3H         SYMBOL        L?0013
  -------         PROC          LCD_WRITE
  B:0021H.1       SYMBOL        RegSelect
  D:004BH         SYMBOL        LCD_Data
  C:44C8H         LINE#         6
  C:44C8H         LINE#         7
  C:44C8H         LINE#         9
  C:44CCH         LINE#         10
  C:44CEH         LINE#         11
  C:44D5H         LINE#         12
  C:44D8H         LINE#         13
  C:44DAH         LINE#         14
  C:44E1H         LINE#         15
  C:44E4H         LINE#         16
  -------         ENDPROC       LCD_WRITE
  -------         PROC          _LCD_PRINT
  D:0046H         SYMBOL        num_bytes
  D:0047H         SYMBOL        array_name
  -------         DO            
  D:004AH         SYMBOL        index
  -------         ENDDO         
  C:42B5H         LINE#         18
  C:42BDH         LINE#         19
  C:42BDH         LINE#         21
  C:42C1H         LINE#         22
  C:42C1H         LINE#         23
  C:42C3H         LINE#         24
  C:42D5H         LINE#         25
  C:42D5H         LINE#         26
  C:42DCH         LINE#         27
  C:42DEH         LINE#         28
  C:42E0H         LINE#         29
  C:42E0H         LINE#         31
  C:42E0H         LINE#         32
  C:42EAH         LINE#         33
  C:42EAH         LINE#         34
  C:4300H         LINE#         35
  C:4304H         LINE#         36
  C:4304H         LINE#         38
  -------         ENDPROC       _LCD_PRINT
  -------         PROC          LCD_INIT
  C:4412H         LINE#         40
  C:4412H         LINE#         41
  C:4412H         LINE#         47
  C:4419H         LINE#         48
  C:441CH         LINE#         49
BL51 BANKED LINKER/LOCATER V6.22                                                      12/15/2015  12:23:27  PAGE 9


  C:4423H         LINE#         50
  C:4426H         LINE#         52
  C:4429H         LINE#         54
  C:4431H         LINE#         56
  C:4439H         LINE#         57
  C:4440H         LINE#         58
  -------         ENDPROC       LCD_INIT
  -------         PROC          LCD_CLEAR
  C:4596H         LINE#         64
  C:4596H         LINE#         65
  C:4596H         LINE#         66
  C:459EH         LINE#         67
  -------         ENDPROC       LCD_CLEAR
  -------         ENDMOD        LCD

  -------         MODULE        LONG_SERIAL_IN
  C:0000H         SYMBOL        _ICE_DUMMY_
  D:0080H         PUBLIC        P0
  D:0090H         PUBLIC        P1
  D:00A0H         PUBLIC        P2
  D:00B0H         PUBLIC        P3
  D:00A8H         PUBLIC        IEN0
  D:00B8H         PUBLIC        IPL0
  D:00D8H         PUBLIC        CCON
  C:37D2H         PUBLIC        long_serial_input
  D:0098H         PUBLIC        SCON
  D:0088H         PUBLIC        TCON
  D:00C8H         PUBLIC        T2CON
  D:00D0H         PUBLIC        PSW
  -------         PROC          LONG_SERIAL_INPUT
  -------         DO            
  D:0046H         SYMBOL        index
  D:0047H         SYMBOL        input
  D:0048H         SYMBOL        input_values
  D:0053H         SYMBOL        output_value
  -------         ENDDO         
  C:37D2H         LINE#         15
  C:37D2H         LINE#         16
  C:37D2H         LINE#         19
  C:37D5H         LINE#         20
  C:37D5H         LINE#         21
  C:37DCH         LINE#         22
  C:37E3H         LINE#         23
  C:37EDH         LINE#         24
  C:37F0H         LINE#         26
  C:37F0H         LINE#         27
  C:37F5H         LINE#         28
  C:3803H         LINE#         29
  C:3803H         LINE#         30
  C:380AH         LINE#         31
  C:380CH         LINE#         32
  C:380EH         LINE#         33
  C:3819H         LINE#         34
  C:3819H         LINE#         35
  C:381BH         LINE#         36
  C:3822H         LINE#         37
  C:3822H         LINE#         38
BL51 BANKED LINKER/LOCATER V6.22                                                      12/15/2015  12:23:27  PAGE 10


  C:3822H         LINE#         39
  C:3824H         LINE#         40
  C:382FH         LINE#         41
  C:382FH         LINE#         42
  C:3840H         LINE#         43
  C:3845H         LINE#         44
  C:3847H         LINE#         45
  C:3849H         LINE#         47
  C:3849H         LINE#         48
  C:384EH         LINE#         49
  C:3853H         LINE#         50
  C:3858H         LINE#         51
  C:3858H         LINE#         52
  C:385DH         LINE#         53
  C:385DH         LINE#         54
  C:386EH         LINE#         55
  C:3873H         LINE#         56
  C:3878H         LINE#         57
  C:3878H         LINE#         58
  C:388FH         LINE#         60
  C:3897H         LINE#         61
  -------         ENDPROC       LONG_SERIAL_INPUT
  -------         ENDMOD        LONG_SERIAL_IN

  -------         MODULE        MAIN
  C:0000H         SYMBOL        _ICE_DUMMY_
  I:00B1H         PUBLIC        sector_offset
  D:0080H         PUBLIC        P0
  D:0090H         PUBLIC        P1
  B:0090H.1       PUBLIC        spi_en
  D:00A0H         PUBLIC        P2
  D:00B0H         PUBLIC        P3
  B:00A8H.7       PUBLIC        EA
  B:00A0H.4       PUBLIC        LED1
  B:00A0H.5       PUBLIC        LED2
  B:00A0H.6       PUBLIC        LED3
  B:00A0H.7       PUBLIC        LED4
  D:00A8H         PUBLIC        IEN0
  I:00B5H         PUBLIC        sector
  I:00B9H         PUBLIC        index1_g
  I:00BBH         PUBLIC        index2_g
  D:00B8H         PUBLIC        IPL0
  D:008FH         PUBLIC        CKCON0
  D:00CBH         PUBLIC        RCAP2H
  D:00D8H         PUBLIC        CCON
  C:1723H         PUBLIC        timer2_ISR
  D:00CAH         PUBLIC        RCAP2L
  C:1B2AH         PUBLIC        main
  D:0098H         PUBLIC        SCON
  D:0088H         PUBLIC        TCON
  B:00B0H.3       PUBLIC        trig
  I:00BDH         PUBLIC        return_entry
  I:00C1H         PUBLIC        play_status
  B:0088H.5       PUBLIC        TF0
  B:00A8H.5       PUBLIC        ET2
  B:00C8H.7       PUBLIC        TF2
  D:008CH         PUBLIC        TH0
BL51 BANKED LINKER/LOCATER V6.22                                                      12/15/2015  12:23:27  PAGE 11


  I:00C5H         PUBLIC        cluster_g
  D:00CDH         PUBLIC        TH2
  D:008AH         PUBLIC        TL0
  D:00CCH         PUBLIC        TL2
  X:0000H         PUBLIC        buff1
  B:0088H.4       PUBLIC        TR0
  X:0200H         PUBLIC        buff2
  I:00C9H         PUBLIC        next_entry
  B:00C8H.2       PUBLIC        TR2
  I:00CDH         PUBLIC        sector_base_g
  B:0090H.0       PUBLIC        DATA_REQ
  D:00C8H         PUBLIC        T2CON
  I:00D1H         PUBLIC        state_g
  I:00D5H         PUBLIC        temp8
  D:00D0H         PUBLIC        PSW
  I:00D6H         PUBLIC        block_number
  -------         PROC          TIMER2_ISR
  C:1723H         LINE#         36
  C:1740H         LINE#         39
  C:1742H         LINE#         40
  C:1744H         LINE#         41
  C:1747H         LINE#         42
  C:174AH         LINE#         43
  C:174CH         LINE#         44
  C:174EH         LINE#         47
  C:175FH         LINE#         48
  C:175FH         LINE#         49
  C:176FH         LINE#         50
  C:176FH         LINE#         51
  C:1778H         LINE#         52
  C:1778H         LINE#         53
  C:1778H         LINE#         55
  C:1789H         LINE#         56
  C:1789H         LINE#         57
  C:1799H         LINE#         58
  C:1799H         LINE#         59
  C:17A2H         LINE#         60
  C:17A2H         LINE#         61
  C:17A2H         LINE#         64
  C:17DEH         LINE#         65
  C:17DEH         LINE#         67
  C:17DEH         LINE#         68
  C:17DEH         LINE#         69
  C:17E0H         LINE#         70
  C:17E2H         LINE#         71
  C:17E4H         LINE#         72
  C:17E6H         LINE#         73
  C:17E8H         LINE#         74
  C:17EAH         LINE#         75
  C:17F0H         LINE#         76
  C:17F0H         LINE#         77
  C:180AH         LINE#         78
  C:1812H         LINE#         79
  C:181EH         LINE#         80
  C:181EH         LINE#         81
  C:182AH         LINE#         82
  C:182AH         LINE#         83
BL51 BANKED LINKER/LOCATER V6.22                                                      12/15/2015  12:23:27  PAGE 12


  C:183BH         LINE#         84
  C:183BH         LINE#         85
  C:1844H         LINE#         86
  C:1846H         LINE#         88
  C:1846H         LINE#         89
  C:184FH         LINE#         90
  C:184FH         LINE#         91
  C:1851H         LINE#         93
  C:1851H         LINE#         94
  C:185AH         LINE#         95
  C:185AH         LINE#         96
  C:185CH         LINE#         97
  C:185CH         LINE#         98
  C:185EH         LINE#         99
  C:1872H         LINE#         100
  C:1872H         LINE#         101
  C:187BH         LINE#         102
  C:1889H         LINE#         103
  C:1889H         LINE#         104
  C:1890H         LINE#         105
  C:1892H         LINE#         107
  C:1892H         LINE#         108
  C:1899H         LINE#         109
  C:1899H         LINE#         110
  C:1899H         LINE#         111
  C:189CH         LINE#         112
  C:189CH         LINE#         113
  C:18A5H         LINE#         114
  C:18A5H         LINE#         115
  C:18A7H         LINE#         116
  C:18AAH         LINE#         117
  C:18AAH         LINE#         120
  C:18AAH         LINE#         121
  C:18AAH         LINE#         122
  C:18ACH         LINE#         123
  C:18AEH         LINE#         124
  C:18B0H         LINE#         125
  C:18B2H         LINE#         127
  C:18CDH         LINE#         128
  C:18DBH         LINE#         130
  C:18F2H         LINE#         131
  C:18FBH         LINE#         132
  C:18FDH         LINE#         134
  C:1900H         LINE#         135
  C:1900H         LINE#         138
  C:1900H         LINE#         139
  C:1900H         LINE#         140
  C:1902H         LINE#         141
  C:1904H         LINE#         142
  C:1906H         LINE#         143
  C:1908H         LINE#         145
  C:191BH         LINE#         146
  C:192DH         LINE#         147
  C:192DH         LINE#         148
  C:1936H         LINE#         149
  C:193FH         LINE#         150
  C:193FH         LINE#         151
BL51 BANKED LINKER/LOCATER V6.22                                                      12/15/2015  12:23:27  PAGE 13


  C:1941H         LINE#         153
  C:1941H         LINE#         154
  C:194EH         LINE#         155
  C:1957H         LINE#         156
  C:1960H         LINE#         157
  C:1960H         LINE#         158
  C:1963H         LINE#         159
  C:1963H         LINE#         161
  C:1963H         LINE#         162
  C:1963H         LINE#         163
  C:1965H         LINE#         164
  C:1967H         LINE#         165
  C:1969H         LINE#         166
  C:196BH         LINE#         168
  C:1971H         LINE#         169
  C:1971H         LINE#         170
  C:197AH         LINE#         171
  C:197AH         LINE#         172
  C:197DH         LINE#         173
  C:197DH         LINE#         176
  C:197DH         LINE#         177
  C:197DH         LINE#         178
  C:197FH         LINE#         179
  C:1981H         LINE#         180
  C:1983H         LINE#         181
  C:1985H         LINE#         183
  C:1987H         LINE#         184
  C:198DH         LINE#         185
  C:198DH         LINE#         186
  C:19A7H         LINE#         187
  C:19AFH         LINE#         188
  C:19BBH         LINE#         189
  C:19BBH         LINE#         190
  C:19C6H         LINE#         191
  C:19C6H         LINE#         192
  C:19D7H         LINE#         193
  C:19D7H         LINE#         194
  C:19E0H         LINE#         195
  C:19E2H         LINE#         197
  C:19E2H         LINE#         198
  C:19EBH         LINE#         199
  C:19EBH         LINE#         200
  C:19EDH         LINE#         202
  C:19EDH         LINE#         203
  C:19F6H         LINE#         204
  C:19F6H         LINE#         205
  C:19F8H         LINE#         206
  C:19F8H         LINE#         207
  C:19FAH         LINE#         208
  C:1A0EH         LINE#         209
  C:1A0EH         LINE#         210
  C:1A17H         LINE#         211
  C:1A25H         LINE#         212
  C:1A25H         LINE#         213
  C:1A2CH         LINE#         214
  C:1A2EH         LINE#         216
  C:1A2EH         LINE#         217
BL51 BANKED LINKER/LOCATER V6.22                                                      12/15/2015  12:23:27  PAGE 14


  C:1A35H         LINE#         218
  C:1A35H         LINE#         219
  C:1A35H         LINE#         220
  C:1A38H         LINE#         221
  C:1A38H         LINE#         222
  C:1A41H         LINE#         223
  C:1A41H         LINE#         225
  C:1A43H         LINE#         226
  C:1A46H         LINE#         227
  C:1A46H         LINE#         230
  C:1A46H         LINE#         231
  C:1A46H         LINE#         232
  C:1A48H         LINE#         233
  C:1A4AH         LINE#         234
  C:1A4CH         LINE#         235
  C:1A4EH         LINE#         237
  C:1A69H         LINE#         238
  C:1A77H         LINE#         239
  C:1A8EH         LINE#         240
  C:1A97H         LINE#         241
  C:1A9EH         LINE#         242
  C:1AA0H         LINE#         243
  C:1AA0H         LINE#         246
  C:1AA0H         LINE#         247
  C:1AA0H         LINE#         248
  C:1AA2H         LINE#         249
  C:1AA4H         LINE#         250
  C:1AA6H         LINE#         251
  C:1AA8H         LINE#         253
  C:1ABBH         LINE#         254
  C:1ACDH         LINE#         255
  C:1ACDH         LINE#         256
  C:1AD6H         LINE#         257
  C:1AD6H         LINE#         258
  C:1AD8H         LINE#         260
  C:1AD8H         LINE#         261
  C:1AE5H         LINE#         262
  C:1AEEH         LINE#         263
  C:1AF7H         LINE#         264
  C:1AF7H         LINE#         265
  C:1AF9H         LINE#         266
  C:1AF9H         LINE#         268
  C:1AF9H         LINE#         269
  C:1AF9H         LINE#         270
  C:1AFBH         LINE#         271
  C:1AFDH         LINE#         272
  C:1AFFH         LINE#         273
  C:1B01H         LINE#         275
  C:1B04H         LINE#         276
  C:1B04H         LINE#         277
  C:1B0DH         LINE#         278
  C:1B0DH         LINE#         279
  C:1B0DH         LINE#         280
  C:1B0DH         LINE#         281
  C:1B0DH         LINE#         282
  C:1B0FH         LINE#         283
  -------         ENDPROC       TIMER2_ISR
BL51 BANKED LINKER/LOCATER V6.22                                                      12/15/2015  12:23:27  PAGE 15


  -------         PROC          MAIN
  -------         DO            
  D:0041H         SYMBOL        error_flag
  D:0042H         SYMBOL        array_name
  D:0044H         SYMBOL        number_of_entries
  -------         ENDDO         
  C:1B2AH         LINE#         292
  C:1B2AH         LINE#         293
  C:1B2AH         LINE#         299
  C:1B2DH         LINE#         301
  C:1B2FH         LINE#         302
  C:1B31H         LINE#         303
  C:1B34H         LINE#         304
  C:1B37H         LINE#         305
  C:1B42H         LINE#         306
  C:1B47H         LINE#         308
  C:1B59H         LINE#         309
  C:1B5EH         LINE#         310
  C:1B63H         LINE#         311
  C:1B6CH         LINE#         313
  C:1B6FH         LINE#         314
  C:1B77H         LINE#         315
  C:1B82H         LINE#         317
  C:1B84H         LINE#         318
  C:1B89H         LINE#         319
  C:1B8DH         LINE#         320
  C:1B8DH         LINE#         321
  C:1B8FH         LINE#         322
  C:1BA1H         LINE#         323
  C:1BADH         LINE#         324
  C:1BB2H         LINE#         325
  C:1BB7H         LINE#         326
  C:1BB7H         LINE#         328
  C:1BBAH         LINE#         329
  C:1BBDH         LINE#         330
  C:1BC8H         LINE#         331
  C:1BCCH         LINE#         332
  C:1BCCH         LINE#         333
  C:1BCEH         LINE#         334
  C:1BE0H         LINE#         335
  C:1BECH         LINE#         336
  C:1BF1H         LINE#         337
  C:1BF6H         LINE#         338
  C:1BF6H         LINE#         341
  C:1C01H         LINE#         344
  C:1C03H         LINE#         347
  C:1C07H         LINE#         348
  C:1C07H         LINE#         349
  C:1C09H         LINE#         350
  C:1C1BH         LINE#         351
  C:1C27H         LINE#         352
  C:1C2CH         LINE#         353
  C:1C31H         LINE#         354
  C:1C31H         LINE#         355
  C:1C34H         LINE#         356
  C:1C37H         LINE#         357
  C:1C39H         LINE#         358
BL51 BANKED LINKER/LOCATER V6.22                                                      12/15/2015  12:23:27  PAGE 16


  C:1C3BH         LINE#         359
  C:1C3DH         LINE#         360
  C:1C3FH         LINE#         361
  C:1C41H         LINE#         367
  C:1C43H         LINE#         368
  C:1C45H         LINE#         377
  C:1C48H         LINE#         379
  C:1C5AH         LINE#         386
  C:1C5AH         LINE#         387
  C:1C5AH         LINE#         388
  C:1C64H         LINE#         389
  C:1C6BH         LINE#         390
  C:1C6BH         LINE#         392
  C:1C6BH         LINE#         393
  C:1C7DH         LINE#         394
  C:1C85H         LINE#         395
  C:1CA7H         LINE#         396
  C:1CA7H         LINE#         397
  C:1CB9H         LINE#         398
  C:1CB9H         LINE#         399
  C:1CDBH         LINE#         400
  C:1CF7H         LINE#         401
  C:1D09H         LINE#         402
  C:1D1FH         LINE#         403
  C:1D24H         LINE#         404
  C:1D29H         LINE#         405
  C:1D37H         LINE#         406
  C:1D46H         LINE#         407
  C:1D46H         LINE#         408
  C:1D58H         LINE#         409
  C:1D5DH         LINE#         410
  C:1D62H         LINE#         411
  C:1D6FH         LINE#         412
  C:1D81H         LINE#         413
  C:1D97H         LINE#         414
  C:1D9CH         LINE#         415
  C:1DA1H         LINE#         416
  C:1DB3H         LINE#         417
  C:1DB3H         LINE#         418
  C:1DE0H         LINE#         419
  C:1DE0H         LINE#         420
  C:1DE9H         LINE#         421
  C:1DFBH         LINE#         423
  C:1E08H         LINE#         424
  C:1E23H         LINE#         425
  C:1E31H         LINE#         426
  C:1E48H         LINE#         427
  C:1E63H         LINE#         428
  C:1E71H         LINE#         429
  C:1E88H         LINE#         430
  C:1E91H         LINE#         434
  C:1E9AH         LINE#         435
  C:1EA0H         LINE#         436
  C:1EA4H         LINE#         437
  C:1EA6H         LINE#         438
  C:1EA8H         LINE#         439
  C:1EB8H         LINE#         440
BL51 BANKED LINKER/LOCATER V6.22                                                      12/15/2015  12:23:27  PAGE 17


  C:1EB8H         LINE#         444
  C:1EB8H         LINE#         445
  C:1EBAH         LINE#         447
  C:1ECCH         LINE#         448
  C:1ECCH         LINE#         449
  C:1EDDH         LINE#         450
  C:1EDDH         LINE#         451
  C:1EE0H         LINE#         452
  C:1EE0H         LINE#         453
  C:1EE3H         LINE#         454
  C:1EEAH         LINE#         455
  C:1EEAH         LINE#         456
  C:1EECH         LINE#         457
  C:1EF1H         LINE#         458
  C:1EF6H         LINE#         459
  C:1F08H         LINE#         460
  C:1F14H         LINE#         461
  C:1F19H         LINE#         462
  C:1F1EH         LINE#         463
  -------         ENDPROC       MAIN
  -------         ENDMOD        MAIN

  -------         MODULE        PRINT_BYTES
  C:0000H         SYMBOL        _ICE_DUMMY_
  D:0080H         PUBLIC        P0
  D:0090H         PUBLIC        P1
  D:00A0H         PUBLIC        P2
  D:00B0H         PUBLIC        P3
  D:00A8H         PUBLIC        IEN0
  D:00B8H         PUBLIC        IPL0
  C:3F30H         PUBLIC        _print_16bytes
  D:00D8H         PUBLIC        CCON
  C:40EDH         PUBLIC        _print_memory
  D:0098H         PUBLIC        SCON
  D:0088H         PUBLIC        TCON
  D:00C8H         PUBLIC        T2CON
  D:00D0H         PUBLIC        PSW
  -------         PROC          _PRINT_16BYTES
  D:0001H         SYMBOL        array_in
  -------         DO            
  D:0067H         SYMBOL        input
  D:006AH         SYMBOL        index
  D:006BH         SYMBOL        dat
  -------         ENDDO         
  C:3F30H         LINE#         16
  C:3F30H         LINE#         17
  C:3F30H         LINE#         20
  C:3F36H         LINE#         21
  C:3F45H         LINE#         22
  C:3F48H         LINE#         23
  C:3F48H         LINE#         24
  C:3F59H         LINE#         25
  C:3F64H         LINE#         26
  C:3F6DH         LINE#         27
  C:3F70H         LINE#         28
  C:3F70H         LINE#         29
  C:3F81H         LINE#         30
BL51 BANKED LINKER/LOCATER V6.22                                                      12/15/2015  12:23:27  PAGE 18


  C:3F90H         LINE#         31
  C:3F95H         LINE#         32
  C:3F9EH         LINE#         33
  C:3FA3H         LINE#         34
  -------         ENDPROC       _PRINT_16BYTES
  -------         PROC          _PRINT_MEMORY
  D:005FH         SYMBOL        array_in
  D:0062H         SYMBOL        number_of_bytes
  -------         DO            
  D:0064H         SYMBOL        input
  D:0006H         SYMBOL        i
  -------         ENDDO         
  C:40EDH         LINE#         44
  C:40F7H         LINE#         45
  C:40F7H         LINE#         48
  C:40FDH         LINE#         49
  C:40FFH         LINE#         50
  C:4104H         LINE#         51
  C:4115H         LINE#         52
  C:411EH         LINE#         54
  C:411EH         LINE#         55
  C:4127H         LINE#         56
  C:4132H         LINE#         57
  C:414BH         LINE#         58
  -------         ENDPROC       _PRINT_MEMORY
  -------         ENDMOD        PRINT_BYTES

  -------         MODULE        SDCARD
  C:0000H         SYMBOL        _ICE_DUMMY_
  D:0080H         PUBLIC        P0
  D:0090H         PUBLIC        P1
  D:00A0H         PUBLIC        P2
  D:00B0H         PUBLIC        P3
  C:3E38H         PUBLIC        _trans_ACMD41
  B:00A0H.5       PUBLIC        LED2
  B:00A0H.7       PUBLIC        LED4
  C:4019H         PUBLIC        _read_block
  D:00A8H         PUBLIC        IEN0
  C:43DAH         PUBLIC        _trans_CMD0
  C:3DB6H         PUBLIC        _read_sector
  D:00B8H         PUBLIC        IPL0
  C:3C11H         PUBLIC        _get_response
  C:4399H         PUBLIC        _trans_CMD8
  D:00D8H         PUBLIC        CCON
  D:0098H         PUBLIC        SCON
  D:0088H         PUBLIC        TCON
  C:420AH         PUBLIC        _get_response_no_end_ISR
  C:3A1EH         PUBLIC        _send_command_ISR
  D:008EH         PUBLIC        AUXR
  B:0090H.4       PUBLIC        ncs
  C:3371H         PUBLIC        SDcard_init
  C:0003H         PUBLIC        _trans_CMD58
  C:3AC5H         PUBLIC        _read_block_ISR
  C:3CA7H         PUBLIC        _read_sector_ISR
  D:00C8H         PUBLIC        T2CON
  C:430DH         PUBLIC        _get_response_no_end
  C:3B74H         PUBLIC        _send_command
BL51 BANKED LINKER/LOCATER V6.22                                                      12/15/2015  12:23:27  PAGE 19


  D:00D0H         PUBLIC        PSW
  -------         PROC          SDCARD_INIT
  -------         DO            
  D:0046H         SYMBOL        return_value
  D:004BH         SYMBOL        error_flag
  D:004CH         SYMBOL        index
  D:004DH         SYMBOL        dat
  -------         ENDDO         
  C:3371H         LINE#         11
  C:3371H         LINE#         12
  C:3371H         LINE#         16
  C:3374H         LINE#         18
  C:3376H         LINE#         19
  C:3379H         LINE#         20
  C:3379H         LINE#         21
  C:3384H         LINE#         22
  C:338DH         LINE#         27
  C:3398H         LINE#         30
  C:339BH         LINE#         31
  C:339BH         LINE#         32
  C:33A3H         LINE#         33
  C:33AEH         LINE#         34
  C:33B7H         LINE#         35
  C:33BCH         LINE#         36
  C:33C1H         LINE#         37
  C:33C8H         LINE#         42
  C:33CCH         LINE#         43
  C:33CCH         LINE#         44
  C:33D6H         LINE#         45
  C:33D6H         LINE#         49
  C:33D9H         LINE#         50
  C:33D9H         LINE#         51
  C:33E1H         LINE#         52
  C:33ECH         LINE#         53
  C:33F5H         LINE#         54
  C:33FAH         LINE#         55
  C:33FFH         LINE#         56
  C:3406H         LINE#         59
  C:340AH         LINE#         60
  C:340AH         LINE#         61
  C:3414H         LINE#         62
  C:341AH         LINE#         63
  C:341AH         LINE#         64
  C:341DH         LINE#         65
  C:341FH         LINE#         66
  C:341FH         LINE#         67
  C:341FH         LINE#         71
  C:3422H         LINE#         72
  C:3422H         LINE#         73
  C:342AH         LINE#         74
  C:3435H         LINE#         75
  C:343EH         LINE#         76
  C:3443H         LINE#         77
  C:3448H         LINE#         78
  C:344FH         LINE#         81
  C:3453H         LINE#         82
  C:3453H         LINE#         83
BL51 BANKED LINKER/LOCATER V6.22                                                      12/15/2015  12:23:27  PAGE 20


  C:345DH         LINE#         84
  C:345DH         LINE#         88
  C:3460H         LINE#         89
  C:3460H         LINE#         90
  C:3468H         LINE#         91
  C:3473H         LINE#         92
  C:347CH         LINE#         93
  C:3481H         LINE#         94
  C:3486H         LINE#         95
  C:348DH         LINE#         98
  C:3491H         LINE#         99
  C:3491H         LINE#         100
  C:349BH         LINE#         101
  C:34A1H         LINE#         102
  C:34A1H         LINE#         104
  C:34A1H         LINE#         105
  C:34A6H         LINE#         106
  C:34A6H         LINE#         108
  C:34A9H         LINE#         109
  C:34ABH         LINE#         111
  C:34ABH         LINE#         112
  C:34AEH         LINE#         113
  C:34AEH         LINE#         114
  C:34AEH         LINE#         117
  C:34B1H         LINE#         118
  C:34B1H         LINE#         119
  C:34B9H         LINE#         120
  C:34C4H         LINE#         121
  C:34CDH         LINE#         122
  C:34D2H         LINE#         123
  C:34D7H         LINE#         124
  C:34DEH         LINE#         126
  C:34E2H         LINE#         127
  C:34E2H         LINE#         128
  C:34E4H         LINE#         129
  C:34E4H         LINE#         130
  C:34E6H         LINE#         132
  C:34E8H         LINE#         133
  -------         ENDPROC       SDCARD_INIT
  -------         PROC          _TRANS_CMD0
  D:004EH         SYMBOL        return_value
  -------         DO            
  D:0007H         SYMBOL        error_flag
  -------         ENDDO         
  C:43DAH         LINE#         150
  C:43E0H         LINE#         151
  C:43E0H         LINE#         155
  C:43E2H         LINE#         156
  C:43EFH         LINE#         157
  C:43F2H         LINE#         158
  C:43F2H         LINE#         159
  C:43FDH         LINE#         160
  C:43FDH         LINE#         161
  C:4400H         LINE#         162
  C:4400H         LINE#         163
  C:440DH         LINE#         164
  C:440DH         LINE#         165
BL51 BANKED LINKER/LOCATER V6.22                                                      12/15/2015  12:23:27  PAGE 21


  C:440FH         LINE#         166
  C:440FH         LINE#         167
  C:440FH         LINE#         168
  C:4411H         LINE#         170
  C:4411H         LINE#         171
  -------         ENDPROC       _TRANS_CMD0
  -------         PROC          _TRANS_CMD8
  D:004EH         SYMBOL        return_value
  -------         DO            
  D:0007H         SYMBOL        error_flag
  -------         ENDDO         
  C:4399H         LINE#         177
  C:439FH         LINE#         178
  C:439FH         LINE#         181
  C:43A1H         LINE#         182
  C:43B1H         LINE#         183
  C:43B4H         LINE#         184
  C:43B4H         LINE#         185
  C:43BFH         LINE#         186
  C:43BFH         LINE#         187
  C:43CCH         LINE#         188
  C:43D0H         LINE#         189
  C:43D5H         LINE#         190
  C:43D7H         LINE#         191
  C:43D9H         LINE#         192
  C:43D9H         LINE#         193
  -------         ENDPROC       _TRANS_CMD8
  -------         PROC          _TRANS_CMD58
  D:004EH         SYMBOL        return_value
  -------         DO            
  D:0007H         SYMBOL        error_flag
  -------         ENDDO         
  C:0003H         LINE#         199
  C:0009H         LINE#         200
  C:0009H         LINE#         203
  C:000BH         LINE#         204
  C:0019H         LINE#         205
  C:001CH         LINE#         206
  C:001CH         LINE#         207
  C:0027H         LINE#         208
  C:0027H         LINE#         209
  C:0029H         LINE#         210
  C:0029H         LINE#         211
  -------         ENDPROC       _TRANS_CMD58
  -------         PROC          _TRANS_ACMD41
  D:004EH         SYMBOL        return_value
  -------         DO            
  D:0007H         SYMBOL        error_flag
  D:0051H         SYMBOL        timeout
  D:0052H         SYMBOL        ACMD41_argum
  -------         ENDDO         
  C:3E38H         LINE#         216
  C:3E3EH         LINE#         217
  C:3E3EH         LINE#         219
  C:3E48H         LINE#         224
  C:3E4AH         LINE#         227
  C:3E4CH         LINE#         229
BL51 BANKED LINKER/LOCATER V6.22                                                      12/15/2015  12:23:27  PAGE 22


  C:3E4CH         LINE#         230
  C:3E4EH         LINE#         231
  C:3E5CH         LINE#         232
  C:3E5FH         LINE#         233
  C:3E62H         LINE#         234
  C:3E72H         LINE#         235
  C:3E74H         LINE#         236
  C:3E77H         LINE#         237
  C:3E88H         LINE#         238
  C:3E8BH         LINE#         239
  C:3E8EH         LINE#         240
  C:3E9EH         LINE#         241
  C:3EA0H         LINE#         242
  C:3EA2H         LINE#         243
  C:3EACH         LINE#         244
  C:3EB0H         LINE#         245
  C:3EB0H         LINE#         246
  C:3EB2H         LINE#         247
  C:3EB2H         LINE#         248
  C:3EB4H         LINE#         250
  C:3EB4H         LINE#         251
  -------         ENDPROC       _TRANS_ACMD41
  -------         PROC          L?0177
  -------         ENDPROC       L?0177
  -------         PROC          _SEND_COMMAND
  D:0071H         SYMBOL        cmd
  D:0072H         SYMBOL        argum
  -------         DO            
  D:0076H         SYMBOL        error_flag
  D:0077H         SYMBOL        send_val
  D:0078H         SYMBOL        return_val
  D:0079H         SYMBOL        index
  -------         ENDDO         
  C:3B74H         LINE#         261
  C:3B76H         LINE#         262
  C:3B76H         LINE#         264
  C:3B80H         LINE#         265
  C:3B80H         LINE#         266
  C:3B86H         LINE#         267
  C:3B92H         LINE#         268
  C:3B95H         LINE#         269
  C:3BB0H         LINE#         270
  C:3BB0H         LINE#         271
  C:3BC1H         LINE#         272
  C:3BCCH         LINE#         273
  C:3BD2H         LINE#         274
  C:3BD4H         LINE#         275
  C:3BD8H         LINE#         276
  C:3BDDH         LINE#         277
  C:3BE2H         LINE#         278
  C:3BE7H         LINE#         280
  C:3BEAH         LINE#         281
  C:3BEEH         LINE#         282
  C:3BFAH         LINE#         283
  C:3BFEH         LINE#         284
  C:3C01H         LINE#         285
  C:3C03H         LINE#         287
BL51 BANKED LINKER/LOCATER V6.22                                                      12/15/2015  12:23:27  PAGE 23


  C:3C06H         LINE#         288
  C:3C08H         LINE#         289
  -------         ENDPROC       _SEND_COMMAND
  -------         PROC          _SEND_COMMAND_ISR
  D:003CH         SYMBOL        cmd
  D:003DH         SYMBOL        argum
  -------         DO            
  I:00E1H         SYMBOL        error_flag
  I:00E2H         SYMBOL        send_val
  I:00E3H         SYMBOL        return_val
  I:00E4H         SYMBOL        index
  -------         ENDDO         
  C:3A1EH         LINE#         295
  C:3A20H         LINE#         296
  C:3A20H         LINE#         298
  C:3A2AH         LINE#         299
  C:3A2AH         LINE#         300
  C:3A32H         LINE#         301
  C:3A3FH         LINE#         302
  C:3A43H         LINE#         303
  C:3A61H         LINE#         304
  C:3A61H         LINE#         305
  C:3A72H         LINE#         306
  C:3A7FH         LINE#         307
  C:3A85H         LINE#         308
  C:3A87H         LINE#         309
  C:3A8BH         LINE#         310
  C:3A91H         LINE#         311
  C:3A98H         LINE#         312
  C:3A9CH         LINE#         314
  C:3A9EH         LINE#         315
  C:3AA3H         LINE#         316
  C:3AB3H         LINE#         317
  C:3AB8H         LINE#         318
  C:3ABAH         LINE#         319
  C:3ABCH         LINE#         321
  C:3AC0H         LINE#         322
  C:3AC4H         LINE#         323
  -------         ENDPROC       _SEND_COMMAND_ISR
  -------         PROC          L?0178
  -------         ENDPROC       L?0178
  -------         PROC          _GET_RESPONSE
  D:0056H         SYMBOL        num_bytes
  D:0057H         SYMBOL        array_out
  -------         DO            
  D:005AH         SYMBOL        timeout
  D:005BH         SYMBOL        error_flag
  D:005CH         SYMBOL        recieve_value
  D:005DH         SYMBOL        index
  -------         ENDDO         
  C:3C11H         LINE#         327
  C:3C19H         LINE#         328
  C:3C19H         LINE#         331
  C:3C1CH         LINE#         332
  C:3C1EH         LINE#         334
  C:3C1EH         LINE#         335
  C:3C2BH         LINE#         336
BL51 BANKED LINKER/LOCATER V6.22                                                      12/15/2015  12:23:27  PAGE 24


  C:3C2DH         LINE#         337
  C:3C3AH         LINE#         338
  C:3C45H         LINE#         339
  C:3C49H         LINE#         340
  C:3C4EH         LINE#         341
  C:3C52H         LINE#         342
  C:3C54H         LINE#         343
  C:3C5EH         LINE#         344
  C:3C63H         LINE#         345
  C:3C6AH         LINE#         346
  C:3C6AH         LINE#         347
  C:3C74H         LINE#         348
  C:3C74H         LINE#         349
  C:3C7FH         LINE#         350
  C:3C90H         LINE#         351
  C:3C94H         LINE#         352
  C:3C94H         LINE#         353
  C:3C98H         LINE#         354
  C:3CA4H         LINE#         355
  C:3CA6H         LINE#         356
  -------         ENDPROC       _GET_RESPONSE
  C:4307H         SYMBOL        L?0174
  -------         PROC          L?0173
  -------         ENDPROC       L?0173
  C:4307H         SYMBOL        L?0174
  -------         PROC          _GET_RESPONSE_NO_END
  D:0071H         SYMBOL        num_bytes
  D:0073H         SYMBOL        array_out
  -------         DO            
  D:0076H         SYMBOL        timeout
  D:0077H         SYMBOL        error_flag
  D:0078H         SYMBOL        recieve_value
  D:0079H         SYMBOL        index
  -------         ENDDO         
  C:430DH         LINE#         362
  C:4317H         LINE#         363
  C:4317H         LINE#         366
  C:431AH         LINE#         367
  C:431CH         LINE#         368
  C:432BH         LINE#         369
  C:432BH         LINE#         370
  C:4336H         LINE#         371
  C:4347H         LINE#         372
  C:4351H         LINE#         373
  C:4353H         LINE#         374
  -------         ENDPROC       _GET_RESPONSE_NO_END
  C:4204H         SYMBOL        L?0176
  -------         PROC          L?0175
  -------         ENDPROC       L?0175
  C:4204H         SYMBOL        L?0176
  -------         PROC          _GET_RESPONSE_NO_END_ISR
  D:003CH         SYMBOL        num_bytes
  D:003EH         SYMBOL        array_out
  -------         DO            
  I:00E1H         SYMBOL        timeout
  I:00E2H         SYMBOL        error_flag
  I:00E3H         SYMBOL        recieve_value
BL51 BANKED LINKER/LOCATER V6.22                                                      12/15/2015  12:23:27  PAGE 25


  I:00E4H         SYMBOL        index
  -------         ENDDO         
  C:420AH         LINE#         379
  C:4214H         LINE#         380
  C:4214H         LINE#         383
  C:4218H         LINE#         384
  C:421AH         LINE#         385
  C:422BH         LINE#         386
  C:422BH         LINE#         387
  C:4236H         LINE#         388
  C:424DH         LINE#         389
  C:4257H         LINE#         390
  C:425BH         LINE#         391
  -------         ENDPROC       _GET_RESPONSE_NO_END_ISR
  -------         PROC          _READ_BLOCK
  D:0064H         SYMBOL        block_number
  D:0068H         SYMBOL        block_info
  -------         DO            
  D:0007H         SYMBOL        error_flag
  D:006BH         SYMBOL        timeout
  D:006CH         SYMBOL        return_value
  -------         ENDDO         
  C:4019H         LINE#         399
  C:4027H         LINE#         400
  C:4027H         LINE#         403
  C:4029H         LINE#         404
  C:402CH         LINE#         405
  C:402FH         LINE#         407
  C:402FH         LINE#         408
  C:4031H         LINE#         409
  C:4034H         LINE#         410
  C:4037H         LINE#         411
  C:403FH         LINE#         414
  C:4043H         LINE#         415
  C:4043H         LINE#         416
  C:4045H         LINE#         417
  C:4045H         LINE#         418
  C:4048H         LINE#         420
  C:4048H         LINE#         421
  C:404AH         LINE#         422
  C:404DH         LINE#         423
  C:4050H         LINE#         424
  C:405DH         LINE#         428
  C:4061H         LINE#         429
  C:4061H         LINE#         430
  C:4063H         LINE#         431
  C:4063H         LINE#         432
  C:4069H         LINE#         433
  C:4069H         LINE#         434
  C:406BH         LINE#         435
  C:406BH         LINE#         436
  C:406EH         LINE#         437
  C:406EH         LINE#         438
  C:407AH         LINE#         439
  C:407AH         LINE#         440
  C:407DH         LINE#         441
  C:407DH         LINE#         442
BL51 BANKED LINKER/LOCATER V6.22                                                      12/15/2015  12:23:27  PAGE 26


  C:4082H         LINE#         444
  C:4082H         LINE#         445
  C:4084H         LINE#         447
  C:4084H         LINE#         449
  -------         ENDPROC       _READ_BLOCK
  -------         PROC          _READ_BLOCK_ISR
  D:0035H         SYMBOL        block_number
  D:0039H         SYMBOL        block_info
  -------         DO            
  I:00DAH         SYMBOL        error_flag
  I:00DBH         SYMBOL        timeout
  I:00DCH         SYMBOL        return_value
  -------         ENDDO         
  C:3AC5H         LINE#         452
  C:3AD3H         LINE#         453
  C:3AD3H         LINE#         456
  C:3AD5H         LINE#         457
  C:3AD9H         LINE#         458
  C:3AEEH         LINE#         460
  C:3AEEH         LINE#         461
  C:3AF1H         LINE#         462
  C:3AF5H         LINE#         463
  C:3AFCH         LINE#         464
  C:3B05H         LINE#         467
  C:3B0AH         LINE#         468
  C:3B0AH         LINE#         469
  C:3B0DH         LINE#         470
  C:3B0DH         LINE#         471
  C:3B11H         LINE#         473
  C:3B11H         LINE#         474
  C:3B14H         LINE#         475
  C:3B18H         LINE#         476
  C:3B1FH         LINE#         477
  C:3B2FH         LINE#         481
  C:3B34H         LINE#         482
  C:3B34H         LINE#         483
  C:3B37H         LINE#         484
  C:3B37H         LINE#         485
  C:3B3CH         LINE#         486
  C:3B3CH         LINE#         487
  C:3B40H         LINE#         488
  C:3B40H         LINE#         489
  C:3B45H         LINE#         490
  C:3B45H         LINE#         491
  C:3B55H         LINE#         492
  C:3B55H         LINE#         493
  C:3B5AH         LINE#         494
  C:3B5AH         LINE#         495
  C:3B63H         LINE#         497
  C:3B63H         LINE#         498
  C:3B65H         LINE#         500
  C:3B69H         LINE#         502
  -------         ENDPROC       _READ_BLOCK_ISR
  -------         PROC          _READ_SECTOR
  D:0046H         SYMBOL        block_number
  D:004AH         SYMBOL        block_info
  -------         DO            
BL51 BANKED LINKER/LOCATER V6.22                                                      12/15/2015  12:23:27  PAGE 27


  D:0007H         SYMBOL        error_flag
  D:004DH         SYMBOL        timeout
  D:004EH         SYMBOL        return_value
  -------         ENDDO         
  C:3DB6H         LINE#         506
  C:3DC4H         LINE#         507
  C:3DC4H         LINE#         510
  C:3DC6H         LINE#         511
  C:3DC9H         LINE#         512
  C:3DCCH         LINE#         514
  C:3DCCH         LINE#         515
  C:3DCEH         LINE#         516
  C:3DD1H         LINE#         517
  C:3DDCH         LINE#         518
  C:3DE4H         LINE#         521
  C:3DE8H         LINE#         522
  C:3DE8H         LINE#         523
  C:3DEAH         LINE#         524
  C:3DEAH         LINE#         525
  C:3DEDH         LINE#         527
  C:3DEDH         LINE#         528
  C:3DEFH         LINE#         529
  C:3DF2H         LINE#         530
  C:3DFDH         LINE#         531
  C:3E0AH         LINE#         535
  C:3E0EH         LINE#         536
  C:3E0EH         LINE#         537
  C:3E10H         LINE#         538
  C:3E10H         LINE#         539
  C:3E16H         LINE#         540
  C:3E16H         LINE#         541
  C:3E18H         LINE#         542
  C:3E18H         LINE#         543
  C:3E1BH         LINE#         544
  C:3E1BH         LINE#         545
  C:3E27H         LINE#         546
  C:3E27H         LINE#         547
  C:3E2AH         LINE#         548
  C:3E2AH         LINE#         549
  C:3E35H         LINE#         551
  C:3E35H         LINE#         552
  C:3E37H         LINE#         554
  C:3E37H         LINE#         556
  -------         ENDPROC       _READ_SECTOR
  -------         PROC          _READ_SECTOR_ISR
  D:0023H         SYMBOL        block_number
  D:0027H         SYMBOL        block_info
  -------         DO            
  D:0007H         SYMBOL        error_flag
  D:002AH         SYMBOL        timeout
  D:002BH         SYMBOL        return_value
  -------         ENDDO         
  C:3CA7H         LINE#         562
  C:3CB5H         LINE#         563
  C:3CB5H         LINE#         566
  C:3CB7H         LINE#         567
  C:3CBAH         LINE#         568
BL51 BANKED LINKER/LOCATER V6.22                                                      12/15/2015  12:23:27  PAGE 28


  C:3CC7H         LINE#         570
  C:3CC7H         LINE#         571
  C:3CC9H         LINE#         572
  C:3CCCH         LINE#         573
  C:3CD7H         LINE#         574
  C:3CDFH         LINE#         577
  C:3CE3H         LINE#         578
  C:3CE3H         LINE#         579
  C:3CE5H         LINE#         580
  C:3CE5H         LINE#         581
  C:3CE8H         LINE#         583
  C:3CE8H         LINE#         584
  C:3CEAH         LINE#         585
  C:3CEDH         LINE#         586
  C:3CF8H         LINE#         587
  C:3D05H         LINE#         591
  C:3D09H         LINE#         592
  C:3D09H         LINE#         593
  C:3D0BH         LINE#         594
  C:3D0BH         LINE#         595
  C:3D11H         LINE#         596
  C:3D11H         LINE#         597
  C:3D13H         LINE#         598
  C:3D13H         LINE#         599
  C:3D16H         LINE#         600
  C:3D16H         LINE#         601
  C:3D22H         LINE#         602
  C:3D22H         LINE#         603
  C:3D25H         LINE#         604
  C:3D25H         LINE#         605
  C:3D30H         LINE#         607
  C:3D30H         LINE#         608
  C:3D32H         LINE#         610
  C:3D32H         LINE#         612
  -------         ENDPROC       _READ_SECTOR_ISR
  -------         ENDMOD        SDCARD

  -------         MODULE        SPI
  C:0000H         SYMBOL        _ICE_DUMMY_
  D:0080H         PUBLIC        P0
  D:0090H         PUBLIC        P1
  D:00A0H         PUBLIC        P2
  D:00B0H         PUBLIC        P3
  D:00C3H         PUBLIC        SPCON
  C:4448H         PUBLIC        _SPI_transfer_ISR
  D:00C4H         PUBLIC        SPSTA
  D:00A8H         PUBLIC        IEN0
  D:00B8H         PUBLIC        IPL0
  D:00D8H         PUBLIC        CCON
  D:0098H         PUBLIC        SCON
  D:0088H         PUBLIC        TCON
  C:44E5H         PUBLIC        _SPI_transfer
  D:00C8H         PUBLIC        T2CON
  C:4085H         PUBLIC        _SPI_master_init
  D:00D0H         PUBLIC        PSW
  D:00C5H         PUBLIC        SPDAT
  -------         PROC          _SPI_MASTER_INIT
BL51 BANKED LINKER/LOCATER V6.22                                                      12/15/2015  12:23:27  PAGE 29


  D:0004H         SYMBOL        SCLR_FREQ
  -------         DO            
  D:0007H         SYMBOL        divider
  D:0046H         SYMBOL        return_val
  -------         ENDDO         
  C:4085H         LINE#         6
  C:4085H         LINE#         7
  C:4085H         LINE#         9
  C:4088H         LINE#         10
  C:409AH         LINE#         11
  C:40A0H         LINE#         12
  C:40A5H         LINE#         13
  C:40ABH         LINE#         14
  C:40B0H         LINE#         15
  C:40B6H         LINE#         16
  C:40BBH         LINE#         17
  C:40C1H         LINE#         18
  C:40C6H         LINE#         19
  C:40CCH         LINE#         20
  C:40D1H         LINE#         21
  C:40D7H         LINE#         22
  C:40DCH         LINE#         23
  C:40E2H         LINE#         24
  C:40E7H         LINE#         26
  C:40EAH         LINE#         27
  C:40ECH         LINE#         28
  -------         ENDPROC       _SPI_MASTER_INIT
  -------         PROC          _SPI_TRANSFER
  D:0007H         SYMBOL        data_input
  D:0001H         SYMBOL        data_output
  -------         DO            
  D:0007H         SYMBOL        test
  D:0006H         SYMBOL        timeout
  -------         ENDDO         
  C:44E5H         LINE#         32
  C:44E5H         LINE#         33
  C:44E5H         LINE#         35
  C:44E7H         LINE#         36
  C:44E9H         LINE#         38
  C:44E9H         LINE#         39
  C:44EBH         LINE#         40
  C:44ECH         LINE#         41
  C:44F3H         LINE#         42
  C:44F6H         LINE#         43
  C:44F6H         LINE#         44
  C:44FBH         LINE#         45
  C:44FFH         LINE#         46
  C:4501H         LINE#         48
  C:4501H         LINE#         49
  C:4503H         LINE#         50
  C:4503H         LINE#         51
  C:4505H         LINE#         52
  -------         ENDPROC       _SPI_TRANSFER
  -------         PROC          _SPI_TRANSFER_ISR
  D:0007H         SYMBOL        data_input
  D:0001H         SYMBOL        data_output
  -------         DO            
BL51 BANKED LINKER/LOCATER V6.22                                                      12/15/2015  12:23:27  PAGE 30


  D:0007H         SYMBOL        test
  D:0006H         SYMBOL        timeout
  -------         ENDDO         
  C:4448H         LINE#         58
  C:4448H         LINE#         59
  C:4448H         LINE#         61
  C:444AH         LINE#         62
  C:444CH         LINE#         64
  C:444CH         LINE#         65
  C:444EH         LINE#         66
  C:444FH         LINE#         67
  C:4457H         LINE#         68
  C:445AH         LINE#         69
  C:445AH         LINE#         70
  C:445FH         LINE#         71
  C:445FH         LINE#         72
  C:4464H         LINE#         73
  C:4468H         LINE#         74
  C:446AH         LINE#         76
  C:446AH         LINE#         77
  C:446CH         LINE#         78
  C:446CH         LINE#         79
  C:446EH         LINE#         81
  C:446EH         LINE#         82
  C:4470H         LINE#         83
  C:4470H         LINE#         84
  C:4472H         LINE#         85
  -------         ENDPROC       _SPI_TRANSFER_ISR
  -------         ENDMOD        SPI

  -------         MODULE        UART
  C:0000H         SYMBOL        _ICE_DUMMY_
  D:0080H         PUBLIC        P0
  D:0090H         PUBLIC        P1
  D:00A0H         PUBLIC        P2
  D:00B0H         PUBLIC        P3
  D:00A8H         PUBLIC        IEN0
  D:00B8H         PUBLIC        IPL0
  B:00A8H.4       PUBLIC        ES
  B:0098H.1       PUBLIC        TI
  D:00D8H         PUBLIC        CCON
  D:0087H         PUBLIC        PCON
  C:4527H         PUBLIC        UART_Init
  D:0098H         PUBLIC        SCON
  D:0088H         PUBLIC        TCON
  D:009BH         PUBLIC        BDRCON
  D:009AH         PUBLIC        BRL
  D:00C8H         PUBLIC        T2CON
  D:00D0H         PUBLIC        PSW
  -------         PROC          UART_INIT
  C:4527H         LINE#         5
  C:4527H         LINE#         6
  C:4527H         LINE#         12
  C:452AH         LINE#         13
  C:452DH         LINE#         14
  C:4530H         LINE#         15
  C:4533H         LINE#         16
BL51 BANKED LINKER/LOCATER V6.22                                                      12/15/2015  12:23:27  PAGE 31


  C:4536H         LINE#         17
  C:4539H         LINE#         18
  C:453CH         LINE#         19
  C:453EH         LINE#         20
  C:4540H         LINE#         21
  C:4542H         LINE#         22
  -------         ENDPROC       UART_INIT
  -------         ENDMOD        UART

  -------         MODULE        DIRECTORY_FUNCTIONS
  C:0000H         SYMBOL        _ICE_DUMMY_
  D:0080H         PUBLIC        P0
  D:0090H         PUBLIC        P1
  D:00A0H         PUBLIC        P2
  D:00B0H         PUBLIC        P3
  I:0080H         PUBLIC        MBR_RelSec
  C:3D3BH         PUBLIC        _read32
  I:0084H         PUBLIC        BPB_BytesPerSec
  C:4264H         PUBLIC        _read16
  B:00A0H.5       PUBLIC        LED2
  D:00A8H         PUBLIC        IEN0
  I:0086H         PUBLIC        BPB_SecPerClus
  D:00B8H         PUBLIC        IPL0
  I:0087H         PUBLIC        BPB_RsvdSecCnt
  C:34E9H         PUBLIC        _first_sector
  I:0089H         PUBLIC        FATtype
  I:008AH         PUBLIC        BPB_HiddenSec
  D:00D8H         PUBLIC        CCON
  I:008EH         PUBLIC        FirstDataSec
  I:0092H         PUBLIC        BPB_RootEntCnt
  C:2E4BH         PUBLIC        _Print_Directory
  C:3898H         PUBLIC        _find_next_cluster
  C:0FFEH         PUBLIC        _mount_drive
  D:0098H         PUBLIC        SCON
  D:0088H         PUBLIC        TCON
  I:0094H         PUBLIC        BPB_NumFATs
  I:0095H         PUBLIC        StartofFAT
  I:0099H         PUBLIC        BPB_FATSz32
  B:0090H.4       PUBLIC        ncs
  I:009DH         PUBLIC        BPB_FATSz16
  C:3EB5H         PUBLIC        _read32_ISR
  I:009FH         PUBLIC        BPB_Root_Clus
  C:4515H         PUBLIC        _read8
  I:00A3H         PUBLIC        RootDirSec
  D:00C8H         PUBLIC        T2CON
  C:414CH         PUBLIC        _first_sector_ISR
  I:00A7H         PUBLIC        FirstRootDirSec
  I:00ABH         PUBLIC        BPB_TotSec32
  I:00AFH         PUBLIC        BPB_TotSec16
  C:2C17H         PUBLIC        _Read_Dir_Entry
  D:00D0H         PUBLIC        PSW
  C:395BH         PUBLIC        _find_next_cluster_ISR
  -------         PROC          L?0095
  -------         ENDPROC       L?0095
  -------         PROC          _READ32
  D:005FH         SYMBOL        offset_address
  D:0061H         SYMBOL        array_name
BL51 BANKED LINKER/LOCATER V6.22                                                      12/15/2015  12:23:27  PAGE 32


  -------         DO            
  D:0064H         SYMBOL        return_value
  D:0068H         SYMBOL        temp
  D:0069H         SYMBOL        index
  -------         ENDDO         
  C:3D3BH         LINE#         36
  C:3D45H         LINE#         37
  C:3D45H         LINE#         38
  C:3D4CH         LINE#         39
  C:3D4CH         LINE#         40
  C:3D55H         LINE#         42
  C:3D57H         LINE#         43
  C:3D57H         LINE#         44
  C:3D78H         LINE#         45
  C:3D8DH         LINE#         46
  C:3D9FH         LINE#         47
  C:3DA6H         LINE#         48
  C:3DAFH         LINE#         49
  C:3DAFH         LINE#         51
  C:3DB5H         LINE#         52
  -------         ENDPROC       _READ32
  -------         PROC          _READ32_ISR
  D:0035H         SYMBOL        offset_address
  D:0037H         SYMBOL        array_name
  -------         DO            
  D:003AH         SYMBOL        return_value
  D:003EH         SYMBOL        temp
  D:003FH         SYMBOL        index
  -------         ENDDO         
  C:3EB5H         LINE#         54
  C:3EBFH         LINE#         55
  C:3EBFH         LINE#         56
  C:3EC6H         LINE#         57
  C:3EC6H         LINE#         58
  C:3ECFH         LINE#         60
  C:3ED1H         LINE#         61
  C:3ED1H         LINE#         62
  C:3EF2H         LINE#         63
  C:3F07H         LINE#         64
  C:3F19H         LINE#         65
  C:3F20H         LINE#         66
  C:3F29H         LINE#         67
  C:3F29H         LINE#         69
  C:3F2FH         LINE#         70
  -------         ENDPROC       _READ32_ISR
  -------         PROC          L?0094
  -------         ENDPROC       L?0094
  -------         PROC          _READ16
  D:005FH         SYMBOL        offset_address
  D:0061H         SYMBOL        array_name
  -------         DO            
  D:0064H         SYMBOL        return_value
  D:0004H         SYMBOL        temp
  D:0005H         SYMBOL        index
  -------         ENDDO         
  C:4264H         LINE#         72
  C:426EH         LINE#         73
BL51 BANKED LINKER/LOCATER V6.22                                                      12/15/2015  12:23:27  PAGE 33


  C:426EH         LINE#         74
  C:4273H         LINE#         76
  C:427AH         LINE#         77
  C:427AH         LINE#         78
  C:427CH         LINE#         79
  C:427CH         LINE#         80
  C:429DH         LINE#         81
  C:42A4H         LINE#         82
  C:42A7H         LINE#         83
  C:42ABH         LINE#         84
  C:42B0H         LINE#         85
  C:42B0H         LINE#         87
  C:42B0H         LINE#         88
  C:42B4H         LINE#         89
  C:42B4H         LINE#         90
  -------         ENDPROC       _READ16
  C:450AH         SYMBOL        L?0093
  -------         PROC          L?0092
  -------         ENDPROC       L?0092
  C:450AH         SYMBOL        L?0093
  -------         PROC          _READ8
  D:0006H         SYMBOL        offset_address
  D:0001H         SYMBOL        array_name
  -------         DO            
  D:0005H         SYMBOL        return_value
  D:0007H         SYMBOL        temp
  -------         ENDDO         
  C:4515H         LINE#         92
  C:4515H         LINE#         93
  C:4515H         LINE#         94
  C:4515H         LINE#         96
  C:451BH         LINE#         97
  C:451BH         LINE#         98
  C:4522H         LINE#         99
  C:4522H         LINE#         100
  C:4522H         LINE#         101
  C:4524H         LINE#         102
  C:4524H         LINE#         104
  C:4524H         LINE#         105
  C:4526H         LINE#         106
  C:4526H         LINE#         107
  -------         ENDPROC       _READ8
  -------         PROC          _MOUNT_DRIVE
  D:0046H         SYMBOL        sector
  -------         DO            
  D:0048H         SYMBOL        error_flag
  D:0049H         SYMBOL        numofFATSectors
  D:004BH         SYMBOL        bpb_sector
  D:004FH         SYMBOL        FATSz
  D:0053H         SYMBOL        totSec
  D:0057H         SYMBOL        countofClusters
  D:005BH         SYMBOL        DataSec
  -------         ENDDO         
  C:0FFEH         LINE#         109
  C:1002H         LINE#         110
  C:1002H         LINE#         115
  C:1005H         LINE#         117
BL51 BANKED LINKER/LOCATER V6.22                                                      12/15/2015  12:23:27  PAGE 34


  C:1012H         LINE#         118
  C:101FH         LINE#         119
  C:103EH         LINE#         120
  C:103EH         LINE#         121
  C:104DH         LINE#         122
  C:105AH         LINE#         123
  C:106CH         LINE#         124
  C:1081H         LINE#         125
  C:1086H         LINE#         126
  C:108BH         LINE#         127
  C:108DH         LINE#         129
  C:108DH         LINE#         130
  C:1090H         LINE#         131
  C:1090H         LINE#         132
  C:1097H         LINE#         133
  C:1097H         LINE#         134
  C:10A8H         LINE#         135
  C:10B5H         LINE#         137
  C:10C7H         LINE#         138
  C:10D3H         LINE#         139
  C:10E4H         LINE#         140
  C:10E9H         LINE#         141
  C:10EEH         LINE#         143
  C:1100H         LINE#         144
  C:1111H         LINE#         145
  C:111DH         LINE#         146
  C:1122H         LINE#         147
  C:1127H         LINE#         149
  C:1139H         LINE#         150
  C:1145H         LINE#         151
  C:1156H         LINE#         152
  C:115BH         LINE#         153
  C:1160H         LINE#         155
  C:1172H         LINE#         156
  C:1183H         LINE#         157
  C:118FH         LINE#         158
  C:1194H         LINE#         159
  C:1199H         LINE#         161
  C:11ABH         LINE#         162
  C:11BFH         LINE#         163
  C:11D0H         LINE#         164
  C:11D5H         LINE#         165
  C:11DAH         LINE#         167
  C:11ECH         LINE#         168
  C:1200H         LINE#         169
  C:1211H         LINE#         170
  C:1216H         LINE#         171
  C:121BH         LINE#         173
  C:122DH         LINE#         174
  C:1241H         LINE#         175
  C:1252H         LINE#         176
  C:1257H         LINE#         177
  C:125CH         LINE#         179
  C:126EH         LINE#         180
  C:1278H         LINE#         181
  C:128EH         LINE#         182
  C:1293H         LINE#         183
BL51 BANKED LINKER/LOCATER V6.22                                                      12/15/2015  12:23:27  PAGE 35


  C:1298H         LINE#         185
  C:12AAH         LINE#         186
  C:12B4H         LINE#         187
  C:12CAH         LINE#         188
  C:12CFH         LINE#         189
  C:12D4H         LINE#         191
  C:12E6H         LINE#         192
  C:12F8H         LINE#         193
  C:130EH         LINE#         194
  C:1313H         LINE#         195
  C:1318H         LINE#         197
  C:132AH         LINE#         198
  C:133CH         LINE#         199
  C:1352H         LINE#         200
  C:1357H         LINE#         201
  C:135CH         LINE#         203
  C:136EH         LINE#         204
  C:139CH         LINE#         205
  C:13B2H         LINE#         206
  C:13B7H         LINE#         207
  C:13BCH         LINE#         211
  C:13C3H         LINE#         212
  C:13C3H         LINE#         213
  C:13D0H         LINE#         214
  C:13E2H         LINE#         215
  C:13F4H         LINE#         216
  C:13F4H         LINE#         217
  C:13F4H         LINE#         218
[...]


  C:1FDEH         LINE#         247
  C:1FE1H         LINE#         248
  C:1FE1H         LINE#         249
  C:1FE1H         LINE#         252
  C:1FEBH         LINE#         253
  C:1FEBH         LINE#         254
  C:1FF5H         LINE#         255
  C:1FF5H         LINE#         256
  C:1FFAH         LINE#         257
  C:1FFCH         LINE#         258
  C:200CH         LINE#         259
  C:2034H         LINE#         260
  C:2039H         LINE#         261
  C:203EH         LINE#         262
  C:2040H         LINE#         263
  C:2043H         LINE#         264
  C:204AH         LINE#         265
  C:204AH         LINE#         266
  C:204CH         LINE#         267
  C:204EH         LINE#         268
  C:2052H         LINE#         269
  C:2052H         LINE#         270
  C:2055H         LINE#         271
  C:2055H         LINE#         272
  C:2059H         LINE#         273
  C:2059H         LINE#         274
  C:205EH         LINE#         275
  C:2066H         LINE#         276
  C:2066H         LINE#         277
  C:2069H         LINE#         278
  C:2069H         LINE#         279
  C:2069H         LINE#         281
  C:206DH         LINE#         284
  C:2071H         LINE#         285
  C:2071H         LINE#         286
  C:2076H         LINE#         287
  C:2076H         LINE#         288
  C:2076H         LINE#         289
  C:2079H         LINE#         290
  C:207BH         LINE#         291
  C:207EH         LINE#         292
  C:2085H         LINE#         293
  C:2085H         LINE#         294
  C:2087H         LINE#         295
  C:2089H         LINE#         296
  C:208DH         LINE#         297
  C:208DH         LINE#         298
  C:2090H         LINE#         299
  C:2090H         LINE#         300
  C:2090H         LINE#         301
  C:2094H         LINE#         302
  C:2094H         LINE#         303
  C:2097H         LINE#         304
  C:2097H         LINE#         305
  C:209AH         LINE#         306
  C:209AH         LINE#         307
  C:209AH         LINE#         308
BL51 BANKED LINKER/LOCATER V6.22                                                      12/15/2015  12:23:27  PAGE 47


  C:20A6H         LINE#         312
  C:20ABH         LINE#         313
  C:20ADH         LINE#         314
  C:20AFH         LINE#         315
  C:20B2H         LINE#         316
  C:20B7H         LINE#         317
  C:20B9H         LINE#         318
  C:20BCH         LINE#         319
  C:20C3H         LINE#         320
  C:20C3H         LINE#         321
  C:20C5H         LINE#         322
  C:20C7H         LINE#         323
  C:20CBH         LINE#         324
  C:20CBH         LINE#         325
  C:20CEH         LINE#         326
  C:20CEH         LINE#         327
  C:20D2H         LINE#         328
  C:20D2H         LINE#         329
  C:20D9H         LINE#         330
  C:20D9H         LINE#         331
  C:20DCH         LINE#         332
  C:20DCH         LINE#         333
  C:20DCH         LINE#         334
  C:20DEH         LINE#         341
  C:20E4H         LINE#         342
  C:20E4H         LINE#         343
  C:20E7H         LINE#         344
  C:20E7H         LINE#         345
  C:20EAH         LINE#         346
  C:20F2H         LINE#         347
  C:20F4H         LINE#         348
  C:20F6H         LINE#         355
  C:2104H         LINE#         356
  C:2104H         LINE#         357
  C:2109H         LINE#         358
  C:210BH         LINE#         359
  C:2132H         LINE#         360
  C:2137H         LINE#         361
  C:213CH         LINE#         362
  C:213EH         LINE#         363
  C:2141H         LINE#         364
  C:2148H         LINE#         365
  C:2148H         LINE#         366
  C:214AH         LINE#         367
  C:214CH         LINE#         368
  C:2150H         LINE#         369
  C:2150H         LINE#         370
  C:2153H         LINE#         371
  C:2153H         LINE#         372
  C:2157H         LINE#         373
  C:2157H         LINE#         374
  C:215EH         LINE#         375
  C:215EH         LINE#         376
  C:2161H         LINE#         377
  C:2161H         LINE#         378
  C:2161H         LINE#         379
  C:2165H         LINE#         382
BL51 BANKED LINKER/LOCATER V6.22                                                      12/15/2015  12:23:27  PAGE 48


  C:2169H         LINE#         383
  C:2169H         LINE#         384
  C:216EH         LINE#         385
  C:216EH         LINE#         386
  C:216EH         LINE#         387
  C:2171H         LINE#         388
  C:2173H         LINE#         389
  C:2176H         LINE#         390
  C:217DH         LINE#         391
  C:217DH         LINE#         392
  C:217FH         LINE#         393
  C:2181H         LINE#         394
  C:2185H         LINE#         395
  C:2185H         LINE#         396
  C:2188H         LINE#         397
  C:2188H         LINE#         398
  C:2188H         LINE#         399
  C:218CH         LINE#         400
  C:218CH         LINE#         401
  C:218FH         LINE#         402
  C:218FH         LINE#         403
  C:2192H         LINE#         404
  C:2192H         LINE#         405
  C:2192H         LINE#         411
  C:21A6H         LINE#         412
  C:21A6H         LINE#         413
  C:21B8H         LINE#         414
  C:21C2H         LINE#         415
  C:21C2H         LINE#         416
  C:21C7H         LINE#         417
  C:21C9H         LINE#         419
  C:21CEH         LINE#         420
  C:21D0H         LINE#         421
  C:21D3H         LINE#         422
  C:21DAH         LINE#         423
  C:21DAH         LINE#         424
  C:21DCH         LINE#         425
  C:21DEH         LINE#         426
  C:21E2H         LINE#         427
  C:21E2H         LINE#         428
  C:21E5H         LINE#         429
  C:21E5H         LINE#         430
  C:21E9H         LINE#         431
  C:21E9H         LINE#         432
  C:21EEH         LINE#         433
  C:220EH         LINE#         434
  C:220EH         LINE#         435
  C:2212H         LINE#         438
  C:2216H         LINE#         439
  C:2216H         LINE#         440
  C:221BH         LINE#         441
  C:221DH         LINE#         442
  C:2223H         LINE#         443
  C:2223H         LINE#         444
  C:2225H         LINE#         445
  C:2227H         LINE#         447
  C:2227H         LINE#         448
BL51 BANKED LINKER/LOCATER V6.22                                                      12/15/2015  12:23:27  PAGE 49


  C:2229H         LINE#         449
  C:2229H         LINE#         450
  C:222EH         LINE#         451
  C:2230H         LINE#         452
  C:2233H         LINE#         453
  C:223AH         LINE#         454
  C:223AH         LINE#         455
  C:223CH         LINE#         456
  C:223EH         LINE#         457
  C:2242H         LINE#         458
  C:2242H         LINE#         459
  C:2245H         LINE#         460
  C:2245H         LINE#         461
  C:2245H         LINE#         462
  C:224AH         LINE#         465
  C:224FH         LINE#         466
  C:2251H         LINE#         467
  C:2253H         LINE#         468
  C:2256H         LINE#         469
  C:225BH         LINE#         470
  C:225DH         LINE#         471
  C:2260H         LINE#         472
  C:2267H         LINE#         473
  C:2267H         LINE#         474
  C:2269H         LINE#         475
  C:226BH         LINE#         476
  C:226FH         LINE#         477
  C:226FH         LINE#         478
  C:2272H         LINE#         479
  C:2272H         LINE#         480
  C:2276H         LINE#         481
  C:2276H         LINE#         482
  C:227DH         LINE#         483
  C:227DH         LINE#         484
  C:2280H         LINE#         485
  C:2280H         LINE#         486
  C:2280H         LINE#         487
  C:2282H         LINE#         490
  C:2284H         LINE#         491
  -------         ENDPROC       _I2C_READ
  C:4543H         SYMBOL        L?0145
  -------         PROC          L?0144
  -------         ENDPROC       L?0144
  C:4543H         SYMBOL        L?0145
  -------         PROC          _I2C_CLOCK_DELAY
  D:0007H         SYMBOL        control
  C:4549H         LINE#         497
  C:4549H         LINE#         498
  C:4549H         LINE#         499
  C:454CH         LINE#         500
  C:454CH         LINE#         501
  C:454FH         LINE#         502
  C:454FH         LINE#         503
  C:4551H         LINE#         504
  C:4554H         LINE#         505
  C:4554H         LINE#         506
  C:4557H         LINE#         507
BL51 BANKED LINKER/LOCATER V6.22                                                      12/15/2015  12:23:27  PAGE 50


  C:455AH         LINE#         508
  C:455CH         LINE#         509
  C:455EH         LINE#         510
  C:455EH         LINE#         513
  -------         ENDPROC       _I2C_CLOCK_DELAY
  -------         PROC          I2C_CLOCK_START
  C:455FH         LINE#         518
  C:455FH         LINE#         519
  C:455FH         LINE#         520
  C:4562H         LINE#         521
  C:4565H         LINE#         522
  C:4567H         LINE#         523
  C:456AH         LINE#         524
  C:456DH         LINE#         525
  C:456FH         LINE#         526
  C:4571H         LINE#         529
  -------         ENDPROC       I2C_CLOCK_START
  -------         ENDMOD        I2C

  -------         MODULE        STA013
  C:0000H         SYMBOL        _ICE_DUMMY_
  D:0080H         PUBLIC        P0
  D:0090H         PUBLIC        P1
  D:00A0H         PUBLIC        P2
  D:00B0H         PUBLIC        P3
  B:00A0H.7       PUBLIC        LED4
  D:00A8H         PUBLIC        IEN0
  D:00B8H         PUBLIC        IPL0
  D:00D8H         PUBLIC        CCON
  D:0098H         PUBLIC        SCON
  D:0088H         PUBLIC        TCON
  C:41A7H         PUBLIC        _test_I2C
  D:00C8H         PUBLIC        T2CON
  B:00B0H.2       PUBLIC        gpio_rst
  D:00D0H         PUBLIC        PSW
  C:25E1H         PUBLIC        config_file
  -------         PROC          CONFIG_FILE
  -------         DO            
  D:0046H         SYMBOL        config_p
  D:0049H         SYMBOL        send_array
  D:004BH         SYMBOL        get_array
  D:004CH         SYMBOL        error_flag
  D:004DH         SYMBOL        index
  -------         ENDDO         
  C:25E1H         LINE#         20
  C:25E1H         LINE#         21
  C:25E1H         LINE#         26
  C:25E3H         LINE#         29
  C:25E5H         LINE#         30
  C:25EEH         LINE#         31
  C:25F0H         LINE#         32
  C:25F9H         LINE#         33
  C:2602H         LINE#         35
  C:2602H         LINE#         36
  C:2613H         LINE#         37
  C:2628H         LINE#         38
  C:2633H         LINE#         39
BL51 BANKED LINKER/LOCATER V6.22                                                      12/15/2015  12:23:27  PAGE 51


  C:2648H         LINE#         40
  C:264DH         LINE#         41
  C:264DH         LINE#         42
  C:265CH         LINE#         44
  C:265EH         LINE#         46
  C:265EH         LINE#         47
  C:2667H         LINE#         48
  C:266BH         LINE#         49
  C:267DH         LINE#         50
  C:2692H         LINE#         51
  C:2697H         LINE#         52
  C:269CH         LINE#         53
  C:26A5H         LINE#         54
  C:26AEH         LINE#         56
  C:26AEH         LINE#         57
  C:26BFH         LINE#         58
  C:26D4H         LINE#         59
  C:26DFH         LINE#         60
  C:26F4H         LINE#         61
  C:26F9H         LINE#         62
  C:26F9H         LINE#         63
  C:2708H         LINE#         65
  C:270AH         LINE#         66
  C:270AH         LINE#         67
  C:2713H         LINE#         70
  C:2717H         LINE#         71
  C:2729H         LINE#         72
  C:273EH         LINE#         73
  C:2743H         LINE#         74
  C:2748H         LINE#         79
  C:274BH         LINE#         80
  C:274EH         LINE#         81
  C:2751H         LINE#         82
  C:275EH         LINE#         83
  C:276DH         LINE#         84
  C:277FH         LINE#         85
  C:278BH         LINE#         86
  C:279DH         LINE#         87
  C:27A9H         LINE#         88
  C:27AEH         LINE#         89
  C:27B3H         LINE#         92
  C:27B6H         LINE#         93
  C:27B9H         LINE#         94
  C:27BCH         LINE#         95
  C:27C9H         LINE#         96
  C:27D6H         LINE#         97
  C:27E8H         LINE#         98
  C:27F4H         LINE#         99
  C:2806H         LINE#         100
  C:2812H         LINE#         101
  C:2817H         LINE#         102
  C:281CH         LINE#         105
  C:281FH         LINE#         106
  C:2822H         LINE#         107
  C:282FH         LINE#         108
  C:2832H         LINE#         109
  C:2835H         LINE#         110
BL51 BANKED LINKER/LOCATER V6.22                                                      12/15/2015  12:23:27  PAGE 52


  C:2842H         LINE#         111
  C:2845H         LINE#         112
  C:2848H         LINE#         113
  C:2855H         LINE#         114
  C:2858H         LINE#         115
  C:285BH         LINE#         116
  C:2868H         LINE#         117
  C:286BH         LINE#         118
  C:286EH         LINE#         119
  C:287AH         LINE#         120
  C:287DH         LINE#         121
  C:2880H         LINE#         122
  C:288DH         LINE#         123
  C:2890H         LINE#         124
  C:2893H         LINE#         125
  C:289FH         LINE#         126
  C:28A2H         LINE#         127
  C:28A5H         LINE#         128
  C:28B1H         LINE#         129
  C:28B4H         LINE#         130
  C:28B7H         LINE#         131
  C:28C4H         LINE#         134
  C:28C7H         LINE#         135
  C:28CAH         LINE#         136
  C:28D6H         LINE#         139
  C:28D9H         LINE#         140
  C:28DCH         LINE#         141
  C:28E9H         LINE#         144
  C:28ECH         LINE#         145
  C:28EFH         LINE#         146
  C:28FCH         LINE#         149
  C:28FFH         LINE#         150
  C:2902H         LINE#         151
  C:290FH         LINE#         152
  C:2912H         LINE#         153
  C:2915H         LINE#         154
  C:2922H         LINE#         157
  C:2925H         LINE#         158
  C:2928H         LINE#         159
  C:2935H         LINE#         162
  C:2937H         LINE#         163
  -------         ENDPROC       CONFIG_FILE
  -------         PROC          _TEST_I2C
  D:0046H         SYMBOL        array_name
  -------         DO            
  D:0049H         SYMBOL        i
  D:004AH         SYMBOL        error_flag
  -------         ENDDO         
  C:41A7H         LINE#         166
  C:41ADH         LINE#         167
  C:41ADH         LINE#         170
  C:41B0H         LINE#         171
  C:41B2H         LINE#         173
  C:41B2H         LINE#         174
  C:41C1H         LINE#         175
  C:41C3H         LINE#         176
  C:41CBH         LINE#         177
BL51 BANKED LINKER/LOCATER V6.22                                                      12/15/2015  12:23:27  PAGE 53


  C:41CFH         LINE#         178
  C:41CFH         LINE#         179
  C:41E1H         LINE#         180
  C:41E6H         LINE#         181
  C:41EBH         LINE#         182
  C:41EBH         LINE#         183
  C:41FFH         LINE#         184
  C:4201H         LINE#         185
  -------         ENDPROC       _TEST_I2C
  -------         ENDMOD        STA013

  -------         MODULE        CONFIG
  C:002EH         SEGMENT       STA013_CONFIG
  C:002EH         PUBLIC        CONFIG
  C:0FCCH         PUBLIC        CONFIG2
  -------         ENDMOD        CONFIG

  -------         MODULE        ?C?CLDPTR
  C:2938H         PUBLIC        ?C?CLDPTR
  -------         ENDMOD        ?C?CLDPTR

  -------         MODULE        ?C?CLDOPTR
  C:2951H         PUBLIC        ?C?CLDOPTR
  -------         ENDMOD        ?C?CLDOPTR

  -------         MODULE        ?C?CSTPTR
  C:297EH         PUBLIC        ?C?CSTPTR
  -------         ENDMOD        ?C?CSTPTR

  -------         MODULE        ?C?CSTOPTR
  C:2990H         PUBLIC        ?C?CSTOPTR
  -------         ENDMOD        ?C?CSTOPTR

  -------         MODULE        ?C?UIDIV
  C:29B2H         PUBLIC        ?C?UIDIV
  -------         ENDMOD        ?C?UIDIV

  -------         MODULE        ?C?LMUL
  C:2A07H         PUBLIC        ?C?LMUL
  -------         ENDMOD        ?C?LMUL

  -------         MODULE        ?C?ULDIV
  C:2A92H         PUBLIC        ?C?ULDIV
  -------         ENDMOD        ?C?ULDIV

  -------         MODULE        ?C?ULCMP
  C:2B24H         PUBLIC        ?C?ULCMP
  -------         ENDMOD        ?C?ULCMP

  -------         MODULE        ?C?ULSHR
  C:2B35H         PUBLIC        ?C?ULSHR
  -------         ENDMOD        ?C?ULSHR

  -------         MODULE        ?C?LSHL
  C:2B48H         PUBLIC        ?C?LSHL
  -------         ENDMOD        ?C?LSHL

BL51 BANKED LINKER/LOCATER V6.22                                                      12/15/2015  12:23:27  PAGE 54


  -------         MODULE        ?C?LLDIDATA
  C:2B5BH         PUBLIC        ?C?LLDIDATA
  -------         ENDMOD        ?C?LLDIDATA

  -------         MODULE        ?C?LLDIDATA0
  C:2B67H         PUBLIC        ?C?LLDIDATA0
  -------         ENDMOD        ?C?LLDIDATA0

  -------         MODULE        ?C?LSTIDATA
  C:2B74H         PUBLIC        ?C?LSTIDATA
  -------         ENDMOD        ?C?LSTIDATA

  -------         MODULE        ?C?LSTKIDATA
  C:2B80H         PUBLIC        ?C?LSTKIDATA
  -------         ENDMOD        ?C?LSTKIDATA

  -------         MODULE        ?C?LCASE
  C:2B99H         PUBLIC        ?C?LCASE
  -------         ENDMOD        ?C?LCASE

  -------         MODULE        PUTCHAR
  C:449CH         PUBLIC        _PUTCHAR
  -------         ENDMOD        PUTCHAR

  -------         MODULE        PRINTF
  D:006CH         PUBLIC        ?_PRINTF517?BYTE
  D:006CH         PUBLIC        ?_PRINTF?BYTE
  D:006CH         PUBLIC        ?_SPRINTF517?BYTE
  D:006CH         PUBLIC        ?_SPRINTF?BYTE
  C:22E7H         PUBLIC        _PRINTF
  C:22E7H         PUBLIC        _PRINTF517
  C:22E1H         PUBLIC        _SPRINTF
  C:22E1H         PUBLIC        _SPRINTF517
  -------         ENDMOD        PRINTF

  -------         MODULE        GETCHAR
  B:0022H.2       PUBLIC        ?C?CHARLOADED
  D:001AH         PUBLIC        ?_UNGETCHAR?BYTE
  C:4585H         PUBLIC        GETCHAR
  -------         ENDMOD        GETCHAR

  -------         MODULE        ATOL
  C:36F4H         PUBLIC        _atol
  -------         ENDMOD        ATOL

  -------         MODULE        ?C?LNEG
  C:2BD3H         PUBLIC        ?C?LNEG
  -------         ENDMOD        ?C?LNEG

  -------         MODULE        ?C?PLDIIDATA
  C:2BE1H         PUBLIC        ?C?PLDIIDATA
  -------         ENDMOD        ?C?PLDIIDATA

  -------         MODULE        ?C?CCASE
  C:2BF1H         PUBLIC        ?C?CCASE
  -------         ENDMOD        ?C?CCASE

BL51 BANKED LINKER/LOCATER V6.22                                                      12/15/2015  12:23:27  PAGE 55


  -------         MODULE        _GETKEY
  C:45C0H         PUBLIC        _GETKEY
  -------         ENDMOD        _GETKEY

  -------         MODULE        ISDIGIT
  C:45A5H         PUBLIC        _isdigit
  -------         ENDMOD        ISDIGIT

  -------         MODULE        ISSPACE
  C:4572H         PUBLIC        _isspace
  -------         ENDMOD        ISSPACE

*** WARNING L16: UNCALLED SEGMENT, IGNORED FOR OVERLAY PROCESS
    SEGMENT: ?PR?_FIND_NEXT_CLUSTER?DIRECTORY_FUNCTIONS

*** WARNING L15: MULTIPLE CALL TO SEGMENT
    SEGMENT: ?PR?PRINTF?PRINTF
    CALLER1: ?PR?TIMER2_ISR?MAIN
    CALLER2: ?C_C51STARTUP

Program Size: data=225.3 xdata=1024 code=17873
LINK/LOCATE RUN COMPLETE.  2 WARNING(S),  0 ERROR(S)
