BL51 BANKED LINKER/LOCATER V6.22                                                        12/13/2015  15:15:00  PAGE 1


BL51 BANKED LINKER/LOCATER V6.22, INVOKED BY:
C:\KEIL_V5\C51\BIN\BL51.EXE hardware_delay.obj, lcd.obj, Long_Serial_In.obj, main.obj, print_bytes.obj, SDcard.obj, spi.
>> obj, uart.obj, Directory_Functions.obj, i2c.obj, sta013.obj, config.obj TO part2 RAMSIZE (256)


MEMORY MODEL: SMALL


INPUT MODULES INCLUDED:
  hardware_delay.obj (HARDWARE_DELAY)
  lcd.obj (LCD)
  Long_Serial_In.obj (LONG_SERIAL_IN)
  main.obj (MAIN)
  print_bytes.obj (PRINT_BYTES)
  SDcard.obj (SDCARD)
  spi.obj (SPI)
  uart.obj (UART)
  Directory_Functions.obj (DIRECTORY_FUNCTIONS)
  i2c.obj (I2C)
  sta013.obj (STA013)
  config.obj (CONFIG)
  C:\KEIL_V5\C51\LIB\C51S.LIB (?C_STARTUP)
  C:\KEIL_V5\C51\LIB\C51S.LIB (?C?CLDPTR)
  C:\KEIL_V5\C51\LIB\C51S.LIB (?C?CLDOPTR)
  C:\KEIL_V5\C51\LIB\C51S.LIB (?C?CSTPTR)
  C:\KEIL_V5\C51\LIB\C51S.LIB (?C?CSTOPTR)
  C:\KEIL_V5\C51\LIB\C51S.LIB (?C?IMUL)
  C:\KEIL_V5\C51\LIB\C51S.LIB (?C?UIDIV)
  C:\KEIL_V5\C51\LIB\C51S.LIB (?C?LMUL)
  C:\KEIL_V5\C51\LIB\C51S.LIB (?C?ULDIV)
  C:\KEIL_V5\C51\LIB\C51S.LIB (?C?ULCMP)
  C:\KEIL_V5\C51\LIB\C51S.LIB (?C?ULSHR)
  C:\KEIL_V5\C51\LIB\C51S.LIB (?C?LSHL)
  C:\KEIL_V5\C51\LIB\C51S.LIB (?C?LLDIDATA)
  C:\KEIL_V5\C51\LIB\C51S.LIB (?C?LLDIDATA0)
  C:\KEIL_V5\C51\LIB\C51S.LIB (?C?LSTIDATA)
  C:\KEIL_V5\C51\LIB\C51S.LIB (?C?LSTKIDATA)
  C:\KEIL_V5\C51\LIB\C51S.LIB (?C?LCASE)
  C:\KEIL_V5\C51\LIB\C51S.LIB (PUTCHAR)
  C:\KEIL_V5\C51\LIB\C51S.LIB (PRINTF)
  C:\KEIL_V5\C51\LIB\C51S.LIB (GETCHAR)
  C:\KEIL_V5\C51\LIB\C51S.LIB (ATOL)
  C:\KEIL_V5\C51\LIB\C51S.LIB (?C?LNEG)
  C:\KEIL_V5\C51\LIB\C51S.LIB (?C?PLDIIDATA)
  C:\KEIL_V5\C51\LIB\C51S.LIB (?C?CCASE)
  C:\KEIL_V5\C51\LIB\C51S.LIB (_GETKEY)
  C:\KEIL_V5\C51\LIB\C51S.LIB (ISDIGIT)
  C:\KEIL_V5\C51\LIB\C51S.LIB (ISSPACE)


LINK MAP OF MODULE:  part2 (HARDWARE_DELAY)


            TYPE    BASE      LENGTH    RELOCATION   SEGMENT NAME
            -----------------------------------------------------

            * * * * * * *   D A T A   M E M O R Y   * * * * * * *
            REG     0000H     0008H     ABSOLUTE     "REG BANK 0"
BL51 BANKED LINKER/LOCATER V6.22                                                      12/13/2015  15:15:00  PAGE 2


            DATA    0008H     0001H     UNIT         ?DT?GETCHAR
            IDATA   0009H     000CH     UNIT         _IDATA_GROUP_
                    0015H     000BH                  *** GAP ***
            BIT     0020H.0   0001H.1   UNIT         _BIT_GROUP_
            BIT     0021H.1   0000H.1   UNIT         ?BI?GETCHAR
                    0021H.2   0000H.6                *** GAP ***
            DATA    0022H     005DH     UNIT         _DATA_GROUP_
            IDATA   007FH     0031H     UNIT         ?ID?DIRECTORY_FUNCTIONS
            IDATA   00B0H     0029H     UNIT         ?ID?MAIN
            IDATA   00D9H     0001H     UNIT         ?STACK

            * * * * * * *  X D A T A   M E M O R Y  * * * * * * *
            XDATA   0000H     0400H     UNIT         ?XD?MAIN

            * * * * * * *   C O D E   M E M O R Y   * * * * * * *
            CODE    0000H     0003H     ABSOLUTE     
            CODE    0003H     0027H     UNIT         ?PR?PUTCHAR?PUTCHAR
                    002AH     0001H                  *** GAP ***
            CODE    002BH     0003H     ABSOLUTE     
            CODE    002EH     0FD0H     UNIT         STA013_CONFIG
            CODE    0FFEH     0725H     UNIT         ?PR?_MOUNT_DRIVE?DIRECTORY_FUNCTIONS
            CODE    1723H     03F4H     UNIT         ?PR?MAIN?MAIN
            CODE    1B17H     03D8H     UNIT         ?PR?TIMER2_ISR?MAIN
            CODE    1EEFH     0365H     UNIT         ?PR?_I2C_READ?I2C
            CODE    2254H     035CH     UNIT         ?PR?PRINTF?PRINTF
            CODE    25B0H     034EH     UNIT         ?PR?CONFIG_FILE?STA013
            CODE    28FEH     02F1H     UNIT         ?C?LIB_CODE
            CODE    2BEFH     0234H     UNIT         ?PR?_READ_DIR_ENTRY?DIRECTORY_FUNCTIONS
            CODE    2E23H     01DDH     UNIT         ?PR?_PRINT_DIRECTORY?DIRECTORY_FUNCTIONS
            CODE    3000H     01BEH     UNIT         ?PR?_I2C_WRITE?I2C
            CODE    31BEH     01B4H     UNIT         ?CO?DIRECTORY_FUNCTIONS
            CODE    3372H     0178H     UNIT         ?PR?SDCARD_INIT?SDCARD
            CODE    34EAH     012DH     UNIT         ?PR?_FIRST_SECTOR?DIRECTORY_FUNCTIONS
            CODE    3617H     00EFH     UNIT         ?PR?_OPEN_FILE?DIRECTORY_FUNCTIONS
            CODE    3706H     00DEH     UNIT         ?PR?_ATOL?ATOL
            CODE    37E4H     00C6H     UNIT         ?PR?LONG_SERIAL_INPUT?LONG_SERIAL_IN
            CODE    38AAH     00C5H     UNIT         ?CO?MAIN
            CODE    396FH     00C3H     UNIT         ?PR?_FIND_NEXT_CLUSTER?DIRECTORY_FUNCTIONS
            CODE    3A32H     00C3H     UNIT         ?PR?_FIND_NEXT_CLUSTER_ISR?DIRECTORY_FUNCTIONS
            CODE    3AF5H     00A7H     UNIT         ?PR?_SEND_COMMAND_ISR?SDCARD
            CODE    3B9CH     00A5H     UNIT         ?PR?_READ_BLOCK_ISR?SDCARD
            CODE    3C41H     009FH     UNIT         ?PR?_SEND_COMMAND?SDCARD
            CODE    3CE0H     009EH     UNIT         ?PR?_GET_RESPONSE?SDCARD
            CODE    3D7EH     008CH     UNIT         ?PR?_READ_SECTOR_ISR?SDCARD
            CODE    3E0AH     0083H     UNIT         ?PR?_READ32?DIRECTORY_FUNCTIONS
            CODE    3E8DH     0082H     UNIT         ?PR?_READ_SECTOR?SDCARD
            CODE    3F0FH     007DH     UNIT         ?PR?_TRANS_ACMD41?SDCARD
            CODE    3F8CH     007BH     UNIT         ?PR?_READ32_ISR?DIRECTORY_FUNCTIONS
            CODE    4007H     0078H     UNIT         ?PR?_PRINT_16BYTES?PRINT_BYTES
            CODE    407FH     006CH     UNIT         ?PR?_READ_BLOCK?SDCARD
            CODE    40EBH     0069H     UNIT         ?CO?STA013
            CODE    4154H     0067H     UNIT         ?PR?_SPI_MASTER_INIT?SPI
            CODE    41BBH     0061H     UNIT         ?PR?_TEST_I2C?STA013
            CODE    421CH     005FH     UNIT         ?PR?_PRINT_MEMORY?PRINT_BYTES
            CODE    427BH     005BH     UNIT         ?PR?_FIRST_SECTOR_ISR?DIRECTORY_FUNCTIONS
            CODE    42D6H     005AH     UNIT         ?PR?_GET_RESPONSE_NO_END_ISR?SDCARD
            CODE    4330H     0059H     UNIT         ?PR?_READ16?DIRECTORY_FUNCTIONS
BL51 BANKED LINKER/LOCATER V6.22                                                      12/13/2015  15:15:00  PAGE 3


            CODE    4389H     0050H     UNIT         ?PR?_LCD_PRINT?LCD
            CODE    43D9H     004FH     UNIT         ?PR?_GET_RESPONSE_NO_END?SDCARD
            CODE    4428H     0045H     UNIT         ?CO?PRINT_BYTES
            CODE    446DH     0041H     UNIT         ?PR?_TRANS_CMD8?SDCARD
            CODE    44AEH     0038H     UNIT         ?PR?_TRANS_CMD0?SDCARD
            CODE    44E6H     0036H     UNIT         ?PR?LCD_INIT?LCD
            CODE    451CH     0029H     UNIT         ?PR?_DELAY_MS?HARDWARE_DELAY
            CODE    4545H     0025H     UNIT         ?PR?_TRANS_CMD58?SDCARD
            CODE    456AH     0022H     UNIT         ?PR?LCD_WRITE?LCD
            CODE    458CH     0021H     UNIT         ?PR?_SPI_TRANSFER?SPI
            CODE    45ADH     0021H     UNIT         ?PR?_SPI_TRANSFER_ISR?SPI
            CODE    45CEH     0021H     UNIT         ?PR?_READ8?DIRECTORY_FUNCTIONS
            CODE    45EFH     001CH     UNIT         ?PR?UART_INIT?UART
            CODE    460BH     001CH     UNIT         ?PR?_I2C_CLOCK_DELAY?I2C
            CODE    4627H     0013H     UNIT         ?PR?I2C_CLOCK_START?I2C
            CODE    463AH     0013H     UNIT         ?PR?_ISSPACE?ISSPACE
            CODE    464DH     0011H     UNIT         ?PR?GETCHAR?GETCHAR
            CODE    465EH     000FH     UNIT         ?PR?LCD_CLEAR?LCD
            CODE    466DH     000FH     UNIT         ?PR?_ISDIGIT?ISDIGIT
            CODE    467CH     000CH     UNIT         ?C_C51STARTUP
            CODE    4688H     000AH     UNIT         ?PR?_GETKEY?_GETKEY
            CODE    4692H     0008H     UNIT         ?CO?SDCARD



OVERLAY MAP OF MODULE:   part2 (HARDWARE_DELAY)


SEGMENT                                             BIT_GROUP          DATA_GROUP          IDATA_GROUP
  +--> CALLED SEGMENT                            START    LENGTH     START    LENGTH     START    LENGTH
--------------------------------------------------------------------------------------------------------
?PR?TIMER2_ISR?MAIN                              -----    -----      -----    -----      -----    -----
  +--> ?PR?_SPI_TRANSFER_ISR?SPI
  +--> ?PR?_READ_SECTOR_ISR?SDCARD
  +--> ?PR?_FIND_NEXT_CLUSTER_ISR?DIRECTORY_...
  +--> ?PR?_FIRST_SECTOR_ISR?DIRECTORY_FUNCT...

?PR?_READ_SECTOR_ISR?SDCARD                      -----    -----      0022H    000DH      -----    -----
  +--> ?PR?_SEND_COMMAND_ISR?SDCARD
  +--> ?PR?_GET_RESPONSE_NO_END_ISR?SDCARD

?PR?_SEND_COMMAND_ISR?SDCARD                     -----    -----      003BH    0005H      0010H    0004H
  +--> ?PR?_SPI_TRANSFER_ISR?SPI

?PR?_GET_RESPONSE_NO_END_ISR?SDCARD              -----    -----      003BH    0005H      0010H    0005H
  +--> ?PR?_SPI_TRANSFER_ISR?SPI

?PR?_FIND_NEXT_CLUSTER_ISR?DIRECTORY_...         -----    -----      0022H    0012H      -----    -----
  +--> ?PR?_SEND_COMMAND_ISR?SDCARD
  +--> ?PR?_READ_BLOCK_ISR?SDCARD
  +--> ?PR?_READ32_ISR?DIRECTORY_FUNCTIONS

?PR?_READ_BLOCK_ISR?SDCARD                       -----    -----      0034H    0007H      0009H    0007H
  +--> ?PR?_SEND_COMMAND_ISR?SDCARD
  +--> ?PR?_GET_RESPONSE_NO_END_ISR?SDCARD

?PR?_READ32_ISR?DIRECTORY_FUNCTIONS              -----    -----      0034H    000BH      -----    -----
BL51 BANKED LINKER/LOCATER V6.22                                                      12/13/2015  15:15:00  PAGE 4



?PR?_FIRST_SECTOR_ISR?DIRECTORY_FUNCT...         -----    -----      0022H    0004H      -----    -----

*** NEW ROOT ***************************************************

?C_C51STARTUP                                    -----    -----      -----    -----      -----    -----
  +--> ?PR?MAIN?MAIN

?PR?MAIN?MAIN                                    -----    -----      0040H    0005H      -----    -----
  +--> ?PR?UART_INIT?UART
  +--> ?PR?LCD_INIT?LCD
  +--> ?PR?_SPI_MASTER_INIT?SPI
  +--> ?PR?SDCARD_INIT?SDCARD
  +--> ?CO?MAIN
  +--> ?PR?PRINTF?PRINTF
  +--> ?PR?PUTCHAR?PUTCHAR
  +--> ?PR?_MOUNT_DRIVE?DIRECTORY_FUNCTIONS
  +--> ?PR?_PRINT_DIRECTORY?DIRECTORY_FUNCTIONS
  +--> ?PR?LCD_CLEAR?LCD
  +--> ?PR?LCD_WRITE?LCD
  +--> ?PR?_LCD_PRINT?LCD
  +--> ?PR?_TEST_I2C?STA013
  +--> ?PR?CONFIG_FILE?STA013
  +--> ?PR?LONG_SERIAL_INPUT?LONG_SERIAL_IN
  +--> ?PR?_READ_DIR_ENTRY?DIRECTORY_FUNCTIONS
  +--> ?PR?_FIRST_SECTOR?DIRECTORY_FUNCTIONS
  +--> ?PR?_OPEN_FILE?DIRECTORY_FUNCTIONS
  +--> ?PR?_READ_SECTOR?SDCARD

?PR?LCD_INIT?LCD                                 -----    -----      -----    -----      -----    -----
  +--> ?PR?_DELAY_MS?HARDWARE_DELAY
  +--> ?PR?LCD_WRITE?LCD

?PR?LCD_WRITE?LCD                                0020H.0  0000H.1    004AH    0001H      -----    -----
  +--> ?PR?_DELAY_MS?HARDWARE_DELAY

?PR?_SPI_MASTER_INIT?SPI                         -----    -----      0045H    0001H      -----    -----

?PR?SDCARD_INIT?SDCARD                           -----    -----      0045H    0008H      -----    -----
  +--> ?PR?_SPI_TRANSFER?SPI
  +--> ?PR?_TRANS_CMD0?SDCARD
  +--> ?CO?SDCARD
  +--> ?PR?PRINTF?PRINTF
  +--> ?PR?PUTCHAR?PUTCHAR
  +--> ?PR?_DELAY_MS?HARDWARE_DELAY
  +--> ?PR?_TRANS_CMD8?SDCARD
  +--> ?PR?_TRANS_CMD58?SDCARD
  +--> ?PR?_TRANS_ACMD41?SDCARD

?PR?_TRANS_CMD0?SDCARD                           -----    -----      004DH    0003H      -----    -----
  +--> ?PR?_SEND_COMMAND?SDCARD
  +--> ?PR?_GET_RESPONSE?SDCARD

?PR?_SEND_COMMAND?SDCARD                         -----    -----      0075H    0009H      -----    -----
  +--> ?PR?_SPI_TRANSFER?SPI

?PR?_GET_RESPONSE?SDCARD                         -----    -----      0055H    0008H      -----    -----
BL51 BANKED LINKER/LOCATER V6.22                                                      12/13/2015  15:15:00  PAGE 5


  +--> ?PR?_SPI_TRANSFER?SPI

?PR?PRINTF?PRINTF                                0020H.0  0001H.1    006BH    0014H      -----    -----
  +--> ?PR?PUTCHAR?PUTCHAR

?PR?_TRANS_CMD8?SDCARD                           -----    -----      004DH    0003H      -----    -----
  +--> ?PR?_SEND_COMMAND?SDCARD
  +--> ?PR?_GET_RESPONSE?SDCARD

?PR?_TRANS_CMD58?SDCARD                          -----    -----      004DH    0003H      -----    -----
  +--> ?PR?_SEND_COMMAND?SDCARD
  +--> ?PR?_GET_RESPONSE?SDCARD

?PR?_TRANS_ACMD41?SDCARD                         -----    -----      004DH    0008H      -----    -----
  +--> ?PR?_SEND_COMMAND?SDCARD
  +--> ?PR?_GET_RESPONSE?SDCARD

?PR?_MOUNT_DRIVE?DIRECTORY_FUNCTIONS             -----    -----      0045H    0019H      -----    -----
  +--> ?PR?_READ_BLOCK?SDCARD
  +--> ?PR?_PRINT_MEMORY?PRINT_BYTES
  +--> ?PR?_READ8?DIRECTORY_FUNCTIONS
  +--> ?PR?_READ32?DIRECTORY_FUNCTIONS
  +--> ?CO?DIRECTORY_FUNCTIONS
  +--> ?PR?PRINTF?PRINTF
  +--> ?PR?PUTCHAR?PUTCHAR
  +--> ?PR?_READ16?DIRECTORY_FUNCTIONS

?PR?_READ_BLOCK?SDCARD                           -----    -----      0068H    000DH      -----    -----
  +--> ?PR?_SEND_COMMAND?SDCARD
  +--> ?PR?_GET_RESPONSE_NO_END?SDCARD

?PR?_GET_RESPONSE_NO_END?SDCARD                  -----    -----      0075H    000AH      -----    -----
  +--> ?PR?_SPI_TRANSFER?SPI

?PR?_PRINT_MEMORY?PRINT_BYTES                    -----    -----      005EH    0008H      -----    -----
  +--> ?CO?PRINT_BYTES
  +--> ?PR?PRINTF?PRINTF
  +--> ?PR?_PRINT_16BYTES?PRINT_BYTES

?PR?_PRINT_16BYTES?PRINT_BYTES                   -----    -----      0066H    0005H      -----    -----
  +--> ?CO?PRINT_BYTES
  +--> ?PR?PRINTF?PRINTF
  +--> ?PR?PUTCHAR?PUTCHAR

?PR?_READ32?DIRECTORY_FUNCTIONS                  -----    -----      0068H    000BH      -----    -----

?PR?_READ16?DIRECTORY_FUNCTIONS                  -----    -----      005EH    0007H      -----    -----

?PR?_PRINT_DIRECTORY?DIRECTORY_FUNCTIONS         -----    -----      0045H    001AH      -----    -----
  +--> ?PR?_READ_BLOCK?SDCARD
  +--> ?PR?_READ8?DIRECTORY_FUNCTIONS
  +--> ?CO?DIRECTORY_FUNCTIONS
  +--> ?PR?PRINTF?PRINTF
  +--> ?PR?PUTCHAR?PUTCHAR

?PR?LCD_CLEAR?LCD                                -----    -----      -----    -----      -----    -----
  +--> ?PR?LCD_WRITE?LCD
BL51 BANKED LINKER/LOCATER V6.22                                                      12/13/2015  15:15:00  PAGE 6


  +--> ?PR?_DELAY_MS?HARDWARE_DELAY

?PR?_LCD_PRINT?LCD                               -----    -----      0045H    0005H      -----    -----
  +--> ?PR?LCD_WRITE?LCD

?PR?_TEST_I2C?STA013                             -----    -----      0045H    0005H      -----    -----
  +--> ?PR?_I2C_READ?I2C
  +--> ?CO?STA013
  +--> ?PR?PRINTF?PRINTF
  +--> ?PR?PUTCHAR?PUTCHAR

?PR?_I2C_READ?I2C                                -----    -----      0050H    000BH      -----    -----
  +--> ?PR?I2C_CLOCK_START?I2C
  +--> ?PR?_I2C_CLOCK_DELAY?I2C

?PR?CONFIG_FILE?STA013                           -----    -----      0045H    000BH      -----    -----
  +--> ?PR?_I2C_WRITE?I2C
  +--> ?CO?STA013
  +--> ?PR?PRINTF?PRINTF
  +--> ?PR?PUTCHAR?PUTCHAR
  +--> ?PR?_I2C_READ?I2C

?PR?_I2C_WRITE?I2C                               -----    -----      0050H    000BH      -----    -----
  +--> ?PR?I2C_CLOCK_START?I2C
  +--> ?PR?_I2C_CLOCK_DELAY?I2C

?PR?LONG_SERIAL_INPUT?LONG_SERIAL_IN             -----    -----      0056H    0011H      -----    -----
  +--> ?PR?GETCHAR?GETCHAR
  +--> ?PR?_ATOL?ATOL
  +--> ?PR?PUTCHAR?PUTCHAR

?PR?GETCHAR?GETCHAR                              -----    -----      -----    -----      -----    -----
  +--> ?PR?_GETKEY?_GETKEY
  +--> ?PR?PUTCHAR?PUTCHAR

?PR?_ATOL?ATOL                                   0020H.0  0000H.1    0067H    0007H      -----    -----
  +--> ?PR?_ISSPACE?ISSPACE
  +--> ?PR?_ISDIGIT?ISDIGIT

?PR?_READ_DIR_ENTRY?DIRECTORY_FUNCTIONS          -----    -----      0045H    001EH      -----    -----
  +--> ?PR?_READ_BLOCK?SDCARD
  +--> ?PR?_READ8?DIRECTORY_FUNCTIONS

?PR?_FIRST_SECTOR?DIRECTORY_FUNCTIONS            -----    -----      0056H    0008H      -----    -----
  +--> ?CO?DIRECTORY_FUNCTIONS
  +--> ?PR?PRINTF?PRINTF
  +--> ?PR?PUTCHAR?PUTCHAR

?PR?_OPEN_FILE?DIRECTORY_FUNCTIONS               -----    -----      0045H    0011H      -----    -----
  +--> ?PR?_FIRST_SECTOR?DIRECTORY_FUNCTIONS
  +--> ?CO?DIRECTORY_FUNCTIONS
  +--> ?PR?PRINTF?PRINTF
  +--> ?PR?PUTCHAR?PUTCHAR
  +--> ?PR?_READ_BLOCK?SDCARD
  +--> ?PR?_FIND_NEXT_CLUSTER?DIRECTORY_FUNC...
  +--> ?PR?_PRINT_MEMORY?PRINT_BYTES
  +--> ?PR?LONG_SERIAL_INPUT?LONG_SERIAL_IN
BL51 BANKED LINKER/LOCATER V6.22                                                      12/13/2015  15:15:00  PAGE 7



?PR?_FIND_NEXT_CLUSTER?DIRECTORY_FUNC...         -----    -----      0056H    0012H      -----    -----
  +--> ?PR?_SEND_COMMAND?SDCARD
  +--> ?PR?_READ_BLOCK?SDCARD
  +--> ?PR?_READ32?DIRECTORY_FUNCTIONS

?PR?_READ_SECTOR?SDCARD                          -----    -----      0045H    000DH      -----    -----
  +--> ?PR?_SEND_COMMAND?SDCARD
  +--> ?PR?_GET_RESPONSE_NO_END?SDCARD



SYMBOL TABLE OF MODULE:  part2 (HARDWARE_DELAY)

  VALUE           TYPE          NAME
  ----------------------------------

  -------         MODULE        HARDWARE_DELAY
  C:0000H         SYMBOL        _ICE_DUMMY_
  D:0080H         PUBLIC        P0
  D:0090H         PUBLIC        P1
  D:00A0H         PUBLIC        P2
  D:00B0H         PUBLIC        P3
  D:00A8H         PUBLIC        IEN0
  D:00B8H         PUBLIC        IPL0
  D:00D8H         PUBLIC        CCON
  D:0098H         PUBLIC        SCON
  D:0089H         PUBLIC        TMOD
  D:0088H         PUBLIC        TCON
  B:00A8H.1       PUBLIC        ET0
  B:0088H.5       PUBLIC        TF0
  D:008CH         PUBLIC        TH0
  D:008AH         PUBLIC        TL0
  C:451CH         PUBLIC        _delay_ms
  B:0088H.4       PUBLIC        TR0
  D:00C8H         PUBLIC        T2CON
  D:00D0H         PUBLIC        PSW
  -------         PROC          _DELAY_MS
  D:0006H         SYMBOL        timeout_val_ms
  -------         DO            
  D:0004H         SYMBOL        num_ms
  -------         ENDDO         
  C:451CH         LINE#         9
  C:451CH         LINE#         10
  C:451CH         LINE#         12
  C:451FH         LINE#         13
  C:4522H         LINE#         14
  C:4524H         LINE#         15
  C:452EH         LINE#         16
  C:452EH         LINE#         17
  C:4531H         LINE#         18
  C:4534H         LINE#         19
  C:4536H         LINE#         20
  C:4538H         LINE#         21
  C:453BH         LINE#         22
  C:453DH         LINE#         23
  C:4544H         LINE#         24
BL51 BANKED LINKER/LOCATER V6.22                                                      12/13/2015  15:15:00  PAGE 8


  -------         ENDPROC       _DELAY_MS
  -------         ENDMOD        HARDWARE_DELAY

  -------         MODULE        LCD
  C:0000H         SYMBOL        _ICE_DUMMY_
  D:0080H         PUBLIC        P0
  D:0090H         PUBLIC        P1
  D:00A0H         PUBLIC        P2
  D:00B0H         PUBLIC        P3
  D:00A8H         PUBLIC        IEN0
  D:00B8H         PUBLIC        IPL0
  C:465EH         PUBLIC        LCD_Clear
  D:00D8H         PUBLIC        CCON
  B:00B0H.6       PUBLIC        RS
  D:0080H         PUBLIC        LCD_DATA_OUT
  D:0098H         PUBLIC        SCON
  D:0088H         PUBLIC        TCON
  C:456FH         PUBLIC        LCD_Write
  C:4389H         PUBLIC        _LCD_Print
  B:00B0H.7       PUBLIC        E
  C:44E6H         PUBLIC        LCD_Init
  D:00C8H         PUBLIC        T2CON
  D:00D0H         PUBLIC        PSW
  C:456AH         SYMBOL        L?0013
  -------         PROC          L?0012
  -------         ENDPROC       L?0012
  C:456AH         SYMBOL        L?0013
  -------         PROC          LCD_WRITE
  B:0020H.0       SYMBOL        RegSelect
  D:004AH         SYMBOL        LCD_Data
  C:456FH         LINE#         6
  C:456FH         LINE#         7
  C:456FH         LINE#         9
  C:4573H         LINE#         10
  C:4575H         LINE#         11
  C:457CH         LINE#         12
  C:457FH         LINE#         13
  C:4581H         LINE#         14
  C:4588H         LINE#         15
  C:458BH         LINE#         16
  -------         ENDPROC       LCD_WRITE
  -------         PROC          _LCD_PRINT
  D:0045H         SYMBOL        num_bytes
  D:0046H         SYMBOL        array_name
  -------         DO            
  D:0049H         SYMBOL        index
  -------         ENDDO         
  C:4389H         LINE#         18
  C:4391H         LINE#         19
  C:4391H         LINE#         21
  C:4395H         LINE#         22
  C:4395H         LINE#         23
  C:4397H         LINE#         24
  C:43A9H         LINE#         25
  C:43A9H         LINE#         26
  C:43B0H         LINE#         27
  C:43B2H         LINE#         28
BL51 BANKED LINKER/LOCATER V6.22                                                      12/13/2015  15:15:00  PAGE 9


  C:43B4H         LINE#         29
  C:43B4H         LINE#         31
  C:43B4H         LINE#         32
  C:43BEH         LINE#         33
  C:43BEH         LINE#         34
  C:43D4H         LINE#         35
  C:43D8H         LINE#         36
  C:43D8H         LINE#         38
  -------         ENDPROC       _LCD_PRINT
  -------         PROC          LCD_INIT
  C:44E6H         LINE#         40
  C:44E6H         LINE#         41
  C:44E6H         LINE#         47
  C:44EDH         LINE#         48
  C:44F0H         LINE#         49
  C:44F7H         LINE#         50
  C:44FAH         LINE#         52
  C:44FDH         LINE#         54
  C:4505H         LINE#         56
  C:450DH         LINE#         57
  C:4514H         LINE#         58
  -------         ENDPROC       LCD_INIT
  -------         PROC          LCD_CLEAR
  C:465EH         LINE#         64
  C:465EH         LINE#         65
  C:465EH         LINE#         66
  C:4666H         LINE#         67
  -------         ENDPROC       LCD_CLEAR
  -------         ENDMOD        LCD

  -------         MODULE        LONG_SERIAL_IN
  C:0000H         SYMBOL        _ICE_DUMMY_
  D:0080H         PUBLIC        P0
  D:0090H         PUBLIC        P1
  D:00A0H         PUBLIC        P2
  D:00B0H         PUBLIC        P3
  D:00A8H         PUBLIC        IEN0
  D:00B8H         PUBLIC        IPL0
  D:00D8H         PUBLIC        CCON
  C:37E4H         PUBLIC        long_serial_input
  D:0098H         PUBLIC        SCON
  D:0088H         PUBLIC        TCON
  D:00C8H         PUBLIC        T2CON
  D:00D0H         PUBLIC        PSW
  -------         PROC          LONG_SERIAL_INPUT
  -------         DO            
  D:0056H         SYMBOL        index
  D:0057H         SYMBOL        input
  D:0058H         SYMBOL        input_values
  D:0063H         SYMBOL        output_value
  -------         ENDDO         
  C:37E4H         LINE#         15
  C:37E4H         LINE#         16
  C:37E4H         LINE#         19
  C:37E7H         LINE#         20
  C:37E7H         LINE#         21
  C:37EEH         LINE#         22
BL51 BANKED LINKER/LOCATER V6.22                                                      12/13/2015  15:15:00  PAGE 10


  C:37F5H         LINE#         23
  C:37FFH         LINE#         24
  C:3802H         LINE#         26
  C:3802H         LINE#         27
  C:3807H         LINE#         28
  C:3815H         LINE#         29
  C:3815H         LINE#         30
  C:381CH         LINE#         31
  C:381EH         LINE#         32
  C:3820H         LINE#         33
  C:382BH         LINE#         34
  C:382BH         LINE#         35
  C:382DH         LINE#         36
  C:3834H         LINE#         37
  C:3834H         LINE#         38
  C:3834H         LINE#         39
  C:3836H         LINE#         40
  C:3841H         LINE#         41
  C:3841H         LINE#         42
  C:3852H         LINE#         43
  C:3857H         LINE#         44
  C:3859H         LINE#         45
  C:385BH         LINE#         47
  C:385BH         LINE#         48
  C:3860H         LINE#         49
  C:3865H         LINE#         50
  C:386AH         LINE#         51
  C:386AH         LINE#         52
  C:386FH         LINE#         53
  C:386FH         LINE#         54
  C:3880H         LINE#         55
  C:3885H         LINE#         56
  C:388AH         LINE#         57
  C:388AH         LINE#         58
  C:38A1H         LINE#         60
  C:38A9H         LINE#         61
  -------         ENDPROC       LONG_SERIAL_INPUT
  -------         ENDMOD        LONG_SERIAL_IN

  -------         MODULE        MAIN
  C:0000H         SYMBOL        _ICE_DUMMY_
  I:00B0H         PUBLIC        sector_offset
  D:0080H         PUBLIC        P0
  D:0090H         PUBLIC        P1
  B:0090H.1       PUBLIC        spi_en
  D:00A0H         PUBLIC        P2
  D:00B0H         PUBLIC        P3
  B:00A8H.7       PUBLIC        EA
  B:00A0H.4       PUBLIC        LED1
  B:00A0H.5       PUBLIC        LED2
  B:00A0H.6       PUBLIC        LED3
  B:00A0H.7       PUBLIC        LED4
  D:00A8H         PUBLIC        IEN0
  I:00B4H         PUBLIC        sector
  I:00B8H         PUBLIC        index1_g
  I:00BAH         PUBLIC        index2_g
  D:00B8H         PUBLIC        IPL0
BL51 BANKED LINKER/LOCATER V6.22                                                      12/13/2015  15:15:00  PAGE 11


  D:00D8H         PUBLIC        CCON
  C:1B17H         PUBLIC        timer2_ISR
  C:1723H         PUBLIC        main
  D:0087H         PUBLIC        PCON
  D:0098H         PUBLIC        SCON
  D:0089H         PUBLIC        TMOD
  D:0088H         PUBLIC        TCON
  B:00B0H.3       PUBLIC        trig
  I:00BCH         PUBLIC        return_entry
  I:00C0H         PUBLIC        play_status
  B:0088H.5       PUBLIC        TF0
  B:00A8H.5       PUBLIC        ET2
  B:00C8H.7       PUBLIC        TF2
  D:008CH         PUBLIC        TH0
  I:00C4H         PUBLIC        cluster_g
  D:00CDH         PUBLIC        TH2
  D:008AH         PUBLIC        TL0
  D:00CCH         PUBLIC        TL2
  X:0000H         PUBLIC        buff1
  B:0088H.4       PUBLIC        TR0
  X:0200H         PUBLIC        buff2
  I:00C8H         PUBLIC        next_entry
  B:00C8H.2       PUBLIC        TR2
  I:00CCH         PUBLIC        sector_base_g
  B:0090H.0       PUBLIC        DATA_REQ
  D:00C8H         PUBLIC        T2CON
  I:00D0H         PUBLIC        state_g
  I:00D4H         PUBLIC        temp8
  D:00D0H         PUBLIC        PSW
  I:00D5H         PUBLIC        block_number
  -------         PROC          TIMER2_ISR
  C:1B17H         LINE#         36
  C:1B34H         LINE#         38
  C:1B36H         LINE#         39
  C:1B38H         LINE#         40
  C:1B3AH         LINE#         41
  C:1B3CH         LINE#         44
  C:1B3EH         LINE#         45
  C:1B40H         LINE#         46
  C:1B43H         LINE#         47
  C:1B46H         LINE#         48
  C:1B48H         LINE#         49
  C:1B4AH         LINE#         52
  C:1B5BH         LINE#         53
  C:1B5BH         LINE#         54
  C:1B6BH         LINE#         55
  C:1B6BH         LINE#         56
  C:1B74H         LINE#         57
  C:1B74H         LINE#         58
  C:1B74H         LINE#         60
  C:1B85H         LINE#         61
  C:1B85H         LINE#         62
  C:1B95H         LINE#         63
  C:1B95H         LINE#         64
  C:1B9EH         LINE#         65
  C:1B9EH         LINE#         66
  C:1B9EH         LINE#         69
BL51 BANKED LINKER/LOCATER V6.22                                                      12/13/2015  15:15:00  PAGE 12


  C:1BDAH         LINE#         70
  C:1BDAH         LINE#         72
  C:1BDAH         LINE#         73
  C:1BDAH         LINE#         74
  C:1BDCH         LINE#         75
  C:1BDEH         LINE#         76
  C:1BE0H         LINE#         77
  C:1BE2H         LINE#         78
  C:1BE4H         LINE#         79
  C:1BEAH         LINE#         80
  C:1BEAH         LINE#         81
  C:1C04H         LINE#         82
  C:1C0CH         LINE#         83
  C:1C18H         LINE#         84
  C:1C18H         LINE#         85
  C:1C24H         LINE#         86
  C:1C24H         LINE#         87
  C:1C35H         LINE#         88
  C:1C35H         LINE#         89
  C:1C3EH         LINE#         90
  C:1C40H         LINE#         92
  C:1C40H         LINE#         93
  C:1C49H         LINE#         94
  C:1C49H         LINE#         95
  C:1C4BH         LINE#         97
  C:1C4BH         LINE#         98
  C:1C54H         LINE#         99
  C:1C54H         LINE#         100
  C:1C56H         LINE#         101
  C:1C56H         LINE#         102
  C:1C58H         LINE#         103
  C:1C6CH         LINE#         104
  C:1C6CH         LINE#         106
  C:1C7AH         LINE#         107
  C:1C7AH         LINE#         108
  C:1C81H         LINE#         109
  C:1C83H         LINE#         111
  C:1C83H         LINE#         112
  C:1C8AH         LINE#         113
  C:1C8AH         LINE#         114
  C:1C8AH         LINE#         115
  C:1C8CH         LINE#         116
  C:1C8FH         LINE#         117
  C:1C8FH         LINE#         120
  C:1C8FH         LINE#         121
  C:1C8FH         LINE#         122
  C:1C91H         LINE#         123
  C:1C93H         LINE#         124
  C:1C95H         LINE#         125
  C:1C97H         LINE#         127
  C:1CB2H         LINE#         128
  C:1CC0H         LINE#         129
  C:1CD7H         LINE#         130
  C:1CE0H         LINE#         131
  C:1CE2H         LINE#         132
  C:1CE5H         LINE#         133
  C:1CE5H         LINE#         136
BL51 BANKED LINKER/LOCATER V6.22                                                      12/13/2015  15:15:00  PAGE 13


  C:1CE5H         LINE#         137
  C:1CE5H         LINE#         138
  C:1CE7H         LINE#         139
  C:1CE9H         LINE#         140
  C:1CEBH         LINE#         141
  C:1CEDH         LINE#         143
  C:1D00H         LINE#         144
  C:1D12H         LINE#         145
  C:1D12H         LINE#         147
  C:1D1BH         LINE#         148
  C:1D1BH         LINE#         149
  C:1D1DH         LINE#         151
  C:1D1DH         LINE#         152
  C:1D2AH         LINE#         153
  C:1D33H         LINE#         154
  C:1D3CH         LINE#         155
  C:1D3CH         LINE#         156
  C:1D3FH         LINE#         157
  C:1D3FH         LINE#         159
  C:1D3FH         LINE#         160
  C:1D3FH         LINE#         161
  C:1D41H         LINE#         162
  C:1D43H         LINE#         163
  C:1D45H         LINE#         164
  C:1D47H         LINE#         166
  C:1D4DH         LINE#         167
  C:1D4DH         LINE#         168
  C:1D56H         LINE#         169
  C:1D56H         LINE#         170
  C:1D59H         LINE#         171
  C:1D59H         LINE#         174
  C:1D59H         LINE#         175
  C:1D59H         LINE#         176
  C:1D5BH         LINE#         177
  C:1D5DH         LINE#         178
  C:1D5FH         LINE#         179
  C:1D61H         LINE#         181
  C:1D63H         LINE#         182
  C:1D69H         LINE#         183
  C:1D69H         LINE#         184
  C:1D83H         LINE#         185
  C:1D8BH         LINE#         186
  C:1D97H         LINE#         187
  C:1D97H         LINE#         188
  C:1DA2H         LINE#         189
  C:1DA2H         LINE#         190
  C:1DB3H         LINE#         191
  C:1DB3H         LINE#         192
  C:1DBCH         LINE#         193
  C:1DBEH         LINE#         195
  C:1DBEH         LINE#         196
  C:1DC7H         LINE#         197
  C:1DC7H         LINE#         198
  C:1DC9H         LINE#         200
  C:1DC9H         LINE#         201
  C:1DD2H         LINE#         202
  C:1DD2H         LINE#         203
BL51 BANKED LINKER/LOCATER V6.22                                                      12/13/2015  15:15:00  PAGE 14


  C:1DD4H         LINE#         204
  C:1DD4H         LINE#         205
  C:1DD6H         LINE#         206
  C:1DEAH         LINE#         207
  C:1DEAH         LINE#         208
  C:1DF8H         LINE#         209
  C:1DF8H         LINE#         210
  C:1DFFH         LINE#         211
  C:1E01H         LINE#         213
  C:1E01H         LINE#         214
  C:1E08H         LINE#         215
  C:1E08H         LINE#         216
  C:1E08H         LINE#         217
  C:1E0AH         LINE#         218
  C:1E0DH         LINE#         219
  C:1E0DH         LINE#         222
  C:1E0DH         LINE#         223
  C:1E0DH         LINE#         224
  C:1E0FH         LINE#         225
  C:1E11H         LINE#         226
  C:1E13H         LINE#         227
  C:1E15H         LINE#         229
  C:1E30H         LINE#         230
  C:1E3EH         LINE#         231
  C:1E55H         LINE#         232
  C:1E5EH         LINE#         233
  C:1E65H         LINE#         234
  C:1E67H         LINE#         235
  C:1E67H         LINE#         238
  C:1E67H         LINE#         239
  C:1E67H         LINE#         240
  C:1E69H         LINE#         241
  C:1E6BH         LINE#         242
  C:1E6DH         LINE#         243
  C:1E6FH         LINE#         245
  C:1E82H         LINE#         246
  C:1E94H         LINE#         247
  C:1E94H         LINE#         248
  C:1E9DH         LINE#         249
  C:1E9DH         LINE#         250
  C:1E9FH         LINE#         252
  C:1E9FH         LINE#         253
  C:1EACH         LINE#         254
  C:1EB5H         LINE#         255
  C:1EBEH         LINE#         256
  C:1EBEH         LINE#         257
  C:1EC0H         LINE#         258
  C:1EC0H         LINE#         260
  C:1EC0H         LINE#         261
  C:1EC0H         LINE#         262
  C:1EC2H         LINE#         263
  C:1EC4H         LINE#         264
  C:1EC6H         LINE#         265
  C:1EC8H         LINE#         267
  C:1ECBH         LINE#         268
  C:1ECBH         LINE#         269
  C:1ED4H         LINE#         270
BL51 BANKED LINKER/LOCATER V6.22                                                      12/13/2015  15:15:00  PAGE 15


  C:1ED4H         LINE#         271
  C:1ED4H         LINE#         272
  C:1ED4H         LINE#         273
  C:1ED4H         LINE#         274
  -------         ENDPROC       TIMER2_ISR
  -------         PROC          MAIN
  -------         DO            
  D:0040H         SYMBOL        error_flag
  D:0041H         SYMBOL        array_name
  D:0043H         SYMBOL        number_of_entries
  -------         ENDDO         
  C:1723H         LINE#         283
  C:1723H         LINE#         284
  C:1723H         LINE#         290
  C:1725H         LINE#         291
  C:1727H         LINE#         292
  C:172AH         LINE#         293
  C:172DH         LINE#         294
  C:1738H         LINE#         295
  C:173DH         LINE#         296
  C:174FH         LINE#         297
  C:1754H         LINE#         298
  C:1759H         LINE#         299
  C:1762H         LINE#         300
  C:1774H         LINE#         301
  C:1777H         LINE#         302
  C:177FH         LINE#         304
  C:178AH         LINE#         305
  C:178CH         LINE#         306
  C:178FH         LINE#         307
  C:1792H         LINE#         308
  C:179DH         LINE#         309
  C:17A1H         LINE#         310
  C:17A1H         LINE#         311
  C:17A3H         LINE#         312
  C:17B5H         LINE#         313
  C:17C1H         LINE#         314
  C:17C6H         LINE#         315
  C:17CBH         LINE#         316
  C:17CBH         LINE#         318
  C:17D0H         LINE#         319
  C:17D4H         LINE#         320
  C:17D4H         LINE#         321
  C:17D6H         LINE#         322
  C:17E8H         LINE#         323
  C:17F4H         LINE#         324
  C:17F9H         LINE#         325
  C:17FEH         LINE#         326
  C:17FEH         LINE#         329
  C:1800H         LINE#         332
  C:1804H         LINE#         333
  C:1804H         LINE#         334
  C:1806H         LINE#         335
  C:1818H         LINE#         336
  C:1824H         LINE#         337
  C:1829H         LINE#         338
  C:182EH         LINE#         339
BL51 BANKED LINKER/LOCATER V6.22                                                      12/13/2015  15:15:00  PAGE 16


  C:182EH         LINE#         341
  C:1831H         LINE#         342
  C:1834H         LINE#         343
  C:1837H         LINE#         344
  C:1839H         LINE#         345
  C:183CH         LINE#         346
  C:183EH         LINE#         347
  C:1840H         LINE#         348
  C:1843H         LINE#         350
  C:1845H         LINE#         351
  C:1847H         LINE#         369
  C:1847H         LINE#         370
  C:1847H         LINE#         371
  C:1851H         LINE#         372
  C:1858H         LINE#         373
  C:1858H         LINE#         375
  C:1858H         LINE#         376
  C:186AH         LINE#         377
  C:1872H         LINE#         378
  C:1894H         LINE#         379
  C:1894H         LINE#         380
  C:18A6H         LINE#         381
  C:18A6H         LINE#         382
  C:18C8H         LINE#         383
  C:18E4H         LINE#         384
  C:18F6H         LINE#         385
  C:190CH         LINE#         386
  C:1911H         LINE#         387
  C:1916H         LINE#         388
  C:1924H         LINE#         389
  C:1933H         LINE#         390
  C:1933H         LINE#         391
  C:1945H         LINE#         392
  C:194AH         LINE#         393
  C:194FH         LINE#         394
  C:195CH         LINE#         395
  C:196EH         LINE#         396
  C:1984H         LINE#         397
  C:1989H         LINE#         398
  C:198EH         LINE#         399
  C:19A0H         LINE#         400
  C:19A0H         LINE#         401
  C:19CDH         LINE#         402
  C:19CDH         LINE#         403
  C:19DFH         LINE#         404
  C:19EDH         LINE#         405
  C:19FAH         LINE#         406
  C:1A15H         LINE#         407
  C:1A23H         LINE#         408
  C:1A3AH         LINE#         409
  C:1A55H         LINE#         410
  C:1A63H         LINE#         411
  C:1A7AH         LINE#         412
  C:1A83H         LINE#         416
  C:1A8CH         LINE#         417
  C:1A8EH         LINE#         418
  C:1A90H         LINE#         419
BL51 BANKED LINKER/LOCATER V6.22                                                      12/13/2015  15:15:00  PAGE 17


  C:1A96H         LINE#         420
  C:1A9AH         LINE#         421
  C:1AAAH         LINE#         422
  C:1AAAH         LINE#         424
  C:1AADH         LINE#         426
  C:1AAFH         LINE#         427
  C:1AB1H         LINE#         429
  C:1AC3H         LINE#         430
  C:1AC3H         LINE#         431
  C:1AD4H         LINE#         432
  C:1AD4H         LINE#         433
  C:1AD7H         LINE#         434
  C:1AD7H         LINE#         435
  C:1ADAH         LINE#         436
  C:1AE1H         LINE#         437
  C:1AE1H         LINE#         438
  C:1AE3H         LINE#         439
  C:1AE8H         LINE#         440
  C:1AEDH         LINE#         441
  C:1AFFH         LINE#         442
  C:1B0BH         LINE#         443
  C:1B10H         LINE#         444
  C:1B15H         LINE#         445
  -------         ENDPROC       MAIN
  -------         ENDMOD        MAIN

  -------         MODULE        PRINT_BYTES
  C:0000H         SYMBOL        _ICE_DUMMY_
  D:0080H         PUBLIC        P0
  D:0090H         PUBLIC        P1
  D:00A0H         PUBLIC        P2
  D:00B0H         PUBLIC        P3
  D:00A8H         PUBLIC        IEN0
  D:00B8H         PUBLIC        IPL0
  C:4007H         PUBLIC        _print_16bytes
  D:00D8H         PUBLIC        CCON
  C:421CH         PUBLIC        _print_memory
  D:0098H         PUBLIC        SCON
  D:0088H         PUBLIC        TCON
  D:00C8H         PUBLIC        T2CON
  D:00D0H         PUBLIC        PSW
  -------         PROC          _PRINT_16BYTES
  D:0001H         SYMBOL        array_in
  -------         DO            
  D:0066H         SYMBOL        input
  D:0069H         SYMBOL        index
  D:006AH         SYMBOL        dat
  -------         ENDDO         
  C:4007H         LINE#         16
  C:4007H         LINE#         17
  C:4007H         LINE#         20
  C:400DH         LINE#         21
  C:401CH         LINE#         22
  C:401FH         LINE#         23
  C:401FH         LINE#         24
  C:4030H         LINE#         25
  C:403BH         LINE#         26
BL51 BANKED LINKER/LOCATER V6.22                                                      12/13/2015  15:15:00  PAGE 18


  C:4044H         LINE#         27
  C:4047H         LINE#         28
  C:4047H         LINE#         29
  C:4058H         LINE#         30
  C:4067H         LINE#         31
  C:406CH         LINE#         32
  C:4075H         LINE#         33
  C:407AH         LINE#         34
  -------         ENDPROC       _PRINT_16BYTES
  -------         PROC          _PRINT_MEMORY
  D:005EH         SYMBOL        array_in
  D:0061H         SYMBOL        number_of_bytes
  -------         DO            
  D:0063H         SYMBOL        input
  D:0006H         SYMBOL        i
  -------         ENDDO         
  C:421CH         LINE#         44
  C:4226H         LINE#         45
  C:4226H         LINE#         48
  C:422CH         LINE#         49
  C:422EH         LINE#         50
  C:4233H         LINE#         51
  C:4244H         LINE#         52
  C:424DH         LINE#         54
  C:424DH         LINE#         55
  C:4256H         LINE#         56
  C:4261H         LINE#         57
  C:427AH         LINE#         58
  -------         ENDPROC       _PRINT_MEMORY
  -------         ENDMOD        PRINT_BYTES

  -------         MODULE        SDCARD
  C:0000H         SYMBOL        _ICE_DUMMY_
  D:0080H         PUBLIC        P0
  D:0090H         PUBLIC        P1
  D:00A0H         PUBLIC        P2
  D:00B0H         PUBLIC        P3
  C:3F0FH         PUBLIC        _trans_ACMD41
  B:00A0H.5       PUBLIC        LED2
  B:00A0H.7       PUBLIC        LED4
  C:407FH         PUBLIC        _read_block
  D:00A8H         PUBLIC        IEN0
  C:44AEH         PUBLIC        _trans_CMD0
  C:3E8DH         PUBLIC        _read_sector
  D:00B8H         PUBLIC        IPL0
  C:3CE8H         PUBLIC        _get_response
  C:446DH         PUBLIC        _trans_CMD8
  D:00D8H         PUBLIC        CCON
  D:0098H         PUBLIC        SCON
  D:0088H         PUBLIC        TCON
  C:42DEH         PUBLIC        _get_response_no_end_ISR
  C:3AF5H         PUBLIC        _send_command_ISR
  D:008EH         PUBLIC        AUXR
  B:0090H.4       PUBLIC        ncs
  C:3372H         PUBLIC        SDcard_init
  C:4545H         PUBLIC        _trans_CMD58
  C:3B9CH         PUBLIC        _read_block_ISR
BL51 BANKED LINKER/LOCATER V6.22                                                      12/13/2015  15:15:00  PAGE 19


  C:3D7EH         PUBLIC        _read_sector_ISR
  D:00C8H         PUBLIC        T2CON
  C:43E1H         PUBLIC        _get_response_no_end
  C:3C4BH         PUBLIC        _send_command
  D:00D0H         PUBLIC        PSW
  -------         PROC          SDCARD_INIT
  -------         DO            
  D:0045H         SYMBOL        return_value
  D:004AH         SYMBOL        error_flag
  D:004BH         SYMBOL        index
  D:004CH         SYMBOL        dat
  -------         ENDDO         
  C:3372H         LINE#         11
  C:3372H         LINE#         12
  C:3372H         LINE#         16
  C:3375H         LINE#         18
  C:3377H         LINE#         19
  C:337AH         LINE#         20
  C:337AH         LINE#         21
  C:3385H         LINE#         22
  C:338EH         LINE#         27
  C:3399H         LINE#         30
  C:339CH         LINE#         31
  C:339CH         LINE#         32
  C:33A4H         LINE#         33
  C:33AFH         LINE#         34
  C:33B8H         LINE#         35
  C:33BDH         LINE#         36
  C:33C2H         LINE#         37
  C:33C9H         LINE#         42
  C:33CDH         LINE#         43
  C:33CDH         LINE#         44
  C:33D7H         LINE#         45
  C:33D7H         LINE#         49
  C:33DAH         LINE#         50
  C:33DAH         LINE#         51
  C:33E2H         LINE#         52
  C:33EDH         LINE#         53
  C:33F6H         LINE#         54
  C:33FBH         LINE#         55
  C:3400H         LINE#         56
  C:3407H         LINE#         59
  C:340BH         LINE#         60
  C:340BH         LINE#         61
  C:3415H         LINE#         62
  C:341BH         LINE#         63
  C:341BH         LINE#         64
  C:341EH         LINE#         65
  C:3420H         LINE#         66
  C:3420H         LINE#         67
  C:3420H         LINE#         71
  C:3423H         LINE#         72
  C:3423H         LINE#         73
  C:342BH         LINE#         74
  C:3436H         LINE#         75
  C:343FH         LINE#         76
  C:3444H         LINE#         77
BL51 BANKED LINKER/LOCATER V6.22                                                      12/13/2015  15:15:00  PAGE 20


  C:3449H         LINE#         78
  C:3450H         LINE#         81
  C:3454H         LINE#         82
  C:3454H         LINE#         83
  C:345EH         LINE#         84
  C:345EH         LINE#         88
  C:3461H         LINE#         89
  C:3461H         LINE#         90
  C:3469H         LINE#         91
  C:3474H         LINE#         92
  C:347DH         LINE#         93
  C:3482H         LINE#         94
  C:3487H         LINE#         95
  C:348EH         LINE#         98
  C:3492H         LINE#         99
  C:3492H         LINE#         100
  C:349CH         LINE#         101
  C:34A2H         LINE#         102
  C:34A2H         LINE#         104
  C:34A2H         LINE#         105
  C:34A7H         LINE#         106
  C:34A7H         LINE#         108
  C:34AAH         LINE#         109
  C:34ACH         LINE#         111
  C:34ACH         LINE#         112
  C:34AFH         LINE#         113
  C:34AFH         LINE#         114
  C:34AFH         LINE#         117
  C:34B2H         LINE#         118
  C:34B2H         LINE#         119
  C:34BAH         LINE#         120
  C:34C5H         LINE#         121
  C:34CEH         LINE#         122
  C:34D3H         LINE#         123
  C:34D8H         LINE#         124
  C:34DFH         LINE#         126
  C:34E3H         LINE#         127
  C:34E3H         LINE#         128
  C:34E5H         LINE#         129
  C:34E5H         LINE#         130
  C:34E7H         LINE#         132
  C:34E9H         LINE#         133
  -------         ENDPROC       SDCARD_INIT
  -------         PROC          _TRANS_CMD0
  D:004DH         SYMBOL        return_value
  -------         DO            
  D:0007H         SYMBOL        error_flag
  -------         ENDDO         
  C:44AEH         LINE#         150
  C:44B4H         LINE#         151
  C:44B4H         LINE#         155
  C:44B6H         LINE#         156
  C:44C3H         LINE#         157
  C:44C6H         LINE#         158
  C:44C6H         LINE#         159
  C:44D1H         LINE#         160
  C:44D1H         LINE#         161
BL51 BANKED LINKER/LOCATER V6.22                                                      12/13/2015  15:15:00  PAGE 21


  C:44D4H         LINE#         162
  C:44D4H         LINE#         163
  C:44E1H         LINE#         164
  C:44E1H         LINE#         165
  C:44E3H         LINE#         166
  C:44E3H         LINE#         167
  C:44E3H         LINE#         168
  C:44E5H         LINE#         170
  C:44E5H         LINE#         171
  -------         ENDPROC       _TRANS_CMD0
  -------         PROC          _TRANS_CMD8
  D:004DH         SYMBOL        return_value
  -------         DO            
  D:0007H         SYMBOL        error_flag
  -------         ENDDO         
  C:446DH         LINE#         177
  C:4473H         LINE#         178
  C:4473H         LINE#         181
  C:4475H         LINE#         182
  C:4485H         LINE#         183
  C:4488H         LINE#         184
  C:4488H         LINE#         185
  C:4493H         LINE#         186
  C:4493H         LINE#         187
  C:44A0H         LINE#         188
  C:44A4H         LINE#         189
  C:44A9H         LINE#         190
  C:44ABH         LINE#         191
  C:44ADH         LINE#         192
  C:44ADH         LINE#         193
  -------         ENDPROC       _TRANS_CMD8
  -------         PROC          _TRANS_CMD58
  D:004DH         SYMBOL        return_value
  -------         DO            
  D:0007H         SYMBOL        error_flag
  -------         ENDDO         
  C:4545H         LINE#         199
  C:454BH         LINE#         200
  C:454BH         LINE#         203
  C:454DH         LINE#         204
  C:455BH         LINE#         205
  C:455EH         LINE#         206
  C:455EH         LINE#         207
  C:4569H         LINE#         208
  C:4569H         LINE#         209
  C:4569H         LINE#         210
  -------         ENDPROC       _TRANS_CMD58
  -------         PROC          _TRANS_ACMD41
  D:004DH         SYMBOL        return_value
  -------         DO            
  D:0007H         SYMBOL        error_flag
  D:0050H         SYMBOL        timeout
  D:0051H         SYMBOL        ACMD41_argum
  -------         ENDDO         
  C:3F0FH         LINE#         215
  C:3F15H         LINE#         216
  C:3F15H         LINE#         218
BL51 BANKED LINKER/LOCATER V6.22                                                      12/13/2015  15:15:00  PAGE 22


  C:3F1FH         LINE#         223
  C:3F21H         LINE#         226
  C:3F23H         LINE#         228
  C:3F23H         LINE#         229
  C:3F25H         LINE#         230
  C:3F33H         LINE#         231
  C:3F36H         LINE#         232
  C:3F39H         LINE#         233
  C:3F49H         LINE#         234
  C:3F4BH         LINE#         235
  C:3F4EH         LINE#         236
  C:3F5FH         LINE#         237
  C:3F62H         LINE#         238
  C:3F65H         LINE#         239
  C:3F75H         LINE#         240
  C:3F77H         LINE#         241
  C:3F79H         LINE#         242
  C:3F83H         LINE#         243
  C:3F87H         LINE#         244
  C:3F87H         LINE#         245
  C:3F89H         LINE#         246
  C:3F89H         LINE#         247
  C:3F8BH         LINE#         249
  C:3F8BH         LINE#         250
  -------         ENDPROC       _TRANS_ACMD41
  -------         PROC          L?0177
  -------         ENDPROC       L?0177
  -------         PROC          _SEND_COMMAND
  D:0075H         SYMBOL        cmd
  D:0076H         SYMBOL        argum
  -------         DO            
  D:007AH         SYMBOL        error_flag
  D:007BH         SYMBOL        send_val
  D:007CH         SYMBOL        return_val
  D:007DH         SYMBOL        index
  -------         ENDDO         
  C:3C4BH         LINE#         260
  C:3C4DH         LINE#         261
  C:3C4DH         LINE#         263
  C:3C57H         LINE#         264
  C:3C57H         LINE#         265
  C:3C5DH         LINE#         266
  C:3C69H         LINE#         267
  C:3C6CH         LINE#         268
  C:3C87H         LINE#         269
  C:3C87H         LINE#         270
  C:3C98H         LINE#         271
  C:3CA3H         LINE#         272
  C:3CA9H         LINE#         273
  C:3CABH         LINE#         274
  C:3CAFH         LINE#         275
  C:3CB4H         LINE#         276
  C:3CB9H         LINE#         277
  C:3CBEH         LINE#         279
  C:3CC1H         LINE#         280
  C:3CC5H         LINE#         281
  C:3CD1H         LINE#         282
BL51 BANKED LINKER/LOCATER V6.22                                                      12/13/2015  15:15:00  PAGE 23


  C:3CD5H         LINE#         283
  C:3CD8H         LINE#         284
  C:3CDAH         LINE#         286
  C:3CDDH         LINE#         287
  C:3CDFH         LINE#         288
  -------         ENDPROC       _SEND_COMMAND
  -------         PROC          _SEND_COMMAND_ISR
  D:003BH         SYMBOL        cmd
  D:003CH         SYMBOL        argum
  -------         DO            
  I:0010H         SYMBOL        error_flag
  I:0011H         SYMBOL        send_val
  I:0012H         SYMBOL        return_val
  I:0013H         SYMBOL        index
  -------         ENDDO         
  C:3AF5H         LINE#         294
  C:3AF7H         LINE#         295
  C:3AF7H         LINE#         297
  C:3B01H         LINE#         298
  C:3B01H         LINE#         299
  C:3B09H         LINE#         300
  C:3B16H         LINE#         301
  C:3B1AH         LINE#         302
  C:3B38H         LINE#         303
  C:3B38H         LINE#         304
  C:3B49H         LINE#         305
  C:3B56H         LINE#         306
  C:3B5CH         LINE#         307
  C:3B5EH         LINE#         308
  C:3B62H         LINE#         309
  C:3B68H         LINE#         310
  C:3B6FH         LINE#         311
  C:3B73H         LINE#         313
  C:3B75H         LINE#         314
  C:3B7AH         LINE#         315
  C:3B8AH         LINE#         316
  C:3B8FH         LINE#         317
  C:3B91H         LINE#         318
  C:3B93H         LINE#         320
  C:3B97H         LINE#         321
  C:3B9BH         LINE#         322
  -------         ENDPROC       _SEND_COMMAND_ISR
  -------         PROC          L?0178
  -------         ENDPROC       L?0178
  -------         PROC          _GET_RESPONSE
  D:0055H         SYMBOL        num_bytes
  D:0056H         SYMBOL        array_out
  -------         DO            
  D:0059H         SYMBOL        timeout
  D:005AH         SYMBOL        error_flag
  D:005BH         SYMBOL        recieve_value
  D:005CH         SYMBOL        index
  -------         ENDDO         
  C:3CE8H         LINE#         326
  C:3CF0H         LINE#         327
  C:3CF0H         LINE#         330
  C:3CF3H         LINE#         331
BL51 BANKED LINKER/LOCATER V6.22                                                      12/13/2015  15:15:00  PAGE 24


  C:3CF5H         LINE#         333
  C:3CF5H         LINE#         334
  C:3D02H         LINE#         335
  C:3D04H         LINE#         336
  C:3D11H         LINE#         337
  C:3D1CH         LINE#         338
  C:3D20H         LINE#         339
  C:3D25H         LINE#         340
  C:3D29H         LINE#         341
  C:3D2BH         LINE#         342
  C:3D35H         LINE#         343
  C:3D3AH         LINE#         344
  C:3D41H         LINE#         345
  C:3D41H         LINE#         346
  C:3D4BH         LINE#         347
  C:3D4BH         LINE#         348
  C:3D56H         LINE#         349
  C:3D67H         LINE#         350
  C:3D6BH         LINE#         351
  C:3D6BH         LINE#         352
  C:3D6FH         LINE#         353
  C:3D7BH         LINE#         354
  C:3D7DH         LINE#         355
  -------         ENDPROC       _GET_RESPONSE
  C:43DBH         SYMBOL        L?0174
  -------         PROC          L?0173
  -------         ENDPROC       L?0173
  C:43DBH         SYMBOL        L?0174
  -------         PROC          _GET_RESPONSE_NO_END
  D:0075H         SYMBOL        num_bytes
  D:0077H         SYMBOL        array_out
  -------         DO            
  D:007AH         SYMBOL        timeout
  D:007BH         SYMBOL        error_flag
  D:007CH         SYMBOL        recieve_value
  D:007DH         SYMBOL        index
  -------         ENDDO         
  C:43E1H         LINE#         361
  C:43EBH         LINE#         362
  C:43EBH         LINE#         365
  C:43EEH         LINE#         366
  C:43F0H         LINE#         367
  C:43FFH         LINE#         368
  C:43FFH         LINE#         369
  C:440AH         LINE#         370
  C:441BH         LINE#         371
  C:4425H         LINE#         372
  C:4427H         LINE#         373
  -------         ENDPROC       _GET_RESPONSE_NO_END
  C:42D8H         SYMBOL        L?0176
  -------         PROC          L?0175
  -------         ENDPROC       L?0175
  C:42D8H         SYMBOL        L?0176
  -------         PROC          _GET_RESPONSE_NO_END_ISR
  D:003BH         SYMBOL        num_bytes
  D:003DH         SYMBOL        array_out
  -------         DO            
BL51 BANKED LINKER/LOCATER V6.22                                                      12/13/2015  15:15:00  PAGE 25


  I:0010H         SYMBOL        timeout
  I:0011H         SYMBOL        error_flag
  I:0012H         SYMBOL        recieve_value
  I:0013H         SYMBOL        index
  -------         ENDDO         
  C:42DEH         LINE#         378
  C:42E8H         LINE#         379
  C:42E8H         LINE#         382
  C:42ECH         LINE#         383
  C:42EEH         LINE#         384
  C:42FFH         LINE#         385
  C:42FFH         LINE#         386
  C:430AH         LINE#         387
  C:4321H         LINE#         388
  C:432BH         LINE#         389
  C:432FH         LINE#         390
  -------         ENDPROC       _GET_RESPONSE_NO_END_ISR
  -------         PROC          _READ_BLOCK
  D:0068H         SYMBOL        block_number
  D:006CH         SYMBOL        block_info
  -------         DO            
  D:0007H         SYMBOL        error_flag
  D:006FH         SYMBOL        timeout
  D:0070H         SYMBOL        return_value
  -------         ENDDO         
  C:407FH         LINE#         398
  C:408DH         LINE#         399
  C:408DH         LINE#         402
  C:408FH         LINE#         403
  C:4092H         LINE#         404
  C:4095H         LINE#         406
  C:4095H         LINE#         407
  C:4097H         LINE#         408
  C:409AH         LINE#         409
  C:409DH         LINE#         410
  C:40A5H         LINE#         413
  C:40A9H         LINE#         414
  C:40A9H         LINE#         415
  C:40ABH         LINE#         416
  C:40ABH         LINE#         417
  C:40AEH         LINE#         419
  C:40AEH         LINE#         420
  C:40B0H         LINE#         421
  C:40B3H         LINE#         422
  C:40B6H         LINE#         423
  C:40C3H         LINE#         427
  C:40C7H         LINE#         428
  C:40C7H         LINE#         429
  C:40C9H         LINE#         430
  C:40C9H         LINE#         431
  C:40CFH         LINE#         432
  C:40CFH         LINE#         433
  C:40D1H         LINE#         434
  C:40D1H         LINE#         435
  C:40D4H         LINE#         436
  C:40D4H         LINE#         437
  C:40E0H         LINE#         438
BL51 BANKED LINKER/LOCATER V6.22                                                      12/13/2015  15:15:00  PAGE 26


  C:40E0H         LINE#         439
  C:40E3H         LINE#         440
  C:40E3H         LINE#         441
  C:40E8H         LINE#         443
  C:40E8H         LINE#         444
  C:40EAH         LINE#         446
  C:40EAH         LINE#         448
  -------         ENDPROC       _READ_BLOCK
  -------         PROC          _READ_BLOCK_ISR
  D:0034H         SYMBOL        block_number
  D:0038H         SYMBOL        block_info
  -------         DO            
  I:0009H         SYMBOL        error_flag
  I:000AH         SYMBOL        timeout
  I:000BH         SYMBOL        return_value
  -------         ENDDO         
  C:3B9CH         LINE#         451
  C:3BAAH         LINE#         452
  C:3BAAH         LINE#         455
  C:3BACH         LINE#         456
  C:3BB0H         LINE#         457
  C:3BC5H         LINE#         459
  C:3BC5H         LINE#         460
  C:3BC8H         LINE#         461
  C:3BCCH         LINE#         462
  C:3BD3H         LINE#         463
  C:3BDCH         LINE#         466
  C:3BE1H         LINE#         467
  C:3BE1H         LINE#         468
  C:3BE4H         LINE#         469
  C:3BE4H         LINE#         470
  C:3BE8H         LINE#         472
  C:3BE8H         LINE#         473
  C:3BEBH         LINE#         474
  C:3BEFH         LINE#         475
  C:3BF6H         LINE#         476
  C:3C06H         LINE#         480
  C:3C0BH         LINE#         481
  C:3C0BH         LINE#         482
  C:3C0EH         LINE#         483
  C:3C0EH         LINE#         484
  C:3C13H         LINE#         485
  C:3C13H         LINE#         486
  C:3C17H         LINE#         487
  C:3C17H         LINE#         488
  C:3C1CH         LINE#         489
  C:3C1CH         LINE#         490
  C:3C2CH         LINE#         491
  C:3C2CH         LINE#         492
  C:3C31H         LINE#         493
  C:3C31H         LINE#         494
  C:3C3AH         LINE#         496
  C:3C3AH         LINE#         497
  C:3C3CH         LINE#         499
  C:3C40H         LINE#         501
  -------         ENDPROC       _READ_BLOCK_ISR
  -------         PROC          _READ_SECTOR
BL51 BANKED LINKER/LOCATER V6.22                                                      12/13/2015  15:15:00  PAGE 27


  D:0045H         SYMBOL        block_number
  D:0049H         SYMBOL        block_info
  -------         DO            
  D:0007H         SYMBOL        error_flag
  D:004CH         SYMBOL        timeout
  D:004DH         SYMBOL        return_value
  -------         ENDDO         
  C:3E8DH         LINE#         505
  C:3E9BH         LINE#         506
  C:3E9BH         LINE#         509
  C:3E9DH         LINE#         510
  C:3EA0H         LINE#         511
  C:3EA3H         LINE#         513
  C:3EA3H         LINE#         514
  C:3EA5H         LINE#         515
  C:3EA8H         LINE#         516
  C:3EB3H         LINE#         517
  C:3EBBH         LINE#         520
  C:3EBFH         LINE#         521
  C:3EBFH         LINE#         522
  C:3EC1H         LINE#         523
  C:3EC1H         LINE#         524
  C:3EC4H         LINE#         526
  C:3EC4H         LINE#         527
  C:3EC6H         LINE#         528
  C:3EC9H         LINE#         529
  C:3ED4H         LINE#         530
  C:3EE1H         LINE#         534
  C:3EE5H         LINE#         535
  C:3EE5H         LINE#         536
  C:3EE7H         LINE#         537
  C:3EE7H         LINE#         538
  C:3EEDH         LINE#         539
  C:3EEDH         LINE#         540
  C:3EEFH         LINE#         541
  C:3EEFH         LINE#         542
  C:3EF2H         LINE#         543
  C:3EF2H         LINE#         544
  C:3EFEH         LINE#         545
  C:3EFEH         LINE#         546
  C:3F01H         LINE#         547
  C:3F01H         LINE#         548
  C:3F0CH         LINE#         550
  C:3F0CH         LINE#         551
  C:3F0EH         LINE#         553
  C:3F0EH         LINE#         555
  -------         ENDPROC       _READ_SECTOR
  -------         PROC          _READ_SECTOR_ISR
  D:0022H         SYMBOL        block_number
  D:0026H         SYMBOL        block_info
  -------         DO            
  D:0007H         SYMBOL        error_flag
  D:0029H         SYMBOL        timeout
  D:002AH         SYMBOL        return_value
  -------         ENDDO         
  C:3D7EH         LINE#         561
  C:3D8CH         LINE#         562
BL51 BANKED LINKER/LOCATER V6.22                                                      12/13/2015  15:15:00  PAGE 28


  C:3D8CH         LINE#         565
  C:3D8EH         LINE#         566
  C:3D91H         LINE#         567
  C:3D9EH         LINE#         569
  C:3D9EH         LINE#         570
  C:3DA0H         LINE#         571
  C:3DA3H         LINE#         572
  C:3DAEH         LINE#         573
  C:3DB6H         LINE#         576
  C:3DBAH         LINE#         577
  C:3DBAH         LINE#         578
  C:3DBCH         LINE#         579
  C:3DBCH         LINE#         580
  C:3DBFH         LINE#         582
  C:3DBFH         LINE#         583
  C:3DC1H         LINE#         584
  C:3DC4H         LINE#         585
  C:3DCFH         LINE#         586
  C:3DDCH         LINE#         590
  C:3DE0H         LINE#         591
  C:3DE0H         LINE#         592
  C:3DE2H         LINE#         593
  C:3DE2H         LINE#         594
  C:3DE8H         LINE#         595
  C:3DE8H         LINE#         596
  C:3DEAH         LINE#         597
  C:3DEAH         LINE#         598
  C:3DEDH         LINE#         599
  C:3DEDH         LINE#         600
  C:3DF9H         LINE#         601
  C:3DF9H         LINE#         602
  C:3DFCH         LINE#         603
  C:3DFCH         LINE#         604
  C:3E07H         LINE#         606
  C:3E07H         LINE#         607
  C:3E09H         LINE#         609
  C:3E09H         LINE#         611
  -------         ENDPROC       _READ_SECTOR_ISR
  -------         ENDMOD        SDCARD

  -------         MODULE        SPI
  C:0000H         SYMBOL        _ICE_DUMMY_
  D:0080H         PUBLIC        P0
  D:0090H         PUBLIC        P1
  D:00A0H         PUBLIC        P2
  D:00B0H         PUBLIC        P3
  D:00C3H         PUBLIC        SPCON
  C:45ADH         PUBLIC        _SPI_transfer_ISR
  D:00C4H         PUBLIC        SPSTA
  D:00A8H         PUBLIC        IEN0
  D:00B8H         PUBLIC        IPL0
  D:00D8H         PUBLIC        CCON
  D:0098H         PUBLIC        SCON
  D:0088H         PUBLIC        TCON
  C:458CH         PUBLIC        _SPI_transfer
  D:00C8H         PUBLIC        T2CON
  C:4154H         PUBLIC        _SPI_master_init
BL51 BANKED LINKER/LOCATER V6.22                                                      12/13/2015  15:15:00  PAGE 29


  D:00D0H         PUBLIC        PSW
  D:00C5H         PUBLIC        SPDAT
  -------         PROC          _SPI_MASTER_INIT
  D:0004H         SYMBOL        SCLR_FREQ
  -------         DO            
  D:0007H         SYMBOL        divider
  D:0045H         SYMBOL        return_val
  -------         ENDDO         
  C:4154H         LINE#         6
  C:4154H         LINE#         7
  C:4154H         LINE#         9
  C:4157H         LINE#         10
  C:4168H         LINE#         11
  C:416EH         LINE#         12
  C:4173H         LINE#         13
  C:4179H         LINE#         14
  C:417EH         LINE#         15
  C:4184H         LINE#         16
  C:4189H         LINE#         17
  C:418FH         LINE#         18
  C:4194H         LINE#         19
  C:419AH         LINE#         20
  C:419FH         LINE#         21
  C:41A5H         LINE#         22
  C:41AAH         LINE#         23
  C:41B0H         LINE#         24
  C:41B5H         LINE#         26
  C:41B8H         LINE#         27
  C:41BAH         LINE#         28
  -------         ENDPROC       _SPI_MASTER_INIT
  -------         PROC          _SPI_TRANSFER
  D:0007H         SYMBOL        data_input
  D:0001H         SYMBOL        data_output
  -------         DO            
  D:0007H         SYMBOL        test
  D:0006H         SYMBOL        timeout
  -------         ENDDO         
  C:458CH         LINE#         32
  C:458CH         LINE#         33
  C:458CH         LINE#         35
  C:458EH         LINE#         36
  C:4590H         LINE#         38
  C:4590H         LINE#         39
  C:4592H         LINE#         40
  C:4593H         LINE#         41
  C:459AH         LINE#         42
  C:459DH         LINE#         43
  C:459DH         LINE#         44
  C:45A2H         LINE#         45
  C:45A6H         LINE#         46
  C:45A8H         LINE#         48
  C:45A8H         LINE#         49
  C:45AAH         LINE#         50
  C:45AAH         LINE#         51
  C:45ACH         LINE#         52
  -------         ENDPROC       _SPI_TRANSFER
  -------         PROC          _SPI_TRANSFER_ISR
BL51 BANKED LINKER/LOCATER V6.22                                                      12/13/2015  15:15:00  PAGE 30


  D:0007H         SYMBOL        data_input
  D:0001H         SYMBOL        data_output
  -------         DO            
  D:0007H         SYMBOL        test
  D:0006H         SYMBOL        timeout
  -------         ENDDO         
  C:45ADH         LINE#         58
  C:45ADH         LINE#         59
  C:45ADH         LINE#         61
  C:45AFH         LINE#         62
  C:45B1H         LINE#         64
  C:45B1H         LINE#         65
  C:45B3H         LINE#         66
  C:45B4H         LINE#         67
  C:45BBH         LINE#         68
  C:45BEH         LINE#         69
  C:45BEH         LINE#         70
  C:45C3H         LINE#         71
  C:45C7H         LINE#         72
  C:45C9H         LINE#         74
  C:45C9H         LINE#         75
  C:45CBH         LINE#         76
  C:45CBH         LINE#         77
  C:45CDH         LINE#         78
  -------         ENDPROC       _SPI_TRANSFER_ISR
  -------         ENDMOD        SPI

  -------         MODULE        UART
  C:0000H         SYMBOL        _ICE_DUMMY_
  D:0080H         PUBLIC        P0
  D:0090H         PUBLIC        P1
  D:00A0H         PUBLIC        P2
  D:00B0H         PUBLIC        P3
  D:00A8H         PUBLIC        IEN0
  D:00B8H         PUBLIC        IPL0
  B:00A8H.4       PUBLIC        ES
  B:0098H.1       PUBLIC        TI
  D:00D8H         PUBLIC        CCON
  D:0087H         PUBLIC        PCON
  C:45EFH         PUBLIC        UART_Init
  D:0098H         PUBLIC        SCON
  D:0088H         PUBLIC        TCON
  D:009BH         PUBLIC        BDRCON
  D:009AH         PUBLIC        BRL
  D:00C8H         PUBLIC        T2CON
  D:00D0H         PUBLIC        PSW
  -------         PROC          UART_INIT
  C:45EFH         LINE#         5
  C:45EFH         LINE#         6
  C:45EFH         LINE#         12
  C:45F2H         LINE#         13
  C:45F5H         LINE#         14
  C:45F8H         LINE#         15
  C:45FBH         LINE#         16
  C:45FEH         LINE#         17
  C:4601H         LINE#         18
  C:4604H         LINE#         19
BL51 BANKED LINKER/LOCATER V6.22                                                      12/13/2015  15:15:00  PAGE 31


  C:4606H         LINE#         20
  C:4608H         LINE#         21
  C:460AH         LINE#         22
  -------         ENDPROC       UART_INIT
  -------         ENDMOD        UART

  -------         MODULE        DIRECTORY_FUNCTIONS
  C:0000H         SYMBOL        _ICE_DUMMY_
  D:0080H         PUBLIC        P0
  D:0090H         PUBLIC        P1
  D:00A0H         PUBLIC        P2
  D:00B0H         PUBLIC        P3
  I:007FH         PUBLIC        MBR_RelSec
  C:3E12H         PUBLIC        _read32
  I:0083H         PUBLIC        BPB_BytesPerSec
  C:4338H         PUBLIC        _read16
  B:00A0H.5       PUBLIC        LED2
  D:00A8H         PUBLIC        IEN0
  I:0085H         PUBLIC        BPB_SecPerClus
  D:00B8H         PUBLIC        IPL0
  I:0086H         PUBLIC        BPB_RsvdSecCnt
  C:34F2H         PUBLIC        _first_sector
  I:0088H         PUBLIC        FATtype
  I:0089H         PUBLIC        BPB_HiddenSec
  D:00D8H         PUBLIC        CCON
  I:008DH         PUBLIC        FirstDataSec
  I:0091H         PUBLIC        BPB_RootEntCnt
  C:2E23H         PUBLIC        _Print_Directory
  C:396FH         PUBLIC        _find_next_cluster
  C:0FFEH         PUBLIC        _mount_drive
  D:0098H         PUBLIC        SCON
  D:0088H         PUBLIC        TCON
  I:0093H         PUBLIC        BPB_NumFATs
  I:0094H         PUBLIC        StartofFAT
  I:0098H         PUBLIC        BPB_FATSz32
  B:0090H.4       PUBLIC        ncs
  I:009CH         PUBLIC        BPB_FATSz16
  C:3F8CH         PUBLIC        _read32_ISR
  I:009EH         PUBLIC        BPB_Root_Clus
  C:45DDH         PUBLIC        _read8
  I:00A2H         PUBLIC        RootDirSec
  D:00C8H         PUBLIC        T2CON
  C:427BH         PUBLIC        _first_sector_ISR
  I:00A6H         PUBLIC        FirstRootDirSec
  I:00AAH         PUBLIC        BPB_TotSec32
  I:00AEH         PUBLIC        BPB_TotSec16
  C:2BEFH         PUBLIC        _Read_Dir_Entry
  C:3617H         PUBLIC        _Open_File
  D:00D0H         PUBLIC        PSW
  C:3A32H         PUBLIC        _find_next_cluster_ISR
  -------         PROC          L?0101
  -------         ENDPROC       L?0101
  -------         PROC          _READ32
  D:0068H         SYMBOL        offset_address
  D:006AH         SYMBOL        array_name
  -------         DO            
  D:006DH         SYMBOL        return_value
BL51 BANKED LINKER/LOCATER V6.22                                                      12/13/2015  15:15:00  PAGE 32


  D:0071H         SYMBOL        temp
  D:0072H         SYMBOL        index
  -------         ENDDO         
  C:3E12H         LINE#         36
  C:3E1CH         LINE#         37
  C:3E1CH         LINE#         38
  C:3E23H         LINE#         39
  C:3E23H         LINE#         40
  C:3E2CH         LINE#         42
  C:3E2EH         LINE#         43
  C:3E2EH         LINE#         44
  C:3E4FH         LINE#         45
  C:3E64H         LINE#         46
  C:3E76H         LINE#         47
  C:3E7DH         LINE#         48
  C:3E86H         LINE#         49
  C:3E86H         LINE#         51
  C:3E8CH         LINE#         52
  -------         ENDPROC       _READ32
  -------         PROC          _READ32_ISR
  D:0034H         SYMBOL        offset_address
  D:0036H         SYMBOL        array_name
  -------         DO            
  D:0039H         SYMBOL        return_value
  D:003DH         SYMBOL        temp
  D:003EH         SYMBOL        index
  -------         ENDDO         
  C:3F8CH         LINE#         54
  C:3F96H         LINE#         55
  C:3F96H         LINE#         56
  C:3F9DH         LINE#         57
  C:3F9DH         LINE#         58
  C:3FA6H         LINE#         60
  C:3FA8H         LINE#         61
  C:3FA8H         LINE#         62
  C:3FC9H         LINE#         63
  C:3FDEH         LINE#         64
  C:3FF0H         LINE#         65
  C:3FF7H         LINE#         66
  C:4000H         LINE#         67
  C:4000H         LINE#         69
  C:4006H         LINE#         70
  -------         ENDPROC       _READ32_ISR
  -------         PROC          L?0100
  -------         ENDPROC       L?0100
  -------         PROC          _READ16
  D:005EH         SYMBOL        offset_address
  D:0060H         SYMBOL        array_name
  -------         DO            
  D:0063H         SYMBOL        return_value
  D:0004H         SYMBOL        temp
  D:0005H         SYMBOL        index
  -------         ENDDO         
  C:4338H         LINE#         72
  C:4342H         LINE#         73
  C:4342H         LINE#         74
  C:4347H         LINE#         76
BL51 BANKED LINKER/LOCATER V6.22                                                      12/13/2015  15:15:00  PAGE 33


  C:434EH         LINE#         77
  C:434EH         LINE#         78
  C:4350H         LINE#         79
  C:4350H         LINE#         80
  C:4371H         LINE#         81
  C:4378H         LINE#         82
  C:437BH         LINE#         83
  C:437FH         LINE#         84
  C:4384H         LINE#         85
  C:4384H         LINE#         87
  C:4384H         LINE#         88
  C:4388H         LINE#         89
  C:4388H         LINE#         90
  -------         ENDPROC       _READ16
  C:45D2H         SYMBOL        L?0099
  -------         PROC          L?0098
  -------         ENDPROC       L?0098
  C:45D2H         SYMBOL        L?0099
  -------         PROC          _READ8
  D:0006H         SYMBOL        offset_address
  D:0001H         SYMBOL        array_name
  -------         DO            
  D:0005H         SYMBOL        return_value
  D:0007H         SYMBOL        temp
  -------         ENDDO         
  C:45DDH         LINE#         92
  C:45DDH         LINE#         93
  C:45DDH         LINE#         94
  C:45DDH         LINE#         96
  C:45E3H         LINE#         97
  C:45E3H         LINE#         98
  C:45EAH         LINE#         99
  C:45EAH         LINE#         100
  C:45EAH         LINE#         101
  C:45ECH         LINE#         102
  C:45ECH         LINE#         104
  C:45ECH         LINE#         105
  C:45EEH         LINE#         106
  C:45EEH         LINE#         107
  -------         ENDPROC       _READ8
  -------         PROC          _MOUNT_DRIVE
  D:0045H         SYMBOL        sector
  -------         DO            
  D:0047H         SYMBOL        error_flag
  D:0048H         SYMBOL        numofFATSectors
  D:004AH         SYMBOL        bpb_sector
  D:004EH         SYMBOL        FATSz
  D:0052H         SYMBOL        totSec
  D:0056H         SYMBOL        countofClusters
  D:005AH         SYMBOL        DataSec
  -------         ENDDO         
  C:0FFEH         LINE#         109
  C:1002H         LINE#         110
  C:1002H         LINE#         115
  C:1005H         LINE#         117
  C:1012H         LINE#         118
  C:101FH         LINE#         119
BL51 BANKED LINKER/LOCATER V6.22                                                      12/13/2015  15:15:00  PAGE 34


  C:103EH         LINE#         120
  C:103EH         LINE#         121
  C:104DH         LINE#         122
  C:105AH         LINE#         123
  C:106CH         LINE#         124
  C:1081H         LINE#         125
  C:1086H         LINE#         126
  C:108BH         LINE#         127
  C:108DH         LINE#         129
  C:108DH         LINE#         130
  C:1090H         LINE#         131
  C:1090H         LINE#         132
  C:1097H         LINE#         133
  C:1097H         LINE#         134
  C:10A8H         LINE#         135
  C:10B5H         LINE#         137
  C:10C7H         LINE#         138
  C:10D3H         LINE#         139
  C:10E4H         LINE#         140
  C:10E9H         LINE#         141
  C:10EEH         LINE#         143
  C:1100H         LINE#         144
  C:1111H         LINE#         145
  C:111DH         LINE#         146
  C:1122H         LINE#         147
  C:1127H         LINE#         149
  C:1139H         LINE#         150
  C:1145H         LINE#         151
  C:1156H         LINE#         152
  C:115BH         LINE#         153
  C:1160H         LINE#         155
  C:1172H         LINE#         156
  C:1183H         LINE#         157
  C:118FH         LINE#         158
  C:1194H         LINE#         159
  C:1199H         LINE#         161
  C:11ABH         LINE#         162
  C:11BFH         LINE#         163
  C:11D0H         LINE#         164
  C:11D5H         LINE#         165
  C:11DAH         LINE#         167
  C:11ECH         LINE#         168
  C:1200H         LINE#         169
  C:1211H         LINE#         170
  C:1216H         LINE#         171
  C:121BH         LINE#         173
  C:122DH         LINE#         174
  C:1241H         LINE#         175
  C:1252H         LINE#         176
  C:1257H         LINE#         177
  C:125CH         LINE#         179
  C:126EH         LINE#         180
  C:1278H         LINE#         181
  C:128EH         LINE#         182
  C:1293H         LINE#         183
  C:1298H         LINE#         185
  C:12AAH         LINE#         186
BL51 BANKED LINKER/LOCATER V6.22                                                      12/13/2015  15:15:00  PAGE 35


  C:12B4H         LINE#         187
  C:12CAH         LINE#         188
  C:12CFH         LINE#         189
  C:12D4H         LINE#         191
  C:12E6H         LINE#         192
  C:12F8H         LINE#         193
  C:130EH         LINE#         194
  C:1313H         LINE#         195
  C:1318H         LINE#         197
  C:132AH         LINE#         198
  C:133CH         LINE#         199
  C:1352H         LINE#         200
  C:1357H         LINE#         201
  C:135CH         LINE#         203
  C:136EH         LINE#         204
  C:139CH         LINE#         205
  C:13B2H         LINE#         206
  C:13B7H         LINE#         207
  C:13BCH         LINE#         211
  C:13C3H         LINE#         212
  C:13C3H         LINE#         213
  C:13D0H         LINE#         214
  C:13E2H         LINE#         215
  C:13F4H         LINE#         216
  C:13F4H         LINE#         217
  C:13F4H         LINE#         218
[...]
  C:1FB0H         LINE#         249
  C:1FB0H         LINE#         252
  C:1FBAH         LINE#         253
  C:1FBAH         LINE#         254
  C:1FC4H         LINE#         255
  C:1FC4H         LINE#         256
  C:1FC9H         LINE#         257
  C:1FCBH         LINE#         258
  C:1FDBH         LINE#         259
  C:2003H         LINE#         260
  C:2008H         LINE#         261
  C:200DH         LINE#         262
BL51 BANKED LINKER/LOCATER V6.22                                                      12/13/2015  15:15:00  PAGE 47


  C:200FH         LINE#         263
  C:2012H         LINE#         264
  C:2019H         LINE#         265
  C:2019H         LINE#         266
  C:201BH         LINE#         267
  C:201DH         LINE#         268
  C:2021H         LINE#         269
  C:2021H         LINE#         270
  C:2024H         LINE#         271
  C:2024H         LINE#         272
  C:2028H         LINE#         273
  C:2028H         LINE#         274
  C:202DH         LINE#         275
  C:2035H         LINE#         276
  C:2035H         LINE#         277
  C:2038H         LINE#         278
  C:2038H         LINE#         279
  C:2038H         LINE#         281
  C:203CH         LINE#         284
  C:2040H         LINE#         285
  C:2040H         LINE#         286
  C:2045H         LINE#         287
  C:2045H         LINE#         288
  C:2045H         LINE#         289
  C:2048H         LINE#         290
  C:204AH         LINE#         291
  C:204DH         LINE#         292
  C:2054H         LINE#         293
  C:2054H         LINE#         294
  C:2056H         LINE#         295
  C:2058H         LINE#         296
  C:205CH         LINE#         297
  C:205CH         LINE#         298
  C:205FH         LINE#         299
  C:205FH         LINE#         300
  C:205FH         LINE#         301
  C:2063H         LINE#         302
  C:2063H         LINE#         303
  C:2066H         LINE#         304
  C:2066H         LINE#         305
  C:2069H         LINE#         306
  C:2069H         LINE#         307
  C:2069H         LINE#         308
  C:2075H         LINE#         312
  C:207AH         LINE#         313
  C:207CH         LINE#         314
  C:207EH         LINE#         315
  C:2081H         LINE#         316
  C:2086H         LINE#         317
  C:2088H         LINE#         318
  C:208BH         LINE#         319
  C:2092H         LINE#         320
  C:2092H         LINE#         321
  C:2094H         LINE#         322
  C:2096H         LINE#         323
  C:209AH         LINE#         324
  C:209AH         LINE#         325
BL51 BANKED LINKER/LOCATER V6.22                                                      12/13/2015  15:15:00  PAGE 48


  C:209DH         LINE#         326
  C:209DH         LINE#         327
  C:20A1H         LINE#         328
  C:20A1H         LINE#         329
  C:20A8H         LINE#         330
  C:20A8H         LINE#         331
  C:20ABH         LINE#         332
  C:20ABH         LINE#         333
  C:20ABH         LINE#         334
  C:20ADH         LINE#         341
  C:20B3H         LINE#         342
  C:20B3H         LINE#         343
  C:20B6H         LINE#         344
  C:20B6H         LINE#         345
  C:20B9H         LINE#         346
  C:20C1H         LINE#         347
  C:20C3H         LINE#         348
  C:20C5H         LINE#         355
  C:20D3H         LINE#         356
  C:20D3H         LINE#         357
  C:20D8H         LINE#         358
  C:20DAH         LINE#         359
  C:2101H         LINE#         360
  C:2106H         LINE#         361
  C:210BH         LINE#         362
  C:210DH         LINE#         363
  C:2110H         LINE#         364
  C:2117H         LINE#         365
  C:2117H         LINE#         366
  C:2119H         LINE#         367
  C:211BH         LINE#         368
  C:211FH         LINE#         369
  C:211FH         LINE#         370
  C:2122H         LINE#         371
  C:2122H         LINE#         372
  C:2126H         LINE#         373
  C:2126H         LINE#         374
  C:212DH         LINE#         375
  C:212DH         LINE#         376
  C:2130H         LINE#         377
  C:2130H         LINE#         378
  C:2130H         LINE#         379
  C:2134H         LINE#         382
  C:2138H         LINE#         383
  C:2138H         LINE#         384
  C:213DH         LINE#         385
  C:213DH         LINE#         386
  C:213DH         LINE#         387
  C:2140H         LINE#         388
  C:2142H         LINE#         389
  C:2145H         LINE#         390
  C:214CH         LINE#         391
  C:214CH         LINE#         392
  C:214EH         LINE#         393
  C:2150H         LINE#         394
  C:2154H         LINE#         395
  C:2154H         LINE#         396
BL51 BANKED LINKER/LOCATER V6.22                                                      12/13/2015  15:15:00  PAGE 49


  C:2157H         LINE#         397
  C:2157H         LINE#         398
  C:2157H         LINE#         399
  C:215BH         LINE#         400
  C:215BH         LINE#         401
  C:215EH         LINE#         402
  C:215EH         LINE#         403
  C:2161H         LINE#         404
  C:2161H         LINE#         405
  C:2161H         LINE#         411
  C:2175H         LINE#         412
  C:2175H         LINE#         413
  C:2187H         LINE#         414
  C:2191H         LINE#         415
  C:2191H         LINE#         416
  C:2196H         LINE#         417
  C:2198H         LINE#         419
  C:219DH         LINE#         420
  C:219FH         LINE#         421
  C:21A2H         LINE#         422
  C:21A9H         LINE#         423
  C:21A9H         LINE#         424
  C:21ABH         LINE#         425
  C:21ADH         LINE#         426
  C:21B1H         LINE#         427
  C:21B1H         LINE#         428
  C:21B4H         LINE#         429
  C:21B4H         LINE#         430
  C:21B8H         LINE#         431
  C:21B8H         LINE#         432
  C:21BDH         LINE#         433
  C:21DDH         LINE#         434
  C:21DDH         LINE#         435
  C:21E1H         LINE#         438
  C:21E5H         LINE#         439
  C:21E5H         LINE#         440
  C:21EAH         LINE#         441
  C:21ECH         LINE#         442
  C:21F2H         LINE#         443
  C:21F2H         LINE#         444
  C:21F4H         LINE#         445
  C:21F6H         LINE#         447
  C:21F6H         LINE#         448
  C:21F8H         LINE#         449
  C:21F8H         LINE#         450
  C:21FDH         LINE#         451
  C:21FFH         LINE#         452
  C:2202H         LINE#         453
  C:2209H         LINE#         454
  C:2209H         LINE#         455
  C:220BH         LINE#         456
  C:220DH         LINE#         457
  C:2211H         LINE#         458
  C:2211H         LINE#         459
  C:2214H         LINE#         460
  C:2214H         LINE#         461
  C:2214H         LINE#         462
BL51 BANKED LINKER/LOCATER V6.22                                                      12/13/2015  15:15:00  PAGE 50


  C:2219H         LINE#         465
  C:221EH         LINE#         466
  C:2220H         LINE#         467
  C:2222H         LINE#         468
  C:2225H         LINE#         469
  C:222AH         LINE#         470
  C:222CH         LINE#         471
  C:222FH         LINE#         472
  C:2236H         LINE#         473
  C:2236H         LINE#         474
  C:2238H         LINE#         475
  C:223AH         LINE#         476
  C:223EH         LINE#         477
  C:223EH         LINE#         478
  C:2241H         LINE#         479
  C:2241H         LINE#         480
  C:2245H         LINE#         481
  C:2245H         LINE#         482
  C:224CH         LINE#         483
  C:224CH         LINE#         484
  C:224FH         LINE#         485
  C:224FH         LINE#         486
  C:224FH         LINE#         487
  C:2251H         LINE#         490
  C:2253H         LINE#         491
  -------         ENDPROC       _I2C_READ
  C:460BH         SYMBOL        L?0145
  -------         PROC          L?0144
  -------         ENDPROC       L?0144
  C:460BH         SYMBOL        L?0145
  -------         PROC          _I2C_CLOCK_DELAY
  D:0007H         SYMBOL        control
  C:4611H         LINE#         497
  C:4611H         LINE#         498
  C:4611H         LINE#         499
  C:4614H         LINE#         500
  C:4614H         LINE#         501
  C:4617H         LINE#         502
  C:4617H         LINE#         503
  C:4619H         LINE#         504
  C:461CH         LINE#         505
  C:461CH         LINE#         506
  C:461FH         LINE#         507
  C:4622H         LINE#         508
  C:4624H         LINE#         509
  C:4626H         LINE#         510
  C:4626H         LINE#         513
  -------         ENDPROC       _I2C_CLOCK_DELAY
  -------         PROC          I2C_CLOCK_START
  C:4627H         LINE#         518
  C:4627H         LINE#         519
  C:4627H         LINE#         520
  C:462AH         LINE#         521
  C:462DH         LINE#         522
  C:462FH         LINE#         523
  C:4632H         LINE#         524
  C:4635H         LINE#         525
BL51 BANKED LINKER/LOCATER V6.22                                                      12/13/2015  15:15:00  PAGE 51


  C:4637H         LINE#         526
  C:4639H         LINE#         529
  -------         ENDPROC       I2C_CLOCK_START
  -------         ENDMOD        I2C

  -------         MODULE        STA013
  C:0000H         SYMBOL        _ICE_DUMMY_
  D:0080H         PUBLIC        P0
  D:0090H         PUBLIC        P1
  D:00A0H         PUBLIC        P2
  D:00B0H         PUBLIC        P3
  B:00A0H.7       PUBLIC        LED4
  D:00A8H         PUBLIC        IEN0
  D:00B8H         PUBLIC        IPL0
  D:00D8H         PUBLIC        CCON
  D:0098H         PUBLIC        SCON
  D:0088H         PUBLIC        TCON
  B:00B0H.3       PUBLIC        trig
  C:41BBH         PUBLIC        _test_I2C
  D:00C8H         PUBLIC        T2CON
  B:00B0H.2       PUBLIC        gpio_rst
  D:00D0H         PUBLIC        PSW
  C:25B0H         PUBLIC        config_file
  -------         PROC          CONFIG_FILE
  -------         DO            
  D:0045H         SYMBOL        config_p
  D:0048H         SYMBOL        send_array
  D:004AH         SYMBOL        get_array
  D:004BH         SYMBOL        error_flag
  D:004CH         SYMBOL        index
  -------         ENDDO         
  C:25B0H         LINE#         20
  C:25B0H         LINE#         21
  C:25B0H         LINE#         26
  C:25B2H         LINE#         28
  C:25BBH         LINE#         29
  C:25C4H         LINE#         31
  C:25C4H         LINE#         32
  C:25D5H         LINE#         33
  C:25EAH         LINE#         34
  C:25F5H         LINE#         35
  C:260AH         LINE#         36
  C:260FH         LINE#         37
  C:260FH         LINE#         38
  C:261EH         LINE#         40
  C:2620H         LINE#         42
  C:2620H         LINE#         43
  C:2629H         LINE#         44
  C:262DH         LINE#         45
  C:263FH         LINE#         46
  C:2654H         LINE#         47
  C:2659H         LINE#         48
  C:265EH         LINE#         49
  C:2667H         LINE#         50
  C:2670H         LINE#         52
  C:2670H         LINE#         53
  C:2681H         LINE#         54
BL51 BANKED LINKER/LOCATER V6.22                                                      12/13/2015  15:15:00  PAGE 52


  C:2696H         LINE#         55
  C:26A1H         LINE#         56
  C:26B6H         LINE#         57
  C:26BBH         LINE#         58
  C:26BBH         LINE#         59
  C:26CAH         LINE#         61
  C:26CCH         LINE#         62
  C:26CCH         LINE#         63
  C:26D5H         LINE#         64
  C:26D9H         LINE#         65
  C:26EBH         LINE#         66
  C:2700H         LINE#         67
  C:2705H         LINE#         68
  C:270AH         LINE#         71
  C:270CH         LINE#         72
  C:270EH         LINE#         75
  C:2711H         LINE#         76
  C:2714H         LINE#         77
  C:2717H         LINE#         78
  C:2724H         LINE#         79
  C:2733H         LINE#         80
  C:2745H         LINE#         81
  C:2751H         LINE#         82
  C:2763H         LINE#         83
  C:276FH         LINE#         84
  C:2774H         LINE#         85
  C:2779H         LINE#         88
  C:277CH         LINE#         89
  C:277FH         LINE#         90
  C:2782H         LINE#         91
  C:278FH         LINE#         92
  C:279CH         LINE#         93
  C:27AEH         LINE#         94
  C:27BAH         LINE#         95
  C:27CCH         LINE#         96
  C:27D8H         LINE#         97
  C:27DDH         LINE#         98
  C:27E2H         LINE#         101
  C:27E5H         LINE#         102
  C:27E8H         LINE#         103
  C:27F5H         LINE#         104
  C:27F8H         LINE#         105
  C:27FBH         LINE#         106
  C:2808H         LINE#         107
  C:280BH         LINE#         108
  C:280EH         LINE#         109
  C:281BH         LINE#         110
  C:281EH         LINE#         111
  C:2821H         LINE#         112
  C:282EH         LINE#         113
  C:2831H         LINE#         114
  C:2834H         LINE#         115
  C:2840H         LINE#         116
  C:2843H         LINE#         117
  C:2846H         LINE#         118
  C:2853H         LINE#         119
  C:2856H         LINE#         120
BL51 BANKED LINKER/LOCATER V6.22                                                      12/13/2015  15:15:00  PAGE 53


  C:2859H         LINE#         121
  C:2865H         LINE#         122
  C:2868H         LINE#         123
  C:286BH         LINE#         124
  C:2877H         LINE#         125
  C:287AH         LINE#         126
  C:287DH         LINE#         127
  C:288AH         LINE#         130
  C:288DH         LINE#         131
  C:2890H         LINE#         132
  C:289CH         LINE#         135
  C:289FH         LINE#         136
  C:28A2H         LINE#         137
  C:28AFH         LINE#         140
  C:28B2H         LINE#         141
  C:28B5H         LINE#         142
  C:28C2H         LINE#         145
  C:28C5H         LINE#         146
  C:28C8H         LINE#         147
  C:28D5H         LINE#         148
  C:28D8H         LINE#         149
  C:28DBH         LINE#         150
  C:28E8H         LINE#         153
  C:28EBH         LINE#         154
  C:28EEH         LINE#         155
  C:28FBH         LINE#         158
  C:28FDH         LINE#         159
  -------         ENDPROC       CONFIG_FILE
  -------         PROC          _TEST_I2C
  D:0045H         SYMBOL        array_name
  -------         DO            
  D:0048H         SYMBOL        i
  D:0049H         SYMBOL        error_flag
  -------         ENDDO         
  C:41BBH         LINE#         162
  C:41C1H         LINE#         163
  C:41C1H         LINE#         166
  C:41C4H         LINE#         167
  C:41C6H         LINE#         168
  C:41C8H         LINE#         169
  C:41CAH         LINE#         171
  C:41CAH         LINE#         172
  C:41D9H         LINE#         173
  C:41DBH         LINE#         174
  C:41E3H         LINE#         175
  C:41E7H         LINE#         176
  C:41E7H         LINE#         177
  C:41F9H         LINE#         178
  C:41FEH         LINE#         179
  C:4203H         LINE#         180
  C:4203H         LINE#         181
  C:4217H         LINE#         182
  C:4219H         LINE#         183
  C:421BH         LINE#         184
  -------         ENDPROC       _TEST_I2C
  -------         ENDMOD        STA013

BL51 BANKED LINKER/LOCATER V6.22                                                      12/13/2015  15:15:00  PAGE 54


  -------         MODULE        CONFIG
  C:002EH         SEGMENT       STA013_CONFIG
  C:002EH         PUBLIC        CONFIG
  C:0FCCH         PUBLIC        CONFIG2
  -------         ENDMOD        CONFIG

  -------         MODULE        ?C?CLDPTR
  C:28FEH         PUBLIC        ?C?CLDPTR
  -------         ENDMOD        ?C?CLDPTR

  -------         MODULE        ?C?CLDOPTR
  C:2917H         PUBLIC        ?C?CLDOPTR
  -------         ENDMOD        ?C?CLDOPTR

  -------         MODULE        ?C?CSTPTR
  C:2944H         PUBLIC        ?C?CSTPTR
  -------         ENDMOD        ?C?CSTPTR

  -------         MODULE        ?C?CSTOPTR
  C:2956H         PUBLIC        ?C?CSTOPTR
  -------         ENDMOD        ?C?CSTOPTR

  -------         MODULE        ?C?IMUL
  C:2978H         PUBLIC        ?C?IMUL
  -------         ENDMOD        ?C?IMUL

  -------         MODULE        ?C?UIDIV
  C:298AH         PUBLIC        ?C?UIDIV
  -------         ENDMOD        ?C?UIDIV

  -------         MODULE        ?C?LMUL
  C:29DFH         PUBLIC        ?C?LMUL
  -------         ENDMOD        ?C?LMUL

  -------         MODULE        ?C?ULDIV
  C:2A6AH         PUBLIC        ?C?ULDIV
  -------         ENDMOD        ?C?ULDIV

  -------         MODULE        ?C?ULCMP
  C:2AFCH         PUBLIC        ?C?ULCMP
  -------         ENDMOD        ?C?ULCMP

  -------         MODULE        ?C?ULSHR
  C:2B0DH         PUBLIC        ?C?ULSHR
  -------         ENDMOD        ?C?ULSHR

  -------         MODULE        ?C?LSHL
  C:2B20H         PUBLIC        ?C?LSHL
  -------         ENDMOD        ?C?LSHL

  -------         MODULE        ?C?LLDIDATA
  C:2B33H         PUBLIC        ?C?LLDIDATA
  -------         ENDMOD        ?C?LLDIDATA

  -------         MODULE        ?C?LLDIDATA0
  C:2B3FH         PUBLIC        ?C?LLDIDATA0
  -------         ENDMOD        ?C?LLDIDATA0
BL51 BANKED LINKER/LOCATER V6.22                                                      12/13/2015  15:15:00  PAGE 55



  -------         MODULE        ?C?LSTIDATA
  C:2B4CH         PUBLIC        ?C?LSTIDATA
  -------         ENDMOD        ?C?LSTIDATA

  -------         MODULE        ?C?LSTKIDATA
  C:2B58H         PUBLIC        ?C?LSTKIDATA
  -------         ENDMOD        ?C?LSTKIDATA

  -------         MODULE        ?C?LCASE
  C:2B71H         PUBLIC        ?C?LCASE
  -------         ENDMOD        ?C?LCASE

  -------         MODULE        PUTCHAR
  C:0003H         PUBLIC        _PUTCHAR
  -------         ENDMOD        PUTCHAR

  -------         MODULE        PRINTF
  D:006BH         PUBLIC        ?_PRINTF517?BYTE
  D:006BH         PUBLIC        ?_PRINTF?BYTE
  D:006BH         PUBLIC        ?_SPRINTF517?BYTE
  D:006BH         PUBLIC        ?_SPRINTF?BYTE
  C:22B6H         PUBLIC        _PRINTF
  C:22B6H         PUBLIC        _PRINTF517
  C:22B0H         PUBLIC        _SPRINTF
  C:22B0H         PUBLIC        _SPRINTF517
  -------         ENDMOD        PRINTF

  -------         MODULE        GETCHAR
  B:0021H.1       PUBLIC        ?C?CHARLOADED
  D:0008H         PUBLIC        ?_UNGETCHAR?BYTE
  C:464DH         PUBLIC        GETCHAR
  -------         ENDMOD        GETCHAR

  -------         MODULE        ATOL
  C:3706H         PUBLIC        _atol
  -------         ENDMOD        ATOL

  -------         MODULE        ?C?LNEG
  C:2BABH         PUBLIC        ?C?LNEG
  -------         ENDMOD        ?C?LNEG

  -------         MODULE        ?C?PLDIIDATA
  C:2BB9H         PUBLIC        ?C?PLDIIDATA
  -------         ENDMOD        ?C?PLDIIDATA

  -------         MODULE        ?C?CCASE
  C:2BC9H         PUBLIC        ?C?CCASE
  -------         ENDMOD        ?C?CCASE

  -------         MODULE        _GETKEY
  C:4688H         PUBLIC        _GETKEY
  -------         ENDMOD        _GETKEY

  -------         MODULE        ISDIGIT
  C:466DH         PUBLIC        _isdigit
  -------         ENDMOD        ISDIGIT
BL51 BANKED LINKER/LOCATER V6.22                                                      12/13/2015  15:15:00  PAGE 56



  -------         MODULE        ISSPACE
  C:463AH         PUBLIC        _isspace
  -------         ENDMOD        ISSPACE

Program Size: data=206.2 xdata=1024 code=18073
LINK/LOCATE RUN COMPLETE.  0 WARNING(S),  0 ERROR(S)
