C51 COMPILER V9.53.0.0   SDCARD                                                            12/15/2015 12:23:05 PAGE 1   


C51 COMPILER V9.53.0.0, COMPILATION OF MODULE SDCARD
OBJECT MODULE PLACED IN SDcard.OBJ
COMPILER INVOKED BY: C:\Keil_v5\C51\BIN\C51.EXE SDcard.c OPTIMIZE(8,SPEED) DEBUG OBJECTEXTEND TABS(2)

line level    source

   1          #include "main.h"
   2          #include "port.h"
   3          #include "SDcard.h"
   4          #include "spi.h"
   5          #include "lcd.h"
   6          #include "hardware_delay.h"
   7          #include "print_bytes.h"
   8          #include <stdio.h>
   9          
  10          
  11          uint8_t SDcard_init()
  12          {
  13   1        uint8_t return_value[5];
  14   1        uint8_t error_flag, index, dat;
  15   1        
  16   1        AUXR = 0x0C;
  17   1        //Buffer ?
  18   1        ncs = 1;
  19   1        for(index = 0; index < 10; index++)
  20   1        {
  21   2          SPI_transfer(0xFF, return_value);
  22   2        }
  23   1        
  24   1        
  25   1        // Send CMD0 //
  26   1        
  27   1        error_flag = trans_CMD0(return_value);
  28   1        
  29   1        
  30   1        for (index=0;index<5;index++)
  31   1          {
  32   2             dat=return_value[index];
  33   2             printf("%2.2bX ",dat);
  34   2          }
  35   1        putchar(10);
  36   1        putchar(13);
  37   1        delay_ms(100);
  38   1        
  39   1      
  40   1      
  41   1        // Send CMD8 //
  42   1        if(error_flag == NO_ERRORS)
  43   1        {
  44   2          error_flag = trans_CMD8(return_value);
  45   2        }
  46   1        
  47   1      
  48   1      
  49   1        for (index=0;index<5;index++)
  50   1          {
  51   2             dat=return_value[index];
  52   2             printf("%2.2bX ",dat);
  53   2          }
  54   1        putchar(10);
  55   1        putchar(13);
C51 COMPILER V9.53.0.0   SDCARD                                                            12/15/2015 12:23:05 PAGE 2   

  56   1        delay_ms(100);
  57   1      
  58   1        // Send CMD58 //
  59   1        if(error_flag == NO_ERRORS)
  60   1        {
  61   2          error_flag = trans_CMD58(return_value);
  62   2          if(return_value[0] != 0x01)
  63   2          {
  64   3            error_flag = WRONG_RESPONSE;
  65   3            LED2 = 0;
  66   3          }
  67   2        }
  68   1        
  69   1      
  70   1      
  71   1        for (index=0;index<5;index++)
  72   1          {
  73   2             dat=return_value[index];
  74   2             printf("%2.2bX ",dat);
  75   2          }
  76   1        putchar(10);
  77   1        putchar(13);
  78   1        delay_ms(100);
  79   1      
  80   1        // Send ACMD41 //
  81   1        if(error_flag == NO_ERRORS)
  82   1        {
  83   2          error_flag = trans_ACMD41(return_value);
  84   2        }
  85   1      
  86   1      
  87   1      
  88   1        for (index=0;index<5;index++)
  89   1          {
  90   2             dat=return_value[index];
  91   2             printf("%2.2bX ",dat);
  92   2          }
  93   1        putchar(10);
  94   1        putchar(13);
  95   1        delay_ms(100);
  96   1        
  97   1        // Send CMD58 //
  98   1        if(error_flag == NO_ERRORS)
  99   1        {
 100   2          error_flag = trans_CMD58(return_value);
 101   2          if(return_value[1] & 0xC0) //bit 31 and 30 are set
 102   2          {
 103   3            //High Capacity
 104   3          }
 105   2          else if(return_value[1] & 0x80) // only bit 31 is set
 106   2          {
 107   3            //Standard Capacity
 108   3            error_flag = WRONG_SDCARD;
 109   3          }
 110   2          else
 111   2          {
 112   3            error_flag = WRONG_RESPONSE;
 113   3          }
 114   2        }
 115   1      
 116   1      
 117   1        for (index=0;index<5;index++)
C51 COMPILER V9.53.0.0   SDCARD                                                            12/15/2015 12:23:05 PAGE 3   

 118   1          {
 119   2             dat=return_value[index];
 120   2             printf("%2.2bX ",dat);
 121   2          }
 122   1        putchar(10);
 123   1        putchar(13);
 124   1        delay_ms(100);
 125   1        
 126   1        if(error_flag != NO_ERRORS) // LED4 is the error light and this should also be redundent.
 127   1        {
 128   2          LED4 = 0;
 129   2        }
 130   1        ncs = 1; // should not be needed but just in case
 131   1        
 132   1        return error_flag; 
 133   1      }
 134          
 135          
 136          
 137          
 138          
 139          
 140          
 141          
 142          
 143          
 144          
 145          
 146          
 147          
 148          
 149          
 150          uint8_t trans_CMD0(uint8_t *return_value)
 151          {
 152   1        uint8_t error_flag;
 153   1      
 154   1        // Send CMD0
 155   1        ncs = 0;
 156   1        error_flag = send_command(0, 0);
 157   1        if(error_flag == NO_ERRORS)
 158   1        {
 159   2          error_flag = get_response(1, return_value);
 160   2        }
 161   1        if(error_flag == NO_ERRORS)
 162   1        {
 163   2          if(return_value[0] != 0x01)
 164   2          {
 165   3            error_flag = WRONG_RESPONSE;
 166   3          }
 167   2        }
 168   1        ncs = 1;
 169   1        
 170   1        return error_flag;
 171   1      }
 172          
 173          
 174          
 175          
 176          
 177          uint8_t trans_CMD8(uint8_t *return_value)
 178          {
 179   1        uint8_t error_flag;
C51 COMPILER V9.53.0.0   SDCARD                                                            12/15/2015 12:23:05 PAGE 4   

 180   1        // Send CMD8
 181   1        ncs = 0;
 182   1        error_flag = send_command(8, 0x000001AA);
 183   1        if(error_flag == NO_ERRORS)
 184   1        {
 185   2          error_flag = get_response(5, return_value);
 186   2        }
 187   1        if(return_value[0] == 0x05)
 188   1          error_flag = VERSION_1_SD;
 189   1        else if(return_value[0] != 0x01)
 190   1          error_flag = FAIL_SDINIT;
 191   1        ncs = 1;
 192   1        return error_flag;
 193   1      }
 194          
 195          
 196          
 197          
 198          
 199          uint8_t trans_CMD58(uint8_t *return_value)
 200          {
 201   1        uint8_t error_flag;
 202   1        // SEND CMD58
 203   1        ncs = 0;
 204   1        error_flag = send_command(58, 0);
 205   1        if(error_flag == NO_ERRORS)
 206   1        {
 207   2          error_flag = get_response(5, return_value);
 208   2        }
 209   1        ncs = 1;
 210   1        return error_flag;
 211   1      }
 212          
 213          
 214          
 215          
 216          uint8_t trans_ACMD41(uint8_t *return_value)
 217          {
 218   1        uint8_t error_flag, timeout;
 219   1        uint32_t ACMD41_argum = 0x40000000;
 220   1      
 221   1        
 222   1        // Send ACMD41
 223   1        
 224   1        ncs = 0;
 225   1        
 226   1      
 227   1        timeout = 0;
 228   1        do
 229   1        {
 230   2          timeout++;
 231   2          error_flag = send_command(55, 0);
 232   2          if(error_flag == NO_ERRORS)
 233   2            error_flag = get_response(1, return_value);
 234   2          if(!(return_value[0] == 0x00 || return_value[0] == 0x01))
 235   2            error_flag = SPI_ERROR;
 236   2          if(error_flag == NO_ERRORS)
 237   2            error_flag = send_command(41, ACMD41_argum);
 238   2          if(error_flag == NO_ERRORS)
 239   2            error_flag = get_response(1, return_value);
 240   2          if(!(return_value[0] == 0x00 || return_value[0] == 0x01))
 241   2            error_flag = SPI_ERROR;
C51 COMPILER V9.53.0.0   SDCARD                                                            12/15/2015 12:23:05 PAGE 5   

 242   2          timeout++;
 243   2        }while(return_value[0] != 0x00 && timeout != 0 && error_flag == NO_ERRORS);
 244   1        if(timeout == 0)
 245   1        {
 246   2          error_flag = TIMEOUT_ERROR;
 247   2        }
 248   1        ncs = 1;
 249   1        
 250   1        return error_flag;
 251   1      }
 252          
 253          
 254          
 255          
 256          
 257          
 258          
 259          
 260          
 261          uint8_t send_command(uint8_t cmd, uint32_t argum)
 262          {
 263   1        uint8_t error_flag, send_val, return_val, index;
 264   1        if(cmd < 64)
 265   1        {
 266   2          send_val = 0x40 | cmd;
 267   2          error_flag = SPI_transfer(send_val, &return_val);
 268   2          index = 24;
 269   2          while((error_flag == NO_ERRORS)&(index<25))
 270   2          {
 271   3            send_val = (uint8_t)(argum >> index);
 272   3            error_flag = SPI_transfer(send_val, &return_val);
 273   3            index -= 8;
 274   3          }
 275   2          if(cmd == 0)
 276   2            send_val = 0x95;
 277   2          else if(cmd == 8)
 278   2            send_val = 0x87;
 279   2          else
 280   2            send_val = 0x01;
 281   2          if(error_flag == NO_ERRORS)
 282   2            error_flag = SPI_transfer(send_val, &return_val);
 283   2          if(error_flag != NO_ERRORS)
 284   2            error_flag = SPI_ERROR;
 285   2        }
 286   1        else
 287   1          error_flag = ILLEGAL_COMMAND;
 288   1        return error_flag;
 289   1      }
 290          
 291          
 292          
 293          
 294          
 295          uint8_t send_command_ISR(uint8_t cmd, uint32_t argum)
 296          {
 297   1        uint8_t idata error_flag, send_val, return_val, index;
 298   1        if(cmd < 64)
 299   1        {
 300   2          send_val = 0x40 | cmd;
 301   2          error_flag = SPI_transfer_ISR(send_val, &return_val);
 302   2          index = 24;
 303   2          while((error_flag == NO_ERRORS)&(index<25))
C51 COMPILER V9.53.0.0   SDCARD                                                            12/15/2015 12:23:05 PAGE 6   

 304   2          {
 305   3            send_val = (uint8_t)(argum >> index);
 306   3            error_flag = SPI_transfer_ISR(send_val, &return_val);
 307   3            index -= 8;
 308   3          }
 309   2          if(cmd == 0)
 310   2            send_val = 0x95;
 311   2          else if(cmd == 8)
 312   2            send_val = 0x87;
 313   2          else
 314   2            send_val = 0x01;
 315   2          if(error_flag == NO_ERRORS)
 316   2            error_flag = SPI_transfer_ISR(send_val, &return_val);
 317   2          if(error_flag != NO_ERRORS)
 318   2            error_flag = SPI_ERROR;
 319   2        }
 320   1        else
 321   1          error_flag = ILLEGAL_COMMAND;
 322   1        return error_flag;
 323   1      }
 324          
 325          
 326          
 327          uint8_t get_response(uint8_t num_bytes, uint8_t *array_out)
 328          {
 329   1        uint8_t timeout, error_flag, recieve_value;
 330   1        uint8_t index;
 331   1        timeout = 0;
 332   1        error_flag = NO_ERRORS;
 333   1        do
 334   1        {
 335   2          error_flag = SPI_transfer(0xFF, &recieve_value);
 336   2          timeout++;
 337   2        }while((timeout!=0)&&(error_flag == NO_ERRORS)&&(recieve_value == 0xFF));
 338   1        *array_out = recieve_value;
 339   1        if(timeout == 0)
 340   1          error_flag = TIMEOUT_ERROR;
 341   1        else if(error_flag != NO_ERRORS)
 342   1          error_flag = SPI_ERROR;
 343   1        else if((recieve_value != 0x01)&&(recieve_value != 0x00))
 344   1          error_flag = SPI_ERROR;
 345   1        else if(num_bytes > 1)
 346   1        {
 347   2          for(index = 1; index < num_bytes; index++)
 348   2          {
 349   3            SPI_transfer(0xFF, &recieve_value);
 350   3            *(array_out+index) = recieve_value;
 351   3          }
 352   2        }
 353   1        if(error_flag == NO_ERRORS)
 354   1          error_flag = SPI_transfer(0xFF, &recieve_value);
 355   1        return error_flag;
 356   1      }
 357          
 358          
 359          
 360          
 361          
 362          uint8_t get_response_no_end(uint16_t num_bytes, uint8_t *array_out)
 363          {
 364   1        uint8_t timeout, error_flag, recieve_value;
 365   1        uint16_t index;
C51 COMPILER V9.53.0.0   SDCARD                                                            12/15/2015 12:23:05 PAGE 7   

 366   1        timeout = 0;
 367   1        error_flag = NO_ERRORS;
 368   1        for(index = 0; index < num_bytes; index++)
 369   1        {
 370   2          SPI_transfer(0xFF, &recieve_value);
 371   2          array_out[index] = recieve_value;
 372   2        }
 373   1        return error_flag;
 374   1      }
 375          
 376          
 377          
 378          
 379          uint8_t get_response_no_end_ISR(uint16_t num_bytes, uint8_t *array_out)
 380          {
 381   1        uint8_t idata timeout, error_flag, recieve_value;
 382   1        uint16_t idata index;
 383   1        timeout = 0;
 384   1        error_flag = NO_ERRORS;
 385   1        for(index = 0; index < num_bytes; index++)
 386   1        {
 387   2          SPI_transfer_ISR(0xFF, &recieve_value);
 388   2          array_out[index] = recieve_value;
 389   2        }
 390   1        return error_flag;
 391   1      }
 392          
 393          
 394          
 395          
 396          
 397          
 398          
 399          uint8_t read_block(uint32_t block_number, uint8_t *block_info)
 400          {
 401   1        uint8_t error_flag, timeout;
 402   1        uint8_t return_value[5];
 403   1        ncs = 0;
 404   1        timeout = 0;
 405   1        error_flag = send_command(17, block_number);
 406   1        do
 407   1        {
 408   2          timeout++;
 409   2          if(error_flag == NO_ERRORS)
 410   2            error_flag = get_response_no_end(1, &return_value);
 411   2        }while(return_value[0] != 0x00 && timeout != 0);
 412   1      
 413   1      
 414   1        if(timeout == 0)
 415   1        {
 416   2          error_flag = TIMEOUT_ERROR;
 417   2        }
 418   1        timeout = 0;
 419   1        do
 420   1        {
 421   2          timeout++;
 422   2          if(error_flag == NO_ERRORS)
 423   2            error_flag = get_response_no_end(1, &return_value);
 424   2        }while(return_value[0] != 0xFE    && timeout != 0 && error_flag == NO_ERRORS);
 425   1        
 426   1      
 427   1        
C51 COMPILER V9.53.0.0   SDCARD                                                            12/15/2015 12:23:05 PAGE 8   

 428   1        if(timeout == 0)
 429   1        {
 430   2          error_flag = TIMEOUT_ERROR;
 431   2        }
 432   1        if((return_value[0] & 0xF0 )== 0x00)
 433   1        {
 434   2          error_flag = SDCARD_ERROR;
 435   2        }
 436   1        if(error_flag == NO_ERRORS)
 437   1        {
 438   2          error_flag = get_response_no_end(512, block_info);
 439   2        }
 440   1        if(error_flag == NO_ERRORS)
 441   1        {
 442   2          error_flag = get_response_no_end(3, &return_value);
 443   2      //    CRC16 = return_value[0] * 256 + return_value[1]; Check sum, dont care
 444   2        }
 445   1        ncs = 1;
 446   1        
 447   1        return error_flag;
 448   1        
 449   1      }
 450          
 451          
 452          uint8_t read_block_ISR(uint32_t block_number, uint8_t *block_info)
 453          {
 454   1        uint8_t idata error_flag, timeout;
 455   1        uint8_t idata return_value[5];
 456   1        ncs = 0;
 457   1        timeout = 0;
 458   1        error_flag = send_command_ISR(17, block_number);
 459   1        do
 460   1        {
 461   2          timeout++;
 462   2          if(error_flag == NO_ERRORS)
 463   2            error_flag = get_response_no_end_ISR(1, &return_value);
 464   2        }while(return_value[0] != 0x00 && timeout != 0);
 465   1      
 466   1      
 467   1        if(timeout == 0)
 468   1        {
 469   2          error_flag = TIMEOUT_ERROR;
 470   2        }
 471   1        timeout = 0;
 472   1        do
 473   1        {
 474   2          timeout++;
 475   2          if(error_flag == NO_ERRORS)
 476   2            error_flag = get_response_no_end_ISR(1, &return_value);
 477   2        }while(return_value[0] != 0xFE    && timeout != 0 && error_flag == NO_ERRORS);
 478   1        
 479   1      
 480   1        
 481   1        if(timeout == 0)
 482   1        {
 483   2          error_flag = TIMEOUT_ERROR;
 484   2        }
 485   1        if((return_value[0] & 0xF0 )== 0x00)
 486   1        {
 487   2          error_flag = SDCARD_ERROR;
 488   2        }
 489   1        if(error_flag == NO_ERRORS)
C51 COMPILER V9.53.0.0   SDCARD                                                            12/15/2015 12:23:05 PAGE 9   

 490   1        {
 491   2          error_flag = get_response_no_end_ISR(512, block_info);
 492   2        }
 493   1        if(error_flag == NO_ERRORS)
 494   1        {
 495   2          error_flag = get_response_no_end_ISR(3, &return_value);
 496   2      //    CRC16 = return_value[0] * 256 + return_value[1]; Check sum, dont care
 497   2        }
 498   1        ncs = 1;
 499   1        
 500   1        return error_flag;
 501   1        
 502   1      }
 503          
 504          
 505          
 506          uint8_t read_sector(uint32_t block_number, uint8_t *block_info)
 507          {
 508   1        uint8_t error_flag, timeout;
 509   1        uint8_t return_value[5];
 510   1        ncs = 0;
 511   1        timeout = 0;
 512   1        error_flag = send_command(17, block_number);
 513   1        do
 514   1        {
 515   2          timeout++;
 516   2          if(error_flag == NO_ERRORS)
 517   2            error_flag = get_response_no_end(1, &return_value);
 518   2        }while(return_value[0] != 0x00 && timeout != 0);
 519   1      
 520   1      
 521   1        if(timeout == 0)
 522   1        {
 523   2          error_flag = TIMEOUT_ERROR;
 524   2        }
 525   1        timeout = 0;
 526   1        do
 527   1        {
 528   2          timeout++;
 529   2          if(error_flag == NO_ERRORS)
 530   2            error_flag = get_response_no_end(1, &return_value);
 531   2        }while(return_value[0] != 0xFE    && timeout != 0 && error_flag == NO_ERRORS);
 532   1        
 533   1      
 534   1        
 535   1        if(timeout == 0)
 536   1        {
 537   2          error_flag = TIMEOUT_ERROR;
 538   2        }
 539   1        if((return_value[0] & 0xF0 )== 0x00)
 540   1        {
 541   2          error_flag = SDCARD_ERROR;
 542   2        }
 543   1        if(error_flag == NO_ERRORS)
 544   1        {
 545   2          error_flag = get_response_no_end(512, block_info);
 546   2        }
 547   1        if(error_flag == NO_ERRORS)
 548   1        {
 549   2          error_flag = get_response_no_end(3, &return_value);
 550   2      //    CRC16 = return_value[0] * 256 + return_value[1]; Check sum, dont care
 551   2        }
C51 COMPILER V9.53.0.0   SDCARD                                                            12/15/2015 12:23:05 PAGE 10  

 552   1        ncs = 1;
 553   1        
 554   1        return error_flag;
 555   1        
 556   1      }
 557          
 558          
 559          
 560          
 561          
 562          uint8_t read_sector_ISR(uint32_t block_number, uint8_t *block_info)
 563          {
 564   1        uint8_t error_flag, timeout;
 565   1        uint8_t return_value[5];
 566   1        ncs = 0;
 567   1        timeout = 0;
 568   1        error_flag = send_command_ISR(17, block_number);
 569   1        do
 570   1        {
 571   2          timeout++;
 572   2          if(error_flag == NO_ERRORS)
 573   2            error_flag = get_response_no_end_ISR(1, &return_value);
 574   2        }while(return_value[0] != 0x00 && timeout != 0);
 575   1      
 576   1      
 577   1        if(timeout == 0)
 578   1        {
 579   2          error_flag = TIMEOUT_ERROR;
 580   2        }
 581   1        timeout = 0;
 582   1        do
 583   1        {
 584   2          timeout++;
 585   2          if(error_flag == NO_ERRORS)
 586   2            error_flag = get_response_no_end_ISR(1, &return_value);
 587   2        }while(return_value[0] != 0xFE    && timeout != 0 && error_flag == NO_ERRORS);
 588   1        
 589   1      
 590   1        
 591   1        if(timeout == 0)
 592   1        {
 593   2          error_flag = TIMEOUT_ERROR;
 594   2        }
 595   1        if((return_value[0] & 0xF0 )== 0x00)
 596   1        {
 597   2          error_flag = SDCARD_ERROR;
 598   2        }
 599   1        if(error_flag == NO_ERRORS)
 600   1        {
 601   2          error_flag = get_response_no_end_ISR(512, block_info);
 602   2        }
 603   1        if(error_flag == NO_ERRORS)
 604   1        {
 605   2          error_flag = get_response_no_end_ISR(3, &return_value);
 606   2      //    CRC16 = return_value[0] * 256 + return_value[1]; Check sum, dont care
 607   2        }
 608   1        ncs = 1;
 609   1        
 610   1        return error_flag;
 611   1        
 612   1      }
 613          
C51 COMPILER V9.53.0.0   SDCARD                                                            12/15/2015 12:23:05 PAGE 11  

 614          
 615          
 616          
 617          
 618          
 619          
 620          
 621          
 622          
 623          


MODULE INFORMATION:   STATIC OVERLAYABLE
   CODE SIZE        =   1857    ----
   CONSTANT SIZE    =      8    ----
   XDATA SIZE       =   ----    ----
   PDATA SIZE       =   ----    ----
   DATA SIZE        =   ----     108
   IDATA SIZE       =   ----      16
   BIT SIZE         =   ----    ----
END OF MODULE INFORMATION.


C51 COMPILATION COMPLETE.  0 WARNING(S),  0 ERROR(S)
